{"uuid": "b07716682c", "type": "header", "module": "tlo.simulation", "key": "info", "level": "INFO", "columns": {"message": "str"}, "description": null}
{"uuid": "b07716682c", "date": "2010-01-01T00:00:00", "values": ["Log output: profiling_results/2025/10/11/0023/scale_run_profiling__2025-10-11T002358.log"]}
{"uuid": "b07716682c", "date": "2010-01-01T00:00:00", "values": ["Simulation RNG user entropy = 0"]}
{"uuid": "b07716682c", "date": "2010-01-01T00:00:00", "values": ["Demography RNG auto (entropy, spawn key) = (0, 0)"]}
{"uuid": "b07716682c", "date": "2010-01-01T00:00:00", "values": ["Lifestyle RNG auto (entropy, spawn key) = (0, 1)"]}
{"uuid": "b07716682c", "date": "2010-01-01T00:00:00", "values": ["HealthBurden RNG auto (entropy, spawn key) = (0, 2)"]}
{"uuid": "b07716682c", "date": "2010-01-01T00:00:00", "values": ["HealthSystem RNG auto (entropy, spawn key) = (0, 3)"]}
{"uuid": "b07716682c", "date": "2010-01-01T00:00:00", "values": ["SymptomManager RNG auto (entropy, spawn key) = (0, 4)"]}
{"uuid": "b07716682c", "date": "2010-01-01T00:00:00", "values": ["HealthSeekingBehaviour RNG auto (entropy, spawn key) = (0, 5)"]}
{"uuid": "b07716682c", "date": "2010-01-01T00:00:00", "values": ["Epi RNG auto (entropy, spawn key) = (0, 6)"]}
{"uuid": "b07716682c", "date": "2010-01-01T00:00:00", "values": ["Contraception RNG auto (entropy, spawn key) = (0, 7)"]}
{"uuid": "b07716682c", "date": "2010-01-01T00:00:00", "values": ["Hiv RNG auto (entropy, spawn key) = (0, 8)"]}
{"uuid": "b07716682c", "date": "2010-01-01T00:00:00", "values": ["CardioMetabolicDisorders RNG auto (entropy, spawn key) = (0, 9)"]}
{"uuid": "b07716682c", "date": "2010-01-01T00:00:00", "values": ["Malaria RNG auto (entropy, spawn key) = (0, 10)"]}
{"uuid": "b07716682c", "date": "2010-01-01T00:00:00", "values": ["PregnancySupervisor RNG auto (entropy, spawn key) = (0, 11)"]}
{"uuid": "b07716682c", "date": "2010-01-01T00:00:00", "values": ["CareOfWomenDuringPregnancy RNG auto (entropy, spawn key) = (0, 12)"]}
{"uuid": "b07716682c", "date": "2010-01-01T00:00:00", "values": ["NewbornOutcomes RNG auto (entropy, spawn key) = (0, 13)"]}
{"uuid": "b07716682c", "date": "2010-01-01T00:00:00", "values": ["Wasting RNG auto (entropy, spawn key) = (0, 14)"]}
{"uuid": "b07716682c", "date": "2010-01-01T00:00:00", "values": ["Diarrhoea RNG auto (entropy, spawn key) = (0, 15)"]}
{"uuid": "b07716682c", "date": "2010-01-01T00:00:00", "values": ["Stunting RNG auto (entropy, spawn key) = (0, 16)"]}
{"uuid": "b07716682c", "date": "2010-01-01T00:00:00", "values": ["Labour RNG auto (entropy, spawn key) = (0, 17)"]}
{"uuid": "b07716682c", "date": "2010-01-01T00:00:00", "values": ["PostnatalSupervisor RNG auto (entropy, spawn key) = (0, 18)"]}
{"uuid": "b07716682c", "date": "2010-01-01T00:00:00", "values": ["Alri RNG auto (entropy, spawn key) = (0, 19)"]}
{"uuid": "b07716682c", "date": "2010-01-01T00:00:00", "values": ["Measles RNG auto (entropy, spawn key) = (0, 20)"]}
{"uuid": "b07716682c", "date": "2010-01-01T00:00:00", "values": ["Schisto RNG auto (entropy, spawn key) = (0, 21)"]}
{"uuid": "b07716682c", "date": "2010-01-01T00:00:00", "values": ["Tb RNG auto (entropy, spawn key) = (0, 22)"]}
{"uuid": "b07716682c", "date": "2010-01-01T00:00:00", "values": ["BladderCancer RNG auto (entropy, spawn key) = (0, 23)"]}
{"uuid": "b07716682c", "date": "2010-01-01T00:00:00", "values": ["BreastCancer RNG auto (entropy, spawn key) = (0, 24)"]}
{"uuid": "b07716682c", "date": "2010-01-01T00:00:00", "values": ["CervicalCancer RNG auto (entropy, spawn key) = (0, 25)"]}
{"uuid": "b07716682c", "date": "2010-01-01T00:00:00", "values": ["OesophagealCancer RNG auto (entropy, spawn key) = (0, 26)"]}
{"uuid": "b07716682c", "date": "2010-01-01T00:00:00", "values": ["OtherAdultCancer RNG auto (entropy, spawn key) = (0, 27)"]}
{"uuid": "b07716682c", "date": "2010-01-01T00:00:00", "values": ["ProstateCancer RNG auto (entropy, spawn key) = (0, 28)"]}
{"uuid": "b07716682c", "date": "2010-01-01T00:00:00", "values": ["RTI RNG auto (entropy, spawn key) = (0, 29)"]}
{"uuid": "b07716682c", "date": "2010-01-01T00:00:00", "values": ["Copd RNG auto (entropy, spawn key) = (0, 30)"]}
{"uuid": "b07716682c", "date": "2010-01-01T00:00:00", "values": ["Depression RNG auto (entropy, spawn key) = (0, 31)"]}
{"uuid": "b07716682c", "date": "2010-01-01T00:00:00", "values": ["Epilepsy RNG auto (entropy, spawn key) = (0, 32)"]}
{"uuid": "dc8474b6b3", "type": "header", "module": "tlo.population", "key": "info", "level": "INFO", "columns": {"message": "str"}, "description": null}
{"uuid": "dc8474b6b3", "date": "2010-01-01T00:00:00", "values": ["Dataframe capacity append size: 1000"]}
{"uuid": "b07716682c", "date": "2010-01-01T00:00:00", "values": ["make_initial_population() 22.770421743392944 s"]}
{"uuid": "e9a19fe1f9", "type": "header", "module": "tlo.methods.demography", "key": "scaling_factor", "level": "WARNING", "columns": {"scaling_factor": "float"}, "description": "The data-to-model scaling factor (based on the initial population size, used to multiply-up results so that they correspond to the real population size."}
{"uuid": "e9a19fe1f9", "date": "2010-01-01T00:00:00", "values": [290.79218000000003]}
{"uuid": "da366e03ae", "type": "header", "module": "tlo.methods.demography", "key": "scaling_factor_district", "level": "WARNING", "columns": {"scaling_factor_district": "dict"}, "description": "The data-to-model district_level scaling factor (based on the initial population size,used to multiply-up results so that they correspond to the real population size."}
{"uuid": "da366e03ae", "date": "2010-01-01T00:00:00", "values": [{"Balaka": 292.18885821890655, "Blantyre": 290.00666810074694, "Blantyre City": 289.0374870811533, "Chikwawa": 303.5430314988817, "Chiradzulu": 291.3490968335263, "Chitipa": 298.2777391579305, "Dedza": 297.2389953138543, "Dowa": 293.77467482227445, "Karonga": 302.1771942910366, "Kasungu": 288.94935614027617, "Likoma": 267.2384402454295, "Lilongwe": 288.55314644156545, "Lilongwe City": 290.31423439747215, "Machinga": 288.9462323801105, "Mangochi": 287.00339941738713, "Mchinji": 284.9140887939129, "Mulanje": 295.5725069079527, "Mwanza": 303.64733629901616, "Mzimba": 301.5507112253667, "Mzuzu City": 288.0081988677558, "Neno": 306.9167500618024, "Nkhata Bay": 299.06650178941345, "Nkhotakota": 277.642231737952, "Nsanje": 274.56432422649266, "Ntcheu": 292.7807936521761, "Ntchisi": 279.8249598210122, "Phalombe": 286.00721165825297, "Rumphi": 281.04278564091175, "Salima": 277.2997287670948, "Thyolo": 296.689092542885, "Zomba": 287.7804838656647, "Zomba City": 291.71738176198596}]}
{"uuid": "072090a41b", "type": "header", "module": "tlo.methods.population", "key": "scaling_factor", "level": "WARNING", "columns": {"scaling_factor": "float"}, "description": "The data-to-model scaling factor (based on the initial population size, used to multiply-up results so that they correspond to the real population size."}
{"uuid": "072090a41b", "date": "2010-01-01T00:00:00", "values": [290.79218000000003]}
{"uuid": "b47e7f2cb8", "type": "header", "module": "tlo.methods.population", "key": "scaling_factor_district", "level": "WARNING", "columns": {"scaling_factor_district": "dict"}, "description": "The data-to-model district_level scaling factor (based on the initial population size,used to multiply-up results so that they correspond to the real population size."}
{"uuid": "b47e7f2cb8", "date": "2010-01-01T00:00:00", "values": [{"Balaka": 292.18885821890655, "Blantyre": 290.00666810074694, "Blantyre City": 289.0374870811533, "Chikwawa": 303.5430314988817, "Chiradzulu": 291.3490968335263, "Chitipa": 298.2777391579305, "Dedza": 297.2389953138543, "Dowa": 293.77467482227445, "Karonga": 302.1771942910366, "Kasungu": 288.94935614027617, "Likoma": 267.2384402454295, "Lilongwe": 288.55314644156545, "Lilongwe City": 290.31423439747215, "Machinga": 288.9462323801105, "Mangochi": 287.00339941738713, "Mchinji": 284.9140887939129, "Mulanje": 295.5725069079527, "Mwanza": 303.64733629901616, "Mzimba": 301.5507112253667, "Mzuzu City": 288.0081988677558, "Neno": 306.9167500618024, "Nkhata Bay": 299.06650178941345, "Nkhotakota": 277.642231737952, "Nsanje": 274.56432422649266, "Ntcheu": 292.7807936521761, "Ntchisi": 279.8249598210122, "Phalombe": 286.00721165825297, "Rumphi": 281.04278564091175, "Salima": 277.2997287670948, "Thyolo": 296.689092542885, "Zomba": 287.7804838656647, "Zomba City": 291.71738176198596}]}
{"uuid": "d5de3a8063", "type": "header", "module": "tlo.profiling", "key": "stats", "level": "INFO", "columns": {"duration_minutes": "float", "memory_rss_MiB": "float", "memory_uss_MiB": "float", "memory_vms_MiB": "float", "pop_df_mem_MiB": "float", "pop_df_number_alive": "int", "pop_df_rows": "int", "time": "str"}, "description": null}
{"uuid": "d5de3a8063", "date": "2010-01-01T00:00:00", "values": [0.05263391335805257, 573.2578125, 561.96875, 818.15625, 95.2783432006836, 50000, 50000, "2025-10-11T00:24:27.777854"]}
{"uuid": "dc8474b6b3", "date": "2010-01-01T00:00:00", "values": ["Increased capacity of population dataframe to 51000"]}
{"uuid": "d5de3a8063", "date": "2010-02-01T00:00:00", "values": [2.8582955479621885, 693.78125, 682.29296875, 938.59375, 97.10790252685547, 50125, 51000, "2025-10-11T00:27:19.275583"]}
{"uuid": "d5de3a8063", "date": "2010-03-01T00:00:00", "values": [2.546851301193237, 836.828125, 825.3203125, 1083.45703125, 97.12017059326172, 50194, 51000, "2025-10-11T00:29:52.086661"]}
{"uuid": "d5de3a8063", "date": "2010-04-01T00:00:00", "values": [3.08472154935201, 1010.41015625, 998.89453125, 1259.87109375, 97.13472747802734, 50277, 51000, "2025-10-11T00:32:57.169954"]}
{"uuid": "d5de3a8063", "date": "2010-05-01T00:00:00", "values": [2.862709669272105, 1127.6484375, 1116.16015625, 1375.14453125, 97.14913177490234, 50365, 51000, "2025-10-11T00:35:48.932535"]}
{"uuid": "1e86f25803", "type": "header", "module": "tlo.methods.healthsystem", "key": "message", "level": "WARNING", "columns": {"message": "str"}, "description": null}
{"uuid": "1e86f25803", "date": "2010-05-25T00:00:00", "values": ["Tb_Test_Screening actual_footprint requires differentofficers than expected_footprint."]}
{"uuid": "d5de3a8063", "date": "2010-06-01T00:00:00", "values": [2.6705225984255474, 1283.25, 1271.73828125, 1529.296875, 97.16622161865234, 50505, 51000, "2025-10-11T00:38:29.163890"]}
{"uuid": "90f526bf10", "type": "header", "module": "tlo.methods.hiv", "key": "message", "level": "WARNING", "columns": {"message": "str"}, "description": null}
{"uuid": "90f526bf10", "date": "2010-06-17T00:00:00", "values": ["This event should not be running, Hiv_DecisionToContinueTreatment is for those already on tx"]}
{"uuid": "d5de3a8063", "date": "2010-07-01T00:00:00", "values": [2.9744502186775206, 1439.2890625, 1427.99609375, 1687.46484375, 97.1784896850586, 50588, 51000, "2025-10-11T00:41:27.630904"]}
{"uuid": "dc8474b6b3", "date": "2010-07-09T00:00:00", "values": ["Increased capacity of population dataframe to 52000"]}
{"uuid": "1e86f25803", "date": "2010-07-18T00:00:00", "values": ["Tb_Test_Screening actual_footprint requires differentofficers than expected_footprint."]}
{"uuid": "d5de3a8063", "date": "2010-08-01T00:00:00", "values": [3.1111636996269225, 1524.58203125, 1513.06640625, 1773.94140625, 99.01042938232422, 50738, 52000, "2025-10-11T00:44:34.300727"]}
{"uuid": "d5de3a8063", "date": "2010-09-01T00:00:00", "values": [2.988675224781036, 1524.68359375, 1513.16796875, 1774.04296875, 99.02678680419922, 50863, 52000, "2025-10-11T00:47:33.621238"]}
{"uuid": "d5de3a8063", "date": "2010-10-01T00:00:00", "values": [4.225955847899119, 1493.8671875, 1482.51953125, 1743.42578125, 99.05339813232422, 51077, 52000, "2025-10-11T00:51:47.178588"]}
{"uuid": "1e86f25803", "date": "2010-10-02T00:00:00", "values": ["Tb_Test_FollowUp actual_footprint requires differentofficers than expected_footprint."]}
{"uuid": "d5de3a8063", "date": "2010-11-01T00:00:00", "values": [4.474080522855123, 1493.8671875, 1482.51953125, 1743.453125, 99.07207489013672, 51225, 52000, "2025-10-11T00:56:15.623423"]}
{"uuid": "1e86f25803", "date": "2010-11-04T00:00:00", "values": ["Tb_Test_Screening actual_footprint requires differentofficers than expected_footprint."]}
{"uuid": "90f526bf10", "date": "2010-11-12T00:00:00", "values": ["This event should not be running, Hiv_DecisionToContinueTreatment is for those already on tx"]}
{"uuid": "d5de3a8063", "date": "2010-12-01T00:00:00", "values": [4.063153314590454, 1494.8125, 1483.46484375, 1743.4765625, 99.0880355834961, 51340, 52000, "2025-10-11T01:00:19.412620"]}
{"uuid": "dc8474b6b3", "date": "2010-12-01T00:00:00", "values": ["Increased capacity of population dataframe to 53000"]}
{"uuid": "d5de3a8063", "date": "2011-01-01T00:00:00", "values": [5.135298637549083, 1525.4609375, 1513.98828125, 1768.1015625, 100.9215316772461, 51533, 53000, "2025-10-11T01:05:27.530537"]}
{"uuid": "d5de3a8063", "date": "2011-02-01T00:00:00", "values": [4.330359411239624, 1508.84375, 1497.328125, 1751.31640625, 100.93975067138672, 51677, 53000, "2025-10-11T01:09:47.352102"]}
{"uuid": "d5de3a8063", "date": "2011-03-01T00:00:00", "values": [4.4638422648111975, 1525.625, 1514.2421875, 1768.35546875, 100.95836639404297, 51808, 53000, "2025-10-11T01:14:15.182641"]}
{"uuid": "d5de3a8063", "date": "2011-04-01T00:00:00", "values": [4.884993739922842, 1496.33203125, 1484.81640625, 1738.8046875, 100.9774398803711, 51929, 53000, "2025-10-11T01:19:08.282263"]}
{"uuid": "90f526bf10", "date": "2011-04-25T00:00:00", "values": ["This event should not be running, Hiv_DecisionToContinueTreatment is for those already on tx"]}
{"uuid": "dc8474b6b3", "date": "2011-04-29T00:00:00", "values": ["Increased capacity of population dataframe to 54000"]}
{"uuid": "d5de3a8063", "date": "2011-05-01T00:00:00", "values": [4.447712576389312, 1539.48828125, 1528.21484375, 1781.51953125, 102.80675506591797, 52043, 54000, "2025-10-11T01:23:35.145016"]}
{"uuid": "d5de3a8063", "date": "2011-06-01T00:00:00", "values": [4.402136051654816, 1516.9140625, 1505.43359375, 1758.78515625, 102.8232650756836, 52145, 54000, "2025-10-11T01:27:59.273179"]}
{"uuid": "63d828121b", "type": "header", "module": "tlo.methods.rti", "key": "warning", "level": "WARNING", "columns": {"message": "str"}, "description": null}
{"uuid": "63d828121b", "date": "2011-06-10T00:00:00", "values": ["rt disability < 0 in rti_alter_daly_post_treatment"]}
{"uuid": "90f526bf10", "date": "2011-06-12T00:00:00", "values": ["This event should not be running, Hiv_DecisionToContinueTreatment is for those already on tx"]}
{"uuid": "d5de3a8063", "date": "2011-07-01T00:00:00", "values": [4.330861377716064, 1517.0703125, 1505.6171875, 1758.8125, 102.84148406982422, 52292, 54000, "2025-10-11T01:32:19.124864"]}
{"uuid": "63d828121b", "date": "2011-07-10T00:00:00", "values": ["rt disability < 0 in rti_alter_daly_post_treatment"]}
{"uuid": "90f526bf10", "date": "2011-07-11T00:00:00", "values": ["This event should not be running, Hiv_DecisionToContinueTreatment is for those already on tx"]}
{"uuid": "d5de3a8063", "date": "2011-08-01T00:00:00", "values": [4.171065632502238, 1517.0703125, 1505.640625, 1758.8359375, 102.8563461303711, 52410, 54000, "2025-10-11T01:36:29.388802"]}
{"uuid": "90f526bf10", "date": "2011-08-05T00:00:00", "values": ["This event should not be running, Hiv_DecisionToContinueTreatment is for those already on tx"]}
{"uuid": "90f526bf10", "date": "2011-08-24T00:00:00", "values": ["This event should not be running, Hiv_DecisionToContinueTreatment is for those already on tx"]}
{"uuid": "d5de3a8063", "date": "2011-09-01T00:00:00", "values": [4.006623287995656, 1517.0703125, 1505.66015625, 1758.85546875, 102.87047576904297, 52509, 54000, "2025-10-11T01:40:29.786198"]}
{"uuid": "90f526bf10", "date": "2011-09-13T00:00:00", "values": ["This event should not be running, Hiv_DecisionToContinueTreatment is for those already on tx"]}
{"uuid": "d5de3a8063", "date": "2011-10-01T00:00:00", "values": [4.443735921382904, 1593.92578125, 1582.65625, 1836.92578125, 102.88814544677734, 52654, 54000, "2025-10-11T01:44:56.410353"]}
{"uuid": "dc8474b6b3", "date": "2011-10-25T00:00:00", "values": ["Increased capacity of population dataframe to 55000"]}
{"uuid": "d5de3a8063", "date": "2011-11-01T00:00:00", "values": [4.2046656568845115, 1775.28515625, 1763.76953125, 2020.078125, 104.71538543701172, 52786, 55000, "2025-10-11T01:49:08.690292"]}
{"uuid": "d5de3a8063", "date": "2011-12-01T00:00:00", "values": [4.359432947635651, 1795.06640625, 1783.55078125, 2040.76953125, 104.73302459716797, 52927, 55000, "2025-10-11T01:53:30.256272"]}
{"uuid": "d5de3a8063", "date": "2012-01-01T00:00:00", "values": [4.71753226518631, 1797.66015625, 1786.171875, 2043.453125, 104.74864959716797, 53064, 55000, "2025-10-11T01:58:13.308206"]}
{"uuid": "d5de3a8063", "date": "2012-02-01T00:00:00", "values": [4.466040368874868, 1781.328125, 1769.8125, 2026.96875, 104.7671127319336, 53218, 55000, "2025-10-11T02:02:41.270628"]}
{"uuid": "d5de3a8063", "date": "2012-03-01T00:00:00", "values": [4.233414765199026, 1802.42578125, 1790.91015625, 2044.56640625, 104.7840805053711, 53360, 55000, "2025-10-11T02:06:55.275513"]}
{"uuid": "dc8474b6b3", "date": "2012-03-31T00:00:00", "values": ["Increased capacity of population dataframe to 56000"]}
{"uuid": "d5de3a8063", "date": "2012-04-01T00:00:00", "values": [5.159206692377726, 1794.98046875, 1783.578125, 2037.359375, 106.61711883544922, 53533, 56000, "2025-10-11T02:12:04.827915"]}
{"uuid": "d5de3a8063", "date": "2012-05-01T00:00:00", "values": [4.510851899782817, 1772.9453125, 1761.4296875, 2015.0859375, 106.6350326538086, 53685, 56000, "2025-10-11T02:16:35.479030"]}
{"uuid": "90f526bf10", "date": "2012-05-03T00:00:00", "values": ["This event should not be running, Hiv_DecisionToContinueTreatment is for those already on tx"]}
{"uuid": "90f526bf10", "date": "2012-05-27T00:00:00", "values": ["This event should not be running, Hiv_DecisionToContinueTreatment is for those already on tx"]}
{"uuid": "d5de3a8063", "date": "2012-06-01T00:00:00", "values": [4.38146888812383, 1784.0546875, 1772.5390625, 2026.1953125, 106.6539535522461, 53838, 56000, "2025-10-11T02:20:58.367164"]}
{"uuid": "63d828121b", "date": "2012-06-10T00:00:00", "values": ["rt disability < 0 in rti_alter_daly_post_treatment"]}
{"uuid": "d5de3a8063", "date": "2012-07-01T00:00:00", "values": [4.683064087231954, 1784.1015625, 1772.5859375, 2026.2421875, 106.6710433959961, 53973, 56000, "2025-10-11T02:25:39.351007"]}
{"uuid": "d5de3a8063", "date": "2012-08-01T00:00:00", "values": [4.27731564839681, 1785.72265625, 1774.20703125, 2027.28515625, 106.68746185302734, 54108, 56000, "2025-10-11T02:29:55.989947"]}
{"uuid": "90f526bf10", "date": "2012-08-19T00:00:00", "values": ["This event should not be running, Hiv_DecisionToContinueTreatment is for those already on tx"]}
{"uuid": "d5de3a8063", "date": "2012-09-01T00:00:00", "values": [4.50634556611379, 1818.53515625, 1807.01953125, 2060.26953125, 106.70519256591797, 54253, 56000, "2025-10-11T02:34:26.370682"]}
{"uuid": "1e86f25803", "date": "2012-09-04T00:00:00", "values": ["Tb_Test_FollowUp actual_footprint requires differentofficers than expected_footprint."]}
{"uuid": "90f526bf10", "date": "2012-09-06T00:00:00", "values": ["This event should not be running, Hiv_DecisionToContinueTreatment is for those already on tx"]}
{"uuid": "dc8474b6b3", "date": "2012-09-11T00:00:00", "values": ["Increased capacity of population dataframe to 57000"]}
{"uuid": "90f526bf10", "date": "2012-09-19T00:00:00", "values": ["This event should not be running, Hiv_DecisionToContinueTreatment is for those already on tx"]}
{"uuid": "d5de3a8063", "date": "2012-10-01T00:00:00", "values": [4.687339154879252, 1916.6015625, 1905.2890625, 2160.203125, 108.53328704833984, 54377, 57000, "2025-10-11T02:39:07.611031"]}
{"uuid": "d5de3a8063", "date": "2012-11-01T00:00:00", "values": [4.399977374076843, 1943.15625, 1931.640625, 2186.4296875, 108.54985809326172, 54509, 57000, "2025-10-11T02:43:31.609672"]}
{"uuid": "d5de3a8063", "date": "2012-12-01T00:00:00", "values": [4.421601343154907, 1949.078125, 1937.56640625, 2191.53515625, 108.5682601928711, 54663, 57000, "2025-10-11T02:47:56.905753"]}
{"uuid": "d5de3a8063", "date": "2013-01-01T00:00:00", "values": [4.921711397171021, 1939.62890625, 1928.14453125, 2183.2890625, 108.58650970458984, 54820, 57000, "2025-10-11T02:52:52.208436"]}
{"uuid": "d5de3a8063", "date": "2013-02-01T00:00:00", "values": [4.592075494925181, 1950.90625, 1939.45703125, 2194.54296875, 108.60637664794922, 55003, 57000, "2025-10-11T02:57:27.732967"]}
{"uuid": "dc8474b6b3", "date": "2013-02-16T00:00:00", "values": ["Increased capacity of population dataframe to 58000"]}
{"uuid": "d5de3a8063", "date": "2013-03-01T00:00:00", "values": [4.511023978392283, 1964.515625, 1953.0, 2208.140625, 110.43575286865234, 55141, 58000, "2025-10-11T03:01:58.394407"]}
{"uuid": "63d828121b", "date": "2013-03-12T00:00:00", "values": ["rt disability < 0 in rti_alter_daly_post_treatment"]}
{"uuid": "d5de3a8063", "date": "2013-04-01T00:00:00", "values": [5.024048701922099, 1964.57421875, 1953.05859375, 2208.19921875, 110.45659637451172, 55316, 58000, "2025-10-11T03:06:59.837328"]}
{"uuid": "90f526bf10", "date": "2013-04-11T00:00:00", "values": ["This event should not be running, Hiv_DecisionToContinueTreatment is for those already on tx"]}
{"uuid": "90f526bf10", "date": "2013-04-14T00:00:00", "values": ["This event should not be running, Hiv_DecisionToContinueTreatment is for those already on tx"]}
{"uuid": "d5de3a8063", "date": "2013-05-01T00:00:00", "values": [4.678697605927785, 1964.625, 1953.109375, 2208.25, 110.47612762451172, 55479, 58000, "2025-10-11T03:11:40.559184"]}
{"uuid": "63d828121b", "date": "2013-05-10T00:00:00", "values": ["rt disability < 0 in rti_alter_daly_post_treatment"]}
{"uuid": "d5de3a8063", "date": "2013-06-01T00:00:00", "values": [4.682769421736399, 1989.265625, 1977.765625, 2231.39453125, 110.49471282958984, 55623, 58000, "2025-10-11T03:16:21.525348"]}
{"uuid": "d5de3a8063", "date": "2013-07-01T00:00:00", "values": [4.620019233226776, 1993.03125, 1981.53125, 2235.671875, 110.51232147216797, 55761, 58000, "2025-10-11T03:20:58.726503"]}
{"uuid": "dc8474b6b3", "date": "2013-07-15T00:00:00", "values": ["Increased capacity of population dataframe to 59000"]}
{"uuid": "d5de3a8063", "date": "2013-08-01T00:00:00", "values": [4.736427636941274, 2011.390625, 1999.88671875, 2254.83984375, 112.3423080444336, 55917, 59000, "2025-10-11T03:25:42.912167"]}
{"uuid": "90f526bf10", "date": "2013-08-14T00:00:00", "values": ["This event should not be running, Hiv_DecisionToContinueTreatment is for those already on tx"]}
{"uuid": "90f526bf10", "date": "2013-08-15T00:00:00", "values": ["This event should not be running, Hiv_DecisionToContinueTreatment is for those already on tx"]}
{"uuid": "d5de3a8063", "date": "2013-09-01T00:00:00", "values": [4.611609133084615, 1995.2265625, 1983.7265625, 2237.98828125, 112.36031341552734, 56066, 59000, "2025-10-11T03:30:19.608711"]}
{"uuid": "63d828121b", "date": "2013-09-09T00:00:00", "values": ["rt disability < 0 in rti_alter_daly_post_treatment"]}
{"uuid": "1e86f25803", "date": "2013-09-24T00:00:00", "values": ["Tb_Test_Screening actual_footprint requires differentofficers than expected_footprint."]}
{"uuid": "d5de3a8063", "date": "2013-10-01T00:00:00", "values": [4.543168834845225, 2035.84375, 2024.33203125, 2278.0234375, 112.37682342529297, 56192, 59000, "2025-10-11T03:34:52.198840"]}
{"uuid": "d5de3a8063", "date": "2013-11-01T00:00:00", "values": [4.535527229309082, 2045.29296875, 2033.77734375, 2287.109375, 112.3930892944336, 56322, 59000, "2025-10-11T03:39:24.330478"]}
{"uuid": "d5de3a8063", "date": "2013-12-01T00:00:00", "values": [4.593101183573405, 2028.140625, 2016.71875, 2270.34765625, 112.41289520263672, 56489, 59000, "2025-10-11T03:43:59.916545"]}
{"uuid": "1e86f25803", "date": "2013-12-05T00:00:00", "values": ["Tb_Test_FollowUp actual_footprint requires differentofficers than expected_footprint."]}
{"uuid": "63d828121b", "date": "2013-12-08T00:00:00", "values": ["rt disability < 0 in rti_alter_daly_post_treatment"]}
{"uuid": "dc8474b6b3", "date": "2013-12-22T00:00:00", "values": ["Increased capacity of population dataframe to 60000"]}
{"uuid": "d5de3a8063", "date": "2014-01-01T00:00:00", "values": [5.0218751152356464, 2121.09375, 2109.578125, 2364.6484375, 114.24163055419922, 56630, 60000, "2025-10-11T03:49:01.229052"]}
{"uuid": "d5de3a8063", "date": "2014-02-01T00:00:00", "values": [4.52644114891688, 2128.9375, 2117.421875, 2371.734375, 114.25801849365234, 56754, 60000, "2025-10-11T03:53:32.815522"]}
{"uuid": "d5de3a8063", "date": "2014-03-01T00:00:00", "values": [4.353825644652049, 2141.82421875, 2130.30859375, 2384.82421875, 114.27462005615234, 56892, 60000, "2025-10-11T03:57:54.045058"]}
{"uuid": "d5de3a8063", "date": "2014-04-01T00:00:00", "values": [5.3860606471697485, 2155.73828125, 2144.22265625, 2398.94921875, 114.29772186279297, 57074, 60000, "2025-10-11T04:03:17.208699"]}
{"uuid": "90f526bf10", "date": "2014-04-13T00:00:00", "values": ["This event should not be running, Hiv_DecisionToContinueTreatment is for those already on tx"]}
{"uuid": "d5de3a8063", "date": "2014-05-01T00:00:00", "values": [4.732051610946655, 2129.2109375, 2117.703125, 2372.62890625, 114.3160629272461, 57218, 60000, "2025-10-11T04:08:01.131794"]}
{"uuid": "dc8474b6b3", "date": "2014-05-24T00:00:00", "values": ["Increased capacity of population dataframe to 61000"]}
{"uuid": "d5de3a8063", "date": "2014-06-01T00:00:00", "values": [4.66024265686671, 2179.0390625, 2167.78125, 2421.18359375, 116.14482879638672, 57353, 61000, "2025-10-11T04:12:40.746354"]}
{"uuid": "d5de3a8063", "date": "2014-07-01T00:00:00", "values": [4.959403296311696, 2173.984375, 2162.55078125, 2416.54296875, 116.1635971069336, 57514, 61000, "2025-10-11T04:17:38.310552"]}
{"uuid": "90f526bf10", "date": "2014-07-15T00:00:00", "values": ["This event should not be running, Hiv_DecisionToContinueTreatment is for those already on tx"]}
{"uuid": "90f526bf10", "date": "2014-07-20T00:00:00", "values": ["This event should not be running, Hiv_DecisionToContinueTreatment is for those already on tx"]}
{"uuid": "90f526bf10", "date": "2014-07-21T00:00:00", "values": ["This event should not be running, Hiv_DecisionToContinueTreatment is for those already on tx"]}
{"uuid": "d5de3a8063", "date": "2014-08-01T00:00:00", "values": [4.742175054550171, 2209.78515625, 2198.28125, 2452.26171875, 116.18367767333984, 57685, 61000, "2025-10-11T04:22:22.841055"]}
{"uuid": "d5de3a8063", "date": "2014-09-01T00:00:00", "values": [4.902804891268413, 2205.609375, 2194.27734375, 2448.59765625, 116.20320892333984, 57842, 61000, "2025-10-11T04:27:17.009347"]}
{"uuid": "d5de3a8063", "date": "2014-10-01T00:00:00", "values": [4.506918601195017, 2235.796875, 2224.28125, 2478.6484375, 116.21736907958984, 57945, 61000, "2025-10-11T04:31:47.424463"]}
{"uuid": "90f526bf10", "date": "2014-10-27T00:00:00", "values": ["This event should not be running, Hiv_DecisionToContinueTreatment is for those already on tx"]}
{"uuid": "dc8474b6b3", "date": "2014-10-31T00:00:00", "values": ["Increased capacity of population dataframe to 62000"]}
{"uuid": "d5de3a8063", "date": "2014-11-01T00:00:00", "values": [4.715564958254496, 2303.4609375, 2291.953125, 2546.9375, 118.04586029052734, 58067, 62000, "2025-10-11T04:36:30.358361"]}
{"uuid": "d5de3a8063", "date": "2014-12-01T00:00:00", "values": [4.6463895559310915, 2285.6484375, 2274.36328125, 2530.27734375, 118.06368255615234, 58217, 62000, "2025-10-11T04:41:09.141735"]}
{"uuid": "db90bb6bbe", "type": "header", "module": "tlo.simulation", "key": "parameter_stats", "level": "INFO", "columns": {"count": "int", "label": "str", "module": "str"}, "description": null}
{"uuid": "db90bb6bbe", "date": "2015-01-01T00:00:00", "values": [1, "unassigned", "Demography"]}
{"uuid": "db90bb6bbe", "date": "2015-01-01T00:00:00", "values": [7, "not_init_via_load_param", "Demography"]}
{"uuid": "db90bb6bbe", "date": "2015-01-01T00:00:00", "values": [110, "unassigned", "Lifestyle"]}
{"uuid": "db90bb6bbe", "date": "2015-01-01T00:00:00", "values": [17, "not_init_via_load_param", "Lifestyle"]}
{"uuid": "db90bb6bbe", "date": "2015-01-01T00:00:00", "values": [3, "not_init_via_load_param", "HealthBurden"]}
{"uuid": "db90bb6bbe", "date": "2015-01-01T00:00:00", "values": [18, "not_init_via_load_param", "HealthSystem"]}
{"uuid": "db90bb6bbe", "date": "2015-01-01T00:00:00", "values": [25, "unassigned", "HealthSystem"]}
{"uuid": "db90bb6bbe", "date": "2015-01-01T00:00:00", "values": [1, "not_init_via_load_param", "SymptomManager"]}
{"uuid": "db90bb6bbe", "date": "2015-01-01T00:00:00", "values": [1, "unassigned", "SymptomManager"]}
{"uuid": "db90bb6bbe", "date": "2015-01-01T00:00:00", "values": [18, "unassigned", "HealthSeekingBehaviour"]}
{"uuid": "db90bb6bbe", "date": "2015-01-01T00:00:00", "values": [2, "not_init_via_load_param", "Epi"]}
{"uuid": "db90bb6bbe", "date": "2015-01-01T00:00:00", "values": [1, "unassigned", "Epi"]}
{"uuid": "db90bb6bbe", "date": "2015-01-01T00:00:00", "values": [14, "not_init_via_load_param", "Contraception"]}
{"uuid": "db90bb6bbe", "date": "2015-01-01T00:00:00", "values": [7, "unassigned", "Contraception"]}
{"uuid": "db90bb6bbe", "date": "2015-01-01T00:00:00", "values": [6, "not_init_via_load_param", "Hiv"]}
{"uuid": "db90bb6bbe", "date": "2015-01-01T00:00:00", "values": [70, "unassigned", "Hiv"]}
{"uuid": "db90bb6bbe", "date": "2015-01-01T00:00:00", "values": [33, "not_init_via_load_param", "CardioMetabolicDisorders"]}
{"uuid": "db90bb6bbe", "date": "2015-01-01T00:00:00", "values": [1, "unassigned", "CardioMetabolicDisorders"]}
{"uuid": "db90bb6bbe", "date": "2015-01-01T00:00:00", "values": [6, "not_init_via_load_param", "Malaria"]}
{"uuid": "db90bb6bbe", "date": "2015-01-01T00:00:00", "values": [29, "unassigned", "Malaria"]}
{"uuid": "db90bb6bbe", "date": "2015-01-01T00:00:00", "values": [118, "unassigned", "PregnancySupervisor"]}
{"uuid": "db90bb6bbe", "date": "2015-01-01T00:00:00", "values": [27, "unassigned", "CareOfWomenDuringPregnancy"]}
{"uuid": "db90bb6bbe", "date": "2015-01-01T00:00:00", "values": [64, "unassigned", "NewbornOutcomes"]}
{"uuid": "db90bb6bbe", "date": "2015-01-01T00:00:00", "values": [100, "unassigned", "Diarrhoea"]}
{"uuid": "db90bb6bbe", "date": "2015-01-01T00:00:00", "values": [31, "unassigned", "Stunting"]}
{"uuid": "db90bb6bbe", "date": "2015-01-01T00:00:00", "values": [177, "unassigned", "Labour"]}
{"uuid": "db90bb6bbe", "date": "2015-01-01T00:00:00", "values": [1, "not_init_via_load_param", "Labour"]}
{"uuid": "db90bb6bbe", "date": "2015-01-01T00:00:00", "values": [52, "unassigned", "PostnatalSupervisor"]}
{"uuid": "db90bb6bbe", "date": "2015-01-01T00:00:00", "values": [1, "not_init_via_load_param", "PostnatalSupervisor"]}
{"uuid": "db90bb6bbe", "date": "2015-01-01T00:00:00", "values": [119, "unassigned", "Alri"]}
{"uuid": "db90bb6bbe", "date": "2015-01-01T00:00:00", "values": [8, "unassigned", "Measles"]}
{"uuid": "db90bb6bbe", "date": "2015-01-01T00:00:00", "values": [2, "not_init_via_load_param", "Measles"]}
{"uuid": "db90bb6bbe", "date": "2015-01-01T00:00:00", "values": [54, "not_init_via_load_param", "Schisto"]}
{"uuid": "db90bb6bbe", "date": "2015-01-01T00:00:00", "values": [62, "unassigned", "Tb"]}
{"uuid": "db90bb6bbe", "date": "2015-01-01T00:00:00", "values": [7, "not_init_via_load_param", "Tb"]}
{"uuid": "db90bb6bbe", "date": "2015-01-01T00:00:00", "values": [32, "unassigned", "BladderCancer"]}
{"uuid": "db90bb6bbe", "date": "2015-01-01T00:00:00", "values": [25, "unassigned", "BreastCancer"]}
{"uuid": "db90bb6bbe", "date": "2015-01-01T00:00:00", "values": [11, "undetermined", "CervicalCancer"]}
{"uuid": "db90bb6bbe", "date": "2015-01-01T00:00:00", "values": [23, "universal", "CervicalCancer"]}
{"uuid": "db90bb6bbe", "date": "2015-01-01T00:00:00", "values": [13, "local", "CervicalCancer"]}
{"uuid": "db90bb6bbe", "date": "2015-01-01T00:00:00", "values": [33, "unassigned", "OesophagealCancer"]}
{"uuid": "db90bb6bbe", "date": "2015-01-01T00:00:00", "values": [24, "unassigned", "OtherAdultCancer"]}
{"uuid": "db90bb6bbe", "date": "2015-01-01T00:00:00", "values": [23, "unassigned", "ProstateCancer"]}
{"uuid": "db90bb6bbe", "date": "2015-01-01T00:00:00", "values": [1, "not_init_via_load_param", "ProstateCancer"]}
{"uuid": "db90bb6bbe", "date": "2015-01-01T00:00:00", "values": [154, "unassigned", "RTI"]}
{"uuid": "db90bb6bbe", "date": "2015-01-01T00:00:00", "values": [62, "not_init_via_load_param", "RTI"]}
{"uuid": "db90bb6bbe", "date": "2015-01-01T00:00:00", "values": [20, "unassigned", "Copd"]}
{"uuid": "db90bb6bbe", "date": "2015-01-01T00:00:00", "values": [37, "unassigned", "Depression"]}
{"uuid": "db90bb6bbe", "date": "2015-01-01T00:00:00", "values": [18, "unassigned", "Epilepsy"]}
{"uuid": "db90bb6bbe", "date": "2015-01-01T00:00:00", "values": [3, "not_init_via_load_param", "Epilepsy"]}
{"uuid": "b07716682c", "date": "2015-01-01T00:00:00", "values": ["simulate() 15687.140166521072 s"]}
