{"uuid": "b07716682c", "type": "header", "module": "tlo.simulation", "key": "info", "level": "INFO", "columns": {"message": "str"}, "description": null}
{"uuid": "b07716682c", "date": "2010-01-01T00:00:00", "values": ["Log output: profiling_results/2024/11/22/1003/scale_run_profiling__2024-11-22T100311.log"]}
{"uuid": "b07716682c", "date": "2010-01-01T00:00:00", "values": ["Simulation RNG user entropy = 0"]}
{"uuid": "b07716682c", "date": "2010-01-01T00:00:00", "values": ["Demography RNG auto (entropy, spawn key) = (0, 0)"]}
{"uuid": "b07716682c", "date": "2010-01-01T00:00:00", "values": ["Lifestyle RNG auto (entropy, spawn key) = (0, 1)"]}
{"uuid": "b07716682c", "date": "2010-01-01T00:00:00", "values": ["HealthBurden RNG auto (entropy, spawn key) = (0, 2)"]}
{"uuid": "b07716682c", "date": "2010-01-01T00:00:00", "values": ["HealthSystem RNG auto (entropy, spawn key) = (0, 3)"]}
{"uuid": "b07716682c", "date": "2010-01-01T00:00:00", "values": ["SymptomManager RNG auto (entropy, spawn key) = (0, 4)"]}
{"uuid": "b07716682c", "date": "2010-01-01T00:00:00", "values": ["HealthSeekingBehaviour RNG auto (entropy, spawn key) = (0, 5)"]}
{"uuid": "b07716682c", "date": "2010-01-01T00:00:00", "values": ["Epi RNG auto (entropy, spawn key) = (0, 6)"]}
{"uuid": "b07716682c", "date": "2010-01-01T00:00:00", "values": ["Contraception RNG auto (entropy, spawn key) = (0, 7)"]}
{"uuid": "b07716682c", "date": "2010-01-01T00:00:00", "values": ["Hiv RNG auto (entropy, spawn key) = (0, 8)"]}
{"uuid": "b07716682c", "date": "2010-01-01T00:00:00", "values": ["CardioMetabolicDisorders RNG auto (entropy, spawn key) = (0, 9)"]}
{"uuid": "b07716682c", "date": "2010-01-01T00:00:00", "values": ["Malaria RNG auto (entropy, spawn key) = (0, 10)"]}
{"uuid": "b07716682c", "date": "2010-01-01T00:00:00", "values": ["PregnancySupervisor RNG auto (entropy, spawn key) = (0, 11)"]}
{"uuid": "b07716682c", "date": "2010-01-01T00:00:00", "values": ["CareOfWomenDuringPregnancy RNG auto (entropy, spawn key) = (0, 12)"]}
{"uuid": "b07716682c", "date": "2010-01-01T00:00:00", "values": ["NewbornOutcomes RNG auto (entropy, spawn key) = (0, 13)"]}
{"uuid": "b07716682c", "date": "2010-01-01T00:00:00", "values": ["Wasting RNG auto (entropy, spawn key) = (0, 14)"]}
{"uuid": "b07716682c", "date": "2010-01-01T00:00:00", "values": ["Diarrhoea RNG auto (entropy, spawn key) = (0, 15)"]}
{"uuid": "b07716682c", "date": "2010-01-01T00:00:00", "values": ["Stunting RNG auto (entropy, spawn key) = (0, 16)"]}
{"uuid": "b07716682c", "date": "2010-01-01T00:00:00", "values": ["Labour RNG auto (entropy, spawn key) = (0, 17)"]}
{"uuid": "b07716682c", "date": "2010-01-01T00:00:00", "values": ["PostnatalSupervisor RNG auto (entropy, spawn key) = (0, 18)"]}
{"uuid": "b07716682c", "date": "2010-01-01T00:00:00", "values": ["Alri RNG auto (entropy, spawn key) = (0, 19)"]}
{"uuid": "b07716682c", "date": "2010-01-01T00:00:00", "values": ["Measles RNG auto (entropy, spawn key) = (0, 20)"]}
{"uuid": "b07716682c", "date": "2010-01-01T00:00:00", "values": ["Schisto RNG auto (entropy, spawn key) = (0, 21)"]}
{"uuid": "b07716682c", "date": "2010-01-01T00:00:00", "values": ["Tb RNG auto (entropy, spawn key) = (0, 22)"]}
{"uuid": "b07716682c", "date": "2010-01-01T00:00:00", "values": ["BladderCancer RNG auto (entropy, spawn key) = (0, 23)"]}
{"uuid": "b07716682c", "date": "2010-01-01T00:00:00", "values": ["BreastCancer RNG auto (entropy, spawn key) = (0, 24)"]}
{"uuid": "b07716682c", "date": "2010-01-01T00:00:00", "values": ["OesophagealCancer RNG auto (entropy, spawn key) = (0, 25)"]}
{"uuid": "b07716682c", "date": "2010-01-01T00:00:00", "values": ["OtherAdultCancer RNG auto (entropy, spawn key) = (0, 26)"]}
{"uuid": "b07716682c", "date": "2010-01-01T00:00:00", "values": ["ProstateCancer RNG auto (entropy, spawn key) = (0, 27)"]}
{"uuid": "b07716682c", "date": "2010-01-01T00:00:00", "values": ["RTI RNG auto (entropy, spawn key) = (0, 28)"]}
{"uuid": "b07716682c", "date": "2010-01-01T00:00:00", "values": ["Copd RNG auto (entropy, spawn key) = (0, 29)"]}
{"uuid": "b07716682c", "date": "2010-01-01T00:00:00", "values": ["Depression RNG auto (entropy, spawn key) = (0, 30)"]}
{"uuid": "b07716682c", "date": "2010-01-01T00:00:00", "values": ["Epilepsy RNG auto (entropy, spawn key) = (0, 31)"]}
{"uuid": "dc8474b6b3", "type": "header", "module": "tlo.population", "key": "info", "level": "INFO", "columns": {"message": "str"}, "description": null}
{"uuid": "dc8474b6b3", "date": "2010-01-01T00:00:00", "values": ["Dataframe capacity append size: 1000"]}
{"uuid": "b07716682c", "date": "2010-01-01T00:00:00", "values": ["make_initial_population() 27.630819082260132 s"]}
{"uuid": "e9a19fe1f9", "type": "header", "module": "tlo.methods.demography", "key": "scaling_factor", "level": "WARNING", "columns": {"scaling_factor": "float"}, "description": "The data-to-model scaling factor (based on the initial population size, used to multiply-up results so that they correspond to the real population size."}
{"uuid": "e9a19fe1f9", "date": "2010-01-01T00:00:00", "values": [290.79218000000003]}
{"uuid": "072090a41b", "type": "header", "module": "tlo.methods.population", "key": "scaling_factor", "level": "WARNING", "columns": {"scaling_factor": "float"}, "description": "The data-to-model scaling factor (based on the initial population size, used to multiply-up results so that they correspond to the real population size."}
{"uuid": "072090a41b", "date": "2010-01-01T00:00:00", "values": [290.79218000000003]}
{"uuid": "d5de3a8063", "type": "header", "module": "tlo.profiling", "key": "stats", "level": "INFO", "columns": {"duration_minutes": "float", "memory_rss_MiB": "float", "memory_uss_MiB": "float", "memory_vms_MiB": "float", "pop_df_mem_MiB": "float", "pop_df_number_alive": "int", "pop_df_rows": "int", "time": "str"}, "description": null}
{"uuid": "d5de3a8063", "date": "2010-01-01T00:00:00", "values": [0.10973373254140219, 630.79296875, 620.1640625, 876.07421875, 88.8384256362915, 50000, 50000, "2024-11-22T10:03:53.380776"]}
{"uuid": "dc8474b6b3", "date": "2010-01-01T00:00:00", "values": ["Increased capacity of population dataframe to 51000"]}
{"uuid": "d5de3a8063", "date": "2010-02-01T00:00:00", "values": [4.846316695213318, 706.86328125, 695.91796875, 953.34765625, 90.53929996490479, 50128, 51000, "2024-11-22T10:08:44.159775"]}
{"uuid": "d5de3a8063", "date": "2010-03-01T00:00:00", "values": [4.352002779642741, 871.13671875, 860.15234375, 1119.55078125, 90.55129337310791, 50198, 51000, "2024-11-22T10:13:05.279943"]}
{"uuid": "d5de3a8063", "date": "2010-04-01T00:00:00", "values": [5.6133179823557535, 997.42578125, 986.43359375, 1248.9453125, 90.56597232818604, 50288, 51000, "2024-11-22T10:18:42.079019"]}
{"uuid": "d5de3a8063", "date": "2010-05-01T00:00:00", "values": [5.125128614902496, 1162.6015625, 1151.640625, 1412.8359375, 90.58037662506104, 50379, 51000, "2024-11-22T10:23:49.586737"]}
{"uuid": "d5de3a8063", "date": "2010-06-01T00:00:00", "values": [4.892066498597463, 1325.45703125, 1314.40625, 1571.2890625, 90.59746646881104, 50516, 51000, "2024-11-22T10:28:43.110727"]}
{"uuid": "d5de3a8063", "date": "2010-07-01T00:00:00", "values": [5.024112315972646, 1476.8046875, 1465.828125, 1724.8828125, 90.61003971099854, 50597, 51000, "2024-11-22T10:33:44.557467"]}
{"uuid": "dc8474b6b3", "date": "2010-07-08T00:00:00", "values": ["Increased capacity of population dataframe to 52000"]}
{"uuid": "90f526bf10", "type": "header", "module": "tlo.methods.hiv", "key": "message", "level": "WARNING", "columns": {"message": "str"}, "description": null}
{"uuid": "90f526bf10", "date": "2010-07-17T00:00:00", "values": ["This event should not be running, Hiv_DecisionToContinueTreatment is for those already on tx"]}
{"uuid": "d5de3a8063", "date": "2010-08-01T00:00:00", "values": [5.17212533156077, 1583.828125, 1572.7578125, 1832.19140625, 92.31256198883057, 50745, 52000, "2024-11-22T10:38:54.884985"]}
{"uuid": "1e86f25803", "type": "header", "module": "tlo.methods.healthsystem", "key": "message", "level": "WARNING", "columns": {"message": "str"}, "description": null}
{"uuid": "1e86f25803", "date": "2010-08-08T00:00:00", "values": ["Tb_Test_Screening actual_footprint requires differentofficers than expected_footprint."]}
{"uuid": "63d828121b", "type": "header", "module": "tlo.methods.rti", "key": "warning", "level": "WARNING", "columns": {"message": "str"}, "description": null}
{"uuid": "63d828121b", "date": "2010-08-10T00:00:00", "values": ["rt disability < 0 in rti_alter_daly_post_treatment"]}
{"uuid": "1e86f25803", "date": "2010-08-14T00:00:00", "values": ["Tb_Test_Screening actual_footprint requires differentofficers than expected_footprint."]}
{"uuid": "d5de3a8063", "date": "2010-09-01T00:00:00", "values": [5.347902472813924, 1568.23828125, 1557.06640625, 1816.37109375, 92.32797336578369, 50854, 52000, "2024-11-22T10:44:15.759134"]}
{"uuid": "d5de3a8063", "date": "2010-10-01T00:00:00", "values": [6.618823639551798, 1584.63671875, 1573.484375, 1832.41015625, 92.35586643218994, 51087, 52000, "2024-11-22T10:50:52.888552"]}
{"uuid": "d5de3a8063", "date": "2010-11-01T00:00:00", "values": [6.756907057762146, 1604.6953125, 1593.64453125, 1852.0390625, 92.37307834625244, 51222, 52000, "2024-11-22T10:57:38.302975"]}
{"uuid": "63d828121b", "date": "2010-11-10T00:00:00", "values": ["rt disability < 0 in rti_alter_daly_post_treatment"]}
{"uuid": "d5de3a8063", "date": "2010-12-01T00:00:00", "values": [6.4073411186536156, 1603.9296875, 1592.79296875, 1851.1875, 92.38946628570557, 51341, 52000, "2024-11-22T11:04:02.743443"]}
{"uuid": "dc8474b6b3", "date": "2010-12-03T00:00:00", "values": ["Increased capacity of population dataframe to 53000"]}
{"uuid": "1e86f25803", "date": "2010-12-29T00:00:00", "values": ["Tb_Test_Screening actual_footprint requires differentofficers than expected_footprint."]}
{"uuid": "1e86f25803", "date": "2010-12-31T00:00:00", "values": ["Tb_Test_Screening actual_footprint requires differentofficers than expected_footprint."]}
{"uuid": "d5de3a8063", "date": "2011-01-01T00:00:00", "values": [7.631955830256144, 1639.81640625, 1628.84375, 1888.8046875, 94.0924768447876, 51512, 53000, "2024-11-22T11:11:40.660793"]}
{"uuid": "d5de3a8063", "date": "2011-02-01T00:00:00", "values": [7.068094503879547, 1646.703125, 1635.78125, 1889.00390625, 94.11240482330322, 51662, 53000, "2024-11-22T11:18:44.746465"]}
{"uuid": "d5de3a8063", "date": "2011-03-01T00:00:00", "values": [6.842692963282267, 1613.765625, 1602.7734375, 1855.99609375, 94.13059329986572, 51782, 53000, "2024-11-22T11:25:35.308042"]}
{"uuid": "d5de3a8063", "date": "2011-04-01T00:00:00", "values": [7.420831759770711, 1650.73828125, 1639.6875, 1892.91015625, 94.1487512588501, 51909, 53000, "2024-11-22T11:33:00.557947"]}
{"uuid": "90f526bf10", "date": "2011-04-04T00:00:00", "values": ["This event should not be running, Hiv_DecisionToContinueTreatment is for those already on tx"]}
{"uuid": "dc8474b6b3", "date": "2011-04-30T00:00:00", "values": ["Increased capacity of population dataframe to 54000"]}
{"uuid": "d5de3a8063", "date": "2011-05-01T00:00:00", "values": [7.25546422402064, 1681.1171875, 1670.171875, 1925.0234375, 95.85176181793213, 52047, 54000, "2024-11-22T11:40:15.885801"]}
{"uuid": "90f526bf10", "date": "2011-05-27T00:00:00", "values": ["This event should not be running, Hiv_DecisionToContinueTreatment is for those already on tx"]}
{"uuid": "d5de3a8063", "date": "2011-06-01T00:00:00", "values": [6.615161752700805, 1735.640625, 1724.71875, 1978.62890625, 95.867356300354, 52141, 54000, "2024-11-22T11:46:52.795506"]}
{"uuid": "d5de3a8063", "date": "2011-07-01T00:00:00", "values": [6.634104080994924, 1746.3515625, 1735.19921875, 1988.62890625, 95.88350009918213, 52274, 54000, "2024-11-22T11:53:30.841749"]}
{"uuid": "90f526bf10", "date": "2011-07-04T00:00:00", "values": ["This event should not be running, Hiv_DecisionToContinueTreatment is for those already on tx"]}
{"uuid": "90f526bf10", "date": "2011-07-18T00:00:00", "values": ["This event should not be running, Hiv_DecisionToContinueTreatment is for those already on tx"]}
{"uuid": "d5de3a8063", "date": "2011-08-01T00:00:00", "values": [6.437825500965118, 1758.40625, 1747.43359375, 2001.62890625, 95.89845371246338, 52401, 54000, "2024-11-22T11:59:57.111282"]}
{"uuid": "63d828121b", "date": "2011-08-10T00:00:00", "values": ["rt disability < 0 in rti_alter_daly_post_treatment"]}
{"uuid": "90f526bf10", "date": "2011-08-13T00:00:00", "values": ["This event should not be running, Hiv_DecisionToContinueTreatment is for those already on tx"]}
{"uuid": "90f526bf10", "date": "2011-08-30T00:00:00", "values": ["This event should not be running, Hiv_DecisionToContinueTreatment is for those already on tx"]}
{"uuid": "d5de3a8063", "date": "2011-09-01T00:00:00", "values": [6.906447529792786, 1779.31640625, 1768.21875, 2022.1640625, 95.91761875152588, 52562, 54000, "2024-11-22T12:06:51.498132"]}
{"uuid": "90f526bf10", "date": "2011-09-05T00:00:00", "values": ["This event should not be running, Hiv_DecisionToContinueTreatment is for those already on tx"]}
{"uuid": "90f526bf10", "date": "2011-09-26T00:00:00", "values": ["This event should not be running, Hiv_DecisionToContinueTreatment is for those already on tx"]}
{"uuid": "d5de3a8063", "date": "2011-10-01T00:00:00", "values": [6.797308266162872, 1829.36328125, 1818.3984375, 2071.97265625, 95.933518409729, 52703, 54000, "2024-11-22T12:13:39.336627"]}
{"uuid": "90f526bf10", "date": "2011-10-09T00:00:00", "values": ["This event should not be running, Hiv_DecisionToContinueTreatment is for those already on tx"]}
{"uuid": "dc8474b6b3", "date": "2011-10-24T00:00:00", "values": ["Increased capacity of population dataframe to 55000"]}
{"uuid": "d5de3a8063", "date": "2011-11-01T00:00:00", "values": [6.778475352128347, 1939.7578125, 1928.5859375, 2184.83984375, 97.63219547271729, 52826, 55000, "2024-11-22T12:20:26.045149"]}
{"uuid": "90f526bf10", "date": "2011-11-09T00:00:00", "values": ["This event should not be running, Hiv_DecisionToContinueTreatment is for those already on tx"]}
{"uuid": "d5de3a8063", "date": "2011-12-01T00:00:00", "values": [6.411799808343251, 1939.7578125, 1928.5859375, 2184.83984375, 97.64955997467041, 52969, 55000, "2024-11-22T12:26:50.753138"]}
{"uuid": "d5de3a8063", "date": "2012-01-01T00:00:00", "values": [7.338694643974304, 1939.7578125, 1928.5859375, 2184.83984375, 97.66729068756104, 53120, 55000, "2024-11-22T12:34:11.074816"]}
{"uuid": "d5de3a8063", "date": "2012-02-01T00:00:00", "values": [6.910775434970856, 1941.81640625, 1930.75390625, 2186.83984375, 97.68480777740479, 53265, 55000, "2024-11-22T12:41:05.721342"]}
{"uuid": "63d828121b", "date": "2012-02-09T00:00:00", "values": ["rt disability < 0 in rti_alter_daly_post_treatment"]}
{"uuid": "90f526bf10", "date": "2012-02-27T00:00:00", "values": ["This event should not be running, Hiv_DecisionToContinueTreatment is for those already on tx"]}
{"uuid": "d5de3a8063", "date": "2012-03-01T00:00:00", "values": [6.624114525318146, 1974.03515625, 1963.078125, 2216.1328125, 97.70171451568604, 53406, 55000, "2024-11-22T12:47:43.168213"]}
{"uuid": "dc8474b6b3", "date": "2012-03-30T00:00:00", "values": ["Increased capacity of population dataframe to 56000"]}
{"uuid": "d5de3a8063", "date": "2012-04-01T00:00:00", "values": [7.84347798426946, 1987.7890625, 1976.80859375, 2230.2890625, 99.40454196929932, 53568, 56000, "2024-11-22T12:55:33.776896"]}
{"uuid": "90f526bf10", "date": "2012-04-10T00:00:00", "values": ["This event should not be running, Hiv_DecisionToContinueTreatment is for those already on tx"]}
{"uuid": "63d828121b", "date": "2012-04-11T00:00:00", "values": ["rt disability < 0 in rti_alter_daly_post_treatment"]}
{"uuid": "90f526bf10", "date": "2012-04-16T00:00:00", "values": ["This event should not be running, Hiv_DecisionToContinueTreatment is for those already on tx"]}
{"uuid": "d5de3a8063", "date": "2012-05-01T00:00:00", "values": [7.234234913190206, 2007.0234375, 1995.9375, 2249.53125, 99.42401218414307, 53720, 56000, "2024-11-22T13:02:47.830988"]}
{"uuid": "90f526bf10", "date": "2012-05-05T00:00:00", "values": ["This event should not be running, Hiv_DecisionToContinueTreatment is for those already on tx"]}
{"uuid": "d5de3a8063", "date": "2012-06-01T00:00:00", "values": [6.962112351258596, 2020.5390625, 2009.53125, 2263.6796875, 99.44244480133057, 53873, 56000, "2024-11-22T13:09:45.557728"]}
{"uuid": "90f526bf10", "date": "2012-06-06T00:00:00", "values": ["This event should not be running, Hiv_DecisionToContinueTreatment is for those already on tx"]}
{"uuid": "63d828121b", "date": "2012-06-10T00:00:00", "values": ["rt disability < 0 in rti_alter_daly_post_treatment"]}
{"uuid": "90f526bf10", "date": "2012-06-12T00:00:00", "values": ["This event should not be running, Hiv_DecisionToContinueTreatment is for those already on tx"]}
{"uuid": "90f526bf10", "date": "2012-06-14T00:00:00", "values": ["This event should not be running, Hiv_DecisionToContinueTreatment is for those already on tx"]}
{"uuid": "d5de3a8063", "date": "2012-07-01T00:00:00", "values": [7.253839433193207, 2042.0703125, 2031.09375, 2285.83203125, 99.46124362945557, 54031, 56000, "2024-11-22T13:17:00.788093"]}
{"uuid": "63d828121b", "date": "2012-07-10T00:00:00", "values": ["rt disability < 0 in rti_alter_daly_post_treatment"]}
{"uuid": "d5de3a8063", "date": "2012-08-01T00:00:00", "values": [6.795264081160227, 2065.42578125, 2054.44921875, 2307.9375, 99.47869968414307, 54184, 56000, "2024-11-22T13:23:48.503939"]}
{"uuid": "90f526bf10", "date": "2012-08-03T00:00:00", "values": ["This event should not be running, Hiv_DecisionToContinueTreatment is for those already on tx"]}
{"uuid": "1e86f25803", "date": "2012-08-09T00:00:00", "values": ["Tb_Test_FollowUp actual_footprint requires differentofficers than expected_footprint."]}
{"uuid": "63d828121b", "date": "2012-08-10T00:00:00", "values": ["rt disability < 0 in rti_alter_daly_post_treatment"]}
{"uuid": "dc8474b6b3", "date": "2012-08-31T00:00:00", "values": ["Increased capacity of population dataframe to 57000"]}
{"uuid": "d5de3a8063", "date": "2012-09-01T00:00:00", "values": [6.889819876352946, 2060.08203125, 2048.97265625, 2303.67578125, 101.17945194244385, 54326, 57000, "2024-11-22T13:30:41.893135"]}
{"uuid": "63d828121b", "date": "2012-09-06T00:00:00", "values": ["rt disability < 0 in rti_alter_daly_post_treatment"]}
{"uuid": "d5de3a8063", "date": "2012-10-01T00:00:00", "values": [7.25281652212143, 2099.17578125, 2088.20703125, 2342.3671875, 101.19748783111572, 54477, 57000, "2024-11-22T13:37:57.062124"]}
{"uuid": "d5de3a8063", "date": "2012-11-01T00:00:00", "values": [7.09884877204895, 2117.28515625, 2106.18359375, 2360.64453125, 101.2161340713501, 54639, 57000, "2024-11-22T13:45:02.993051"]}
{"uuid": "d5de3a8063", "date": "2012-12-01T00:00:00", "values": [6.528307422002157, 2131.359375, 2120.31640625, 2373.64453125, 101.2317590713501, 54761, 57000, "2024-11-22T13:51:34.691495"]}
{"uuid": "d5de3a8063", "date": "2013-01-01T00:00:00", "values": [7.67877854903539, 2165.2578125, 2154.08984375, 2408.23828125, 101.25095462799072, 54919, 57000, "2024-11-22T13:59:15.418207"]}
{"uuid": "63d828121b", "date": "2013-01-10T00:00:00", "values": ["rt disability < 0 in rti_alter_daly_post_treatment"]}
{"uuid": "d5de3a8063", "date": "2013-02-01T00:00:00", "values": [7.250008070468903, 2175.78515625, 2164.83203125, 2419.0703125, 101.2699670791626, 55084, 57000, "2024-11-22T14:06:30.418691"]}
{"uuid": "1e86f25803", "date": "2013-02-02T00:00:00", "values": ["Tb_Test_Screening actual_footprint requires differentofficers than expected_footprint."]}
{"uuid": "dc8474b6b3", "date": "2013-02-04T00:00:00", "values": ["Increased capacity of population dataframe to 58000"]}
{"uuid": "d5de3a8063", "date": "2013-03-01T00:00:00", "values": [6.981940491994222, 2211.35546875, 2200.2421875, 2455.94921875, 102.970139503479, 55218, 58000, "2024-11-22T14:13:29.335121"]}
{"uuid": "d5de3a8063", "date": "2013-04-01T00:00:00", "values": [8.026630032062531, 2215.5625, 2204.390625, 2460.25390625, 102.99095249176025, 55380, 58000, "2024-11-22T14:21:30.932924"]}
{"uuid": "d5de3a8063", "date": "2013-05-01T00:00:00", "values": [7.0413052042325335, 2269.953125, 2258.953125, 2512.8359375, 103.00880527496338, 55522, 58000, "2024-11-22T14:28:33.411235"]}
{"uuid": "90f526bf10", "date": "2013-05-26T00:00:00", "values": ["This event should not be running, Hiv_DecisionToContinueTreatment is for those already on tx"]}
{"uuid": "d5de3a8063", "date": "2013-06-01T00:00:00", "values": [7.134710081418356, 2267.18359375, 2256.23046875, 2510.09375, 103.02778720855713, 55673, 58000, "2024-11-22T14:35:41.493840"]}
{"uuid": "90f526bf10", "date": "2013-06-24T00:00:00", "values": ["This event should not be running, Hiv_DecisionToContinueTreatment is for those already on tx"]}
{"uuid": "90f526bf10", "date": "2013-06-28T00:00:00", "values": ["This event should not be running, Hiv_DecisionToContinueTreatment is for those already on tx"]}
{"uuid": "d5de3a8063", "date": "2013-07-01T00:00:00", "values": [6.999840374787649, 2306.30078125, 2295.37109375, 2549.015625, 103.04414463043213, 55801, 58000, "2024-11-22T14:42:41.484263"]}
{"uuid": "dc8474b6b3", "date": "2013-07-12T00:00:00", "values": ["Increased capacity of population dataframe to 59000"]}
{"uuid": "1e86f25803", "date": "2013-07-14T00:00:00", "values": ["Tb_Test_Screening actual_footprint requires differentofficers than expected_footprint."]}
{"uuid": "90f526bf10", "date": "2013-07-15T00:00:00", "values": ["This event should not be running, Hiv_DecisionToContinueTreatment is for those already on tx"]}
{"uuid": "d5de3a8063", "date": "2013-08-01T00:00:00", "values": [7.073227842648824, 2335.76953125, 2324.59765625, 2579.23046875, 104.74303531646729, 55934, 59000, "2024-11-22T14:49:45.877934"]}
{"uuid": "90f526bf10", "date": "2013-08-11T00:00:00", "values": ["This event should not be running, Hiv_DecisionToContinueTreatment is for those already on tx"]}
{"uuid": "90f526bf10", "date": "2013-08-17T00:00:00", "values": ["This event should not be running, Hiv_DecisionToContinueTreatment is for those already on tx"]}
{"uuid": "90f526bf10", "date": "2013-08-18T00:00:00", "values": ["This event should not be running, Hiv_DecisionToContinueTreatment is for those already on tx"]}
{"uuid": "d5de3a8063", "date": "2013-09-01T00:00:00", "values": [7.31465973854065, 2345.31640625, 2334.3671875, 2588.23046875, 104.76204776763916, 56101, 59000, "2024-11-22T14:57:04.757518"]}
{"uuid": "d5de3a8063", "date": "2013-10-01T00:00:00", "values": [7.317557581265768, 2365.00390625, 2353.96484375, 2608.23046875, 104.77901554107666, 56231, 59000, "2024-11-22T15:04:23.810972"]}
{"uuid": "90f526bf10", "date": "2013-10-24T00:00:00", "values": ["This event should not be running, Hiv_DecisionToContinueTreatment is for those already on tx"]}
{"uuid": "d5de3a8063", "date": "2013-11-01T00:00:00", "values": [7.322948054472605, 2377.58203125, 2366.59765625, 2620.60546875, 104.79686832427979, 56378, 59000, "2024-11-22T15:11:43.187856"]}
{"uuid": "90f526bf10", "date": "2013-11-15T00:00:00", "values": ["This event should not be running, Hiv_DecisionToContinueTreatment is for those already on tx"]}
{"uuid": "d5de3a8063", "date": "2013-12-01T00:00:00", "values": [7.26883202791214, 2355.3203125, 2344.3828125, 2597.74609375, 104.81804752349854, 56559, 59000, "2024-11-22T15:18:59.317778"]}
{"uuid": "90f526bf10", "date": "2013-12-04T00:00:00", "values": ["This event should not be running, Hiv_DecisionToContinueTreatment is for those already on tx"]}
{"uuid": "dc8474b6b3", "date": "2013-12-12T00:00:00", "values": ["Increased capacity of population dataframe to 60000"]}
{"uuid": "d5de3a8063", "date": "2014-01-01T00:00:00", "values": [8.231610373655956, 2423.59765625, 2412.45703125, 2666.984375, 106.52026462554932, 56734, 60000, "2024-11-22T15:27:13.214399"]}
{"uuid": "1e86f25803", "date": "2014-01-10T00:00:00", "values": ["Tb_Test_FollowUp actual_footprint requires differentofficers than expected_footprint."]}
{"uuid": "d5de3a8063", "date": "2014-02-01T00:00:00", "values": [7.456982159614563, 2441.55078125, 2430.47265625, 2686.078125, 106.53720188140869, 56879, 60000, "2024-11-22T15:34:40.633330"]}
{"uuid": "d5de3a8063", "date": "2014-03-01T00:00:00", "values": [7.488755285739899, 2482.83984375, 2471.8125, 2727.4921875, 106.55865573883057, 57078, 60000, "2024-11-22T15:42:09.958649"]}
{"uuid": "63d828121b", "date": "2014-03-12T00:00:00", "values": ["rt disability < 0 in rti_alter_daly_post_treatment"]}
{"uuid": "d5de3a8063", "date": "2014-04-01T00:00:00", "values": [8.348740474383037, 2472.0703125, 2460.90234375, 2713.9609375, 106.57815647125244, 57221, 60000, "2024-11-22T15:50:30.883075"]}
{"uuid": "90f526bf10", "date": "2014-04-11T00:00:00", "values": ["This event should not be running, Hiv_DecisionToContinueTreatment is for those already on tx"]}
{"uuid": "d5de3a8063", "date": "2014-05-01T00:00:00", "values": [7.486303381125132, 2526.9609375, 2516.0234375, 2769.765625, 106.59570407867432, 57361, 60000, "2024-11-22T15:58:00.061278"]}
{"uuid": "90f526bf10", "date": "2014-05-02T00:00:00", "values": ["This event should not be running, Hiv_DecisionToContinueTreatment is for those already on tx"]}
{"uuid": "90f526bf10", "date": "2014-05-03T00:00:00", "values": ["This event should not be running, Hiv_DecisionToContinueTreatment is for those already on tx"]}
{"uuid": "dc8474b6b3", "date": "2014-05-09T00:00:00", "values": ["Increased capacity of population dataframe to 61000"]}
{"uuid": "90f526bf10", "date": "2014-06-01T00:00:00", "values": ["This event should not be running, Hiv_DecisionToContinueTreatment is for those already on tx"]}
{"uuid": "d5de3a8063", "date": "2014-06-01T00:00:00", "values": [8.008417050043741, 2514.796875, 2503.6484375, 2757.96875, 108.29850101470947, 57522, 61000, "2024-11-22T16:06:00.566304"]}
{"uuid": "90f526bf10", "date": "2014-06-04T00:00:00", "values": ["This event should not be running, Hiv_DecisionToContinueTreatment is for those already on tx"]}
{"uuid": "90f526bf10", "date": "2014-06-08T00:00:00", "values": ["This event should not be running, Hiv_DecisionToContinueTreatment is for those already on tx"]}
{"uuid": "90f526bf10", "date": "2014-06-25T00:00:00", "values": ["This event should not be running, Hiv_DecisionToContinueTreatment is for those already on tx"]}
{"uuid": "d5de3a8063", "date": "2014-07-01T00:00:00", "values": [7.674527859687805, 2536.34765625, 2525.25, 2779.12890625, 108.3172082901001, 57679, 61000, "2024-11-22T16:13:41.037973"]}
{"uuid": "90f526bf10", "date": "2014-07-03T00:00:00", "values": ["This event should not be running, Hiv_DecisionToContinueTreatment is for those already on tx"]}
{"uuid": "90f526bf10", "date": "2014-07-10T00:00:00", "values": ["This event should not be running, Hiv_DecisionToContinueTreatment is for those already on tx"]}
{"uuid": "90f526bf10", "date": "2014-07-19T00:00:00", "values": ["This event should not be running, Hiv_DecisionToContinueTreatment is for those already on tx"]}
{"uuid": "d5de3a8063", "date": "2014-08-01T00:00:00", "values": [7.755229449272155, 2552.4453125, 2541.28515625, 2796.28125, 108.3353967666626, 57821, 61000, "2024-11-22T16:21:26.351740"]}
{"uuid": "90f526bf10", "date": "2014-08-26T00:00:00", "values": ["This event should not be running, Hiv_DecisionToContinueTreatment is for those already on tx"]}
{"uuid": "90f526bf10", "date": "2014-08-28T00:00:00", "values": ["This event should not be running, Hiv_DecisionToContinueTreatment is for those already on tx"]}
{"uuid": "d5de3a8063", "date": "2014-09-01T00:00:00", "values": [7.986239099502564, 2580.734375, 2569.734375, 2823.3203125, 108.3552942276001, 57984, 61000, "2024-11-22T16:29:25.526085"]}
{"uuid": "90f526bf10", "date": "2014-09-20T00:00:00", "values": ["This event should not be running, Hiv_DecisionToContinueTreatment is for those already on tx"]}
{"uuid": "1e86f25803", "date": "2014-09-25T00:00:00", "values": ["Tb_Test_Screening actual_footprint requires differentofficers than expected_footprint."]}
{"uuid": "d5de3a8063", "date": "2014-10-01T00:00:00", "values": [7.713684944311778, 2560.328125, 2549.375, 2803.359375, 108.3723840713501, 58131, 61000, "2024-11-22T16:37:08.347182"]}
{"uuid": "1e86f25803", "date": "2014-10-01T00:00:00", "values": ["Tb_Test_Screening actual_footprint requires differentofficers than expected_footprint."]}
{"uuid": "dc8474b6b3", "date": "2014-10-07T00:00:00", "values": ["Increased capacity of population dataframe to 62000"]}
{"uuid": "90f526bf10", "date": "2014-10-15T00:00:00", "values": ["This event should not be running, Hiv_DecisionToContinueTreatment is for those already on tx"]}
{"uuid": "d5de3a8063", "date": "2014-11-01T00:00:00", "values": [7.951087276140849, 2708.36328125, 2697.359375, 2951.8671875, 110.07399082183838, 58283, 62000, "2024-11-22T16:45:05.412419"]}
{"uuid": "d5de3a8063", "date": "2014-12-01T00:00:00", "values": [7.388879287242889, 2724.19140625, 2713.1328125, 2968.0234375, 110.09321689605713, 58445, 62000, "2024-11-22T16:52:28.745176"]}
{"uuid": "b07716682c", "date": "2015-01-01T00:00:00", "values": ["simulate() 24990.271434783936 s"]}
