{"uuid": "b07716682c", "type": "header", "module": "tlo.simulation", "key": "info", "level": "INFO", "columns": {"message": "str"}, "description": null}
{"uuid": "b07716682c", "date": "2010-01-01T00:00:00", "values": ["Log output: profiling_results/2025/12/20/0030/scale_run_profiling__2025-12-20T003041.log"]}
{"uuid": "b07716682c", "date": "2010-01-01T00:00:00", "values": ["Simulation RNG user entropy = 0"]}
{"uuid": "b07716682c", "date": "2010-01-01T00:00:00", "values": ["Demography RNG auto (entropy, spawn key) = (0, 0)"]}
{"uuid": "b07716682c", "date": "2010-01-01T00:00:00", "values": ["Lifestyle RNG auto (entropy, spawn key) = (0, 1)"]}
{"uuid": "b07716682c", "date": "2010-01-01T00:00:00", "values": ["HealthBurden RNG auto (entropy, spawn key) = (0, 2)"]}
{"uuid": "b07716682c", "date": "2010-01-01T00:00:00", "values": ["HealthSystem RNG auto (entropy, spawn key) = (0, 3)"]}
{"uuid": "b07716682c", "date": "2010-01-01T00:00:00", "values": ["SymptomManager RNG auto (entropy, spawn key) = (0, 4)"]}
{"uuid": "b07716682c", "date": "2010-01-01T00:00:00", "values": ["HealthSeekingBehaviour RNG auto (entropy, spawn key) = (0, 5)"]}
{"uuid": "b07716682c", "date": "2010-01-01T00:00:00", "values": ["Epi RNG auto (entropy, spawn key) = (0, 6)"]}
{"uuid": "b07716682c", "date": "2010-01-01T00:00:00", "values": ["Contraception RNG auto (entropy, spawn key) = (0, 7)"]}
{"uuid": "b07716682c", "date": "2010-01-01T00:00:00", "values": ["Hiv RNG auto (entropy, spawn key) = (0, 8)"]}
{"uuid": "b07716682c", "date": "2010-01-01T00:00:00", "values": ["CardioMetabolicDisorders RNG auto (entropy, spawn key) = (0, 9)"]}
{"uuid": "b07716682c", "date": "2010-01-01T00:00:00", "values": ["Malaria RNG auto (entropy, spawn key) = (0, 10)"]}
{"uuid": "b07716682c", "date": "2010-01-01T00:00:00", "values": ["PregnancySupervisor RNG auto (entropy, spawn key) = (0, 11)"]}
{"uuid": "b07716682c", "date": "2010-01-01T00:00:00", "values": ["CareOfWomenDuringPregnancy RNG auto (entropy, spawn key) = (0, 12)"]}
{"uuid": "b07716682c", "date": "2010-01-01T00:00:00", "values": ["NewbornOutcomes RNG auto (entropy, spawn key) = (0, 13)"]}
{"uuid": "b07716682c", "date": "2010-01-01T00:00:00", "values": ["Wasting RNG auto (entropy, spawn key) = (0, 14)"]}
{"uuid": "b07716682c", "date": "2010-01-01T00:00:00", "values": ["Diarrhoea RNG auto (entropy, spawn key) = (0, 15)"]}
{"uuid": "b07716682c", "date": "2010-01-01T00:00:00", "values": ["Stunting RNG auto (entropy, spawn key) = (0, 16)"]}
{"uuid": "b07716682c", "date": "2010-01-01T00:00:00", "values": ["Labour RNG auto (entropy, spawn key) = (0, 17)"]}
{"uuid": "b07716682c", "date": "2010-01-01T00:00:00", "values": ["PostnatalSupervisor RNG auto (entropy, spawn key) = (0, 18)"]}
{"uuid": "b07716682c", "date": "2010-01-01T00:00:00", "values": ["Alri RNG auto (entropy, spawn key) = (0, 19)"]}
{"uuid": "b07716682c", "date": "2010-01-01T00:00:00", "values": ["Measles RNG auto (entropy, spawn key) = (0, 20)"]}
{"uuid": "b07716682c", "date": "2010-01-01T00:00:00", "values": ["Schisto RNG auto (entropy, spawn key) = (0, 21)"]}
{"uuid": "b07716682c", "date": "2010-01-01T00:00:00", "values": ["Tb RNG auto (entropy, spawn key) = (0, 22)"]}
{"uuid": "b07716682c", "date": "2010-01-01T00:00:00", "values": ["BladderCancer RNG auto (entropy, spawn key) = (0, 23)"]}
{"uuid": "b07716682c", "date": "2010-01-01T00:00:00", "values": ["BreastCancer RNG auto (entropy, spawn key) = (0, 24)"]}
{"uuid": "b07716682c", "date": "2010-01-01T00:00:00", "values": ["CervicalCancer RNG auto (entropy, spawn key) = (0, 25)"]}
{"uuid": "b07716682c", "date": "2010-01-01T00:00:00", "values": ["OesophagealCancer RNG auto (entropy, spawn key) = (0, 26)"]}
{"uuid": "b07716682c", "date": "2010-01-01T00:00:00", "values": ["OtherAdultCancer RNG auto (entropy, spawn key) = (0, 27)"]}
{"uuid": "b07716682c", "date": "2010-01-01T00:00:00", "values": ["ProstateCancer RNG auto (entropy, spawn key) = (0, 28)"]}
{"uuid": "b07716682c", "date": "2010-01-01T00:00:00", "values": ["RTI RNG auto (entropy, spawn key) = (0, 29)"]}
{"uuid": "b07716682c", "date": "2010-01-01T00:00:00", "values": ["Copd RNG auto (entropy, spawn key) = (0, 30)"]}
{"uuid": "b07716682c", "date": "2010-01-01T00:00:00", "values": ["Depression RNG auto (entropy, spawn key) = (0, 31)"]}
{"uuid": "b07716682c", "date": "2010-01-01T00:00:00", "values": ["Epilepsy RNG auto (entropy, spawn key) = (0, 32)"]}
{"uuid": "dc8474b6b3", "type": "header", "module": "tlo.population", "key": "info", "level": "INFO", "columns": {"message": "str"}, "description": null}
{"uuid": "dc8474b6b3", "date": "2010-01-01T00:00:00", "values": ["Dataframe capacity append size: 1000"]}
{"uuid": "b07716682c", "date": "2010-01-01T00:00:00", "values": ["make_initial_population() 234.1691460609436 s"]}
{"uuid": "e9a19fe1f9", "type": "header", "module": "tlo.methods.demography", "key": "scaling_factor", "level": "WARNING", "columns": {"scaling_factor": "float"}, "description": "The data-to-model scaling factor (based on the initial population size, used to multiply-up results so that they correspond to the real population size."}
{"uuid": "e9a19fe1f9", "date": "2010-01-01T00:00:00", "values": [290.79218000000003]}
{"uuid": "da366e03ae", "type": "header", "module": "tlo.methods.demography", "key": "scaling_factor_district", "level": "WARNING", "columns": {"scaling_factor_district": "dict"}, "description": "The data-to-model district_level scaling factor (based on the initial population size,used to multiply-up results so that they correspond to the real population size."}
{"uuid": "da366e03ae", "date": "2010-01-01T00:00:00", "values": [{"Balaka": 292.18885821890655, "Blantyre": 290.00666810074694, "Blantyre City": 289.0374870811533, "Chikwawa": 303.5430314988817, "Chiradzulu": 291.3490968335263, "Chitipa": 298.2777391579305, "Dedza": 297.2389953138543, "Dowa": 293.77467482227445, "Karonga": 302.1771942910366, "Kasungu": 288.94935614027617, "Likoma": 267.2384402454295, "Lilongwe": 288.55314644156545, "Lilongwe City": 290.31423439747215, "Machinga": 288.9462323801105, "Mangochi": 287.00339941738713, "Mchinji": 284.9140887939129, "Mulanje": 295.5725069079527, "Mwanza": 303.64733629901616, "Mzimba": 301.5507112253667, "Mzuzu City": 288.0081988677558, "Neno": 306.9167500618024, "Nkhata Bay": 299.06650178941345, "Nkhotakota": 277.642231737952, "Nsanje": 274.56432422649266, "Ntcheu": 292.7807936521761, "Ntchisi": 279.8249598210122, "Phalombe": 286.00721165825297, "Rumphi": 281.04278564091175, "Salima": 277.2997287670948, "Thyolo": 296.689092542885, "Zomba": 287.7804838656647, "Zomba City": 291.71738176198596}]}
{"uuid": "072090a41b", "type": "header", "module": "tlo.methods.population", "key": "scaling_factor", "level": "WARNING", "columns": {"scaling_factor": "float"}, "description": "The data-to-model scaling factor (based on the initial population size, used to multiply-up results so that they correspond to the real population size."}
{"uuid": "072090a41b", "date": "2010-01-01T00:00:00", "values": [290.79218000000003]}
{"uuid": "b47e7f2cb8", "type": "header", "module": "tlo.methods.population", "key": "scaling_factor_district", "level": "WARNING", "columns": {"scaling_factor_district": "dict"}, "description": "The data-to-model district_level scaling factor (based on the initial population size,used to multiply-up results so that they correspond to the real population size."}
{"uuid": "b47e7f2cb8", "date": "2010-01-01T00:00:00", "values": [{"Balaka": 292.18885821890655, "Blantyre": 290.00666810074694, "Blantyre City": 289.0374870811533, "Chikwawa": 303.5430314988817, "Chiradzulu": 291.3490968335263, "Chitipa": 298.2777391579305, "Dedza": 297.2389953138543, "Dowa": 293.77467482227445, "Karonga": 302.1771942910366, "Kasungu": 288.94935614027617, "Likoma": 267.2384402454295, "Lilongwe": 288.55314644156545, "Lilongwe City": 290.31423439747215, "Machinga": 288.9462323801105, "Mangochi": 287.00339941738713, "Mchinji": 284.9140887939129, "Mulanje": 295.5725069079527, "Mwanza": 303.64733629901616, "Mzimba": 301.5507112253667, "Mzuzu City": 288.0081988677558, "Neno": 306.9167500618024, "Nkhata Bay": 299.06650178941345, "Nkhotakota": 277.642231737952, "Nsanje": 274.56432422649266, "Ntcheu": 292.7807936521761, "Ntchisi": 279.8249598210122, "Phalombe": 286.00721165825297, "Rumphi": 281.04278564091175, "Salima": 277.2997287670948, "Thyolo": 296.689092542885, "Zomba": 287.7804838656647, "Zomba City": 291.71738176198596}]}
{"uuid": "d5de3a8063", "type": "header", "module": "tlo.profiling", "key": "stats", "level": "INFO", "columns": {"duration_minutes": "float", "memory_rss_MiB": "float", "memory_uss_MiB": "float", "memory_vms_MiB": "float", "pop_df_mem_MiB": "float", "pop_df_number_alive": "int", "pop_df_rows": "int", "time": "str"}, "description": null}
{"uuid": "d5de3a8063", "date": "2010-01-01T00:00:00", "values": [0.5698055585225423, 724.25390625, 713.1640625, 972.0703125, 99.90486431121826, 50000, 50000, "2025-12-20T00:35:13.863083"]}
{"uuid": "dc8474b6b3", "date": "2010-01-01T00:00:00", "values": ["Increased capacity of population dataframe to 51000"]}
{"uuid": "d5de3a8063", "date": "2010-02-01T00:00:00", "values": [3.8425123413403828, 740.3984375, 729.0859375, 987.87890625, 101.82696056365967, 50115, 51000, "2025-12-20T00:39:04.413821"]}
{"uuid": "d5de3a8063", "date": "2010-03-01T00:00:00", "values": [3.3461014866828918, 907.5625, 896.1875, 1157.015625, 101.83938121795654, 50173, 51000, "2025-12-20T00:42:25.179909"]}
{"uuid": "d5de3a8063", "date": "2010-04-01T00:00:00", "values": [3.9981164773305258, 1083.91015625, 1072.52734375, 1335.76953125, 101.85375499725342, 50256, 51000, "2025-12-20T00:46:25.066897"]}
{"uuid": "90f526bf10", "type": "header", "module": "tlo.methods.hiv", "key": "message", "level": "WARNING", "columns": {"message": "str"}, "description": null}
{"uuid": "90f526bf10", "date": "2010-04-25T00:00:00", "values": ["This event should not be running, Hiv_DecisionToContinueTreatment is for those already on tx"]}
{"uuid": "d5de3a8063", "date": "2010-05-01T00:00:00", "values": [3.7599494059880576, 1249.8671875, 1238.48046875, 1504.01953125, 101.86818981170654, 50343, 51000, "2025-12-20T00:50:10.663862"]}
{"uuid": "90f526bf10", "date": "2010-05-23T00:00:00", "values": ["This event should not be running, Hiv_DecisionToContinueTreatment is for those already on tx"]}
{"uuid": "d5de3a8063", "date": "2010-06-01T00:00:00", "values": [3.593038260936737, 1399.2265625, 1387.87109375, 1655.890625, 101.88540172576904, 50472, 51000, "2025-12-20T00:53:46.246157"]}
{"uuid": "90f526bf10", "date": "2010-06-03T00:00:00", "values": ["This event should not be running, Hiv_DecisionToContinueTreatment is for those already on tx"]}
{"uuid": "d5de3a8063", "date": "2010-07-01T00:00:00", "values": [3.9538938959439593, 1520.39453125, 1509.1875, 1779.5078125, 101.89794445037842, 50537, 51000, "2025-12-20T00:57:43.479793"]}
{"uuid": "dc8474b6b3", "date": "2010-07-09T00:00:00", "values": ["Increased capacity of population dataframe to 52000"]}
{"uuid": "d5de3a8063", "date": "2010-08-01T00:00:00", "values": [4.014748620986938, 1645.25390625, 1633.8671875, 1905.49609375, 103.82181072235107, 50680, 52000, "2025-12-20T01:01:44.364709"]}
{"uuid": "d5de3a8063", "date": "2010-09-01T00:00:00", "values": [4.051816368103028, 1680.19140625, 1668.8046875, 1940.42578125, 103.83801555633545, 50790, 52000, "2025-12-20T01:05:47.473692"]}
{"uuid": "90f526bf10", "date": "2010-09-13T00:00:00", "values": ["This event should not be running, Hiv_DecisionToContinueTreatment is for those already on tx"]}
{"uuid": "d5de3a8063", "date": "2010-10-01T00:00:00", "values": [5.405726253986359, 1680.71484375, 1669.328125, 1940.640625, 103.8648099899292, 51017, 52000, "2025-12-20T01:11:11.817265"]}
{"uuid": "d5de3a8063", "date": "2010-11-01T00:00:00", "values": [5.527255543073019, 1684.765625, 1673.37890625, 1944.69140625, 103.88174724578857, 51140, 52000, "2025-12-20T01:16:43.452600"]}
{"uuid": "d5de3a8063", "date": "2010-12-01T00:00:00", "values": [5.291176561514536, 1690.03515625, 1678.6484375, 1949.95703125, 103.89929485321045, 51276, 52000, "2025-12-20T01:22:00.923191"]}
{"uuid": "dc8474b6b3", "date": "2010-12-01T00:00:00", "values": ["Increased capacity of population dataframe to 53000"]}
{"uuid": "d5de3a8063", "date": "2011-01-01T00:00:00", "values": [6.619947636127472, 1665.41015625, 1654.13671875, 1925.0390625, 105.82453441619873, 51438, 53000, "2025-12-20T01:28:38.120049"]}
{"uuid": "d5de3a8063", "date": "2011-02-01T00:00:00", "values": [5.809619196256002, 1656.88671875, 1645.5, 1907.7734375, 105.8439130783081, 51594, 53000, "2025-12-20T01:34:26.697201"]}
{"uuid": "d5de3a8063", "date": "2011-03-01T00:00:00", "values": [5.542854591210683, 1691.67578125, 1680.421875, 1942.5078125, 105.86292552947998, 51735, 53000, "2025-12-20T01:39:59.268477"]}
{"uuid": "d5de3a8063", "date": "2011-04-01T00:00:00", "values": [6.305125880241394, 1702.21484375, 1690.88671875, 1952.86328125, 105.8822431564331, 51840, 53000, "2025-12-20T01:46:17.576030"]}
{"uuid": "63d828121b", "type": "header", "module": "tlo.methods.rti", "key": "warning", "level": "WARNING", "columns": {"message": "str"}, "description": null}
{"uuid": "63d828121b", "date": "2011-04-12T00:00:00", "values": ["rt disability < 0 in rti_alter_daly_post_treatment"]}
{"uuid": "90f526bf10", "date": "2011-04-14T00:00:00", "values": ["This event should not be running, Hiv_DecisionToContinueTreatment is for those already on tx"]}
{"uuid": "dc8474b6b3", "date": "2011-04-25T00:00:00", "values": ["Increased capacity of population dataframe to 54000"]}
{"uuid": "90f526bf10", "date": "2011-04-26T00:00:00", "values": ["This event should not be running, Hiv_DecisionToContinueTreatment is for those already on tx"]}
{"uuid": "90f526bf10", "date": "2011-04-30T00:00:00", "values": ["This event should not be running, Hiv_DecisionToContinueTreatment is for those already on tx"]}
{"uuid": "d5de3a8063", "date": "2011-05-01T00:00:00", "values": [6.136538028717041, 1711.45703125, 1700.0703125, 1962.62890625, 107.80592632293701, 51966, 54000, "2025-12-20T01:52:25.768312"]}
{"uuid": "d5de3a8063", "date": "2011-06-01T00:00:00", "values": [5.189413611094157, 1711.08984375, 1699.703125, 1962.26171875, 107.82054424285889, 52055, 54000, "2025-12-20T01:57:37.133130"]}
{"uuid": "d5de3a8063", "date": "2011-07-01T00:00:00", "values": [5.567231118679047, 1711.19140625, 1699.8046875, 1962.36328125, 107.83827495574951, 52201, 54000, "2025-12-20T02:03:11.166996"]}
{"uuid": "90f526bf10", "date": "2011-08-01T00:00:00", "values": ["This event should not be running, Hiv_DecisionToContinueTreatment is for those already on tx"]}
{"uuid": "d5de3a8063", "date": "2011-08-01T00:00:00", "values": [5.179154173533122, 1685.7890625, 1674.53125, 1937.02734375, 107.85164165496826, 52285, 54000, "2025-12-20T02:08:21.916246"]}
{"uuid": "90f526bf10", "date": "2011-08-30T00:00:00", "values": ["This event should not be running, Hiv_DecisionToContinueTreatment is for those already on tx"]}
{"uuid": "d5de3a8063", "date": "2011-09-01T00:00:00", "values": [5.4661623477935795, 1687.8828125, 1676.625, 1937.02734375, 107.86836528778076, 52407, 54000, "2025-12-20T02:13:49.885988"]}
{"uuid": "d5de3a8063", "date": "2011-10-01T00:00:00", "values": [5.491761271158854, 1795.5859375, 1784.35546875, 2040.53125, 107.88481426239014, 52534, 54000, "2025-12-20T02:19:19.391663"]}
{"uuid": "dc8474b6b3", "date": "2011-10-22T00:00:00", "values": ["Increased capacity of population dataframe to 55000"]}
{"uuid": "d5de3a8063", "date": "2011-11-01T00:00:00", "values": [5.557476691404978, 1942.6875, 1931.30078125, 2190.3671875, 109.8053846359253, 52653, 55000, "2025-12-20T02:24:52.840264"]}
{"uuid": "d5de3a8063", "date": "2011-12-01T00:00:00", "values": [4.86397092739741, 1942.08203125, 1930.6953125, 2189.76171875, 109.82006359100342, 52772, 55000, "2025-12-20T02:29:44.678520"]}
{"uuid": "d5de3a8063", "date": "2012-01-01T00:00:00", "values": [5.909057148297628, 1959.59375, 1948.33203125, 2207.5234375, 109.83697032928467, 52909, 55000, "2025-12-20T02:35:39.221949"]}
{"uuid": "d5de3a8063", "date": "2012-02-01T00:00:00", "values": [5.7651841878890995, 1942.08203125, 1930.6953125, 2189.76171875, 109.8592176437378, 53111, 55000, "2025-12-20T02:41:25.133002"]}
{"uuid": "d5de3a8063", "date": "2012-03-01T00:00:00", "values": [5.333807599544525, 1959.95703125, 1948.5703125, 2207.63671875, 109.8749647140503, 53240, 55000, "2025-12-20T02:46:45.161458"]}
{"uuid": "dc8474b6b3", "date": "2012-03-30T00:00:00", "values": ["Increased capacity of population dataframe to 56000"]}
{"uuid": "d5de3a8063", "date": "2012-04-01T00:00:00", "values": [5.999986827373505, 1979.484375, 1968.23046875, 2223.4375, 111.7982816696167, 53381, 56000, "2025-12-20T02:52:45.160667"]}
{"uuid": "d5de3a8063", "date": "2012-05-01T00:00:00", "values": [5.7416337052981055, 1935.3359375, 1924.16015625, 2179.3671875, 111.81662273406982, 53526, 56000, "2025-12-20T02:58:29.658689"]}
{"uuid": "90f526bf10", "date": "2012-05-26T00:00:00", "values": ["This event should not be running, Hiv_DecisionToContinueTreatment is for those already on tx"]}
{"uuid": "d5de3a8063", "date": "2012-06-01T00:00:00", "values": [5.472026940186819, 1936.125, 1924.94921875, 2179.94140625, 111.83346843719482, 53655, 56000, "2025-12-20T03:03:57.980306"]}
{"uuid": "90f526bf10", "date": "2012-07-01T00:00:00", "values": ["This event should not be running, Hiv_DecisionToContinueTreatment is for those already on tx"]}
{"uuid": "d5de3a8063", "date": "2012-07-01T00:00:00", "values": [5.862108870347341, 1976.921875, 1965.53515625, 2220.5703125, 111.85251140594482, 53815, 56000, "2025-12-20T03:09:49.706839"]}
{"uuid": "d5de3a8063", "date": "2012-08-01T00:00:00", "values": [5.815802975495656, 1992.16796875, 1980.79296875, 2235.80078125, 111.87243938446045, 53980, 56000, "2025-12-20T03:15:38.655015"]}
{"uuid": "90f526bf10", "date": "2012-08-06T00:00:00", "values": ["This event should not be running, Hiv_DecisionToContinueTreatment is for those already on tx"]}
{"uuid": "90f526bf10", "date": "2012-08-26T00:00:00", "values": ["This event should not be running, Hiv_DecisionToContinueTreatment is for those already on tx"]}
{"uuid": "d5de3a8063", "date": "2012-09-01T00:00:00", "values": [5.594225529829661, 2020.56640625, 2009.1796875, 2264.55078125, 111.8892240524292, 54116, 56000, "2025-12-20T03:21:14.308547"]}
{"uuid": "dc8474b6b3", "date": "2012-09-02T00:00:00", "values": ["Increased capacity of population dataframe to 57000"]}
{"uuid": "1e86f25803", "type": "header", "module": "tlo.methods.healthsystem", "key": "message", "level": "WARNING", "columns": {"message": "str"}, "description": null}
{"uuid": "1e86f25803", "date": "2012-09-08T00:00:00", "values": ["Tb_Test_FollowUp actual_footprint requires differentofficers than expected_footprint."]}
{"uuid": "d5de3a8063", "date": "2012-10-01T00:00:00", "values": [5.870899629592896, 2052.828125, 2041.44140625, 2298.0625, 113.81019115447998, 54232, 57000, "2025-12-20T03:27:06.562524"]}
{"uuid": "d5de3a8063", "date": "2012-11-01T00:00:00", "values": [5.812270971139272, 2064.0625, 2052.67578125, 2309.1015625, 113.82941722869873, 54383, 57000, "2025-12-20T03:32:55.298783"]}
{"uuid": "d5de3a8063", "date": "2012-12-01T00:00:00", "values": [5.294888424873352, 2114.15234375, 2102.77734375, 2357.5234375, 113.84473705291748, 54501, 57000, "2025-12-20T03:38:12.992089"]}
{"uuid": "d5de3a8063", "date": "2013-01-01T00:00:00", "values": [6.21261508067449, 2097.3125, 2085.92578125, 2341.1015625, 113.86423778533936, 54654, 57000, "2025-12-20T03:44:25.748993"]}
{"uuid": "d5de3a8063", "date": "2013-02-01T00:00:00", "values": [5.5101385315259295, 2158.421875, 2147.0390625, 2402.34375, 113.88166332244873, 54797, 57000, "2025-12-20T03:49:56.357306"]}
{"uuid": "dc8474b6b3", "date": "2013-02-11T00:00:00", "values": ["Increased capacity of population dataframe to 58000"]}
{"uuid": "d5de3a8063", "date": "2013-03-01T00:00:00", "values": [5.695852851867675, 2215.21875, 2203.8671875, 2460.8125, 115.80455303192139, 54944, 58000, "2025-12-20T03:55:38.108476"]}
{"uuid": "d5de3a8063", "date": "2013-04-01T00:00:00", "values": [6.104465103149414, 2201.546875, 2190.16015625, 2447.12109375, 115.82390117645264, 55090, 58000, "2025-12-20T04:01:44.376383"]}
{"uuid": "90f526bf10", "date": "2013-04-24T00:00:00", "values": ["This event should not be running, Hiv_DecisionToContinueTreatment is for those already on tx"]}
{"uuid": "d5de3a8063", "date": "2013-05-01T00:00:00", "values": [5.541988813877106, 2215.8046875, 2204.41796875, 2460.84375, 115.84031963348389, 55210, 58000, "2025-12-20T04:07:16.895712"]}
{"uuid": "d5de3a8063", "date": "2013-06-01T00:00:00", "values": [5.741018164157867, 2247.98828125, 2236.61328125, 2493.2265625, 115.85954570770264, 55373, 58000, "2025-12-20T04:13:01.356804"]}
{"uuid": "90f526bf10", "date": "2013-06-03T00:00:00", "values": ["This event should not be running, Hiv_DecisionToContinueTreatment is for those already on tx"]}
{"uuid": "90f526bf10", "date": "2013-06-13T00:00:00", "values": ["This event should not be running, Hiv_DecisionToContinueTreatment is for those already on tx"]}
{"uuid": "90f526bf10", "date": "2013-06-16T00:00:00", "values": ["This event should not be running, Hiv_DecisionToContinueTreatment is for those already on tx"]}
{"uuid": "1e86f25803", "date": "2013-06-17T00:00:00", "values": ["Tb_Test_Screening actual_footprint requires differentofficers than expected_footprint."]}
{"uuid": "d5de3a8063", "date": "2013-07-01T00:00:00", "values": [5.975661126772563, 2252.55859375, 2241.1796875, 2498.04296875, 115.87825298309326, 55529, 58000, "2025-12-20T04:18:59.896469"]}
{"uuid": "90f526bf10", "date": "2013-07-07T00:00:00", "values": ["This event should not be running, Hiv_DecisionToContinueTreatment is for those already on tx"]}
{"uuid": "dc8474b6b3", "date": "2013-07-14T00:00:00", "values": ["Increased capacity of population dataframe to 59000"]}
{"uuid": "d5de3a8063", "date": "2013-08-01T00:00:00", "values": [5.818953510125478, 2299.9765625, 2288.58984375, 2543.99609375, 117.80068492889404, 55679, 59000, "2025-12-20T04:24:49.033680"]}
{"uuid": "90f526bf10", "date": "2013-08-04T00:00:00", "values": ["This event should not be running, Hiv_DecisionToContinueTreatment is for those already on tx"]}
{"uuid": "d5de3a8063", "date": "2013-09-01T00:00:00", "values": [5.777572854359945, 2302.546875, 2291.16015625, 2546.546875, 117.81923961639404, 55834, 59000, "2025-12-20T04:30:35.688051"]}
{"uuid": "90f526bf10", "date": "2013-09-03T00:00:00", "values": ["This event should not be running, Hiv_DecisionToContinueTreatment is for those already on tx"]}
{"uuid": "d5de3a8063", "date": "2013-10-01T00:00:00", "values": [5.771605734030405, 2311.6640625, 2300.27734375, 2555.7734375, 117.83715343475342, 55983, 59000, "2025-12-20T04:36:21.984397"]}
{"uuid": "90f526bf10", "date": "2013-10-25T00:00:00", "values": ["This event should not be running, Hiv_DecisionToContinueTreatment is for those already on tx"]}
{"uuid": "d5de3a8063", "date": "2013-11-01T00:00:00", "values": [5.622575036684672, 2333.76953125, 2322.3828125, 2578.08203125, 117.85424327850342, 56125, 59000, "2025-12-20T04:41:59.338897"]}
{"uuid": "d5de3a8063", "date": "2013-12-01T00:00:00", "values": [5.670508595307668, 2348.140625, 2336.7734375, 2593.40234375, 117.8737440109253, 56289, 59000, "2025-12-20T04:47:39.569412"]}
{"uuid": "dc8474b6b3", "date": "2013-12-19T00:00:00", "values": ["Increased capacity of population dataframe to 60000"]}
{"uuid": "d5de3a8063", "date": "2014-01-01T00:00:00", "values": [6.456798175970714, 2371.453125, 2360.09375, 2617.12890625, 119.79660320281982, 56436, 60000, "2025-12-20T04:54:06.977306"]}
{"uuid": "d5de3a8063", "date": "2014-02-01T00:00:00", "values": [5.975024827321371, 2407.06640625, 2395.6796875, 2652.35546875, 119.8169584274292, 56613, 60000, "2025-12-20T05:00:05.478795"]}
{"uuid": "d5de3a8063", "date": "2014-03-01T00:00:00", "values": [5.3900929172833765, 2423.56640625, 2412.18359375, 2669.109375, 119.83279705047607, 56721, 60000, "2025-12-20T05:05:28.884368"]}
{"uuid": "d5de3a8063", "date": "2014-04-01T00:00:00", "values": [6.238469477494558, 2441.6484375, 2430.265625, 2687.11328125, 119.85229778289795, 56879, 60000, "2025-12-20T05:11:43.192537"]}
{"uuid": "90f526bf10", "date": "2014-04-19T00:00:00", "values": ["This event should not be running, Hiv_DecisionToContinueTreatment is for those already on tx"]}
{"uuid": "90f526bf10", "date": "2014-04-26T00:00:00", "values": ["This event should not be running, Hiv_DecisionToContinueTreatment is for those already on tx"]}
{"uuid": "d5de3a8063", "date": "2014-05-01T00:00:00", "values": [5.8392908851305645, 2460.62890625, 2449.2421875, 2704.890625, 119.8689603805542, 57001, 60000, "2025-12-20T05:17:33.549990"]}
{"uuid": "dc8474b6b3", "date": "2014-05-21T00:00:00", "values": ["Increased capacity of population dataframe to 61000"]}
{"uuid": "90f526bf10", "date": "2014-05-23T00:00:00", "values": ["This event should not be running, Hiv_DecisionToContinueTreatment is for those already on tx"]}
{"uuid": "d5de3a8063", "date": "2014-06-01T00:00:00", "values": [5.864124035835266, 2496.2734375, 2485.05859375, 2740.8671875, 121.79291820526123, 57162, 61000, "2025-12-20T05:23:25.397432"]}
{"uuid": "90f526bf10", "date": "2014-06-30T00:00:00", "values": ["This event should not be running, Hiv_DecisionToContinueTreatment is for those already on tx"]}
{"uuid": "d5de3a8063", "date": "2014-07-01T00:00:00", "values": [6.079142554601034, 2478.84765625, 2467.4609375, 2723.13671875, 121.81019115447998, 57314, 61000, "2025-12-20T05:29:30.145985"]}
{"uuid": "90f526bf10", "date": "2014-07-20T00:00:00", "values": ["This event should not be running, Hiv_DecisionToContinueTreatment is for those already on tx"]}
{"uuid": "d5de3a8063", "date": "2014-08-01T00:00:00", "values": [6.2919391870498655, 2492.5390625, 2481.16015625, 2737.4375, 121.83161449432373, 57499, 61000, "2025-12-20T05:35:47.662336"]}
{"uuid": "90f526bf10", "date": "2014-08-15T00:00:00", "values": ["This event should not be running, Hiv_DecisionToContinueTreatment is for those already on tx"]}
{"uuid": "d5de3a8063", "date": "2014-09-01T00:00:00", "values": [6.100055782000224, 2529.91015625, 2518.734375, 2774.984375, 121.85114574432373, 57666, 61000, "2025-12-20T05:41:53.665684"]}
{"uuid": "90f526bf10", "date": "2014-09-11T00:00:00", "values": ["This event should not be running, Hiv_DecisionToContinueTreatment is for those already on tx"]}
{"uuid": "d5de3a8063", "date": "2014-10-01T00:00:00", "values": [5.85551217397054, 2552.390625, 2541.21875, 2797.69921875, 121.86744213104248, 57789, 61000, "2025-12-20T05:47:44.996413"]}
{"uuid": "dc8474b6b3", "date": "2014-10-18T00:00:00", "values": ["Increased capacity of population dataframe to 62000"]}
{"uuid": "d5de3a8063", "date": "2014-11-01T00:00:00", "values": [6.305350156625112, 2588.25, 2576.86328125, 2834.82421875, 123.79109477996826, 57947, 62000, "2025-12-20T05:54:03.317423"]}
{"uuid": "d5de3a8063", "date": "2014-12-01T00:00:00", "values": [5.611812583605448, 2600.921875, 2589.5546875, 2846.86328125, 123.80906963348389, 58105, 62000, "2025-12-20T05:59:40.026179"]}
{"uuid": "db90bb6bbe", "type": "header", "module": "tlo.simulation", "key": "parameter_stats", "level": "INFO", "columns": {"count": "int", "label": "str", "module": "str"}, "description": null}
{"uuid": "db90bb6bbe", "date": "2015-01-01T00:00:00", "values": [1, "unassigned", "Demography"]}
{"uuid": "db90bb6bbe", "date": "2015-01-01T00:00:00", "values": [7, "not_init_via_load_param", "Demography"]}
{"uuid": "db90bb6bbe", "date": "2015-01-01T00:00:00", "values": [110, "unassigned", "Lifestyle"]}
{"uuid": "db90bb6bbe", "date": "2015-01-01T00:00:00", "values": [17, "not_init_via_load_param", "Lifestyle"]}
{"uuid": "db90bb6bbe", "date": "2015-01-01T00:00:00", "values": [3, "not_init_via_load_param", "HealthBurden"]}
{"uuid": "db90bb6bbe", "date": "2015-01-01T00:00:00", "values": [18, "not_init_via_load_param", "HealthSystem"]}
{"uuid": "db90bb6bbe", "date": "2015-01-01T00:00:00", "values": [26, "unassigned", "HealthSystem"]}
{"uuid": "db90bb6bbe", "date": "2015-01-01T00:00:00", "values": [1, "not_init_via_load_param", "SymptomManager"]}
{"uuid": "db90bb6bbe", "date": "2015-01-01T00:00:00", "values": [1, "unassigned", "SymptomManager"]}
{"uuid": "db90bb6bbe", "date": "2015-01-01T00:00:00", "values": [18, "unassigned", "HealthSeekingBehaviour"]}
{"uuid": "db90bb6bbe", "date": "2015-01-01T00:00:00", "values": [2, "not_init_via_load_param", "Epi"]}
{"uuid": "db90bb6bbe", "date": "2015-01-01T00:00:00", "values": [1, "unassigned", "Epi"]}
{"uuid": "db90bb6bbe", "date": "2015-01-01T00:00:00", "values": [14, "not_init_via_load_param", "Contraception"]}
{"uuid": "db90bb6bbe", "date": "2015-01-01T00:00:00", "values": [3, "universal", "Contraception"]}
{"uuid": "db90bb6bbe", "date": "2015-01-01T00:00:00", "values": [2, "local", "Contraception"]}
{"uuid": "db90bb6bbe", "date": "2015-01-01T00:00:00", "values": [13, "undetermined", "Contraception"]}
{"uuid": "db90bb6bbe", "date": "2015-01-01T00:00:00", "values": [3, "scenario", "Contraception"]}
{"uuid": "db90bb6bbe", "date": "2015-01-01T00:00:00", "values": [6, "not_init_via_load_param", "Hiv"]}
{"uuid": "db90bb6bbe", "date": "2015-01-01T00:00:00", "values": [70, "unassigned", "Hiv"]}
{"uuid": "db90bb6bbe", "date": "2015-01-01T00:00:00", "values": [31, "not_init_via_load_param", "CardioMetabolicDisorders"]}
{"uuid": "db90bb6bbe", "date": "2015-01-01T00:00:00", "values": [16, "local", "CardioMetabolicDisorders"]}
{"uuid": "db90bb6bbe", "date": "2015-01-01T00:00:00", "values": [5, "undetermined", "CardioMetabolicDisorders"]}
{"uuid": "db90bb6bbe", "date": "2015-01-01T00:00:00", "values": [6, "not_init_via_load_param", "Malaria"]}
{"uuid": "db90bb6bbe", "date": "2015-01-01T00:00:00", "values": [29, "unassigned", "Malaria"]}
{"uuid": "db90bb6bbe", "date": "2015-01-01T00:00:00", "values": [65, "undetermined", "PregnancySupervisor"]}
{"uuid": "db90bb6bbe", "date": "2015-01-01T00:00:00", "values": [58, "local", "PregnancySupervisor"]}
{"uuid": "db90bb6bbe", "date": "2015-01-01T00:00:00", "values": [20, "universal", "PregnancySupervisor"]}
{"uuid": "db90bb6bbe", "date": "2015-01-01T00:00:00", "values": [14, "scenario", "PregnancySupervisor"]}
{"uuid": "db90bb6bbe", "date": "2015-01-01T00:00:00", "values": [41, "local", "CareOfWomenDuringPregnancy"]}
{"uuid": "db90bb6bbe", "date": "2015-01-01T00:00:00", "values": [14, "universal", "CareOfWomenDuringPregnancy"]}
{"uuid": "db90bb6bbe", "date": "2015-01-01T00:00:00", "values": [1, "undetermined", "CareOfWomenDuringPregnancy"]}
{"uuid": "db90bb6bbe", "date": "2015-01-01T00:00:00", "values": [51, "local", "NewbornOutcomes"]}
{"uuid": "db90bb6bbe", "date": "2015-01-01T00:00:00", "values": [18, "undetermined", "NewbornOutcomes"]}
{"uuid": "db90bb6bbe", "date": "2015-01-01T00:00:00", "values": [10, "universal", "NewbornOutcomes"]}
{"uuid": "db90bb6bbe", "date": "2015-01-01T00:00:00", "values": [38, "local", "Wasting"]}
{"uuid": "db90bb6bbe", "date": "2015-01-01T00:00:00", "values": [6, "undetermined", "Wasting"]}
{"uuid": "db90bb6bbe", "date": "2015-01-01T00:00:00", "values": [13, "local", "Diarrhoea"]}
{"uuid": "db90bb6bbe", "date": "2015-01-01T00:00:00", "values": [90, "universal", "Diarrhoea"]}
{"uuid": "db90bb6bbe", "date": "2015-01-01T00:00:00", "values": [2, "undetermined", "Diarrhoea"]}
{"uuid": "db90bb6bbe", "date": "2015-01-01T00:00:00", "values": [27, "local", "Stunting"]}
{"uuid": "db90bb6bbe", "date": "2015-01-01T00:00:00", "values": [7, "universal", "Stunting"]}
{"uuid": "db90bb6bbe", "date": "2015-01-01T00:00:00", "values": [2, "undetermined", "Stunting"]}
{"uuid": "db90bb6bbe", "date": "2015-01-01T00:00:00", "values": [105, "local", "Labour"]}
{"uuid": "db90bb6bbe", "date": "2015-01-01T00:00:00", "values": [41, "undetermined", "Labour"]}
{"uuid": "db90bb6bbe", "date": "2015-01-01T00:00:00", "values": [30, "universal", "Labour"]}
{"uuid": "db90bb6bbe", "date": "2015-01-01T00:00:00", "values": [1, "not_init_via_load_param", "Labour"]}
{"uuid": "db90bb6bbe", "date": "2015-01-01T00:00:00", "values": [18, "scenario", "Labour"]}
{"uuid": "db90bb6bbe", "date": "2015-01-01T00:00:00", "values": [27, "undetermined", "PostnatalSupervisor"]}
{"uuid": "db90bb6bbe", "date": "2015-01-01T00:00:00", "values": [32, "local", "PostnatalSupervisor"]}
{"uuid": "db90bb6bbe", "date": "2015-01-01T00:00:00", "values": [1, "not_init_via_load_param", "PostnatalSupervisor"]}
{"uuid": "db90bb6bbe", "date": "2015-01-01T00:00:00", "values": [7, "universal", "PostnatalSupervisor"]}
{"uuid": "db90bb6bbe", "date": "2015-01-01T00:00:00", "values": [42, "local", "Alri"]}
{"uuid": "db90bb6bbe", "date": "2015-01-01T00:00:00", "values": [77, "universal", "Alri"]}
{"uuid": "db90bb6bbe", "date": "2015-01-01T00:00:00", "values": [4, "undetermined", "Alri"]}
{"uuid": "db90bb6bbe", "date": "2015-01-01T00:00:00", "values": [1, "scenario", "Alri"]}
{"uuid": "db90bb6bbe", "date": "2015-01-01T00:00:00", "values": [9, "local", "Measles"]}
{"uuid": "db90bb6bbe", "date": "2015-01-01T00:00:00", "values": [13, "universal", "Measles"]}
{"uuid": "db90bb6bbe", "date": "2015-01-01T00:00:00", "values": [1, "undetermined", "Measles"]}
{"uuid": "db90bb6bbe", "date": "2015-01-01T00:00:00", "values": [54, "not_init_via_load_param", "Schisto"]}
{"uuid": "db90bb6bbe", "date": "2015-01-01T00:00:00", "values": [62, "unassigned", "Tb"]}
{"uuid": "db90bb6bbe", "date": "2015-01-01T00:00:00", "values": [7, "not_init_via_load_param", "Tb"]}
{"uuid": "db90bb6bbe", "date": "2015-01-01T00:00:00", "values": [24, "local", "BladderCancer"]}
{"uuid": "db90bb6bbe", "date": "2015-01-01T00:00:00", "values": [16, "universal", "BladderCancer"]}
{"uuid": "db90bb6bbe", "date": "2015-01-01T00:00:00", "values": [4, "undetermined", "BladderCancer"]}
{"uuid": "db90bb6bbe", "date": "2015-01-01T00:00:00", "values": [13, "local", "BreastCancer"]}
{"uuid": "db90bb6bbe", "date": "2015-01-01T00:00:00", "values": [18, "universal", "BreastCancer"]}
{"uuid": "db90bb6bbe", "date": "2015-01-01T00:00:00", "values": [4, "undetermined", "BreastCancer"]}
{"uuid": "db90bb6bbe", "date": "2015-01-01T00:00:00", "values": [20, "local", "CervicalCancer"]}
{"uuid": "db90bb6bbe", "date": "2015-01-01T00:00:00", "values": [12, "undetermined", "CervicalCancer"]}
{"uuid": "db90bb6bbe", "date": "2015-01-01T00:00:00", "values": [22, "universal", "CervicalCancer"]}
{"uuid": "db90bb6bbe", "date": "2015-01-01T00:00:00", "values": [23, "local", "OesophagealCancer"]}
{"uuid": "db90bb6bbe", "date": "2015-01-01T00:00:00", "values": [18, "universal", "OesophagealCancer"]}
{"uuid": "db90bb6bbe", "date": "2015-01-01T00:00:00", "values": [1, "undetermined", "OesophagealCancer"]}
{"uuid": "db90bb6bbe", "date": "2015-01-01T00:00:00", "values": [19, "local", "OtherAdultCancer"]}
{"uuid": "db90bb6bbe", "date": "2015-01-01T00:00:00", "values": [12, "universal", "OtherAdultCancer"]}
{"uuid": "db90bb6bbe", "date": "2015-01-01T00:00:00", "values": [4, "undetermined", "OtherAdultCancer"]}
{"uuid": "db90bb6bbe", "date": "2015-01-01T00:00:00", "values": [17, "local", "ProstateCancer"]}
{"uuid": "db90bb6bbe", "date": "2015-01-01T00:00:00", "values": [19, "universal", "ProstateCancer"]}
{"uuid": "db90bb6bbe", "date": "2015-01-01T00:00:00", "values": [1, "not_init_via_load_param", "ProstateCancer"]}
{"uuid": "db90bb6bbe", "date": "2015-01-01T00:00:00", "values": [2, "undetermined", "ProstateCancer"]}
{"uuid": "db90bb6bbe", "date": "2015-01-01T00:00:00", "values": [17, "undetermined", "RTI"]}
{"uuid": "db90bb6bbe", "date": "2015-01-01T00:00:00", "values": [146, "local", "RTI"]}
{"uuid": "db90bb6bbe", "date": "2015-01-01T00:00:00", "values": [10, "universal", "RTI"]}
{"uuid": "db90bb6bbe", "date": "2015-01-01T00:00:00", "values": [62, "not_init_via_load_param", "RTI"]}
{"uuid": "db90bb6bbe", "date": "2015-01-01T00:00:00", "values": [2, "scenario", "RTI"]}
{"uuid": "db90bb6bbe", "date": "2015-01-01T00:00:00", "values": [23, "local", "Copd"]}
{"uuid": "db90bb6bbe", "date": "2015-01-01T00:00:00", "values": [1, "universal", "Copd"]}
{"uuid": "db90bb6bbe", "date": "2015-01-01T00:00:00", "values": [5, "undetermined", "Copd"]}
{"uuid": "db90bb6bbe", "date": "2015-01-01T00:00:00", "values": [40, "local", "Depression"]}
{"uuid": "db90bb6bbe", "date": "2015-01-01T00:00:00", "values": [4, "undetermined", "Depression"]}
{"uuid": "db90bb6bbe", "date": "2015-01-01T00:00:00", "values": [2, "universal", "Depression"]}
{"uuid": "db90bb6bbe", "date": "2015-01-01T00:00:00", "values": [21, "local", "Epilepsy"]}
{"uuid": "db90bb6bbe", "date": "2015-01-01T00:00:00", "values": [2, "universal", "Epilepsy"]}
{"uuid": "db90bb6bbe", "date": "2015-01-01T00:00:00", "values": [3, "not_init_via_load_param", "Epilepsy"]}
{"uuid": "db90bb6bbe", "date": "2015-01-01T00:00:00", "values": [7, "undetermined", "Epilepsy"]}
{"uuid": "b07716682c", "date": "2015-01-01T00:00:00", "values": ["simulate() 19846.43489766121 s"]}
