{"uuid": "b07716682c", "type": "header", "module": "tlo.simulation", "key": "info", "level": "INFO", "columns": {"message": "str"}, "description": null}
{"uuid": "b07716682c", "date": "2010-01-01T00:00:00", "values": ["Log output: profiling_results/2025/04/05/0027/scale_run_profiling__2025-04-05T002713.log"]}
{"uuid": "b07716682c", "date": "2010-01-01T00:00:00", "values": ["Simulation RNG user entropy = 0"]}
{"uuid": "b07716682c", "date": "2010-01-01T00:00:00", "values": ["Demography RNG auto (entropy, spawn key) = (0, 0)"]}
{"uuid": "b07716682c", "date": "2010-01-01T00:00:00", "values": ["Lifestyle RNG auto (entropy, spawn key) = (0, 1)"]}
{"uuid": "b07716682c", "date": "2010-01-01T00:00:00", "values": ["HealthBurden RNG auto (entropy, spawn key) = (0, 2)"]}
{"uuid": "b07716682c", "date": "2010-01-01T00:00:00", "values": ["HealthSystem RNG auto (entropy, spawn key) = (0, 3)"]}
{"uuid": "b07716682c", "date": "2010-01-01T00:00:00", "values": ["SymptomManager RNG auto (entropy, spawn key) = (0, 4)"]}
{"uuid": "b07716682c", "date": "2010-01-01T00:00:00", "values": ["HealthSeekingBehaviour RNG auto (entropy, spawn key) = (0, 5)"]}
{"uuid": "b07716682c", "date": "2010-01-01T00:00:00", "values": ["Epi RNG auto (entropy, spawn key) = (0, 6)"]}
{"uuid": "b07716682c", "date": "2010-01-01T00:00:00", "values": ["Contraception RNG auto (entropy, spawn key) = (0, 7)"]}
{"uuid": "b07716682c", "date": "2010-01-01T00:00:00", "values": ["Hiv RNG auto (entropy, spawn key) = (0, 8)"]}
{"uuid": "b07716682c", "date": "2010-01-01T00:00:00", "values": ["CardioMetabolicDisorders RNG auto (entropy, spawn key) = (0, 9)"]}
{"uuid": "b07716682c", "date": "2010-01-01T00:00:00", "values": ["Malaria RNG auto (entropy, spawn key) = (0, 10)"]}
{"uuid": "b07716682c", "date": "2010-01-01T00:00:00", "values": ["PregnancySupervisor RNG auto (entropy, spawn key) = (0, 11)"]}
{"uuid": "b07716682c", "date": "2010-01-01T00:00:00", "values": ["CareOfWomenDuringPregnancy RNG auto (entropy, spawn key) = (0, 12)"]}
{"uuid": "b07716682c", "date": "2010-01-01T00:00:00", "values": ["NewbornOutcomes RNG auto (entropy, spawn key) = (0, 13)"]}
{"uuid": "b07716682c", "date": "2010-01-01T00:00:00", "values": ["Wasting RNG auto (entropy, spawn key) = (0, 14)"]}
{"uuid": "b07716682c", "date": "2010-01-01T00:00:00", "values": ["Diarrhoea RNG auto (entropy, spawn key) = (0, 15)"]}
{"uuid": "b07716682c", "date": "2010-01-01T00:00:00", "values": ["Stunting RNG auto (entropy, spawn key) = (0, 16)"]}
{"uuid": "b07716682c", "date": "2010-01-01T00:00:00", "values": ["Labour RNG auto (entropy, spawn key) = (0, 17)"]}
{"uuid": "b07716682c", "date": "2010-01-01T00:00:00", "values": ["PostnatalSupervisor RNG auto (entropy, spawn key) = (0, 18)"]}
{"uuid": "b07716682c", "date": "2010-01-01T00:00:00", "values": ["Alri RNG auto (entropy, spawn key) = (0, 19)"]}
{"uuid": "b07716682c", "date": "2010-01-01T00:00:00", "values": ["Measles RNG auto (entropy, spawn key) = (0, 20)"]}
{"uuid": "b07716682c", "date": "2010-01-01T00:00:00", "values": ["Schisto RNG auto (entropy, spawn key) = (0, 21)"]}
{"uuid": "b07716682c", "date": "2010-01-01T00:00:00", "values": ["Tb RNG auto (entropy, spawn key) = (0, 22)"]}
{"uuid": "b07716682c", "date": "2010-01-01T00:00:00", "values": ["BladderCancer RNG auto (entropy, spawn key) = (0, 23)"]}
{"uuid": "b07716682c", "date": "2010-01-01T00:00:00", "values": ["BreastCancer RNG auto (entropy, spawn key) = (0, 24)"]}
{"uuid": "b07716682c", "date": "2010-01-01T00:00:00", "values": ["OesophagealCancer RNG auto (entropy, spawn key) = (0, 25)"]}
{"uuid": "b07716682c", "date": "2010-01-01T00:00:00", "values": ["OtherAdultCancer RNG auto (entropy, spawn key) = (0, 26)"]}
{"uuid": "b07716682c", "date": "2010-01-01T00:00:00", "values": ["ProstateCancer RNG auto (entropy, spawn key) = (0, 27)"]}
{"uuid": "b07716682c", "date": "2010-01-01T00:00:00", "values": ["RTI RNG auto (entropy, spawn key) = (0, 28)"]}
{"uuid": "b07716682c", "date": "2010-01-01T00:00:00", "values": ["Copd RNG auto (entropy, spawn key) = (0, 29)"]}
{"uuid": "b07716682c", "date": "2010-01-01T00:00:00", "values": ["Depression RNG auto (entropy, spawn key) = (0, 30)"]}
{"uuid": "b07716682c", "date": "2010-01-01T00:00:00", "values": ["Epilepsy RNG auto (entropy, spawn key) = (0, 31)"]}
{"uuid": "dc8474b6b3", "type": "header", "module": "tlo.population", "key": "info", "level": "INFO", "columns": {"message": "str"}, "description": null}
{"uuid": "dc8474b6b3", "date": "2010-01-01T00:00:00", "values": ["Dataframe capacity append size: 1000"]}
{"uuid": "b07716682c", "date": "2010-01-01T00:00:00", "values": ["make_initial_population() 21.014874696731567 s"]}
{"uuid": "e9a19fe1f9", "type": "header", "module": "tlo.methods.demography", "key": "scaling_factor", "level": "WARNING", "columns": {"scaling_factor": "float"}, "description": "The data-to-model scaling factor (based on the initial population size, used to multiply-up results so that they correspond to the real population size."}
{"uuid": "e9a19fe1f9", "date": "2010-01-01T00:00:00", "values": [290.79218000000003]}
{"uuid": "072090a41b", "type": "header", "module": "tlo.methods.population", "key": "scaling_factor", "level": "WARNING", "columns": {"scaling_factor": "float"}, "description": "The data-to-model scaling factor (based on the initial population size, used to multiply-up results so that they correspond to the real population size."}
{"uuid": "072090a41b", "date": "2010-01-01T00:00:00", "values": [290.79218000000003]}
{"uuid": "d5de3a8063", "type": "header", "module": "tlo.profiling", "key": "stats", "level": "INFO", "columns": {"duration_minutes": "float", "memory_rss_MiB": "float", "memory_uss_MiB": "float", "memory_vms_MiB": "float", "pop_df_mem_MiB": "float", "pop_df_number_alive": "int", "pop_df_rows": "int", "time": "str"}, "description": null}
{"uuid": "d5de3a8063", "date": "2010-01-01T00:00:00", "values": [0.06061919132868449, 501.9140625, 490.84375, 747.796875, 88.8384256362915, 50000, 50000, "2025-04-05T00:27:40.227799"]}
{"uuid": "dc8474b6b3", "date": "2010-01-01T00:00:00", "values": ["Increased capacity of population dataframe to 51000"]}
{"uuid": "d5de3a8063", "date": "2010-02-01T00:00:00", "values": [2.7810071388880413, 620.7578125, 609.62109375, 867.4765625, 90.53926944732666, 50122, 51000, "2025-04-05T00:30:27.088213"]}
{"uuid": "d5de3a8063", "date": "2010-03-01T00:00:00", "values": [2.499109621842702, 732.296875, 720.98046875, 981.41015625, 90.55126285552979, 50193, 51000, "2025-04-05T00:32:57.034790"]}
{"uuid": "d5de3a8063", "date": "2010-04-01T00:00:00", "values": [3.223666055997213, 912.53125, 901.3984375, 1163.55078125, 90.56594181060791, 50281, 51000, "2025-04-05T00:36:10.454753"]}
{"uuid": "d5de3a8063", "date": "2010-05-01T00:00:00", "values": [2.910686643918355, 1059.9375, 1048.62109375, 1311.31640625, 90.58037662506104, 50369, 51000, "2025-04-05T00:39:05.095951"]}
{"uuid": "1e86f25803", "type": "header", "module": "tlo.methods.healthsystem", "key": "message", "level": "WARNING", "columns": {"message": "str"}, "description": null}
{"uuid": "1e86f25803", "date": "2010-05-10T00:00:00", "values": ["Tb_Test_Screening actual_footprint requires differentofficers than expected_footprint."]}
{"uuid": "d5de3a8063", "date": "2010-06-01T00:00:00", "values": [2.807445033391317, 1205.98828125, 1194.86328125, 1455.54296875, 90.59743595123291, 50507, 51000, "2025-04-05T00:41:53.542655"]}
{"uuid": "d5de3a8063", "date": "2010-07-01T00:00:00", "values": [3.1308501958847046, 1362.171875, 1351.0703125, 1610.30859375, 90.61003971099854, 50587, 51000, "2025-04-05T00:45:01.393668"]}
{"uuid": "90f526bf10", "type": "header", "module": "tlo.methods.hiv", "key": "message", "level": "WARNING", "columns": {"message": "str"}, "description": null}
{"uuid": "90f526bf10", "date": "2010-07-06T00:00:00", "values": ["This event should not be running, Hiv_DecisionToContinueTreatment is for those already on tx"]}
{"uuid": "dc8474b6b3", "date": "2010-07-09T00:00:00", "values": ["Increased capacity of population dataframe to 52000"]}
{"uuid": "90f526bf10", "date": "2010-07-10T00:00:00", "values": ["This event should not be running, Hiv_DecisionToContinueTreatment is for those already on tx"]}
{"uuid": "63d828121b", "type": "header", "module": "tlo.methods.rti", "key": "warning", "level": "WARNING", "columns": {"message": "str"}, "description": null}
{"uuid": "63d828121b", "date": "2010-07-10T00:00:00", "values": ["rt disability < 0 in rti_alter_daly_post_treatment"]}
{"uuid": "d5de3a8063", "date": "2010-08-01T00:00:00", "values": [3.1830493450164794, 1460.515625, 1449.40625, 1709.1875, 92.31219577789307, 50742, 52000, "2025-04-05T00:48:12.376626"]}
{"uuid": "90f526bf10", "date": "2010-08-27T00:00:00", "values": ["This event should not be running, Hiv_DecisionToContinueTreatment is for those already on tx"]}
{"uuid": "d5de3a8063", "date": "2010-09-01T00:00:00", "values": [3.2642300566037497, 1485.87890625, 1474.5625, 1734.20703125, 92.32876682281494, 50864, 52000, "2025-04-05T00:51:28.230431"]}
{"uuid": "d5de3a8063", "date": "2010-10-01T00:00:00", "values": [4.337662132581075, 1488.19140625, 1476.875, 1736.25390625, 92.35604953765869, 51099, 52000, "2025-04-05T00:55:48.490158"]}
{"uuid": "d5de3a8063", "date": "2010-11-01T00:00:00", "values": [4.401606873671214, 1491.69921875, 1480.3828125, 1738.4765625, 92.37292575836182, 51238, 52000, "2025-04-05T01:00:12.586570"]}
{"uuid": "dc8474b6b3", "date": "2010-11-30T00:00:00", "values": ["Increased capacity of population dataframe to 53000"]}
{"uuid": "d5de3a8063", "date": "2010-12-01T00:00:00", "values": [4.352909902731578, 1522.171875, 1510.9765625, 1763.9453125, 94.0746545791626, 51401, 53000, "2025-04-05T01:04:33.761165"]}
{"uuid": "d5de3a8063", "date": "2011-01-01T00:00:00", "values": [5.136475582917531, 1522.29296875, 1510.9765625, 1763.9453125, 94.09403324127197, 51563, 53000, "2025-04-05T01:09:41.949701"]}
{"uuid": "63d828121b", "date": "2011-01-10T00:00:00", "values": ["rt disability < 0 in rti_alter_daly_post_treatment"]}
{"uuid": "d5de3a8063", "date": "2011-02-01T00:00:00", "values": [4.843917926152547, 1522.29296875, 1510.9765625, 1763.9453125, 94.11560916900635, 51739, 53000, "2025-04-05T01:14:32.584775"]}
{"uuid": "d5de3a8063", "date": "2011-03-01T00:00:00", "values": [4.470026787122091, 1522.29296875, 1510.9765625, 1763.9453125, 94.1331262588501, 51861, 53000, "2025-04-05T01:19:00.786382"]}
{"uuid": "d5de3a8063", "date": "2011-04-01T00:00:00", "values": [4.794261813163757, 1499.1875, 1487.91796875, 1740.88671875, 94.15088748931885, 51976, 53000, "2025-04-05T01:23:48.442090"]}
{"uuid": "dc8474b6b3", "date": "2011-04-29T00:00:00", "values": ["Increased capacity of population dataframe to 54000"]}
{"uuid": "d5de3a8063", "date": "2011-05-01T00:00:00", "values": [4.5006492853164675, 1534.89453125, 1523.7734375, 1777.00390625, 95.85151767730713, 52083, 54000, "2025-04-05T01:28:18.481047"]}
{"uuid": "d5de3a8063", "date": "2011-06-01T00:00:00", "values": [4.437850757439931, 1487.87890625, 1476.71484375, 1730.65234375, 95.86741733551025, 52185, 54000, "2025-04-05T01:32:44.752094"]}
{"uuid": "d5de3a8063", "date": "2011-07-01T00:00:00", "values": [4.518112961451212, 1488.07421875, 1476.7734375, 1730.7109375, 95.88465976715088, 52314, 54000, "2025-04-05T01:37:15.838871"]}
{"uuid": "90f526bf10", "date": "2011-07-07T00:00:00", "values": ["This event should not be running, Hiv_DecisionToContinueTreatment is for those already on tx"]}
{"uuid": "90f526bf10", "date": "2011-07-15T00:00:00", "values": ["This event should not be running, Hiv_DecisionToContinueTreatment is for those already on tx"]}
{"uuid": "90f526bf10", "date": "2011-07-18T00:00:00", "values": ["This event should not be running, Hiv_DecisionToContinueTreatment is for those already on tx"]}
{"uuid": "d5de3a8063", "date": "2011-08-01T00:00:00", "values": [4.23994996547699, 1487.98828125, 1476.8203125, 1730.7578125, 95.89997959136963, 52442, 54000, "2025-04-05T01:41:30.235871"]}
{"uuid": "90f526bf10", "date": "2011-08-03T00:00:00", "values": ["This event should not be running, Hiv_DecisionToContinueTreatment is for those already on tx"]}
{"uuid": "90f526bf10", "date": "2011-08-14T00:00:00", "values": ["This event should not be running, Hiv_DecisionToContinueTreatment is for those already on tx"]}
{"uuid": "90f526bf10", "date": "2011-08-28T00:00:00", "values": ["This event should not be running, Hiv_DecisionToContinueTreatment is for those already on tx"]}
{"uuid": "d5de3a8063", "date": "2011-09-01T00:00:00", "values": [4.431770503520966, 1495.23046875, 1484.00390625, 1737.94140625, 95.91731357574463, 52593, 54000, "2025-04-05T01:45:56.142101"]}
{"uuid": "d5de3a8063", "date": "2011-10-01T00:00:00", "values": [4.558204571406047, 1519.453125, 1508.2265625, 1762.84375, 95.9348611831665, 52725, 54000, "2025-04-05T01:50:29.634373"]}
{"uuid": "dc8474b6b3", "date": "2011-10-21T00:00:00", "values": ["Increased capacity of population dataframe to 55000"]}
{"uuid": "d5de3a8063", "date": "2011-11-01T00:00:00", "values": [4.5409099539121, 1756.203125, 1745.08203125, 2001.19140625, 97.63558292388916, 52858, 55000, "2025-04-05T01:55:02.088971"]}
{"uuid": "90f526bf10", "date": "2011-11-27T00:00:00", "values": ["This event should not be running, Hiv_DecisionToContinueTreatment is for those already on tx"]}
{"uuid": "d5de3a8063", "date": "2011-12-01T00:00:00", "values": [4.669785809516907, 1727.76953125, 1716.453125, 1972.359375, 97.65435123443604, 53010, 55000, "2025-04-05T01:59:42.276120"]}
{"uuid": "90f526bf10", "date": "2011-12-06T00:00:00", "values": ["This event should not be running, Hiv_DecisionToContinueTreatment is for those already on tx"]}
{"uuid": "1e86f25803", "date": "2011-12-08T00:00:00", "values": ["Tb_Test_Screening actual_footprint requires differentofficers than expected_footprint."]}
{"uuid": "d5de3a8063", "date": "2012-01-01T00:00:00", "values": [4.65706928173701, 1735.65625, 1724.484375, 1980.5078125, 97.66954898834229, 53131, 55000, "2025-04-05T02:04:21.700276"]}
{"uuid": "d5de3a8063", "date": "2012-02-01T00:00:00", "values": [4.420861498514811, 1720.625, 1709.30859375, 1965.21484375, 97.68758487701416, 53288, 55000, "2025-04-05T02:08:46.951966"]}
{"uuid": "d5de3a8063", "date": "2012-03-01T00:00:00", "values": [4.22134710152944, 1740.109375, 1728.79296875, 1984.69921875, 97.70354557037354, 53426, 55000, "2025-04-05T02:13:00.232794"]}
{"uuid": "dc8474b6b3", "date": "2012-03-29T00:00:00", "values": ["Increased capacity of population dataframe to 56000"]}
{"uuid": "d5de3a8063", "date": "2012-04-01T00:00:00", "values": [5.155369734764099, 1715.01171875, 1703.6953125, 1959.2265625, 99.40588474273682, 53565, 56000, "2025-04-05T02:18:09.554977"]}
{"uuid": "d5de3a8063", "date": "2012-05-01T00:00:00", "values": [4.694285611311595, 1715.05859375, 1703.7421875, 1959.2734375, 99.42517185211182, 53717, 56000, "2025-04-05T02:22:51.212113"]}
{"uuid": "90f526bf10", "date": "2012-05-08T00:00:00", "values": ["This event should not be running, Hiv_DecisionToContinueTreatment is for those already on tx"]}
{"uuid": "90f526bf10", "date": "2012-05-22T00:00:00", "values": ["This event should not be running, Hiv_DecisionToContinueTreatment is for those already on tx"]}
{"uuid": "d5de3a8063", "date": "2012-06-01T00:00:00", "values": [4.603684564431508, 1732.1328125, 1720.92578125, 1976.58203125, 99.44387912750244, 53863, 56000, "2025-04-05T02:27:27.433187"]}
{"uuid": "90f526bf10", "date": "2012-06-08T00:00:00", "values": ["This event should not be running, Hiv_DecisionToContinueTreatment is for those already on tx"]}
{"uuid": "90f526bf10", "date": "2012-06-21T00:00:00", "values": ["This event should not be running, Hiv_DecisionToContinueTreatment is for those already on tx"]}
{"uuid": "90f526bf10", "date": "2012-06-24T00:00:00", "values": ["This event should not be running, Hiv_DecisionToContinueTreatment is for those already on tx"]}
{"uuid": "d5de3a8063", "date": "2012-07-01T00:00:00", "values": [4.846930432319641, 1723.91796875, 1712.60546875, 1968.3671875, 99.46167087554932, 54009, 56000, "2025-04-05T02:32:18.249015"]}
{"uuid": "63d828121b", "date": "2012-07-10T00:00:00", "values": ["rt disability < 0 in rti_alter_daly_post_treatment"]}
{"uuid": "90f526bf10", "date": "2012-07-20T00:00:00", "values": ["This event should not be running, Hiv_DecisionToContinueTreatment is for those already on tx"]}
{"uuid": "d5de3a8063", "date": "2012-08-01T00:00:00", "values": [4.5592013716697695, 1751.58203125, 1740.51171875, 1993.7734375, 99.48004245758057, 54162, 56000, "2025-04-05T02:36:51.801095"]}
{"uuid": "90f526bf10", "date": "2012-08-13T00:00:00", "values": ["This event should not be running, Hiv_DecisionToContinueTreatment is for those already on tx"]}
{"uuid": "90f526bf10", "date": "2012-08-16T00:00:00", "values": ["This event should not be running, Hiv_DecisionToContinueTreatment is for those already on tx"]}
{"uuid": "dc8474b6b3", "date": "2012-08-30T00:00:00", "values": ["Increased capacity of population dataframe to 57000"]}
{"uuid": "d5de3a8063", "date": "2012-09-01T00:00:00", "values": [4.53679325580597, 1806.0625, 1794.76953125, 2048.94921875, 101.18033695220947, 54303, 57000, "2025-04-05T02:41:24.008690"]}
{"uuid": "1e86f25803", "date": "2012-09-17T00:00:00", "values": ["Tb_Test_Screening actual_footprint requires differentofficers than expected_footprint."]}
{"uuid": "90f526bf10", "date": "2012-09-26T00:00:00", "values": ["This event should not be running, Hiv_DecisionToContinueTreatment is for those already on tx"]}
{"uuid": "d5de3a8063", "date": "2012-10-01T00:00:00", "values": [4.7651545882225035, 1737.25, 1725.93359375, 1979.8984375, 101.19699954986572, 54435, 57000, "2025-04-05T02:46:09.917966"]}
{"uuid": "d5de3a8063", "date": "2012-11-01T00:00:00", "values": [4.691699147224426, 1785.5390625, 1774.2265625, 2027.7265625, 101.2165002822876, 54601, 57000, "2025-04-05T02:50:51.419915"]}
{"uuid": "63d828121b", "date": "2012-11-10T00:00:00", "values": ["rt disability < 0 in rti_alter_daly_post_treatment"]}
{"uuid": "1e86f25803", "date": "2012-11-28T00:00:00", "values": ["Tb_Test_Screening actual_footprint requires differentofficers than expected_footprint."]}
{"uuid": "90f526bf10", "date": "2012-11-29T00:00:00", "values": ["This event should not be running, Hiv_DecisionToContinueTreatment is for those already on tx"]}
{"uuid": "d5de3a8063", "date": "2012-12-01T00:00:00", "values": [4.554959523677826, 1794.36328125, 1783.046875, 2036.83203125, 101.23474979400635, 54765, 57000, "2025-04-05T02:55:24.717486"]}
{"uuid": "d5de3a8063", "date": "2013-01-01T00:00:00", "values": [5.2072066307067875, 1780.38671875, 1769.0703125, 2023.57421875, 101.25382328033447, 54910, 57000, "2025-04-05T03:00:37.149884"]}
{"uuid": "63d828121b", "date": "2013-01-10T00:00:00", "values": ["rt disability < 0 in rti_alter_daly_post_treatment"]}
{"uuid": "90f526bf10", "date": "2013-01-17T00:00:00", "values": ["This event should not be running, Hiv_DecisionToContinueTreatment is for those already on tx"]}
{"uuid": "dc8474b6b3", "date": "2013-01-31T00:00:00", "values": ["Increased capacity of population dataframe to 58000"]}
{"uuid": "d5de3a8063", "date": "2013-02-01T00:00:00", "values": [4.771049590905507, 1869.4921875, 1858.38671875, 2113.34765625, 102.95604038238525, 55071, 58000, "2025-04-05T03:05:23.412859"]}
{"uuid": "1e86f25803", "date": "2013-02-08T00:00:00", "values": ["Tb_Test_Screening actual_footprint requires differentofficers than expected_footprint."]}
{"uuid": "63d828121b", "date": "2013-02-09T00:00:00", "values": ["rt disability < 0 in rti_alter_daly_post_treatment"]}
{"uuid": "63d828121b", "date": "2013-02-09T00:00:00", "values": ["rt disability < 0 in rti_alter_daly_post_treatment"]}
{"uuid": "d5de3a8063", "date": "2013-03-01T00:00:00", "values": [4.626072263717651, 1807.125, 1795.80859375, 2049.04296875, 102.9741678237915, 55221, 58000, "2025-04-05T03:10:00.977195"]}
{"uuid": "90f526bf10", "date": "2013-03-23T00:00:00", "values": ["This event should not be running, Hiv_DecisionToContinueTreatment is for those already on tx"]}
{"uuid": "d5de3a8063", "date": "2013-04-01T00:00:00", "values": [5.168980900446574, 1838.63671875, 1827.3203125, 2080.796875, 102.99522495269775, 55402, 58000, "2025-04-05T03:15:11.116050"]}
{"uuid": "d5de3a8063", "date": "2013-05-01T00:00:00", "values": [4.622498548030853, 1867.6640625, 1856.34765625, 2110.5, 103.01393222808838, 55564, 58000, "2025-04-05T03:19:48.465962"]}
{"uuid": "d5de3a8063", "date": "2013-06-01T00:00:00", "values": [4.78279492855072, 1862.1328125, 1850.82421875, 2104.7265625, 103.03352451324463, 55720, 58000, "2025-04-05T03:24:35.433658"]}
{"uuid": "dc8474b6b3", "date": "2013-06-26T00:00:00", "values": ["Increased capacity of population dataframe to 59000"]}
{"uuid": "90f526bf10", "date": "2013-06-30T00:00:00", "values": ["This event should not be running, Hiv_DecisionToContinueTreatment is for those already on tx"]}
{"uuid": "90f526bf10", "date": "2013-06-30T00:00:00", "values": ["This event should not be running, Hiv_DecisionToContinueTreatment is for those already on tx"]}
{"uuid": "d5de3a8063", "date": "2013-07-01T00:00:00", "values": [4.7902858773867285, 1892.83984375, 1881.74609375, 2135.859375, 104.73403263092041, 55866, 59000, "2025-04-05T03:29:22.850810"]}
{"uuid": "63d828121b", "date": "2013-07-10T00:00:00", "values": ["rt disability < 0 in rti_alter_daly_post_treatment"]}
{"uuid": "90f526bf10", "date": "2013-07-17T00:00:00", "values": ["This event should not be running, Hiv_DecisionToContinueTreatment is for those already on tx"]}
{"uuid": "d5de3a8063", "date": "2013-08-01T00:00:00", "values": [4.7265823443730675, 1902.8203125, 1891.50390625, 2144.5078125, 104.75154972076416, 56010, 59000, "2025-04-05T03:34:06.445751"]}
{"uuid": "90f526bf10", "date": "2013-08-02T00:00:00", "values": ["This event should not be running, Hiv_DecisionToContinueTreatment is for those already on tx"]}
{"uuid": "63d828121b", "date": "2013-08-10T00:00:00", "values": ["rt disability < 0 in rti_alter_daly_post_treatment"]}
{"uuid": "d5de3a8063", "date": "2013-09-01T00:00:00", "values": [4.931133647759755, 1915.82421875, 1904.51171875, 2157.66015625, 104.77114200592041, 56166, 59000, "2025-04-05T03:39:02.313770"]}
{"uuid": "63d828121b", "date": "2013-09-09T00:00:00", "values": ["rt disability < 0 in rti_alter_daly_post_treatment"]}
{"uuid": "90f526bf10", "date": "2013-09-11T00:00:00", "values": ["This event should not be running, Hiv_DecisionToContinueTreatment is for those already on tx"]}
{"uuid": "d5de3a8063", "date": "2013-10-01T00:00:00", "values": [4.839500530560811, 1929.78125, 1918.46484375, 2172.8203125, 104.78881168365479, 56303, 59000, "2025-04-05T03:43:52.683803"]}
{"uuid": "63d828121b", "date": "2013-10-10T00:00:00", "values": ["rt disability < 0 in rti_alter_daly_post_treatment"]}
{"uuid": "1e86f25803", "date": "2013-10-13T00:00:00", "values": ["Tb_Test_Screening actual_footprint requires differentofficers than expected_footprint."]}
{"uuid": "d5de3a8063", "date": "2013-11-01T00:00:00", "values": [4.746191942691803, 1915.96484375, 1904.73828125, 2158.40625, 104.80742740631104, 56470, 59000, "2025-04-05T03:48:37.455319"]}
{"uuid": "63d828121b", "date": "2013-11-10T00:00:00", "values": ["rt disability < 0 in rti_alter_daly_post_treatment"]}
{"uuid": "dc8474b6b3", "date": "2013-11-30T00:00:00", "values": ["Increased capacity of population dataframe to 60000"]}
{"uuid": "d5de3a8063", "date": "2013-12-01T00:00:00", "values": [4.625333042939504, 1982.30078125, 1970.984375, 2224.93359375, 106.50830173492432, 56616, 60000, "2025-04-05T03:53:14.975301"]}
{"uuid": "d5de3a8063", "date": "2014-01-01T00:00:00", "values": [5.195230952898661, 2024.23046875, 2012.9140625, 2268.203125, 106.52572727203369, 56758, 60000, "2025-04-05T03:58:26.689158"]}
{"uuid": "90f526bf10", "date": "2014-01-28T00:00:00", "values": ["This event should not be running, Hiv_DecisionToContinueTreatment is for those already on tx"]}
{"uuid": "d5de3a8063", "date": "2014-02-01T00:00:00", "values": [4.621889126300812, 2053.80859375, 2042.69921875, 2296.4296875, 106.54153537750244, 56881, 60000, "2025-04-05T04:03:04.002505"]}
{"uuid": "d5de3a8063", "date": "2014-03-01T00:00:00", "values": [4.683689872423808, 2069.65234375, 2058.3359375, 2311.4765625, 106.55929660797119, 57017, 60000, "2025-04-05T04:07:45.023897"]}
{"uuid": "d5de3a8063", "date": "2014-04-01T00:00:00", "values": [5.132087934017181, 2084.47265625, 2073.15625, 2326.52734375, 106.57907199859619, 57176, 60000, "2025-04-05T04:12:52.949174"]}
{"uuid": "63d828121b", "date": "2014-04-12T00:00:00", "values": ["rt disability < 0 in rti_alter_daly_post_treatment"]}
{"uuid": "90f526bf10", "date": "2014-04-24T00:00:00", "values": ["This event should not be running, Hiv_DecisionToContinueTreatment is for those already on tx"]}
{"uuid": "d5de3a8063", "date": "2014-05-01T00:00:00", "values": [4.784888529777527, 2077.28515625, 2065.96875, 2320.203125, 106.59677219390869, 57316, 60000, "2025-04-05T04:17:40.042486"]}
{"uuid": "dc8474b6b3", "date": "2014-05-06T00:00:00", "values": ["Increased capacity of population dataframe to 61000"]}
{"uuid": "d5de3a8063", "date": "2014-06-01T00:00:00", "values": [5.246740094820658, 2120.08203125, 2108.83203125, 2363.68359375, 108.29895877838135, 57462, 61000, "2025-04-05T04:22:54.846892"]}
{"uuid": "63d828121b", "date": "2014-06-10T00:00:00", "values": ["rt disability < 0 in rti_alter_daly_post_treatment"]}
{"uuid": "d5de3a8063", "date": "2014-07-01T00:00:00", "values": [4.8785973707834875, 2110.71484375, 2099.3984375, 2354.2734375, 108.31531620025635, 57595, 61000, "2025-04-05T04:27:47.562733"]}
{"uuid": "90f526bf10", "date": "2014-07-10T00:00:00", "values": ["This event should not be running, Hiv_DecisionToContinueTreatment is for those already on tx"]}
{"uuid": "90f526bf10", "date": "2014-07-17T00:00:00", "values": ["This event should not be running, Hiv_DecisionToContinueTreatment is for those already on tx"]}
{"uuid": "90f526bf10", "date": "2014-07-21T00:00:00", "values": ["This event should not be running, Hiv_DecisionToContinueTreatment is for those already on tx"]}
{"uuid": "d5de3a8063", "date": "2014-08-01T00:00:00", "values": [4.785008200009664, 2119.53125, 2108.22265625, 2363.2734375, 108.3336877822876, 57742, 61000, "2025-04-05T04:32:34.663226"]}
{"uuid": "90f526bf10", "date": "2014-08-02T00:00:00", "values": ["This event should not be running, Hiv_DecisionToContinueTreatment is for those already on tx"]}
{"uuid": "90f526bf10", "date": "2014-08-05T00:00:00", "values": ["This event should not be running, Hiv_DecisionToContinueTreatment is for those already on tx"]}
{"uuid": "90f526bf10", "date": "2014-08-21T00:00:00", "values": ["This event should not be running, Hiv_DecisionToContinueTreatment is for those already on tx"]}
{"uuid": "d5de3a8063", "date": "2014-09-01T00:00:00", "values": [5.001855476697286, 2151.31640625, 2140.0, 2393.8203125, 108.3521203994751, 57886, 61000, "2025-04-05T04:37:34.774554"]}
{"uuid": "1e86f25803", "date": "2014-09-24T00:00:00", "values": ["Tb_Test_Screening actual_footprint requires differentofficers than expected_footprint."]}
{"uuid": "d5de3a8063", "date": "2014-10-01T00:00:00", "values": [4.871296258767446, 2146.39453125, 2135.078125, 2388.2734375, 108.3690881729126, 58032, 61000, "2025-04-05T04:42:27.052329"]}
{"uuid": "dc8474b6b3", "date": "2014-10-14T00:00:00", "values": ["Increased capacity of population dataframe to 62000"]}
{"uuid": "d5de3a8063", "date": "2014-11-01T00:00:00", "values": [5.23983234167099, 2221.1015625, 2209.90625, 2464.56640625, 110.07106113433838, 58194, 62000, "2025-04-05T04:47:41.442270"]}
{"uuid": "90f526bf10", "date": "2014-11-19T00:00:00", "values": ["This event should not be running, Hiv_DecisionToContinueTreatment is for those already on tx"]}
{"uuid": "d5de3a8063", "date": "2014-12-01T00:00:00", "values": [4.891519741217295, 2209.2890625, 2197.97265625, 2451.86328125, 110.09080600738525, 58365, 62000, "2025-04-05T04:52:34.933454"]}
{"uuid": "b07716682c", "date": "2015-01-01T00:00:00", "values": ["simulate() 16192.492639541626 s"]}
