{"uuid": "b07716682c", "type": "header", "module": "tlo.simulation", "key": "info", "level": "INFO", "columns": {"message": "str"}, "description": null}
{"uuid": "b07716682c", "date": "2010-01-01T00:00:00", "values": ["Log output: profiling_results/2025/11/01/0029/scale_run_profiling__2025-11-01T002922.log"]}
{"uuid": "b07716682c", "date": "2010-01-01T00:00:00", "values": ["Simulation RNG user entropy = 0"]}
{"uuid": "b07716682c", "date": "2010-01-01T00:00:00", "values": ["Demography RNG auto (entropy, spawn key) = (0, 0)"]}
{"uuid": "b07716682c", "date": "2010-01-01T00:00:00", "values": ["Lifestyle RNG auto (entropy, spawn key) = (0, 1)"]}
{"uuid": "b07716682c", "date": "2010-01-01T00:00:00", "values": ["HealthBurden RNG auto (entropy, spawn key) = (0, 2)"]}
{"uuid": "b07716682c", "date": "2010-01-01T00:00:00", "values": ["HealthSystem RNG auto (entropy, spawn key) = (0, 3)"]}
{"uuid": "b07716682c", "date": "2010-01-01T00:00:00", "values": ["SymptomManager RNG auto (entropy, spawn key) = (0, 4)"]}
{"uuid": "b07716682c", "date": "2010-01-01T00:00:00", "values": ["HealthSeekingBehaviour RNG auto (entropy, spawn key) = (0, 5)"]}
{"uuid": "b07716682c", "date": "2010-01-01T00:00:00", "values": ["Epi RNG auto (entropy, spawn key) = (0, 6)"]}
{"uuid": "b07716682c", "date": "2010-01-01T00:00:00", "values": ["Contraception RNG auto (entropy, spawn key) = (0, 7)"]}
{"uuid": "b07716682c", "date": "2010-01-01T00:00:00", "values": ["Hiv RNG auto (entropy, spawn key) = (0, 8)"]}
{"uuid": "b07716682c", "date": "2010-01-01T00:00:00", "values": ["CardioMetabolicDisorders RNG auto (entropy, spawn key) = (0, 9)"]}
{"uuid": "b07716682c", "date": "2010-01-01T00:00:00", "values": ["Malaria RNG auto (entropy, spawn key) = (0, 10)"]}
{"uuid": "b07716682c", "date": "2010-01-01T00:00:00", "values": ["PregnancySupervisor RNG auto (entropy, spawn key) = (0, 11)"]}
{"uuid": "b07716682c", "date": "2010-01-01T00:00:00", "values": ["CareOfWomenDuringPregnancy RNG auto (entropy, spawn key) = (0, 12)"]}
{"uuid": "b07716682c", "date": "2010-01-01T00:00:00", "values": ["NewbornOutcomes RNG auto (entropy, spawn key) = (0, 13)"]}
{"uuid": "b07716682c", "date": "2010-01-01T00:00:00", "values": ["Wasting RNG auto (entropy, spawn key) = (0, 14)"]}
{"uuid": "b07716682c", "date": "2010-01-01T00:00:00", "values": ["Diarrhoea RNG auto (entropy, spawn key) = (0, 15)"]}
{"uuid": "b07716682c", "date": "2010-01-01T00:00:00", "values": ["Stunting RNG auto (entropy, spawn key) = (0, 16)"]}
{"uuid": "b07716682c", "date": "2010-01-01T00:00:00", "values": ["Labour RNG auto (entropy, spawn key) = (0, 17)"]}
{"uuid": "b07716682c", "date": "2010-01-01T00:00:00", "values": ["PostnatalSupervisor RNG auto (entropy, spawn key) = (0, 18)"]}
{"uuid": "b07716682c", "date": "2010-01-01T00:00:00", "values": ["Alri RNG auto (entropy, spawn key) = (0, 19)"]}
{"uuid": "b07716682c", "date": "2010-01-01T00:00:00", "values": ["Measles RNG auto (entropy, spawn key) = (0, 20)"]}
{"uuid": "b07716682c", "date": "2010-01-01T00:00:00", "values": ["Schisto RNG auto (entropy, spawn key) = (0, 21)"]}
{"uuid": "b07716682c", "date": "2010-01-01T00:00:00", "values": ["Tb RNG auto (entropy, spawn key) = (0, 22)"]}
{"uuid": "b07716682c", "date": "2010-01-01T00:00:00", "values": ["BladderCancer RNG auto (entropy, spawn key) = (0, 23)"]}
{"uuid": "b07716682c", "date": "2010-01-01T00:00:00", "values": ["BreastCancer RNG auto (entropy, spawn key) = (0, 24)"]}
{"uuid": "b07716682c", "date": "2010-01-01T00:00:00", "values": ["CervicalCancer RNG auto (entropy, spawn key) = (0, 25)"]}
{"uuid": "b07716682c", "date": "2010-01-01T00:00:00", "values": ["OesophagealCancer RNG auto (entropy, spawn key) = (0, 26)"]}
{"uuid": "b07716682c", "date": "2010-01-01T00:00:00", "values": ["OtherAdultCancer RNG auto (entropy, spawn key) = (0, 27)"]}
{"uuid": "b07716682c", "date": "2010-01-01T00:00:00", "values": ["ProstateCancer RNG auto (entropy, spawn key) = (0, 28)"]}
{"uuid": "b07716682c", "date": "2010-01-01T00:00:00", "values": ["RTI RNG auto (entropy, spawn key) = (0, 29)"]}
{"uuid": "b07716682c", "date": "2010-01-01T00:00:00", "values": ["Copd RNG auto (entropy, spawn key) = (0, 30)"]}
{"uuid": "b07716682c", "date": "2010-01-01T00:00:00", "values": ["Depression RNG auto (entropy, spawn key) = (0, 31)"]}
{"uuid": "b07716682c", "date": "2010-01-01T00:00:00", "values": ["Epilepsy RNG auto (entropy, spawn key) = (0, 32)"]}
{"uuid": "dc8474b6b3", "type": "header", "module": "tlo.population", "key": "info", "level": "INFO", "columns": {"message": "str"}, "description": null}
{"uuid": "dc8474b6b3", "date": "2010-01-01T00:00:00", "values": ["Dataframe capacity append size: 1000"]}
{"uuid": "b07716682c", "date": "2010-01-01T00:00:00", "values": ["make_initial_population() 22.455188751220703 s"]}
{"uuid": "e9a19fe1f9", "type": "header", "module": "tlo.methods.demography", "key": "scaling_factor", "level": "WARNING", "columns": {"scaling_factor": "float"}, "description": "The data-to-model scaling factor (based on the initial population size, used to multiply-up results so that they correspond to the real population size."}
{"uuid": "e9a19fe1f9", "date": "2010-01-01T00:00:00", "values": [290.79218000000003]}
{"uuid": "da366e03ae", "type": "header", "module": "tlo.methods.demography", "key": "scaling_factor_district", "level": "WARNING", "columns": {"scaling_factor_district": "dict"}, "description": "The data-to-model district_level scaling factor (based on the initial population size,used to multiply-up results so that they correspond to the real population size."}
{"uuid": "da366e03ae", "date": "2010-01-01T00:00:00", "values": [{"Balaka": 292.18885821890655, "Blantyre": 290.00666810074694, "Blantyre City": 289.0374870811533, "Chikwawa": 303.5430314988817, "Chiradzulu": 291.3490968335263, "Chitipa": 298.2777391579305, "Dedza": 297.2389953138543, "Dowa": 293.77467482227445, "Karonga": 302.1771942910366, "Kasungu": 288.94935614027617, "Likoma": 267.2384402454295, "Lilongwe": 288.55314644156545, "Lilongwe City": 290.31423439747215, "Machinga": 288.9462323801105, "Mangochi": 287.00339941738713, "Mchinji": 284.9140887939129, "Mulanje": 295.5725069079527, "Mwanza": 303.64733629901616, "Mzimba": 301.5507112253667, "Mzuzu City": 288.0081988677558, "Neno": 306.9167500618024, "Nkhata Bay": 299.06650178941345, "Nkhotakota": 277.642231737952, "Nsanje": 274.56432422649266, "Ntcheu": 292.7807936521761, "Ntchisi": 279.8249598210122, "Phalombe": 286.00721165825297, "Rumphi": 281.04278564091175, "Salima": 277.2997287670948, "Thyolo": 296.689092542885, "Zomba": 287.7804838656647, "Zomba City": 291.71738176198596}]}
{"uuid": "072090a41b", "type": "header", "module": "tlo.methods.population", "key": "scaling_factor", "level": "WARNING", "columns": {"scaling_factor": "float"}, "description": "The data-to-model scaling factor (based on the initial population size, used to multiply-up results so that they correspond to the real population size."}
{"uuid": "072090a41b", "date": "2010-01-01T00:00:00", "values": [290.79218000000003]}
{"uuid": "b47e7f2cb8", "type": "header", "module": "tlo.methods.population", "key": "scaling_factor_district", "level": "WARNING", "columns": {"scaling_factor_district": "dict"}, "description": "The data-to-model district_level scaling factor (based on the initial population size,used to multiply-up results so that they correspond to the real population size."}
{"uuid": "b47e7f2cb8", "date": "2010-01-01T00:00:00", "values": [{"Balaka": 292.18885821890655, "Blantyre": 290.00666810074694, "Blantyre City": 289.0374870811533, "Chikwawa": 303.5430314988817, "Chiradzulu": 291.3490968335263, "Chitipa": 298.2777391579305, "Dedza": 297.2389953138543, "Dowa": 293.77467482227445, "Karonga": 302.1771942910366, "Kasungu": 288.94935614027617, "Likoma": 267.2384402454295, "Lilongwe": 288.55314644156545, "Lilongwe City": 290.31423439747215, "Machinga": 288.9462323801105, "Mangochi": 287.00339941738713, "Mchinji": 284.9140887939129, "Mulanje": 295.5725069079527, "Mwanza": 303.64733629901616, "Mzimba": 301.5507112253667, "Mzuzu City": 288.0081988677558, "Neno": 306.9167500618024, "Nkhata Bay": 299.06650178941345, "Nkhotakota": 277.642231737952, "Nsanje": 274.56432422649266, "Ntcheu": 292.7807936521761, "Ntchisi": 279.8249598210122, "Phalombe": 286.00721165825297, "Rumphi": 281.04278564091175, "Salima": 277.2997287670948, "Thyolo": 296.689092542885, "Zomba": 287.7804838656647, "Zomba City": 291.71738176198596}]}
{"uuid": "d5de3a8063", "type": "header", "module": "tlo.profiling", "key": "stats", "level": "INFO", "columns": {"duration_minutes": "float", "memory_rss_MiB": "float", "memory_uss_MiB": "float", "memory_vms_MiB": "float", "pop_df_mem_MiB": "float", "pop_df_number_alive": "int", "pop_df_rows": "int", "time": "str"}, "description": null}
{"uuid": "d5de3a8063", "date": "2010-01-01T00:00:00", "values": [0.051530293623606366, 592.5859375, 581.54296875, 837.828125, 95.2783432006836, 50000, 50000, "2025-11-01T00:29:51.676066"]}
{"uuid": "dc8474b6b3", "date": "2010-01-01T00:00:00", "values": ["Increased capacity of population dataframe to 51000"]}
{"uuid": "d5de3a8063", "date": "2010-02-01T00:00:00", "values": [2.8052340110143024, 683.80859375, 672.64453125, 928.5234375, 97.10790252685547, 50125, 51000, "2025-11-01T00:32:39.990107"]}
{"uuid": "d5de3a8063", "date": "2010-03-01T00:00:00", "values": [2.5170173207918802, 837.91015625, 826.6953125, 1082.99609375, 97.12017059326172, 50194, 51000, "2025-11-01T00:35:11.011146"]}
{"uuid": "d5de3a8063", "date": "2010-04-01T00:00:00", "values": [3.0321244478225706, 994.76953125, 983.546875, 1239.2109375, 97.13472747802734, 50277, 51000, "2025-11-01T00:38:12.938611"]}
{"uuid": "d5de3a8063", "date": "2010-05-01T00:00:00", "values": [2.7709345976511637, 1124.453125, 1113.36328125, 1369.1640625, 97.14913177490234, 50365, 51000, "2025-11-01T00:40:59.194687"]}
{"uuid": "1e86f25803", "type": "header", "module": "tlo.methods.healthsystem", "key": "message", "level": "WARNING", "columns": {"message": "str"}, "description": null}
{"uuid": "1e86f25803", "date": "2010-05-25T00:00:00", "values": ["Tb_Test_Screening actual_footprint requires differentofficers than expected_footprint."]}
{"uuid": "d5de3a8063", "date": "2010-06-01T00:00:00", "values": [2.596835215886434, 1276.44140625, 1265.25390625, 1521.03125, 97.16622161865234, 50505, 51000, "2025-11-01T00:43:35.004801"]}
{"uuid": "90f526bf10", "type": "header", "module": "tlo.methods.hiv", "key": "message", "level": "WARNING", "columns": {"message": "str"}, "description": null}
{"uuid": "90f526bf10", "date": "2010-06-17T00:00:00", "values": ["This event should not be running, Hiv_DecisionToContinueTreatment is for those already on tx"]}
{"uuid": "d5de3a8063", "date": "2010-07-01T00:00:00", "values": [2.9898006002108257, 1432.8359375, 1421.62890625, 1677.71875, 97.1784896850586, 50588, 51000, "2025-11-01T00:46:34.392836"]}
{"uuid": "dc8474b6b3", "date": "2010-07-09T00:00:00", "values": ["Increased capacity of population dataframe to 52000"]}
{"uuid": "1e86f25803", "date": "2010-07-18T00:00:00", "values": ["Tb_Test_Screening actual_footprint requires differentofficers than expected_footprint."]}
{"uuid": "d5de3a8063", "date": "2010-08-01T00:00:00", "values": [3.1578620274861655, 1497.4453125, 1486.25, 1742.62109375, 99.01042938232422, 50738, 52000, "2025-11-01T00:49:43.864558"]}
{"uuid": "d5de3a8063", "date": "2010-09-01T00:00:00", "values": [3.0312722444534304, 1528.2890625, 1517.06640625, 1773.30078125, 99.02678680419922, 50863, 52000, "2025-11-01T00:52:45.740892"]}
{"uuid": "d5de3a8063", "date": "2010-10-01T00:00:00", "values": [4.242882760365804, 1529.0390625, 1517.81640625, 1773.46875, 99.05339813232422, 51077, 52000, "2025-11-01T00:57:00.313859"]}
{"uuid": "1e86f25803", "date": "2010-10-02T00:00:00", "values": ["Tb_Test_FollowUp actual_footprint requires differentofficers than expected_footprint."]}
{"uuid": "d5de3a8063", "date": "2010-11-01T00:00:00", "values": [4.4833366195360815, 1529.15625, 1517.93359375, 1773.5859375, 99.07207489013672, 51225, 52000, "2025-11-01T01:01:29.314055"]}
{"uuid": "1e86f25803", "date": "2010-11-04T00:00:00", "values": ["Tb_Test_Screening actual_footprint requires differentofficers than expected_footprint."]}
{"uuid": "90f526bf10", "date": "2010-11-12T00:00:00", "values": ["This event should not be running, Hiv_DecisionToContinueTreatment is for those already on tx"]}
{"uuid": "d5de3a8063", "date": "2010-12-01T00:00:00", "values": [4.073205868403117, 1498.0390625, 1486.95703125, 1742.734375, 99.0880355834961, 51340, 52000, "2025-11-01T01:05:33.706407"]}
{"uuid": "dc8474b6b3", "date": "2010-12-01T00:00:00", "values": ["Increased capacity of population dataframe to 53000"]}
{"uuid": "d5de3a8063", "date": "2011-01-01T00:00:00", "values": [5.12740383942922, 1494.69140625, 1483.46875, 1739.12109375, 100.9215316772461, 51533, 53000, "2025-11-01T01:10:41.350638"]}
{"uuid": "d5de3a8063", "date": "2011-02-01T00:00:00", "values": [4.3926804224650065, 1511.59765625, 1500.3984375, 1756.17578125, 100.93975067138672, 51677, 53000, "2025-11-01T01:15:04.911462"]}
{"uuid": "d5de3a8063", "date": "2011-03-01T00:00:00", "values": [4.4947069923082985, 1477.88671875, 1466.6640625, 1722.3125, 100.95836639404297, 51808, 53000, "2025-11-01T01:19:34.593883"]}
{"uuid": "d5de3a8063", "date": "2011-04-01T00:00:00", "values": [4.775974901517232, 1495.06640625, 1483.84375, 1737.80078125, 100.9774398803711, 51929, 53000, "2025-11-01T01:24:21.152376"]}
{"uuid": "90f526bf10", "date": "2011-04-25T00:00:00", "values": ["This event should not be running, Hiv_DecisionToContinueTreatment is for those already on tx"]}
{"uuid": "dc8474b6b3", "date": "2011-04-29T00:00:00", "values": ["Increased capacity of population dataframe to 54000"]}
{"uuid": "d5de3a8063", "date": "2011-05-01T00:00:00", "values": [4.479592851797739, 1532.49609375, 1521.2734375, 1775.23046875, 102.80675506591797, 52043, 54000, "2025-11-01T01:28:49.927947"]}
{"uuid": "d5de3a8063", "date": "2011-06-01T00:00:00", "values": [4.132143839200338, 1532.578125, 1521.35546875, 1775.3125, 102.8232650756836, 52145, 54000, "2025-11-01T01:32:57.856578"]}
{"uuid": "63d828121b", "type": "header", "module": "tlo.methods.rti", "key": "warning", "level": "WARNING", "columns": {"message": "str"}, "description": null}
{"uuid": "63d828121b", "date": "2011-06-10T00:00:00", "values": ["rt disability < 0 in rti_alter_daly_post_treatment"]}
{"uuid": "90f526bf10", "date": "2011-06-12T00:00:00", "values": ["This event should not be running, Hiv_DecisionToContinueTreatment is for those already on tx"]}
{"uuid": "d5de3a8063", "date": "2011-07-01T00:00:00", "values": [4.300347701708476, 1526.30859375, 1515.0859375, 1769.04296875, 102.84148406982422, 52292, 54000, "2025-11-01T01:37:15.877440"]}
{"uuid": "63d828121b", "date": "2011-07-10T00:00:00", "values": ["rt disability < 0 in rti_alter_daly_post_treatment"]}
{"uuid": "90f526bf10", "date": "2011-07-11T00:00:00", "values": ["This event should not be running, Hiv_DecisionToContinueTreatment is for those already on tx"]}
{"uuid": "d5de3a8063", "date": "2011-08-01T00:00:00", "values": [4.007896423339844, 1500.98828125, 1489.8515625, 1743.93359375, 102.8563461303711, 52410, 54000, "2025-11-01T01:41:16.351225"]}
{"uuid": "90f526bf10", "date": "2011-08-05T00:00:00", "values": ["This event should not be running, Hiv_DecisionToContinueTreatment is for those already on tx"]}
{"uuid": "90f526bf10", "date": "2011-08-24T00:00:00", "values": ["This event should not be running, Hiv_DecisionToContinueTreatment is for those already on tx"]}
{"uuid": "d5de3a8063", "date": "2011-09-01T00:00:00", "values": [3.954460004965464, 1500.98828125, 1489.87109375, 1743.953125, 102.87047576904297, 52509, 54000, "2025-11-01T01:45:13.618826"]}
{"uuid": "90f526bf10", "date": "2011-09-13T00:00:00", "values": ["This event should not be running, Hiv_DecisionToContinueTreatment is for those already on tx"]}
{"uuid": "d5de3a8063", "date": "2011-10-01T00:00:00", "values": [4.511540512243907, 1566.97265625, 1555.8828125, 1809.98046875, 102.88814544677734, 52654, 54000, "2025-11-01T01:49:44.311257"]}
{"uuid": "dc8474b6b3", "date": "2011-10-25T00:00:00", "values": ["Increased capacity of population dataframe to 55000"]}
{"uuid": "d5de3a8063", "date": "2011-11-01T00:00:00", "values": [4.25024844010671, 1720.11328125, 1708.890625, 1962.98046875, 104.71538543701172, 52786, 55000, "2025-11-01T01:53:59.326163"]}
{"uuid": "d5de3a8063", "date": "2011-12-01T00:00:00", "values": [4.116266206900279, 1754.73046875, 1743.5078125, 1997.56640625, 104.73302459716797, 52927, 55000, "2025-11-01T01:58:06.302135"]}
{"uuid": "d5de3a8063", "date": "2012-01-01T00:00:00", "values": [4.555316909154256, 1754.875, 1743.65234375, 1997.7109375, 104.74864959716797, 53064, 55000, "2025-11-01T02:02:39.621150"]}
{"uuid": "d5de3a8063", "date": "2012-02-01T00:00:00", "values": [4.465598714351654, 1755.02734375, 1743.8046875, 1997.86328125, 104.7671127319336, 53218, 55000, "2025-11-01T02:07:07.557072"]}
{"uuid": "d5de3a8063", "date": "2012-03-01T00:00:00", "values": [4.213151351610819, 1755.16796875, 1743.9453125, 1998.00390625, 104.7840805053711, 53360, 55000, "2025-11-01T02:11:20.346153"]}
{"uuid": "dc8474b6b3", "date": "2012-03-31T00:00:00", "values": ["Increased capacity of population dataframe to 56000"]}
{"uuid": "d5de3a8063", "date": "2012-04-01T00:00:00", "values": [5.046309260527293, 1749.3125, 1738.203125, 1992.38671875, 106.61711883544922, 53533, 56000, "2025-11-01T02:16:23.124709"]}
{"uuid": "d5de3a8063", "date": "2012-05-01T00:00:00", "values": [4.5351719895998635, 1698.30859375, 1687.15625, 1941.21484375, 106.6350326538086, 53685, 56000, "2025-11-01T02:20:55.235028"]}
{"uuid": "90f526bf10", "date": "2012-05-03T00:00:00", "values": ["This event should not be running, Hiv_DecisionToContinueTreatment is for those already on tx"]}
{"uuid": "90f526bf10", "date": "2012-05-27T00:00:00", "values": ["This event should not be running, Hiv_DecisionToContinueTreatment is for those already on tx"]}
{"uuid": "d5de3a8063", "date": "2012-06-01T00:00:00", "values": [4.389004898071289, 1731.04296875, 1719.8203125, 1973.74609375, 106.6539535522461, 53838, 56000, "2025-11-01T02:25:18.575323"]}
{"uuid": "63d828121b", "date": "2012-06-10T00:00:00", "values": ["rt disability < 0 in rti_alter_daly_post_treatment"]}
{"uuid": "d5de3a8063", "date": "2012-07-01T00:00:00", "values": [4.578665328025818, 1699.91796875, 1688.6953125, 1942.62109375, 106.6710433959961, 53973, 56000, "2025-11-01T02:29:53.295243"]}
{"uuid": "d5de3a8063", "date": "2012-08-01T00:00:00", "values": [4.24708567460378, 1702.42578125, 1691.3984375, 1945.45703125, 106.68746185302734, 54108, 56000, "2025-11-01T02:34:08.120392"]}
{"uuid": "90f526bf10", "date": "2012-08-19T00:00:00", "values": ["This event should not be running, Hiv_DecisionToContinueTreatment is for those already on tx"]}
{"uuid": "d5de3a8063", "date": "2012-09-01T00:00:00", "values": [4.4497700214385985, 1753.02734375, 1742.0234375, 1996.09375, 106.70519256591797, 54253, 56000, "2025-11-01T02:38:35.106584"]}
{"uuid": "1e86f25803", "date": "2012-09-04T00:00:00", "values": ["Tb_Test_FollowUp actual_footprint requires differentofficers than expected_footprint."]}
{"uuid": "90f526bf10", "date": "2012-09-06T00:00:00", "values": ["This event should not be running, Hiv_DecisionToContinueTreatment is for those already on tx"]}
{"uuid": "dc8474b6b3", "date": "2012-09-11T00:00:00", "values": ["Increased capacity of population dataframe to 57000"]}
{"uuid": "90f526bf10", "date": "2012-09-19T00:00:00", "values": ["This event should not be running, Hiv_DecisionToContinueTreatment is for those already on tx"]}
{"uuid": "d5de3a8063", "date": "2012-10-01T00:00:00", "values": [4.590062590440114, 1874.29296875, 1863.0703125, 2117.59375, 108.53328704833984, 54377, 57000, "2025-11-01T02:43:10.510340"]}
{"uuid": "d5de3a8063", "date": "2012-11-01T00:00:00", "values": [4.372128240267435, 1893.36328125, 1882.38671875, 2137.03515625, 108.54985809326172, 54509, 57000, "2025-11-01T02:47:32.838034"]}
{"uuid": "d5de3a8063", "date": "2012-12-01T00:00:00", "values": [4.363329080740611, 1895.93359375, 1884.75, 2139.62890625, 108.5682601928711, 54663, 57000, "2025-11-01T02:51:54.637779"]}
{"uuid": "d5de3a8063", "date": "2013-01-01T00:00:00", "values": [4.878549774487813, 1876.19140625, 1864.97265625, 2119.8203125, 108.58650970458984, 54820, 57000, "2025-11-01T02:56:47.350764"]}
{"uuid": "d5de3a8063", "date": "2013-02-01T00:00:00", "values": [4.549246668815613, 1880.36328125, 1869.1484375, 2123.83984375, 108.60637664794922, 55003, 57000, "2025-11-01T03:01:20.305566"]}
{"uuid": "dc8474b6b3", "date": "2013-02-16T00:00:00", "values": ["Increased capacity of population dataframe to 58000"]}
{"uuid": "d5de3a8063", "date": "2013-03-01T00:00:00", "values": [4.45848532517751, 1893.984375, 1882.76171875, 2137.5234375, 110.43575286865234, 55141, 58000, "2025-11-01T03:05:47.814685"]}
{"uuid": "63d828121b", "date": "2013-03-12T00:00:00", "values": ["rt disability < 0 in rti_alter_daly_post_treatment"]}
{"uuid": "d5de3a8063", "date": "2013-04-01T00:00:00", "values": [4.944050335884095, 1871.01171875, 1859.98828125, 2114.875, 110.45659637451172, 55316, 58000, "2025-11-01T03:10:44.457705"]}
{"uuid": "90f526bf10", "date": "2013-04-11T00:00:00", "values": ["This event should not be running, Hiv_DecisionToContinueTreatment is for those already on tx"]}
{"uuid": "90f526bf10", "date": "2013-04-14T00:00:00", "values": ["This event should not be running, Hiv_DecisionToContinueTreatment is for those already on tx"]}
{"uuid": "d5de3a8063", "date": "2013-05-01T00:00:00", "values": [4.607795051733652, 1870.3203125, 1859.30859375, 2113.35546875, 110.47612762451172, 55479, 58000, "2025-11-01T03:15:20.925408"]}
{"uuid": "63d828121b", "date": "2013-05-10T00:00:00", "values": ["rt disability < 0 in rti_alter_daly_post_treatment"]}
{"uuid": "d5de3a8063", "date": "2013-06-01T00:00:00", "values": [4.626944915453593, 1880.3046875, 1869.3203125, 2123.3828125, 110.49471282958984, 55623, 58000, "2025-11-01T03:19:58.542104"]}
{"uuid": "d5de3a8063", "date": "2013-07-01T00:00:00", "values": [4.530666478474935, 1903.1328125, 1891.9921875, 2146.04296875, 110.51232147216797, 55761, 58000, "2025-11-01T03:24:30.382091"]}
{"uuid": "dc8474b6b3", "date": "2013-07-15T00:00:00", "values": ["Increased capacity of population dataframe to 59000"]}
{"uuid": "d5de3a8063", "date": "2013-08-01T00:00:00", "values": [4.628104209899902, 1969.5390625, 1958.3203125, 2212.9765625, 112.3423080444336, 55917, 59000, "2025-11-01T03:29:08.068344"]}
{"uuid": "90f526bf10", "date": "2013-08-14T00:00:00", "values": ["This event should not be running, Hiv_DecisionToContinueTreatment is for those already on tx"]}
{"uuid": "90f526bf10", "date": "2013-08-15T00:00:00", "values": ["This event should not be running, Hiv_DecisionToContinueTreatment is for those already on tx"]}
{"uuid": "d5de3a8063", "date": "2013-09-01T00:00:00", "values": [4.573459827899933, 1980.359375, 1969.13671875, 2223.07421875, 112.36031341552734, 56066, 59000, "2025-11-01T03:33:42.475934"]}
{"uuid": "63d828121b", "date": "2013-09-09T00:00:00", "values": ["rt disability < 0 in rti_alter_daly_post_treatment"]}
{"uuid": "1e86f25803", "date": "2013-09-24T00:00:00", "values": ["Tb_Test_Screening actual_footprint requires differentofficers than expected_footprint."]}
{"uuid": "d5de3a8063", "date": "2013-10-01T00:00:00", "values": [4.496655682722728, 1953.703125, 1942.48046875, 2196.43359375, 112.37682342529297, 56192, 59000, "2025-11-01T03:38:12.275275"]}
{"uuid": "d5de3a8063", "date": "2013-11-01T00:00:00", "values": [4.43734081586202, 2006.828125, 1995.61328125, 2249.54296875, 112.3930892944336, 56322, 59000, "2025-11-01T03:42:38.515725"]}
{"uuid": "d5de3a8063", "date": "2013-12-01T00:00:00", "values": [4.549226876099905, 1992.25, 1981.03515625, 2234.96484375, 112.41289520263672, 56489, 59000, "2025-11-01T03:47:11.469337"]}
{"uuid": "1e86f25803", "date": "2013-12-05T00:00:00", "values": ["Tb_Test_FollowUp actual_footprint requires differentofficers than expected_footprint."]}
{"uuid": "63d828121b", "date": "2013-12-08T00:00:00", "values": ["rt disability < 0 in rti_alter_daly_post_treatment"]}
{"uuid": "dc8474b6b3", "date": "2013-12-22T00:00:00", "values": ["Increased capacity of population dataframe to 60000"]}
{"uuid": "d5de3a8063", "date": "2014-01-01T00:00:00", "values": [4.944595285256704, 2108.94921875, 2097.88671875, 2351.9375, 114.24163055419922, 56630, 60000, "2025-11-01T03:52:08.145057"]}
{"uuid": "d5de3a8063", "date": "2014-02-01T00:00:00", "values": [4.434575641155243, 2090.7421875, 2079.51953125, 2334.3984375, 114.25801849365234, 56754, 60000, "2025-11-01T03:56:34.219593"]}
{"uuid": "d5de3a8063", "date": "2014-03-01T00:00:00", "values": [4.273863486448923, 2099.7421875, 2088.51953125, 2342.4453125, 114.27462005615234, 56892, 60000, "2025-11-01T04:00:50.651402"]}
{"uuid": "d5de3a8063", "date": "2014-04-01T00:00:00", "values": [5.275880753993988, 2133.375, 2122.15625, 2376.09765625, 114.29772186279297, 57074, 60000, "2025-11-01T04:06:07.204246"]}
{"uuid": "90f526bf10", "date": "2014-04-13T00:00:00", "values": ["This event should not be running, Hiv_DecisionToContinueTreatment is for those already on tx"]}
{"uuid": "d5de3a8063", "date": "2014-05-01T00:00:00", "values": [4.6178327361742655, 2145.37109375, 2134.25, 2388.3203125, 114.3160629272461, 57218, 60000, "2025-11-01T04:10:44.274210"]}
{"uuid": "dc8474b6b3", "date": "2014-05-24T00:00:00", "values": ["Increased capacity of population dataframe to 61000"]}
{"uuid": "d5de3a8063", "date": "2014-06-01T00:00:00", "values": [4.558975946903229, 2156.2421875, 2145.08984375, 2399.15625, 116.14482879638672, 57353, 61000, "2025-11-01T04:15:17.812767"]}
{"uuid": "d5de3a8063", "date": "2014-07-01T00:00:00", "values": [4.9888074914614355, 2157.83203125, 2146.609375, 2400.546875, 116.1635971069336, 57514, 61000, "2025-11-01T04:20:17.141217"]}
{"uuid": "90f526bf10", "date": "2014-07-15T00:00:00", "values": ["This event should not be running, Hiv_DecisionToContinueTreatment is for those already on tx"]}
{"uuid": "90f526bf10", "date": "2014-07-20T00:00:00", "values": ["This event should not be running, Hiv_DecisionToContinueTreatment is for those already on tx"]}
{"uuid": "90f526bf10", "date": "2014-07-21T00:00:00", "values": ["This event should not be running, Hiv_DecisionToContinueTreatment is for those already on tx"]}
{"uuid": "d5de3a8063", "date": "2014-08-01T00:00:00", "values": [4.710136902332306, 2164.63671875, 2153.421875, 2407.37890625, 116.18367767333984, 57685, 61000, "2025-11-01T04:24:59.749431"]}
{"uuid": "d5de3a8063", "date": "2014-09-01T00:00:00", "values": [4.86120343208313, 2176.6171875, 2165.39453125, 2419.37890625, 116.20320892333984, 57842, 61000, "2025-11-01T04:29:51.421637"]}
{"uuid": "d5de3a8063", "date": "2014-10-01T00:00:00", "values": [4.469407629966736, 2205.65234375, 2194.43359375, 2448.38671875, 116.21736907958984, 57945, 61000, "2025-11-01T04:34:19.586095"]}
{"uuid": "90f526bf10", "date": "2014-10-27T00:00:00", "values": ["This event should not be running, Hiv_DecisionToContinueTreatment is for those already on tx"]}
{"uuid": "dc8474b6b3", "date": "2014-10-31T00:00:00", "values": ["Increased capacity of population dataframe to 62000"]}
{"uuid": "d5de3a8063", "date": "2014-11-01T00:00:00", "values": [4.616698320706686, 2272.51953125, 2261.46484375, 2515.53515625, 118.04586029052734, 58067, 62000, "2025-11-01T04:38:56.587995"]}
{"uuid": "d5de3a8063", "date": "2014-12-01T00:00:00", "values": [4.610080897808075, 2307.828125, 2296.60546875, 2551.484375, 118.06368255615234, 58217, 62000, "2025-11-01T04:43:33.192849"]}
{"uuid": "db90bb6bbe", "type": "header", "module": "tlo.simulation", "key": "parameter_stats", "level": "INFO", "columns": {"count": "int", "label": "str", "module": "str"}, "description": null}
{"uuid": "db90bb6bbe", "date": "2015-01-01T00:00:00", "values": [1, "unassigned", "Demography"]}
{"uuid": "db90bb6bbe", "date": "2015-01-01T00:00:00", "values": [7, "not_init_via_load_param", "Demography"]}
{"uuid": "db90bb6bbe", "date": "2015-01-01T00:00:00", "values": [110, "unassigned", "Lifestyle"]}
{"uuid": "db90bb6bbe", "date": "2015-01-01T00:00:00", "values": [17, "not_init_via_load_param", "Lifestyle"]}
{"uuid": "db90bb6bbe", "date": "2015-01-01T00:00:00", "values": [3, "not_init_via_load_param", "HealthBurden"]}
{"uuid": "db90bb6bbe", "date": "2015-01-01T00:00:00", "values": [18, "not_init_via_load_param", "HealthSystem"]}
{"uuid": "db90bb6bbe", "date": "2015-01-01T00:00:00", "values": [25, "unassigned", "HealthSystem"]}
{"uuid": "db90bb6bbe", "date": "2015-01-01T00:00:00", "values": [1, "not_init_via_load_param", "SymptomManager"]}
{"uuid": "db90bb6bbe", "date": "2015-01-01T00:00:00", "values": [1, "unassigned", "SymptomManager"]}
{"uuid": "db90bb6bbe", "date": "2015-01-01T00:00:00", "values": [18, "unassigned", "HealthSeekingBehaviour"]}
{"uuid": "db90bb6bbe", "date": "2015-01-01T00:00:00", "values": [2, "not_init_via_load_param", "Epi"]}
{"uuid": "db90bb6bbe", "date": "2015-01-01T00:00:00", "values": [1, "unassigned", "Epi"]}
{"uuid": "db90bb6bbe", "date": "2015-01-01T00:00:00", "values": [14, "not_init_via_load_param", "Contraception"]}
{"uuid": "db90bb6bbe", "date": "2015-01-01T00:00:00", "values": [7, "unassigned", "Contraception"]}
{"uuid": "db90bb6bbe", "date": "2015-01-01T00:00:00", "values": [6, "not_init_via_load_param", "Hiv"]}
{"uuid": "db90bb6bbe", "date": "2015-01-01T00:00:00", "values": [70, "unassigned", "Hiv"]}
{"uuid": "db90bb6bbe", "date": "2015-01-01T00:00:00", "values": [33, "not_init_via_load_param", "CardioMetabolicDisorders"]}
{"uuid": "db90bb6bbe", "date": "2015-01-01T00:00:00", "values": [1, "unassigned", "CardioMetabolicDisorders"]}
{"uuid": "db90bb6bbe", "date": "2015-01-01T00:00:00", "values": [6, "not_init_via_load_param", "Malaria"]}
{"uuid": "db90bb6bbe", "date": "2015-01-01T00:00:00", "values": [29, "unassigned", "Malaria"]}
{"uuid": "db90bb6bbe", "date": "2015-01-01T00:00:00", "values": [118, "unassigned", "PregnancySupervisor"]}
{"uuid": "db90bb6bbe", "date": "2015-01-01T00:00:00", "values": [27, "unassigned", "CareOfWomenDuringPregnancy"]}
{"uuid": "db90bb6bbe", "date": "2015-01-01T00:00:00", "values": [64, "unassigned", "NewbornOutcomes"]}
{"uuid": "db90bb6bbe", "date": "2015-01-01T00:00:00", "values": [100, "unassigned", "Diarrhoea"]}
{"uuid": "db90bb6bbe", "date": "2015-01-01T00:00:00", "values": [31, "unassigned", "Stunting"]}
{"uuid": "db90bb6bbe", "date": "2015-01-01T00:00:00", "values": [177, "unassigned", "Labour"]}
{"uuid": "db90bb6bbe", "date": "2015-01-01T00:00:00", "values": [1, "not_init_via_load_param", "Labour"]}
{"uuid": "db90bb6bbe", "date": "2015-01-01T00:00:00", "values": [52, "unassigned", "PostnatalSupervisor"]}
{"uuid": "db90bb6bbe", "date": "2015-01-01T00:00:00", "values": [1, "not_init_via_load_param", "PostnatalSupervisor"]}
{"uuid": "db90bb6bbe", "date": "2015-01-01T00:00:00", "values": [119, "unassigned", "Alri"]}
{"uuid": "db90bb6bbe", "date": "2015-01-01T00:00:00", "values": [8, "unassigned", "Measles"]}
{"uuid": "db90bb6bbe", "date": "2015-01-01T00:00:00", "values": [2, "not_init_via_load_param", "Measles"]}
{"uuid": "db90bb6bbe", "date": "2015-01-01T00:00:00", "values": [54, "not_init_via_load_param", "Schisto"]}
{"uuid": "db90bb6bbe", "date": "2015-01-01T00:00:00", "values": [62, "unassigned", "Tb"]}
{"uuid": "db90bb6bbe", "date": "2015-01-01T00:00:00", "values": [7, "not_init_via_load_param", "Tb"]}
{"uuid": "db90bb6bbe", "date": "2015-01-01T00:00:00", "values": [32, "unassigned", "BladderCancer"]}
{"uuid": "db90bb6bbe", "date": "2015-01-01T00:00:00", "values": [25, "unassigned", "BreastCancer"]}
{"uuid": "db90bb6bbe", "date": "2015-01-01T00:00:00", "values": [11, "undetermined", "CervicalCancer"]}
{"uuid": "db90bb6bbe", "date": "2015-01-01T00:00:00", "values": [23, "universal", "CervicalCancer"]}
{"uuid": "db90bb6bbe", "date": "2015-01-01T00:00:00", "values": [13, "local", "CervicalCancer"]}
{"uuid": "db90bb6bbe", "date": "2015-01-01T00:00:00", "values": [33, "unassigned", "OesophagealCancer"]}
{"uuid": "db90bb6bbe", "date": "2015-01-01T00:00:00", "values": [24, "unassigned", "OtherAdultCancer"]}
{"uuid": "db90bb6bbe", "date": "2015-01-01T00:00:00", "values": [23, "unassigned", "ProstateCancer"]}
{"uuid": "db90bb6bbe", "date": "2015-01-01T00:00:00", "values": [1, "not_init_via_load_param", "ProstateCancer"]}
{"uuid": "db90bb6bbe", "date": "2015-01-01T00:00:00", "values": [154, "unassigned", "RTI"]}
{"uuid": "db90bb6bbe", "date": "2015-01-01T00:00:00", "values": [62, "not_init_via_load_param", "RTI"]}
{"uuid": "db90bb6bbe", "date": "2015-01-01T00:00:00", "values": [20, "unassigned", "Copd"]}
{"uuid": "db90bb6bbe", "date": "2015-01-01T00:00:00", "values": [37, "unassigned", "Depression"]}
{"uuid": "db90bb6bbe", "date": "2015-01-01T00:00:00", "values": [18, "unassigned", "Epilepsy"]}
{"uuid": "db90bb6bbe", "date": "2015-01-01T00:00:00", "values": [3, "not_init_via_load_param", "Epilepsy"]}
{"uuid": "b07716682c", "date": "2015-01-01T00:00:00", "values": ["simulate() 15506.848202466965 s"]}
