{"uuid": "b07716682c", "type": "header", "module": "tlo.simulation", "key": "info", "level": "INFO", "columns": {"message": "str"}, "description": null}
{"uuid": "b07716682c", "date": "2010-01-01T00:00:00", "values": ["Log output: profiling_results/2025/10/25/0026/scale_run_profiling__2025-10-25T002625.log"]}
{"uuid": "b07716682c", "date": "2010-01-01T00:00:00", "values": ["Simulation RNG user entropy = 0"]}
{"uuid": "b07716682c", "date": "2010-01-01T00:00:00", "values": ["Demography RNG auto (entropy, spawn key) = (0, 0)"]}
{"uuid": "b07716682c", "date": "2010-01-01T00:00:00", "values": ["Lifestyle RNG auto (entropy, spawn key) = (0, 1)"]}
{"uuid": "b07716682c", "date": "2010-01-01T00:00:00", "values": ["HealthBurden RNG auto (entropy, spawn key) = (0, 2)"]}
{"uuid": "b07716682c", "date": "2010-01-01T00:00:00", "values": ["HealthSystem RNG auto (entropy, spawn key) = (0, 3)"]}
{"uuid": "b07716682c", "date": "2010-01-01T00:00:00", "values": ["SymptomManager RNG auto (entropy, spawn key) = (0, 4)"]}
{"uuid": "b07716682c", "date": "2010-01-01T00:00:00", "values": ["HealthSeekingBehaviour RNG auto (entropy, spawn key) = (0, 5)"]}
{"uuid": "b07716682c", "date": "2010-01-01T00:00:00", "values": ["Epi RNG auto (entropy, spawn key) = (0, 6)"]}
{"uuid": "b07716682c", "date": "2010-01-01T00:00:00", "values": ["Contraception RNG auto (entropy, spawn key) = (0, 7)"]}
{"uuid": "b07716682c", "date": "2010-01-01T00:00:00", "values": ["Hiv RNG auto (entropy, spawn key) = (0, 8)"]}
{"uuid": "b07716682c", "date": "2010-01-01T00:00:00", "values": ["CardioMetabolicDisorders RNG auto (entropy, spawn key) = (0, 9)"]}
{"uuid": "b07716682c", "date": "2010-01-01T00:00:00", "values": ["Malaria RNG auto (entropy, spawn key) = (0, 10)"]}
{"uuid": "b07716682c", "date": "2010-01-01T00:00:00", "values": ["PregnancySupervisor RNG auto (entropy, spawn key) = (0, 11)"]}
{"uuid": "b07716682c", "date": "2010-01-01T00:00:00", "values": ["CareOfWomenDuringPregnancy RNG auto (entropy, spawn key) = (0, 12)"]}
{"uuid": "b07716682c", "date": "2010-01-01T00:00:00", "values": ["NewbornOutcomes RNG auto (entropy, spawn key) = (0, 13)"]}
{"uuid": "b07716682c", "date": "2010-01-01T00:00:00", "values": ["Wasting RNG auto (entropy, spawn key) = (0, 14)"]}
{"uuid": "b07716682c", "date": "2010-01-01T00:00:00", "values": ["Diarrhoea RNG auto (entropy, spawn key) = (0, 15)"]}
{"uuid": "b07716682c", "date": "2010-01-01T00:00:00", "values": ["Stunting RNG auto (entropy, spawn key) = (0, 16)"]}
{"uuid": "b07716682c", "date": "2010-01-01T00:00:00", "values": ["Labour RNG auto (entropy, spawn key) = (0, 17)"]}
{"uuid": "b07716682c", "date": "2010-01-01T00:00:00", "values": ["PostnatalSupervisor RNG auto (entropy, spawn key) = (0, 18)"]}
{"uuid": "b07716682c", "date": "2010-01-01T00:00:00", "values": ["Alri RNG auto (entropy, spawn key) = (0, 19)"]}
{"uuid": "b07716682c", "date": "2010-01-01T00:00:00", "values": ["Measles RNG auto (entropy, spawn key) = (0, 20)"]}
{"uuid": "b07716682c", "date": "2010-01-01T00:00:00", "values": ["Schisto RNG auto (entropy, spawn key) = (0, 21)"]}
{"uuid": "b07716682c", "date": "2010-01-01T00:00:00", "values": ["Tb RNG auto (entropy, spawn key) = (0, 22)"]}
{"uuid": "b07716682c", "date": "2010-01-01T00:00:00", "values": ["BladderCancer RNG auto (entropy, spawn key) = (0, 23)"]}
{"uuid": "b07716682c", "date": "2010-01-01T00:00:00", "values": ["BreastCancer RNG auto (entropy, spawn key) = (0, 24)"]}
{"uuid": "b07716682c", "date": "2010-01-01T00:00:00", "values": ["CervicalCancer RNG auto (entropy, spawn key) = (0, 25)"]}
{"uuid": "b07716682c", "date": "2010-01-01T00:00:00", "values": ["OesophagealCancer RNG auto (entropy, spawn key) = (0, 26)"]}
{"uuid": "b07716682c", "date": "2010-01-01T00:00:00", "values": ["OtherAdultCancer RNG auto (entropy, spawn key) = (0, 27)"]}
{"uuid": "b07716682c", "date": "2010-01-01T00:00:00", "values": ["ProstateCancer RNG auto (entropy, spawn key) = (0, 28)"]}
{"uuid": "b07716682c", "date": "2010-01-01T00:00:00", "values": ["RTI RNG auto (entropy, spawn key) = (0, 29)"]}
{"uuid": "b07716682c", "date": "2010-01-01T00:00:00", "values": ["Copd RNG auto (entropy, spawn key) = (0, 30)"]}
{"uuid": "b07716682c", "date": "2010-01-01T00:00:00", "values": ["Depression RNG auto (entropy, spawn key) = (0, 31)"]}
{"uuid": "b07716682c", "date": "2010-01-01T00:00:00", "values": ["Epilepsy RNG auto (entropy, spawn key) = (0, 32)"]}
{"uuid": "dc8474b6b3", "type": "header", "module": "tlo.population", "key": "info", "level": "INFO", "columns": {"message": "str"}, "description": null}
{"uuid": "dc8474b6b3", "date": "2010-01-01T00:00:00", "values": ["Dataframe capacity append size: 1000"]}
{"uuid": "b07716682c", "date": "2010-01-01T00:00:00", "values": ["make_initial_population() 22.67117166519165 s"]}
{"uuid": "e9a19fe1f9", "type": "header", "module": "tlo.methods.demography", "key": "scaling_factor", "level": "WARNING", "columns": {"scaling_factor": "float"}, "description": "The data-to-model scaling factor (based on the initial population size, used to multiply-up results so that they correspond to the real population size."}
{"uuid": "e9a19fe1f9", "date": "2010-01-01T00:00:00", "values": [290.79218000000003]}
{"uuid": "da366e03ae", "type": "header", "module": "tlo.methods.demography", "key": "scaling_factor_district", "level": "WARNING", "columns": {"scaling_factor_district": "dict"}, "description": "The data-to-model district_level scaling factor (based on the initial population size,used to multiply-up results so that they correspond to the real population size."}
{"uuid": "da366e03ae", "date": "2010-01-01T00:00:00", "values": [{"Balaka": 292.18885821890655, "Blantyre": 290.00666810074694, "Blantyre City": 289.0374870811533, "Chikwawa": 303.5430314988817, "Chiradzulu": 291.3490968335263, "Chitipa": 298.2777391579305, "Dedza": 297.2389953138543, "Dowa": 293.77467482227445, "Karonga": 302.1771942910366, "Kasungu": 288.94935614027617, "Likoma": 267.2384402454295, "Lilongwe": 288.55314644156545, "Lilongwe City": 290.31423439747215, "Machinga": 288.9462323801105, "Mangochi": 287.00339941738713, "Mchinji": 284.9140887939129, "Mulanje": 295.5725069079527, "Mwanza": 303.64733629901616, "Mzimba": 301.5507112253667, "Mzuzu City": 288.0081988677558, "Neno": 306.9167500618024, "Nkhata Bay": 299.06650178941345, "Nkhotakota": 277.642231737952, "Nsanje": 274.56432422649266, "Ntcheu": 292.7807936521761, "Ntchisi": 279.8249598210122, "Phalombe": 286.00721165825297, "Rumphi": 281.04278564091175, "Salima": 277.2997287670948, "Thyolo": 296.689092542885, "Zomba": 287.7804838656647, "Zomba City": 291.71738176198596}]}
{"uuid": "072090a41b", "type": "header", "module": "tlo.methods.population", "key": "scaling_factor", "level": "WARNING", "columns": {"scaling_factor": "float"}, "description": "The data-to-model scaling factor (based on the initial population size, used to multiply-up results so that they correspond to the real population size."}
{"uuid": "072090a41b", "date": "2010-01-01T00:00:00", "values": [290.79218000000003]}
{"uuid": "b47e7f2cb8", "type": "header", "module": "tlo.methods.population", "key": "scaling_factor_district", "level": "WARNING", "columns": {"scaling_factor_district": "dict"}, "description": "The data-to-model district_level scaling factor (based on the initial population size,used to multiply-up results so that they correspond to the real population size."}
{"uuid": "b47e7f2cb8", "date": "2010-01-01T00:00:00", "values": [{"Balaka": 292.18885821890655, "Blantyre": 290.00666810074694, "Blantyre City": 289.0374870811533, "Chikwawa": 303.5430314988817, "Chiradzulu": 291.3490968335263, "Chitipa": 298.2777391579305, "Dedza": 297.2389953138543, "Dowa": 293.77467482227445, "Karonga": 302.1771942910366, "Kasungu": 288.94935614027617, "Likoma": 267.2384402454295, "Lilongwe": 288.55314644156545, "Lilongwe City": 290.31423439747215, "Machinga": 288.9462323801105, "Mangochi": 287.00339941738713, "Mchinji": 284.9140887939129, "Mulanje": 295.5725069079527, "Mwanza": 303.64733629901616, "Mzimba": 301.5507112253667, "Mzuzu City": 288.0081988677558, "Neno": 306.9167500618024, "Nkhata Bay": 299.06650178941345, "Nkhotakota": 277.642231737952, "Nsanje": 274.56432422649266, "Ntcheu": 292.7807936521761, "Ntchisi": 279.8249598210122, "Phalombe": 286.00721165825297, "Rumphi": 281.04278564091175, "Salima": 277.2997287670948, "Thyolo": 296.689092542885, "Zomba": 287.7804838656647, "Zomba City": 291.71738176198596}]}
{"uuid": "d5de3a8063", "type": "header", "module": "tlo.profiling", "key": "stats", "level": "INFO", "columns": {"duration_minutes": "float", "memory_rss_MiB": "float", "memory_uss_MiB": "float", "memory_vms_MiB": "float", "pop_df_mem_MiB": "float", "pop_df_number_alive": "int", "pop_df_rows": "int", "time": "str"}, "description": null}
{"uuid": "d5de3a8063", "date": "2010-01-01T00:00:00", "values": [0.0536149263381958, 593.09765625, 581.99609375, 837.78515625, 95.2783432006836, 50000, 50000, "2025-10-25T00:26:55.113516"]}
{"uuid": "dc8474b6b3", "date": "2010-01-01T00:00:00", "values": ["Increased capacity of population dataframe to 51000"]}
{"uuid": "d5de3a8063", "date": "2010-02-01T00:00:00", "values": [2.8685903668403627, 693.17578125, 681.953125, 939.15234375, 97.10790252685547, 50125, 51000, "2025-10-25T00:29:47.228938"]}
{"uuid": "d5de3a8063", "date": "2010-03-01T00:00:00", "values": [2.6125304023424785, 838.4375, 827.19921875, 1086.3046875, 97.12017059326172, 50194, 51000, "2025-10-25T00:32:23.980759"]}
{"uuid": "d5de3a8063", "date": "2010-04-01T00:00:00", "values": [3.1539152383804323, 973.76171875, 962.72265625, 1224.10546875, 97.13472747802734, 50277, 51000, "2025-10-25T00:35:33.215673"]}
{"uuid": "d5de3a8063", "date": "2010-05-01T00:00:00", "values": [2.927515705426534, 1147.3359375, 1136.0859375, 1399.41796875, 97.14913177490234, 50365, 51000, "2025-10-25T00:38:28.866615"]}
{"uuid": "1e86f25803", "type": "header", "module": "tlo.methods.healthsystem", "key": "message", "level": "WARNING", "columns": {"message": "str"}, "description": null}
{"uuid": "1e86f25803", "date": "2010-05-25T00:00:00", "values": ["Tb_Test_Screening actual_footprint requires differentofficers than expected_footprint."]}
{"uuid": "d5de3a8063", "date": "2010-06-01T00:00:00", "values": [2.7365214665730795, 1279.33984375, 1268.09765625, 1533.4609375, 97.16622161865234, 50505, 51000, "2025-10-25T00:41:13.057903"]}
{"uuid": "90f526bf10", "type": "header", "module": "tlo.methods.hiv", "key": "message", "level": "WARNING", "columns": {"message": "str"}, "description": null}
{"uuid": "90f526bf10", "date": "2010-06-17T00:00:00", "values": ["This event should not be running, Hiv_DecisionToContinueTreatment is for those already on tx"]}
{"uuid": "d5de3a8063", "date": "2010-07-01T00:00:00", "values": [2.991919982433319, 1381.83984375, 1370.58984375, 1637.9765625, 97.1784896850586, 50588, 51000, "2025-10-25T00:44:12.573102"]}
{"uuid": "dc8474b6b3", "date": "2010-07-09T00:00:00", "values": ["Increased capacity of population dataframe to 52000"]}
{"uuid": "1e86f25803", "date": "2010-07-18T00:00:00", "values": ["Tb_Test_Screening actual_footprint requires differentofficers than expected_footprint."]}
{"uuid": "d5de3a8063", "date": "2010-08-01T00:00:00", "values": [3.2628405054410297, 1541.26171875, 1530.01171875, 1798.2109375, 99.01042938232422, 50738, 52000, "2025-10-25T00:47:28.343532"]}
{"uuid": "d5de3a8063", "date": "2010-09-01T00:00:00", "values": [3.0528297940889995, 1543.30078125, 1532.05078125, 1799.6875, 99.02678680419922, 50863, 52000, "2025-10-25T00:50:31.513320"]}
{"uuid": "d5de3a8063", "date": "2010-10-01T00:00:00", "values": [4.3197292725245156, 1545.90625, 1534.65625, 1801.32421875, 99.05339813232422, 51077, 52000, "2025-10-25T00:54:50.697076"]}
{"uuid": "1e86f25803", "date": "2010-10-02T00:00:00", "values": ["Tb_Test_FollowUp actual_footprint requires differentofficers than expected_footprint."]}
{"uuid": "d5de3a8063", "date": "2010-11-01T00:00:00", "values": [4.635815751552582, 1524.59765625, 1513.46484375, 1778.48828125, 99.07207489013672, 51225, 52000, "2025-10-25T00:59:28.846021"]}
{"uuid": "1e86f25803", "date": "2010-11-04T00:00:00", "values": ["Tb_Test_Screening actual_footprint requires differentofficers than expected_footprint."]}
{"uuid": "90f526bf10", "date": "2010-11-12T00:00:00", "values": ["This event should not be running, Hiv_DecisionToContinueTreatment is for those already on tx"]}
{"uuid": "d5de3a8063", "date": "2010-12-01T00:00:00", "values": [4.338146503766378, 1528.31640625, 1517.20703125, 1780.01171875, 99.0880355834961, 51340, 52000, "2025-10-25T01:03:49.134812"]}
{"uuid": "dc8474b6b3", "date": "2010-12-01T00:00:00", "values": ["Increased capacity of population dataframe to 53000"]}
{"uuid": "d5de3a8063", "date": "2011-01-01T00:00:00", "values": [5.310451149940491, 1528.5703125, 1517.3203125, 1779.6875, 100.9215316772461, 51533, 53000, "2025-10-25T01:09:07.761883"]}
{"uuid": "d5de3a8063", "date": "2011-02-01T00:00:00", "values": [4.51067202091217, 1545.421875, 1534.1953125, 1796.6875, 100.93975067138672, 51677, 53000, "2025-10-25T01:13:38.402201"]}
{"uuid": "d5de3a8063", "date": "2011-03-01T00:00:00", "values": [4.599071343739827, 1528.68359375, 1517.43359375, 1779.796875, 100.95836639404297, 51808, 53000, "2025-10-25T01:18:14.346482"]}
{"uuid": "d5de3a8063", "date": "2011-04-01T00:00:00", "values": [5.108040138085683, 1511.70703125, 1500.45703125, 1762.8203125, 100.9774398803711, 51929, 53000, "2025-10-25T01:23:20.828891"]}
{"uuid": "90f526bf10", "date": "2011-04-25T00:00:00", "values": ["This event should not be running, Hiv_DecisionToContinueTreatment is for those already on tx"]}
{"uuid": "dc8474b6b3", "date": "2011-04-29T00:00:00", "values": ["Increased capacity of population dataframe to 54000"]}
{"uuid": "d5de3a8063", "date": "2011-05-01T00:00:00", "values": [4.581861857573191, 1554.95703125, 1543.71875, 1806.05078125, 102.80675506591797, 52043, 54000, "2025-10-25T01:27:55.740604"]}
{"uuid": "d5de3a8063", "date": "2011-06-01T00:00:00", "values": [4.526986281077067, 1526.54296875, 1515.328125, 1776.47265625, 102.8232650756836, 52145, 54000, "2025-10-25T01:32:27.359779"]}
{"uuid": "63d828121b", "type": "header", "module": "tlo.methods.rti", "key": "warning", "level": "WARNING", "columns": {"message": "str"}, "description": null}
{"uuid": "63d828121b", "date": "2011-06-10T00:00:00", "values": ["rt disability < 0 in rti_alter_daly_post_treatment"]}
{"uuid": "90f526bf10", "date": "2011-06-12T00:00:00", "values": ["This event should not be running, Hiv_DecisionToContinueTreatment is for those already on tx"]}
{"uuid": "d5de3a8063", "date": "2011-07-01T00:00:00", "values": [4.457578953107198, 1562.4375, 1551.1875, 1808.01953125, 102.84148406982422, 52292, 54000, "2025-10-25T01:36:54.814515"]}
{"uuid": "63d828121b", "date": "2011-07-10T00:00:00", "values": ["rt disability < 0 in rti_alter_daly_post_treatment"]}
{"uuid": "90f526bf10", "date": "2011-07-11T00:00:00", "values": ["This event should not be running, Hiv_DecisionToContinueTreatment is for those already on tx"]}
{"uuid": "d5de3a8063", "date": "2011-08-01T00:00:00", "values": [4.245459214846293, 1564.87890625, 1553.62890625, 1808.11328125, 102.8563461303711, 52410, 54000, "2025-10-25T01:41:09.542068"]}
{"uuid": "90f526bf10", "date": "2011-08-05T00:00:00", "values": ["This event should not be running, Hiv_DecisionToContinueTreatment is for those already on tx"]}
{"uuid": "90f526bf10", "date": "2011-08-24T00:00:00", "values": ["This event should not be running, Hiv_DecisionToContinueTreatment is for those already on tx"]}
{"uuid": "d5de3a8063", "date": "2011-09-01T00:00:00", "values": [4.084105360507965, 1533.609375, 1522.46484375, 1776.54296875, 102.87047576904297, 52509, 54000, "2025-10-25T01:45:14.588390"]}
{"uuid": "90f526bf10", "date": "2011-09-13T00:00:00", "values": ["This event should not be running, Hiv_DecisionToContinueTreatment is for those already on tx"]}
{"uuid": "d5de3a8063", "date": "2011-10-01T00:00:00", "values": [4.5069503823916115, 1585.76953125, 1574.65234375, 1829.5703125, 102.88814544677734, 52654, 54000, "2025-10-25T01:49:45.005413"]}
{"uuid": "dc8474b6b3", "date": "2011-10-25T00:00:00", "values": ["Increased capacity of population dataframe to 55000"]}
{"uuid": "d5de3a8063", "date": "2011-11-01T00:00:00", "values": [4.347424602508545, 1735.296875, 1724.046875, 1980.99609375, 104.71538543701172, 52786, 55000, "2025-10-25T01:54:05.850892"]}
{"uuid": "d5de3a8063", "date": "2011-12-01T00:00:00", "values": [4.17701857884725, 1735.34375, 1724.09375, 1981.04296875, 104.73302459716797, 52927, 55000, "2025-10-25T01:58:16.472004"]}
{"uuid": "d5de3a8063", "date": "2012-01-01T00:00:00", "values": [4.7136924266815186, 1752.44921875, 1741.421875, 1998.49609375, 104.74864959716797, 53064, 55000, "2025-10-25T02:02:59.293550"]}
{"uuid": "d5de3a8063", "date": "2012-02-01T00:00:00", "values": [4.516404338677725, 1735.9375, 1724.6875, 1981.13671875, 104.7671127319336, 53218, 55000, "2025-10-25T02:07:30.277810"]}
{"uuid": "d5de3a8063", "date": "2012-03-01T00:00:00", "values": [4.39884709517161, 1754.8671875, 1743.6171875, 1999.50390625, 104.7840805053711, 53360, 55000, "2025-10-25T02:11:54.208636"]}
{"uuid": "dc8474b6b3", "date": "2012-03-31T00:00:00", "values": ["Increased capacity of population dataframe to 56000"]}
{"uuid": "d5de3a8063", "date": "2012-04-01T00:00:00", "values": [5.144090676307679, 1751.78125, 1740.69921875, 1996.02734375, 106.61711883544922, 53533, 56000, "2025-10-25T02:17:02.854076"]}
{"uuid": "d5de3a8063", "date": "2012-05-01T00:00:00", "values": [4.560272697607676, 1750.13671875, 1738.890625, 1994.5703125, 106.6350326538086, 53685, 56000, "2025-10-25T02:21:36.470439"]}
{"uuid": "90f526bf10", "date": "2012-05-03T00:00:00", "values": ["This event should not be running, Hiv_DecisionToContinueTreatment is for those already on tx"]}
{"uuid": "90f526bf10", "date": "2012-05-27T00:00:00", "values": ["This event should not be running, Hiv_DecisionToContinueTreatment is for those already on tx"]}
{"uuid": "d5de3a8063", "date": "2012-06-01T00:00:00", "values": [4.4827023108800255, 1767.28125, 1756.04296875, 2012.0625, 106.6539535522461, 53838, 56000, "2025-10-25T02:26:05.432576"]}
{"uuid": "63d828121b", "date": "2012-06-10T00:00:00", "values": ["rt disability < 0 in rti_alter_daly_post_treatment"]}
{"uuid": "d5de3a8063", "date": "2012-07-01T00:00:00", "values": [4.709941299756368, 1757.984375, 1746.765625, 2002.93359375, 106.6710433959961, 53973, 56000, "2025-10-25T02:30:48.029054"]}
{"uuid": "d5de3a8063", "date": "2012-08-01T00:00:00", "values": [4.362842186292013, 1765.83984375, 1754.70703125, 2010.98828125, 106.68746185302734, 54108, 56000, "2025-10-25T02:35:09.799589"]}
{"uuid": "90f526bf10", "date": "2012-08-19T00:00:00", "values": ["This event should not be running, Hiv_DecisionToContinueTreatment is for those already on tx"]}
{"uuid": "d5de3a8063", "date": "2012-09-01T00:00:00", "values": [4.571338808536529, 1788.0859375, 1776.87890625, 2032.390625, 106.70519256591797, 54253, 56000, "2025-10-25T02:39:44.079918"]}
{"uuid": "1e86f25803", "date": "2012-09-04T00:00:00", "values": ["Tb_Test_FollowUp actual_footprint requires differentofficers than expected_footprint."]}
{"uuid": "90f526bf10", "date": "2012-09-06T00:00:00", "values": ["This event should not be running, Hiv_DecisionToContinueTreatment is for those already on tx"]}
{"uuid": "dc8474b6b3", "date": "2012-09-11T00:00:00", "values": ["Increased capacity of population dataframe to 57000"]}
{"uuid": "90f526bf10", "date": "2012-09-19T00:00:00", "values": ["This event should not be running, Hiv_DecisionToContinueTreatment is for those already on tx"]}
{"uuid": "d5de3a8063", "date": "2012-10-01T00:00:00", "values": [4.690679641564687, 1901.76171875, 1890.51171875, 2147.16015625, 108.53328704833984, 54377, 57000, "2025-10-25T02:44:25.520694"]}
{"uuid": "d5de3a8063", "date": "2012-11-01T00:00:00", "values": [4.449489450454712, 1902.44921875, 1891.19921875, 2147.25, 108.54985809326172, 54509, 57000, "2025-10-25T02:48:52.490059"]}
{"uuid": "d5de3a8063", "date": "2012-12-01T00:00:00", "values": [4.477919129530589, 1902.6484375, 1891.3984375, 2147.3515625, 108.5682601928711, 54663, 57000, "2025-10-25T02:53:21.165208"]}
{"uuid": "d5de3a8063", "date": "2013-01-01T00:00:00", "values": [4.9766145269076025, 1917.890625, 1906.640625, 2162.45703125, 108.58650970458984, 54820, 57000, "2025-10-25T02:58:19.762081"]}
{"uuid": "d5de3a8063", "date": "2013-02-01T00:00:00", "values": [4.66521227757136, 1902.48828125, 1891.37109375, 2147.14453125, 108.60637664794922, 55003, 57000, "2025-10-25T03:02:59.674817"]}
{"uuid": "dc8474b6b3", "date": "2013-02-16T00:00:00", "values": ["Increased capacity of population dataframe to 58000"]}
{"uuid": "d5de3a8063", "date": "2013-03-01T00:00:00", "values": [4.607458039124807, 1933.32421875, 1922.07421875, 2178.7421875, 110.43575286865234, 55141, 58000, "2025-10-25T03:07:36.122302"]}
{"uuid": "63d828121b", "date": "2013-03-12T00:00:00", "values": ["rt disability < 0 in rti_alter_daly_post_treatment"]}
{"uuid": "d5de3a8063", "date": "2013-04-01T00:00:00", "values": [5.015457355976105, 1939.94140625, 1928.69140625, 2184.80078125, 110.45659637451172, 55316, 58000, "2025-10-25T03:12:37.049740"]}
{"uuid": "90f526bf10", "date": "2013-04-11T00:00:00", "values": ["This event should not be running, Hiv_DecisionToContinueTreatment is for those already on tx"]}
{"uuid": "90f526bf10", "date": "2013-04-14T00:00:00", "values": ["This event should not be running, Hiv_DecisionToContinueTreatment is for those already on tx"]}
{"uuid": "d5de3a8063", "date": "2013-05-01T00:00:00", "values": [4.720664604504903, 1950.80859375, 1939.5625, 2195.8515625, 110.47612762451172, 55479, 58000, "2025-10-25T03:17:20.289616"]}
{"uuid": "63d828121b", "date": "2013-05-10T00:00:00", "values": ["rt disability < 0 in rti_alter_daly_post_treatment"]}
{"uuid": "d5de3a8063", "date": "2013-06-01T00:00:00", "values": [4.683758775393168, 1978.0390625, 1966.7890625, 2222.99609375, 110.49471282958984, 55623, 58000, "2025-10-25T03:22:01.315143"]}
{"uuid": "d5de3a8063", "date": "2013-07-01T00:00:00", "values": [4.742916071414948, 1984.22265625, 1972.97265625, 2228.73046875, 110.51232147216797, 55761, 58000, "2025-10-25T03:26:45.890106"]}
{"uuid": "dc8474b6b3", "date": "2013-07-15T00:00:00", "values": ["Increased capacity of population dataframe to 59000"]}
{"uuid": "d5de3a8063", "date": "2013-08-01T00:00:00", "values": [4.743335894743601, 2006.3828125, 1995.1796875, 2251.31640625, 112.3423080444336, 55917, 59000, "2025-10-25T03:31:30.490263"]}
{"uuid": "90f526bf10", "date": "2013-08-14T00:00:00", "values": ["This event should not be running, Hiv_DecisionToContinueTreatment is for those already on tx"]}
{"uuid": "90f526bf10", "date": "2013-08-15T00:00:00", "values": ["This event should not be running, Hiv_DecisionToContinueTreatment is for those already on tx"]}
{"uuid": "d5de3a8063", "date": "2013-09-01T00:00:00", "values": [4.6388970454533895, 2040.140625, 2028.89453125, 2284.29296875, 112.36031341552734, 56066, 59000, "2025-10-25T03:36:08.824083"]}
{"uuid": "63d828121b", "date": "2013-09-09T00:00:00", "values": ["rt disability < 0 in rti_alter_daly_post_treatment"]}
{"uuid": "1e86f25803", "date": "2013-09-24T00:00:00", "values": ["Tb_Test_Screening actual_footprint requires differentofficers than expected_footprint."]}
{"uuid": "d5de3a8063", "date": "2013-10-01T00:00:00", "values": [4.7237904588381445, 2053.02734375, 2041.77734375, 2297.37890625, 112.37682342529297, 56192, 59000, "2025-10-25T03:40:52.251510"]}
{"uuid": "d5de3a8063", "date": "2013-11-01T00:00:00", "values": [4.465431702136994, 2035.21875, 2024.09375, 2280.39453125, 112.3930892944336, 56322, 59000, "2025-10-25T03:45:20.177413"]}
{"uuid": "d5de3a8063", "date": "2013-12-01T00:00:00", "values": [4.853066901365916, 2076.2265625, 2064.98046875, 2320.88671875, 112.41289520263672, 56489, 59000, "2025-10-25T03:50:11.361426"]}
{"uuid": "1e86f25803", "date": "2013-12-05T00:00:00", "values": ["Tb_Test_FollowUp actual_footprint requires differentofficers than expected_footprint."]}
{"uuid": "63d828121b", "date": "2013-12-08T00:00:00", "values": ["rt disability < 0 in rti_alter_daly_post_treatment"]}
{"uuid": "dc8474b6b3", "date": "2013-12-22T00:00:00", "values": ["Increased capacity of population dataframe to 60000"]}
{"uuid": "d5de3a8063", "date": "2014-01-01T00:00:00", "values": [5.23618450164795, 2182.03515625, 2170.9453125, 2428.2890625, 114.24163055419922, 56630, 60000, "2025-10-25T03:55:25.532497"]}
{"uuid": "d5de3a8063", "date": "2014-02-01T00:00:00", "values": [5.024663933118185, 2143.67578125, 2132.42578125, 2390.45703125, 114.25801849365234, 56754, 60000, "2025-10-25T04:00:27.012334"]}
{"uuid": "d5de3a8063", "date": "2014-03-01T00:00:00", "values": [4.491521533330282, 2162.33984375, 2151.08984375, 2409.12109375, 114.27462005615234, 56892, 60000, "2025-10-25T04:04:56.503625"]}
{"uuid": "d5de3a8063", "date": "2014-04-01T00:00:00", "values": [5.533526047070821, 2178.359375, 2167.109375, 2422.1796875, 114.29772186279297, 57074, 60000, "2025-10-25T04:10:28.515187"]}
{"uuid": "90f526bf10", "date": "2014-04-13T00:00:00", "values": ["This event should not be running, Hiv_DecisionToContinueTreatment is for those already on tx"]}
{"uuid": "d5de3a8063", "date": "2014-05-01T00:00:00", "values": [4.7457428812980655, 2210.65625, 2199.44921875, 2454.0, 114.3160629272461, 57218, 60000, "2025-10-25T04:15:13.259762"]}
{"uuid": "dc8474b6b3", "date": "2014-05-24T00:00:00", "values": ["Increased capacity of population dataframe to 61000"]}
{"uuid": "d5de3a8063", "date": "2014-06-01T00:00:00", "values": [4.625702440738678, 2216.82421875, 2205.82421875, 2460.46484375, 116.14482879638672, 57353, 61000, "2025-10-25T04:19:50.801907"]}
{"uuid": "d5de3a8063", "date": "2014-07-01T00:00:00", "values": [4.959819543361664, 2180.91796875, 2169.92578125, 2424.59375, 116.1635971069336, 57514, 61000, "2025-10-25T04:24:48.391080"]}
{"uuid": "90f526bf10", "date": "2014-07-15T00:00:00", "values": ["This event should not be running, Hiv_DecisionToContinueTreatment is for those already on tx"]}
{"uuid": "90f526bf10", "date": "2014-07-20T00:00:00", "values": ["This event should not be running, Hiv_DecisionToContinueTreatment is for those already on tx"]}
{"uuid": "90f526bf10", "date": "2014-07-21T00:00:00", "values": ["This event should not be running, Hiv_DecisionToContinueTreatment is for those already on tx"]}
{"uuid": "d5de3a8063", "date": "2014-08-01T00:00:00", "values": [4.769972193241119, 2202.01953125, 2190.77734375, 2445.3828125, 116.18367767333984, 57685, 61000, "2025-10-25T04:29:34.589412"]}
{"uuid": "d5de3a8063", "date": "2014-09-01T00:00:00", "values": [4.89696462949117, 2224.12109375, 2212.875, 2467.68359375, 116.20320892333984, 57842, 61000, "2025-10-25T04:34:28.407289"]}
{"uuid": "d5de3a8063", "date": "2014-10-01T00:00:00", "values": [4.6016947507858275, 2206.9296875, 2195.7890625, 2450.90234375, 116.21736907958984, 57945, 61000, "2025-10-25T04:39:04.508976"]}
{"uuid": "90f526bf10", "date": "2014-10-27T00:00:00", "values": ["This event should not be running, Hiv_DecisionToContinueTreatment is for those already on tx"]}
{"uuid": "dc8474b6b3", "date": "2014-10-31T00:00:00", "values": ["Increased capacity of population dataframe to 62000"]}
{"uuid": "d5de3a8063", "date": "2014-11-01T00:00:00", "values": [4.691938690344492, 2315.65234375, 2304.44921875, 2560.296875, 118.04586029052734, 58067, 62000, "2025-10-25T04:43:46.025297"]}
{"uuid": "d5de3a8063", "date": "2014-12-01T00:00:00", "values": [4.670836222171784, 2324.01953125, 2312.76953125, 2568.8046875, 118.06368255615234, 58217, 62000, "2025-10-25T04:48:26.275469"]}
{"uuid": "db90bb6bbe", "type": "header", "module": "tlo.simulation", "key": "parameter_stats", "level": "INFO", "columns": {"count": "int", "label": "str", "module": "str"}, "description": null}
{"uuid": "db90bb6bbe", "date": "2015-01-01T00:00:00", "values": [1, "unassigned", "Demography"]}
{"uuid": "db90bb6bbe", "date": "2015-01-01T00:00:00", "values": [7, "not_init_via_load_param", "Demography"]}
{"uuid": "db90bb6bbe", "date": "2015-01-01T00:00:00", "values": [110, "unassigned", "Lifestyle"]}
{"uuid": "db90bb6bbe", "date": "2015-01-01T00:00:00", "values": [17, "not_init_via_load_param", "Lifestyle"]}
{"uuid": "db90bb6bbe", "date": "2015-01-01T00:00:00", "values": [3, "not_init_via_load_param", "HealthBurden"]}
{"uuid": "db90bb6bbe", "date": "2015-01-01T00:00:00", "values": [18, "not_init_via_load_param", "HealthSystem"]}
{"uuid": "db90bb6bbe", "date": "2015-01-01T00:00:00", "values": [25, "unassigned", "HealthSystem"]}
{"uuid": "db90bb6bbe", "date": "2015-01-01T00:00:00", "values": [1, "not_init_via_load_param", "SymptomManager"]}
{"uuid": "db90bb6bbe", "date": "2015-01-01T00:00:00", "values": [1, "unassigned", "SymptomManager"]}
{"uuid": "db90bb6bbe", "date": "2015-01-01T00:00:00", "values": [18, "unassigned", "HealthSeekingBehaviour"]}
{"uuid": "db90bb6bbe", "date": "2015-01-01T00:00:00", "values": [2, "not_init_via_load_param", "Epi"]}
{"uuid": "db90bb6bbe", "date": "2015-01-01T00:00:00", "values": [1, "unassigned", "Epi"]}
{"uuid": "db90bb6bbe", "date": "2015-01-01T00:00:00", "values": [14, "not_init_via_load_param", "Contraception"]}
{"uuid": "db90bb6bbe", "date": "2015-01-01T00:00:00", "values": [7, "unassigned", "Contraception"]}
{"uuid": "db90bb6bbe", "date": "2015-01-01T00:00:00", "values": [6, "not_init_via_load_param", "Hiv"]}
{"uuid": "db90bb6bbe", "date": "2015-01-01T00:00:00", "values": [70, "unassigned", "Hiv"]}
{"uuid": "db90bb6bbe", "date": "2015-01-01T00:00:00", "values": [33, "not_init_via_load_param", "CardioMetabolicDisorders"]}
{"uuid": "db90bb6bbe", "date": "2015-01-01T00:00:00", "values": [1, "unassigned", "CardioMetabolicDisorders"]}
{"uuid": "db90bb6bbe", "date": "2015-01-01T00:00:00", "values": [6, "not_init_via_load_param", "Malaria"]}
{"uuid": "db90bb6bbe", "date": "2015-01-01T00:00:00", "values": [29, "unassigned", "Malaria"]}
{"uuid": "db90bb6bbe", "date": "2015-01-01T00:00:00", "values": [118, "unassigned", "PregnancySupervisor"]}
{"uuid": "db90bb6bbe", "date": "2015-01-01T00:00:00", "values": [27, "unassigned", "CareOfWomenDuringPregnancy"]}
{"uuid": "db90bb6bbe", "date": "2015-01-01T00:00:00", "values": [64, "unassigned", "NewbornOutcomes"]}
{"uuid": "db90bb6bbe", "date": "2015-01-01T00:00:00", "values": [100, "unassigned", "Diarrhoea"]}
{"uuid": "db90bb6bbe", "date": "2015-01-01T00:00:00", "values": [31, "unassigned", "Stunting"]}
{"uuid": "db90bb6bbe", "date": "2015-01-01T00:00:00", "values": [177, "unassigned", "Labour"]}
{"uuid": "db90bb6bbe", "date": "2015-01-01T00:00:00", "values": [1, "not_init_via_load_param", "Labour"]}
{"uuid": "db90bb6bbe", "date": "2015-01-01T00:00:00", "values": [52, "unassigned", "PostnatalSupervisor"]}
{"uuid": "db90bb6bbe", "date": "2015-01-01T00:00:00", "values": [1, "not_init_via_load_param", "PostnatalSupervisor"]}
{"uuid": "db90bb6bbe", "date": "2015-01-01T00:00:00", "values": [119, "unassigned", "Alri"]}
{"uuid": "db90bb6bbe", "date": "2015-01-01T00:00:00", "values": [8, "unassigned", "Measles"]}
{"uuid": "db90bb6bbe", "date": "2015-01-01T00:00:00", "values": [2, "not_init_via_load_param", "Measles"]}
{"uuid": "db90bb6bbe", "date": "2015-01-01T00:00:00", "values": [54, "not_init_via_load_param", "Schisto"]}
{"uuid": "db90bb6bbe", "date": "2015-01-01T00:00:00", "values": [62, "unassigned", "Tb"]}
{"uuid": "db90bb6bbe", "date": "2015-01-01T00:00:00", "values": [7, "not_init_via_load_param", "Tb"]}
{"uuid": "db90bb6bbe", "date": "2015-01-01T00:00:00", "values": [32, "unassigned", "BladderCancer"]}
{"uuid": "db90bb6bbe", "date": "2015-01-01T00:00:00", "values": [25, "unassigned", "BreastCancer"]}
{"uuid": "db90bb6bbe", "date": "2015-01-01T00:00:00", "values": [11, "undetermined", "CervicalCancer"]}
{"uuid": "db90bb6bbe", "date": "2015-01-01T00:00:00", "values": [23, "universal", "CervicalCancer"]}
{"uuid": "db90bb6bbe", "date": "2015-01-01T00:00:00", "values": [13, "local", "CervicalCancer"]}
{"uuid": "db90bb6bbe", "date": "2015-01-01T00:00:00", "values": [33, "unassigned", "OesophagealCancer"]}
{"uuid": "db90bb6bbe", "date": "2015-01-01T00:00:00", "values": [24, "unassigned", "OtherAdultCancer"]}
{"uuid": "db90bb6bbe", "date": "2015-01-01T00:00:00", "values": [23, "unassigned", "ProstateCancer"]}
{"uuid": "db90bb6bbe", "date": "2015-01-01T00:00:00", "values": [1, "not_init_via_load_param", "ProstateCancer"]}
{"uuid": "db90bb6bbe", "date": "2015-01-01T00:00:00", "values": [154, "unassigned", "RTI"]}
{"uuid": "db90bb6bbe", "date": "2015-01-01T00:00:00", "values": [62, "not_init_via_load_param", "RTI"]}
{"uuid": "db90bb6bbe", "date": "2015-01-01T00:00:00", "values": [20, "unassigned", "Copd"]}
{"uuid": "db90bb6bbe", "date": "2015-01-01T00:00:00", "values": [37, "unassigned", "Depression"]}
{"uuid": "db90bb6bbe", "date": "2015-01-01T00:00:00", "values": [18, "unassigned", "Epilepsy"]}
{"uuid": "db90bb6bbe", "date": "2015-01-01T00:00:00", "values": [3, "not_init_via_load_param", "Epilepsy"]}
{"uuid": "b07716682c", "date": "2015-01-01T00:00:00", "values": ["simulate() 15978.780338287354 s"]}
