{"uuid": "b07716682c", "type": "header", "module": "tlo.simulation", "key": "info", "level": "INFO", "columns": {"message": "str"}, "description": null}
{"uuid": "b07716682c", "date": "2010-01-01T00:00:00", "values": ["Log output: profiling_results/2025/01/18/0022/scale_run_profiling__2025-01-18T002258.log"]}
{"uuid": "b07716682c", "date": "2010-01-01T00:00:00", "values": ["Simulation RNG user entropy = 0"]}
{"uuid": "b07716682c", "date": "2010-01-01T00:00:00", "values": ["Demography RNG auto (entropy, spawn key) = (0, 0)"]}
{"uuid": "b07716682c", "date": "2010-01-01T00:00:00", "values": ["Lifestyle RNG auto (entropy, spawn key) = (0, 1)"]}
{"uuid": "b07716682c", "date": "2010-01-01T00:00:00", "values": ["HealthBurden RNG auto (entropy, spawn key) = (0, 2)"]}
{"uuid": "b07716682c", "date": "2010-01-01T00:00:00", "values": ["HealthSystem RNG auto (entropy, spawn key) = (0, 3)"]}
{"uuid": "b07716682c", "date": "2010-01-01T00:00:00", "values": ["SymptomManager RNG auto (entropy, spawn key) = (0, 4)"]}
{"uuid": "b07716682c", "date": "2010-01-01T00:00:00", "values": ["HealthSeekingBehaviour RNG auto (entropy, spawn key) = (0, 5)"]}
{"uuid": "b07716682c", "date": "2010-01-01T00:00:00", "values": ["Epi RNG auto (entropy, spawn key) = (0, 6)"]}
{"uuid": "b07716682c", "date": "2010-01-01T00:00:00", "values": ["Contraception RNG auto (entropy, spawn key) = (0, 7)"]}
{"uuid": "b07716682c", "date": "2010-01-01T00:00:00", "values": ["Hiv RNG auto (entropy, spawn key) = (0, 8)"]}
{"uuid": "b07716682c", "date": "2010-01-01T00:00:00", "values": ["CardioMetabolicDisorders RNG auto (entropy, spawn key) = (0, 9)"]}
{"uuid": "b07716682c", "date": "2010-01-01T00:00:00", "values": ["Malaria RNG auto (entropy, spawn key) = (0, 10)"]}
{"uuid": "b07716682c", "date": "2010-01-01T00:00:00", "values": ["PregnancySupervisor RNG auto (entropy, spawn key) = (0, 11)"]}
{"uuid": "b07716682c", "date": "2010-01-01T00:00:00", "values": ["CareOfWomenDuringPregnancy RNG auto (entropy, spawn key) = (0, 12)"]}
{"uuid": "b07716682c", "date": "2010-01-01T00:00:00", "values": ["NewbornOutcomes RNG auto (entropy, spawn key) = (0, 13)"]}
{"uuid": "b07716682c", "date": "2010-01-01T00:00:00", "values": ["Wasting RNG auto (entropy, spawn key) = (0, 14)"]}
{"uuid": "b07716682c", "date": "2010-01-01T00:00:00", "values": ["Diarrhoea RNG auto (entropy, spawn key) = (0, 15)"]}
{"uuid": "b07716682c", "date": "2010-01-01T00:00:00", "values": ["Stunting RNG auto (entropy, spawn key) = (0, 16)"]}
{"uuid": "b07716682c", "date": "2010-01-01T00:00:00", "values": ["Labour RNG auto (entropy, spawn key) = (0, 17)"]}
{"uuid": "b07716682c", "date": "2010-01-01T00:00:00", "values": ["PostnatalSupervisor RNG auto (entropy, spawn key) = (0, 18)"]}
{"uuid": "b07716682c", "date": "2010-01-01T00:00:00", "values": ["Alri RNG auto (entropy, spawn key) = (0, 19)"]}
{"uuid": "b07716682c", "date": "2010-01-01T00:00:00", "values": ["Measles RNG auto (entropy, spawn key) = (0, 20)"]}
{"uuid": "b07716682c", "date": "2010-01-01T00:00:00", "values": ["Schisto RNG auto (entropy, spawn key) = (0, 21)"]}
{"uuid": "b07716682c", "date": "2010-01-01T00:00:00", "values": ["Tb RNG auto (entropy, spawn key) = (0, 22)"]}
{"uuid": "b07716682c", "date": "2010-01-01T00:00:00", "values": ["BladderCancer RNG auto (entropy, spawn key) = (0, 23)"]}
{"uuid": "b07716682c", "date": "2010-01-01T00:00:00", "values": ["BreastCancer RNG auto (entropy, spawn key) = (0, 24)"]}
{"uuid": "b07716682c", "date": "2010-01-01T00:00:00", "values": ["OesophagealCancer RNG auto (entropy, spawn key) = (0, 25)"]}
{"uuid": "b07716682c", "date": "2010-01-01T00:00:00", "values": ["OtherAdultCancer RNG auto (entropy, spawn key) = (0, 26)"]}
{"uuid": "b07716682c", "date": "2010-01-01T00:00:00", "values": ["ProstateCancer RNG auto (entropy, spawn key) = (0, 27)"]}
{"uuid": "b07716682c", "date": "2010-01-01T00:00:00", "values": ["RTI RNG auto (entropy, spawn key) = (0, 28)"]}
{"uuid": "b07716682c", "date": "2010-01-01T00:00:00", "values": ["Copd RNG auto (entropy, spawn key) = (0, 29)"]}
{"uuid": "b07716682c", "date": "2010-01-01T00:00:00", "values": ["Depression RNG auto (entropy, spawn key) = (0, 30)"]}
{"uuid": "b07716682c", "date": "2010-01-01T00:00:00", "values": ["Epilepsy RNG auto (entropy, spawn key) = (0, 31)"]}
{"uuid": "dc8474b6b3", "type": "header", "module": "tlo.population", "key": "info", "level": "INFO", "columns": {"message": "str"}, "description": null}
{"uuid": "dc8474b6b3", "date": "2010-01-01T00:00:00", "values": ["Dataframe capacity append size: 1000"]}
{"uuid": "b07716682c", "date": "2010-01-01T00:00:00", "values": ["make_initial_population() 27.938355684280396 s"]}
{"uuid": "e9a19fe1f9", "type": "header", "module": "tlo.methods.demography", "key": "scaling_factor", "level": "WARNING", "columns": {"scaling_factor": "float"}, "description": "The data-to-model scaling factor (based on the initial population size, used to multiply-up results so that they correspond to the real population size."}
{"uuid": "e9a19fe1f9", "date": "2010-01-01T00:00:00", "values": [290.79218000000003]}
{"uuid": "072090a41b", "type": "header", "module": "tlo.methods.population", "key": "scaling_factor", "level": "WARNING", "columns": {"scaling_factor": "float"}, "description": "The data-to-model scaling factor (based on the initial population size, used to multiply-up results so that they correspond to the real population size."}
{"uuid": "072090a41b", "date": "2010-01-01T00:00:00", "values": [290.79218000000003]}
{"uuid": "d5de3a8063", "type": "header", "module": "tlo.profiling", "key": "stats", "level": "INFO", "columns": {"duration_minutes": "float", "memory_rss_MiB": "float", "memory_uss_MiB": "float", "memory_vms_MiB": "float", "pop_df_mem_MiB": "float", "pop_df_number_alive": "int", "pop_df_rows": "int", "time": "str"}, "description": null}
{"uuid": "d5de3a8063", "date": "2010-01-01T00:00:00", "values": [0.11730804443359374, 541.953125, 530.96484375, 787.390625, 88.8384256362915, 50000, 50000, "2025-01-18T00:23:35.813638"]}
{"uuid": "dc8474b6b3", "date": "2010-01-01T00:00:00", "values": ["Increased capacity of population dataframe to 51000"]}
{"uuid": "d5de3a8063", "date": "2010-02-01T00:00:00", "values": [4.9362146298090614, 647.2578125, 636.30859375, 891.484375, 90.53926944732666, 50122, 51000, "2025-01-18T00:28:31.986518"]}
{"uuid": "d5de3a8063", "date": "2010-03-01T00:00:00", "values": [4.481515689690908, 761.1953125, 750.28515625, 1006.26953125, 90.55126285552979, 50193, 51000, "2025-01-18T00:33:00.877454"]}
{"uuid": "d5de3a8063", "date": "2010-04-01T00:00:00", "values": [5.546897204717, 933.76953125, 922.82421875, 1178.02734375, 90.56594181060791, 50281, 51000, "2025-01-18T00:38:33.691286"]}
{"uuid": "d5de3a8063", "date": "2010-05-01T00:00:00", "values": [5.008623679478963, 1066.5703125, 1055.48046875, 1310.5625, 90.58037662506104, 50369, 51000, "2025-01-18T00:43:34.208707"]}
{"uuid": "1e86f25803", "type": "header", "module": "tlo.methods.healthsystem", "key": "message", "level": "WARNING", "columns": {"message": "str"}, "description": null}
{"uuid": "1e86f25803", "date": "2010-05-10T00:00:00", "values": ["Tb_Test_Screening actual_footprint requires differentofficers than expected_footprint."]}
{"uuid": "d5de3a8063", "date": "2010-06-01T00:00:00", "values": [4.898179320494334, 1203.01171875, 1192.05859375, 1448.78515625, 90.59743595123291, 50507, 51000, "2025-01-18T00:48:28.099466"]}
{"uuid": "d5de3a8063", "date": "2010-07-01T00:00:00", "values": [4.992254420121511, 1353.21484375, 1342.37890625, 1599.203125, 90.61003971099854, 50587, 51000, "2025-01-18T00:53:27.634732"]}
{"uuid": "90f526bf10", "type": "header", "module": "tlo.methods.hiv", "key": "message", "level": "WARNING", "columns": {"message": "str"}, "description": null}
{"uuid": "90f526bf10", "date": "2010-07-06T00:00:00", "values": ["This event should not be running, Hiv_DecisionToContinueTreatment is for those already on tx"]}
{"uuid": "dc8474b6b3", "date": "2010-07-09T00:00:00", "values": ["Increased capacity of population dataframe to 52000"]}
{"uuid": "90f526bf10", "date": "2010-07-10T00:00:00", "values": ["This event should not be running, Hiv_DecisionToContinueTreatment is for those already on tx"]}
{"uuid": "63d828121b", "type": "header", "module": "tlo.methods.rti", "key": "warning", "level": "WARNING", "columns": {"message": "str"}, "description": null}
{"uuid": "63d828121b", "date": "2010-07-10T00:00:00", "values": ["rt disability < 0 in rti_alter_daly_post_treatment"]}
{"uuid": "d5de3a8063", "date": "2010-08-01T00:00:00", "values": [5.346184722582499, 1459.109375, 1448.12109375, 1704.27734375, 92.31219577789307, 50742, 52000, "2025-01-18T00:58:48.405815"]}
{"uuid": "90f526bf10", "date": "2010-08-27T00:00:00", "values": ["This event should not be running, Hiv_DecisionToContinueTreatment is for those already on tx"]}
{"uuid": "d5de3a8063", "date": "2010-09-01T00:00:00", "values": [5.502243741353353, 1459.1796875, 1448.2265625, 1704.35546875, 92.32876682281494, 50864, 52000, "2025-01-18T01:04:18.540439"]}
{"uuid": "d5de3a8063", "date": "2010-10-01T00:00:00", "values": [6.639391744136811, 1444.7265625, 1433.6328125, 1688.53515625, 92.35604953765869, 51099, 52000, "2025-01-18T01:10:56.903944"]}
{"uuid": "d5de3a8063", "date": "2010-11-01T00:00:00", "values": [6.648191849390666, 1477.07421875, 1465.984375, 1721.01171875, 92.37292575836182, 51238, 52000, "2025-01-18T01:17:35.795455"]}
{"uuid": "dc8474b6b3", "date": "2010-11-30T00:00:00", "values": ["Increased capacity of population dataframe to 53000"]}
{"uuid": "d5de3a8063", "date": "2010-12-01T00:00:00", "values": [6.363838422298431, 1493.33203125, 1482.48828125, 1738.3515625, 94.0746545791626, 51401, 53000, "2025-01-18T01:23:57.625760"]}
{"uuid": "d5de3a8063", "date": "2011-01-01T00:00:00", "values": [7.700731511910757, 1406.75390625, 1395.66015625, 1649.60546875, 94.09403324127197, 51563, 53000, "2025-01-18T01:31:39.669651"]}
{"uuid": "63d828121b", "date": "2011-01-10T00:00:00", "values": ["rt disability < 0 in rti_alter_daly_post_treatment"]}
{"uuid": "d5de3a8063", "date": "2011-02-01T00:00:00", "values": [7.308888101577759, 1428.0390625, 1417.109375, 1671.1796875, 94.11560916900635, 51739, 53000, "2025-01-18T01:38:58.202937"]}
{"uuid": "d5de3a8063", "date": "2011-03-01T00:00:00", "values": [6.704490176836649, 1405.203125, 1394.1640625, 1649.13671875, 94.1331262588501, 51861, 53000, "2025-01-18T01:45:40.472347"]}
{"uuid": "d5de3a8063", "date": "2011-04-01T00:00:00", "values": [7.351328607400259, 1426.30859375, 1415.22265625, 1669.9921875, 94.15088748931885, 51976, 53000, "2025-01-18T01:53:01.552064"]}
{"uuid": "dc8474b6b3", "date": "2011-04-29T00:00:00", "values": ["Increased capacity of population dataframe to 54000"]}
{"uuid": "d5de3a8063", "date": "2011-05-01T00:00:00", "values": [6.860070204734802, 1583.3515625, 1572.30078125, 1827.4375, 95.85151767730713, 52083, 54000, "2025-01-18T01:59:53.156276"]}
{"uuid": "d5de3a8063", "date": "2011-06-01T00:00:00", "values": [6.856025218963623, 1542.00390625, 1530.91015625, 1784.85546875, 95.86741733551025, 52185, 54000, "2025-01-18T02:06:44.517789"]}
{"uuid": "d5de3a8063", "date": "2011-07-01T00:00:00", "values": [6.735208042462667, 1556.87890625, 1545.94140625, 1800.01171875, 95.88465976715088, 52314, 54000, "2025-01-18T02:13:28.630272"]}
{"uuid": "90f526bf10", "date": "2011-07-07T00:00:00", "values": ["This event should not be running, Hiv_DecisionToContinueTreatment is for those already on tx"]}
{"uuid": "90f526bf10", "date": "2011-07-15T00:00:00", "values": ["This event should not be running, Hiv_DecisionToContinueTreatment is for those already on tx"]}
{"uuid": "90f526bf10", "date": "2011-07-18T00:00:00", "values": ["This event should not be running, Hiv_DecisionToContinueTreatment is for those already on tx"]}
{"uuid": "d5de3a8063", "date": "2011-08-01T00:00:00", "values": [6.397855397065481, 1566.69140625, 1555.8046875, 1810.125, 95.89997959136963, 52442, 54000, "2025-01-18T02:19:52.501596"]}
{"uuid": "90f526bf10", "date": "2011-08-03T00:00:00", "values": ["This event should not be running, Hiv_DecisionToContinueTreatment is for those already on tx"]}
{"uuid": "90f526bf10", "date": "2011-08-14T00:00:00", "values": ["This event should not be running, Hiv_DecisionToContinueTreatment is for those already on tx"]}
{"uuid": "90f526bf10", "date": "2011-08-28T00:00:00", "values": ["This event should not be running, Hiv_DecisionToContinueTreatment is for those already on tx"]}
{"uuid": "d5de3a8063", "date": "2011-09-01T00:00:00", "values": [6.654485400517782, 1584.8515625, 1573.9375, 1828.7265625, 95.91731357574463, 52593, 54000, "2025-01-18T02:26:31.770724"]}
{"uuid": "d5de3a8063", "date": "2011-10-01T00:00:00", "values": [6.925266698996226, 1642.6640625, 1631.796875, 1885.87109375, 95.9348611831665, 52725, 54000, "2025-01-18T02:33:27.286721"]}
{"uuid": "dc8474b6b3", "date": "2011-10-21T00:00:00", "values": ["Increased capacity of population dataframe to 55000"]}
{"uuid": "d5de3a8063", "date": "2011-11-01T00:00:00", "values": [6.984921638170878, 1735.36328125, 1724.26953125, 1979.10546875, 97.63558292388916, 52858, 55000, "2025-01-18T02:40:26.382020"]}
{"uuid": "90f526bf10", "date": "2011-11-27T00:00:00", "values": ["This event should not be running, Hiv_DecisionToContinueTreatment is for those already on tx"]}
{"uuid": "d5de3a8063", "date": "2011-12-01T00:00:00", "values": [6.557340427239736, 1786.04296875, 1775.10546875, 2030.06640625, 97.65435123443604, 53010, 55000, "2025-01-18T02:46:59.822446"]}
{"uuid": "90f526bf10", "date": "2011-12-06T00:00:00", "values": ["This event should not be running, Hiv_DecisionToContinueTreatment is for those already on tx"]}
{"uuid": "1e86f25803", "date": "2011-12-08T00:00:00", "values": ["Tb_Test_Screening actual_footprint requires differentofficers than expected_footprint."]}
{"uuid": "d5de3a8063", "date": "2012-01-01T00:00:00", "values": [7.094969264666239, 1792.45703125, 1781.36328125, 2036.32421875, 97.66954898834229, 53131, 55000, "2025-01-18T02:54:05.520601"]}
{"uuid": "d5de3a8063", "date": "2012-02-01T00:00:00", "values": [6.776832592487335, 1762.046875, 1751.109375, 2005.1796875, 97.68758487701416, 53288, 55000, "2025-01-18T03:00:52.130560"]}
{"uuid": "d5de3a8063", "date": "2012-03-01T00:00:00", "values": [6.680270210901896, 1783.14453125, 1772.2421875, 2027.2265625, 97.70354557037354, 53426, 55000, "2025-01-18T03:07:32.946770"]}
{"uuid": "dc8474b6b3", "date": "2012-03-29T00:00:00", "values": ["Increased capacity of population dataframe to 56000"]}
{"uuid": "d5de3a8063", "date": "2012-04-01T00:00:00", "values": [7.820124089717865, 1849.46875, 1838.3828125, 2094.1875, 99.40588474273682, 53565, 56000, "2025-01-18T03:15:22.154215"]}
{"uuid": "d5de3a8063", "date": "2012-05-01T00:00:00", "values": [7.488583679993948, 1791.31640625, 1780.22265625, 2035.1015625, 99.42517185211182, 53717, 56000, "2025-01-18T03:22:51.469236"]}
{"uuid": "90f526bf10", "date": "2012-05-08T00:00:00", "values": ["This event should not be running, Hiv_DecisionToContinueTreatment is for those already on tx"]}
{"uuid": "90f526bf10", "date": "2012-05-22T00:00:00", "values": ["This event should not be running, Hiv_DecisionToContinueTreatment is for those already on tx"]}
{"uuid": "d5de3a8063", "date": "2012-06-01T00:00:00", "values": [6.9723289450009664, 1822.21875, 1811.27734375, 2065.4609375, 99.44387912750244, 53863, 56000, "2025-01-18T03:29:49.808973"]}
{"uuid": "90f526bf10", "date": "2012-06-08T00:00:00", "values": ["This event should not be running, Hiv_DecisionToContinueTreatment is for those already on tx"]}
{"uuid": "90f526bf10", "date": "2012-06-21T00:00:00", "values": ["This event should not be running, Hiv_DecisionToContinueTreatment is for those already on tx"]}
{"uuid": "90f526bf10", "date": "2012-06-24T00:00:00", "values": ["This event should not be running, Hiv_DecisionToContinueTreatment is for those already on tx"]}
{"uuid": "d5de3a8063", "date": "2012-07-01T00:00:00", "values": [7.287974353631338, 1844.44140625, 1833.53125, 2087.609375, 99.46167087554932, 54009, 56000, "2025-01-18T03:37:07.087434"]}
{"uuid": "63d828121b", "date": "2012-07-10T00:00:00", "values": ["rt disability < 0 in rti_alter_daly_post_treatment"]}
{"uuid": "90f526bf10", "date": "2012-07-20T00:00:00", "values": ["This event should not be running, Hiv_DecisionToContinueTreatment is for those already on tx"]}
{"uuid": "d5de3a8063", "date": "2012-08-01T00:00:00", "values": [6.999638740221659, 1860.921875, 1850.0, 2104.2421875, 99.48004245758057, 54162, 56000, "2025-01-18T03:44:07.065761"]}
{"uuid": "90f526bf10", "date": "2012-08-13T00:00:00", "values": ["This event should not be running, Hiv_DecisionToContinueTreatment is for those already on tx"]}
{"uuid": "90f526bf10", "date": "2012-08-16T00:00:00", "values": ["This event should not be running, Hiv_DecisionToContinueTreatment is for those already on tx"]}
{"uuid": "dc8474b6b3", "date": "2012-08-30T00:00:00", "values": ["Increased capacity of population dataframe to 57000"]}
{"uuid": "d5de3a8063", "date": "2012-09-01T00:00:00", "values": [7.010687708854675, 1898.73046875, 1887.77734375, 2141.84765625, 101.18033695220947, 54303, 57000, "2025-01-18T03:51:07.707020"]}
{"uuid": "1e86f25803", "date": "2012-09-17T00:00:00", "values": ["Tb_Test_Screening actual_footprint requires differentofficers than expected_footprint."]}
{"uuid": "90f526bf10", "date": "2012-09-26T00:00:00", "values": ["This event should not be running, Hiv_DecisionToContinueTreatment is for those already on tx"]}
{"uuid": "d5de3a8063", "date": "2012-10-01T00:00:00", "values": [7.203535584608714, 1883.21875, 1872.125, 2126.828125, 101.19699954986572, 54435, 57000, "2025-01-18T03:58:19.919155"]}
{"uuid": "d5de3a8063", "date": "2012-11-01T00:00:00", "values": [7.275366103649139, 1919.23046875, 1908.25390625, 2162.32421875, 101.2165002822876, 54601, 57000, "2025-01-18T04:05:36.441122"]}
{"uuid": "63d828121b", "date": "2012-11-10T00:00:00", "values": ["rt disability < 0 in rti_alter_daly_post_treatment"]}
{"uuid": "1e86f25803", "date": "2012-11-28T00:00:00", "values": ["Tb_Test_Screening actual_footprint requires differentofficers than expected_footprint."]}
{"uuid": "90f526bf10", "date": "2012-11-29T00:00:00", "values": ["This event should not be running, Hiv_DecisionToContinueTreatment is for those already on tx"]}
{"uuid": "d5de3a8063", "date": "2012-12-01T00:00:00", "values": [6.929342317581177, 1932.57421875, 1921.484375, 2176.37890625, 101.23474979400635, 54765, 57000, "2025-01-18T04:12:32.201661"]}
{"uuid": "d5de3a8063", "date": "2013-01-01T00:00:00", "values": [7.958835434913635, 1963.73828125, 1952.86328125, 2206.9375, 101.25382328033447, 54910, 57000, "2025-01-18T04:20:29.731787"]}
{"uuid": "63d828121b", "date": "2013-01-10T00:00:00", "values": ["rt disability < 0 in rti_alter_daly_post_treatment"]}
{"uuid": "90f526bf10", "date": "2013-01-17T00:00:00", "values": ["This event should not be running, Hiv_DecisionToContinueTreatment is for those already on tx"]}
{"uuid": "dc8474b6b3", "date": "2013-01-31T00:00:00", "values": ["Increased capacity of population dataframe to 58000"]}
{"uuid": "d5de3a8063", "date": "2013-02-01T00:00:00", "values": [7.227480030059814, 2039.17578125, 2028.140625, 2283.828125, 102.95604038238525, 55071, 58000, "2025-01-18T04:27:43.380589"]}
{"uuid": "1e86f25803", "date": "2013-02-08T00:00:00", "values": ["Tb_Test_Screening actual_footprint requires differentofficers than expected_footprint."]}
{"uuid": "63d828121b", "date": "2013-02-09T00:00:00", "values": ["rt disability < 0 in rti_alter_daly_post_treatment"]}
{"uuid": "63d828121b", "date": "2013-02-09T00:00:00", "values": ["rt disability < 0 in rti_alter_daly_post_treatment"]}
{"uuid": "d5de3a8063", "date": "2013-03-01T00:00:00", "values": [7.042614126205445, 1983.30078125, 1972.20703125, 2226.15625, 102.9741678237915, 55221, 58000, "2025-01-18T04:34:45.937437"]}
{"uuid": "90f526bf10", "date": "2013-03-23T00:00:00", "values": ["This event should not be running, Hiv_DecisionToContinueTreatment is for those already on tx"]}
{"uuid": "d5de3a8063", "date": "2013-04-01T00:00:00", "values": [7.917421372731527, 2038.87890625, 2027.84765625, 2282.66015625, 102.99522495269775, 55402, 58000, "2025-01-18T04:42:40.982720"]}
{"uuid": "d5de3a8063", "date": "2013-05-01T00:00:00", "values": [7.099074077606201, 2056.62109375, 2045.6875, 2299.765625, 103.01393222808838, 55564, 58000, "2025-01-18T04:49:46.927164"]}
{"uuid": "d5de3a8063", "date": "2013-06-01T00:00:00", "values": [7.452583201726278, 2057.2421875, 2046.3828125, 2300.5625, 103.03352451324463, 55720, 58000, "2025-01-18T04:57:14.082156"]}
{"uuid": "dc8474b6b3", "date": "2013-06-26T00:00:00", "values": ["Increased capacity of population dataframe to 59000"]}
{"uuid": "90f526bf10", "date": "2013-06-30T00:00:00", "values": ["This event should not be running, Hiv_DecisionToContinueTreatment is for those already on tx"]}
{"uuid": "90f526bf10", "date": "2013-06-30T00:00:00", "values": ["This event should not be running, Hiv_DecisionToContinueTreatment is for those already on tx"]}
{"uuid": "d5de3a8063", "date": "2013-07-01T00:00:00", "values": [7.307305673758189, 2076.4296875, 2065.33984375, 2319.90625, 104.73403263092041, 55866, 59000, "2025-01-18T05:04:32.520496"]}
{"uuid": "63d828121b", "date": "2013-07-10T00:00:00", "values": ["rt disability < 0 in rti_alter_daly_post_treatment"]}
{"uuid": "90f526bf10", "date": "2013-07-17T00:00:00", "values": ["This event should not be running, Hiv_DecisionToContinueTreatment is for those already on tx"]}
{"uuid": "d5de3a8063", "date": "2013-08-01T00:00:00", "values": [7.112881684303284, 2088.65625, 2077.625, 2331.77734375, 104.75154972076416, 56010, 59000, "2025-01-18T05:11:39.293398"]}
{"uuid": "90f526bf10", "date": "2013-08-02T00:00:00", "values": ["This event should not be running, Hiv_DecisionToContinueTreatment is for those already on tx"]}
{"uuid": "63d828121b", "date": "2013-08-10T00:00:00", "values": ["rt disability < 0 in rti_alter_daly_post_treatment"]}
{"uuid": "d5de3a8063", "date": "2013-09-01T00:00:00", "values": [7.5150085171063745, 2092.171875, 2081.08203125, 2335.828125, 104.77114200592041, 56166, 59000, "2025-01-18T05:19:10.193908"]}
{"uuid": "63d828121b", "date": "2013-09-09T00:00:00", "values": ["rt disability < 0 in rti_alter_daly_post_treatment"]}
{"uuid": "90f526bf10", "date": "2013-09-11T00:00:00", "values": ["This event should not be running, Hiv_DecisionToContinueTreatment is for those already on tx"]}
{"uuid": "d5de3a8063", "date": "2013-10-01T00:00:00", "values": [7.454875791072846, 2150.0546875, 2139.12109375, 2393.19921875, 104.78881168365479, 56303, 59000, "2025-01-18T05:26:37.486456"]}
{"uuid": "63d828121b", "date": "2013-10-10T00:00:00", "values": ["rt disability < 0 in rti_alter_daly_post_treatment"]}
{"uuid": "1e86f25803", "date": "2013-10-13T00:00:00", "values": ["Tb_Test_Screening actual_footprint requires differentofficers than expected_footprint."]}
{"uuid": "d5de3a8063", "date": "2013-11-01T00:00:00", "values": [7.318779857953389, 2190.4765625, 2179.390625, 2434.28515625, 104.80742740631104, 56470, 59000, "2025-01-18T05:33:56.613247"]}
{"uuid": "63d828121b", "date": "2013-11-10T00:00:00", "values": ["rt disability < 0 in rti_alter_daly_post_treatment"]}
{"uuid": "dc8474b6b3", "date": "2013-11-30T00:00:00", "values": ["Increased capacity of population dataframe to 60000"]}
{"uuid": "d5de3a8063", "date": "2013-12-01T00:00:00", "values": [6.864866542816162, 2290.91796875, 2279.84765625, 2534.765625, 106.50830173492432, 56616, 60000, "2025-01-18T05:40:48.505241"]}
{"uuid": "d5de3a8063", "date": "2014-01-01T00:00:00", "values": [7.908115084966024, 2374.5703125, 2363.64453125, 2618.296875, 106.52572727203369, 56758, 60000, "2025-01-18T05:48:42.992146"]}
{"uuid": "90f526bf10", "date": "2014-01-28T00:00:00", "values": ["This event should not be running, Hiv_DecisionToContinueTreatment is for those already on tx"]}
{"uuid": "d5de3a8063", "date": "2014-02-01T00:00:00", "values": [7.25634271701177, 2391.50390625, 2380.45703125, 2635.296875, 106.54153537750244, 56881, 60000, "2025-01-18T05:55:58.372707"]}
{"uuid": "d5de3a8063", "date": "2014-03-01T00:00:00", "values": [7.21121422847112, 2416.359375, 2405.4296875, 2660.171875, 106.55929660797119, 57017, 60000, "2025-01-18T06:03:11.045562"]}
{"uuid": "d5de3a8063", "date": "2014-04-01T00:00:00", "values": [8.240201803048452, 2398.78125, 2387.85546875, 2642.77734375, 106.57907199859619, 57176, 60000, "2025-01-18T06:11:25.457670"]}
{"uuid": "63d828121b", "date": "2014-04-12T00:00:00", "values": ["rt disability < 0 in rti_alter_daly_post_treatment"]}
{"uuid": "90f526bf10", "date": "2014-04-24T00:00:00", "values": ["This event should not be running, Hiv_DecisionToContinueTreatment is for those already on tx"]}
{"uuid": "d5de3a8063", "date": "2014-05-01T00:00:00", "values": [7.504659899075826, 2437.2265625, 2426.16796875, 2680.25390625, 106.59677219390869, 57316, 60000, "2025-01-18T06:18:55.737263"]}
{"uuid": "dc8474b6b3", "date": "2014-05-06T00:00:00", "values": ["Increased capacity of population dataframe to 61000"]}
{"uuid": "d5de3a8063", "date": "2014-06-01T00:00:00", "values": [7.891961753368378, 2458.8984375, 2447.8046875, 2701.87109375, 108.29895877838135, 57462, 61000, "2025-01-18T06:26:49.254969"]}
{"uuid": "63d828121b", "date": "2014-06-10T00:00:00", "values": ["rt disability < 0 in rti_alter_daly_post_treatment"]}
{"uuid": "d5de3a8063", "date": "2014-07-01T00:00:00", "values": [7.499391520023346, 2469.8046875, 2458.95703125, 2713.87109375, 108.31531620025635, 57595, 61000, "2025-01-18T06:34:19.218460"]}
{"uuid": "90f526bf10", "date": "2014-07-10T00:00:00", "values": ["This event should not be running, Hiv_DecisionToContinueTreatment is for those already on tx"]}
{"uuid": "90f526bf10", "date": "2014-07-17T00:00:00", "values": ["This event should not be running, Hiv_DecisionToContinueTreatment is for those already on tx"]}
{"uuid": "90f526bf10", "date": "2014-07-21T00:00:00", "values": ["This event should not be running, Hiv_DecisionToContinueTreatment is for those already on tx"]}
{"uuid": "d5de3a8063", "date": "2014-08-01T00:00:00", "values": [7.587885622183482, 2485.640625, 2474.62109375, 2728.87109375, 108.3336877822876, 57742, 61000, "2025-01-18T06:41:54.491598"]}
{"uuid": "90f526bf10", "date": "2014-08-02T00:00:00", "values": ["This event should not be running, Hiv_DecisionToContinueTreatment is for those already on tx"]}
{"uuid": "90f526bf10", "date": "2014-08-05T00:00:00", "values": ["This event should not be running, Hiv_DecisionToContinueTreatment is for those already on tx"]}
{"uuid": "90f526bf10", "date": "2014-08-21T00:00:00", "values": ["This event should not be running, Hiv_DecisionToContinueTreatment is for those already on tx"]}
{"uuid": "d5de3a8063", "date": "2014-09-01T00:00:00", "values": [7.784261425336202, 2509.49609375, 2498.6484375, 2752.7109375, 108.3521203994751, 57886, 61000, "2025-01-18T06:49:41.547283"]}
{"uuid": "1e86f25803", "date": "2014-09-24T00:00:00", "values": ["Tb_Test_Screening actual_footprint requires differentofficers than expected_footprint."]}
{"uuid": "d5de3a8063", "date": "2014-10-01T00:00:00", "values": [7.636443920930227, 2528.7734375, 2517.93359375, 2772.0078125, 108.3690881729126, 58032, 61000, "2025-01-18T06:57:19.733918"]}
{"uuid": "dc8474b6b3", "date": "2014-10-14T00:00:00", "values": ["Increased capacity of population dataframe to 62000"]}
{"uuid": "d5de3a8063", "date": "2014-11-01T00:00:00", "values": [7.999230122566223, 2513.8359375, 2502.7421875, 2757.5078125, 110.07106113433838, 58194, 62000, "2025-01-18T07:05:19.687743"]}
{"uuid": "90f526bf10", "date": "2014-11-19T00:00:00", "values": ["This event should not be running, Hiv_DecisionToContinueTreatment is for those already on tx"]}
{"uuid": "d5de3a8063", "date": "2014-12-01T00:00:00", "values": [7.3749750057856245, 2548.81640625, 2537.75390625, 2792.31640625, 110.09080600738525, 58365, 62000, "2025-01-18T07:12:42.186226"]}
{"uuid": "b07716682c", "date": "2015-01-01T00:00:00", "values": ["simulate() 25013.761038541794 s"]}
