{"uuid": "b07716682c", "type": "header", "module": "tlo.simulation", "key": "info", "level": "INFO", "columns": {"message": "str"}, "description": null}
{"uuid": "b07716682c", "date": "2010-01-01T00:00:00", "values": ["Log output: profiling_results/2025/11/08/0025/scale_run_profiling__2025-11-08T002556.log"]}
{"uuid": "b07716682c", "date": "2010-01-01T00:00:00", "values": ["Simulation RNG user entropy = 0"]}
{"uuid": "b07716682c", "date": "2010-01-01T00:00:00", "values": ["Demography RNG auto (entropy, spawn key) = (0, 0)"]}
{"uuid": "b07716682c", "date": "2010-01-01T00:00:00", "values": ["Lifestyle RNG auto (entropy, spawn key) = (0, 1)"]}
{"uuid": "b07716682c", "date": "2010-01-01T00:00:00", "values": ["HealthBurden RNG auto (entropy, spawn key) = (0, 2)"]}
{"uuid": "b07716682c", "date": "2010-01-01T00:00:00", "values": ["HealthSystem RNG auto (entropy, spawn key) = (0, 3)"]}
{"uuid": "b07716682c", "date": "2010-01-01T00:00:00", "values": ["SymptomManager RNG auto (entropy, spawn key) = (0, 4)"]}
{"uuid": "b07716682c", "date": "2010-01-01T00:00:00", "values": ["HealthSeekingBehaviour RNG auto (entropy, spawn key) = (0, 5)"]}
{"uuid": "b07716682c", "date": "2010-01-01T00:00:00", "values": ["Epi RNG auto (entropy, spawn key) = (0, 6)"]}
{"uuid": "b07716682c", "date": "2010-01-01T00:00:00", "values": ["Contraception RNG auto (entropy, spawn key) = (0, 7)"]}
{"uuid": "b07716682c", "date": "2010-01-01T00:00:00", "values": ["Hiv RNG auto (entropy, spawn key) = (0, 8)"]}
{"uuid": "b07716682c", "date": "2010-01-01T00:00:00", "values": ["CardioMetabolicDisorders RNG auto (entropy, spawn key) = (0, 9)"]}
{"uuid": "b07716682c", "date": "2010-01-01T00:00:00", "values": ["Malaria RNG auto (entropy, spawn key) = (0, 10)"]}
{"uuid": "b07716682c", "date": "2010-01-01T00:00:00", "values": ["PregnancySupervisor RNG auto (entropy, spawn key) = (0, 11)"]}
{"uuid": "b07716682c", "date": "2010-01-01T00:00:00", "values": ["CareOfWomenDuringPregnancy RNG auto (entropy, spawn key) = (0, 12)"]}
{"uuid": "b07716682c", "date": "2010-01-01T00:00:00", "values": ["NewbornOutcomes RNG auto (entropy, spawn key) = (0, 13)"]}
{"uuid": "b07716682c", "date": "2010-01-01T00:00:00", "values": ["Wasting RNG auto (entropy, spawn key) = (0, 14)"]}
{"uuid": "b07716682c", "date": "2010-01-01T00:00:00", "values": ["Diarrhoea RNG auto (entropy, spawn key) = (0, 15)"]}
{"uuid": "b07716682c", "date": "2010-01-01T00:00:00", "values": ["Stunting RNG auto (entropy, spawn key) = (0, 16)"]}
{"uuid": "b07716682c", "date": "2010-01-01T00:00:00", "values": ["Labour RNG auto (entropy, spawn key) = (0, 17)"]}
{"uuid": "b07716682c", "date": "2010-01-01T00:00:00", "values": ["PostnatalSupervisor RNG auto (entropy, spawn key) = (0, 18)"]}
{"uuid": "b07716682c", "date": "2010-01-01T00:00:00", "values": ["Alri RNG auto (entropy, spawn key) = (0, 19)"]}
{"uuid": "b07716682c", "date": "2010-01-01T00:00:00", "values": ["Measles RNG auto (entropy, spawn key) = (0, 20)"]}
{"uuid": "b07716682c", "date": "2010-01-01T00:00:00", "values": ["Schisto RNG auto (entropy, spawn key) = (0, 21)"]}
{"uuid": "b07716682c", "date": "2010-01-01T00:00:00", "values": ["Tb RNG auto (entropy, spawn key) = (0, 22)"]}
{"uuid": "b07716682c", "date": "2010-01-01T00:00:00", "values": ["BladderCancer RNG auto (entropy, spawn key) = (0, 23)"]}
{"uuid": "b07716682c", "date": "2010-01-01T00:00:00", "values": ["BreastCancer RNG auto (entropy, spawn key) = (0, 24)"]}
{"uuid": "b07716682c", "date": "2010-01-01T00:00:00", "values": ["CervicalCancer RNG auto (entropy, spawn key) = (0, 25)"]}
{"uuid": "b07716682c", "date": "2010-01-01T00:00:00", "values": ["OesophagealCancer RNG auto (entropy, spawn key) = (0, 26)"]}
{"uuid": "b07716682c", "date": "2010-01-01T00:00:00", "values": ["OtherAdultCancer RNG auto (entropy, spawn key) = (0, 27)"]}
{"uuid": "b07716682c", "date": "2010-01-01T00:00:00", "values": ["ProstateCancer RNG auto (entropy, spawn key) = (0, 28)"]}
{"uuid": "b07716682c", "date": "2010-01-01T00:00:00", "values": ["RTI RNG auto (entropy, spawn key) = (0, 29)"]}
{"uuid": "b07716682c", "date": "2010-01-01T00:00:00", "values": ["Copd RNG auto (entropy, spawn key) = (0, 30)"]}
{"uuid": "b07716682c", "date": "2010-01-01T00:00:00", "values": ["Depression RNG auto (entropy, spawn key) = (0, 31)"]}
{"uuid": "b07716682c", "date": "2010-01-01T00:00:00", "values": ["Epilepsy RNG auto (entropy, spawn key) = (0, 32)"]}
{"uuid": "dc8474b6b3", "type": "header", "module": "tlo.population", "key": "info", "level": "INFO", "columns": {"message": "str"}, "description": null}
{"uuid": "dc8474b6b3", "date": "2010-01-01T00:00:00", "values": ["Dataframe capacity append size: 1000"]}
{"uuid": "b07716682c", "date": "2010-01-01T00:00:00", "values": ["make_initial_population() 25.97976803779602 s"]}
{"uuid": "e9a19fe1f9", "type": "header", "module": "tlo.methods.demography", "key": "scaling_factor", "level": "WARNING", "columns": {"scaling_factor": "float"}, "description": "The data-to-model scaling factor (based on the initial population size, used to multiply-up results so that they correspond to the real population size."}
{"uuid": "e9a19fe1f9", "date": "2010-01-01T00:00:00", "values": [290.79218000000003]}
{"uuid": "da366e03ae", "type": "header", "module": "tlo.methods.demography", "key": "scaling_factor_district", "level": "WARNING", "columns": {"scaling_factor_district": "dict"}, "description": "The data-to-model district_level scaling factor (based on the initial population size,used to multiply-up results so that they correspond to the real population size."}
{"uuid": "da366e03ae", "date": "2010-01-01T00:00:00", "values": [{"Balaka": 292.18885821890655, "Blantyre": 290.00666810074694, "Blantyre City": 289.0374870811533, "Chikwawa": 303.5430314988817, "Chiradzulu": 291.3490968335263, "Chitipa": 298.2777391579305, "Dedza": 297.2389953138543, "Dowa": 293.77467482227445, "Karonga": 302.1771942910366, "Kasungu": 288.94935614027617, "Likoma": 267.2384402454295, "Lilongwe": 288.55314644156545, "Lilongwe City": 290.31423439747215, "Machinga": 288.9462323801105, "Mangochi": 287.00339941738713, "Mchinji": 284.9140887939129, "Mulanje": 295.5725069079527, "Mwanza": 303.64733629901616, "Mzimba": 301.5507112253667, "Mzuzu City": 288.0081988677558, "Neno": 306.9167500618024, "Nkhata Bay": 299.06650178941345, "Nkhotakota": 277.642231737952, "Nsanje": 274.56432422649266, "Ntcheu": 292.7807936521761, "Ntchisi": 279.8249598210122, "Phalombe": 286.00721165825297, "Rumphi": 281.04278564091175, "Salima": 277.2997287670948, "Thyolo": 296.689092542885, "Zomba": 287.7804838656647, "Zomba City": 291.71738176198596}]}
{"uuid": "072090a41b", "type": "header", "module": "tlo.methods.population", "key": "scaling_factor", "level": "WARNING", "columns": {"scaling_factor": "float"}, "description": "The data-to-model scaling factor (based on the initial population size, used to multiply-up results so that they correspond to the real population size."}
{"uuid": "072090a41b", "date": "2010-01-01T00:00:00", "values": [290.79218000000003]}
{"uuid": "b47e7f2cb8", "type": "header", "module": "tlo.methods.population", "key": "scaling_factor_district", "level": "WARNING", "columns": {"scaling_factor_district": "dict"}, "description": "The data-to-model district_level scaling factor (based on the initial population size,used to multiply-up results so that they correspond to the real population size."}
{"uuid": "b47e7f2cb8", "date": "2010-01-01T00:00:00", "values": [{"Balaka": 292.18885821890655, "Blantyre": 290.00666810074694, "Blantyre City": 289.0374870811533, "Chikwawa": 303.5430314988817, "Chiradzulu": 291.3490968335263, "Chitipa": 298.2777391579305, "Dedza": 297.2389953138543, "Dowa": 293.77467482227445, "Karonga": 302.1771942910366, "Kasungu": 288.94935614027617, "Likoma": 267.2384402454295, "Lilongwe": 288.55314644156545, "Lilongwe City": 290.31423439747215, "Machinga": 288.9462323801105, "Mangochi": 287.00339941738713, "Mchinji": 284.9140887939129, "Mulanje": 295.5725069079527, "Mwanza": 303.64733629901616, "Mzimba": 301.5507112253667, "Mzuzu City": 288.0081988677558, "Neno": 306.9167500618024, "Nkhata Bay": 299.06650178941345, "Nkhotakota": 277.642231737952, "Nsanje": 274.56432422649266, "Ntcheu": 292.7807936521761, "Ntchisi": 279.8249598210122, "Phalombe": 286.00721165825297, "Rumphi": 281.04278564091175, "Salima": 277.2997287670948, "Thyolo": 296.689092542885, "Zomba": 287.7804838656647, "Zomba City": 291.71738176198596}]}
{"uuid": "d5de3a8063", "type": "header", "module": "tlo.profiling", "key": "stats", "level": "INFO", "columns": {"duration_minutes": "float", "memory_rss_MiB": "float", "memory_uss_MiB": "float", "memory_vms_MiB": "float", "pop_df_mem_MiB": "float", "pop_df_number_alive": "int", "pop_df_rows": "int", "time": "str"}, "description": null}
{"uuid": "d5de3a8063", "date": "2010-01-01T00:00:00", "values": [0.05982846021652222, 593.203125, 581.875, 837.671875, 95.2783432006836, 50000, 50000, "2025-11-08T00:26:29.324869"]}
{"uuid": "dc8474b6b3", "date": "2010-01-01T00:00:00", "values": ["Increased capacity of population dataframe to 51000"]}
{"uuid": "d5de3a8063", "date": "2010-02-01T00:00:00", "values": [3.163614555199941, 685.85546875, 674.35546875, 931.61328125, 97.10790252685547, 50125, 51000, "2025-11-08T00:29:39.141740"]}
{"uuid": "d5de3a8063", "date": "2010-03-01T00:00:00", "values": [2.8080925703048707, 856.56640625, 845.14453125, 1104.26953125, 97.12017059326172, 50194, 51000, "2025-11-08T00:32:27.627293"]}
{"uuid": "d5de3a8063", "date": "2010-04-01T00:00:00", "values": [3.5137488643328347, 974.6640625, 963.12109375, 1224.29296875, 97.13472747802734, 50277, 51000, "2025-11-08T00:35:58.452225"]}
{"uuid": "d5de3a8063", "date": "2010-05-01T00:00:00", "values": [3.1102219462394713, 1128.0390625, 1116.62890625, 1380.02734375, 97.14913177490234, 50365, 51000, "2025-11-08T00:39:05.065542"]}
{"uuid": "1e86f25803", "type": "header", "module": "tlo.methods.healthsystem", "key": "message", "level": "WARNING", "columns": {"message": "str"}, "description": null}
{"uuid": "1e86f25803", "date": "2010-05-25T00:00:00", "values": ["Tb_Test_Screening actual_footprint requires differentofficers than expected_footprint."]}
{"uuid": "d5de3a8063", "date": "2010-06-01T00:00:00", "values": [3.0686426599820456, 1288.83203125, 1277.3046875, 1542.62109375, 97.16622161865234, 50505, 51000, "2025-11-08T00:42:09.184102"]}
{"uuid": "90f526bf10", "type": "header", "module": "tlo.methods.hiv", "key": "message", "level": "WARNING", "columns": {"message": "str"}, "description": null}
{"uuid": "90f526bf10", "date": "2010-06-17T00:00:00", "values": ["This event should not be running, Hiv_DecisionToContinueTreatment is for those already on tx"]}
{"uuid": "d5de3a8063", "date": "2010-07-01T00:00:00", "values": [3.1968770186106363, 1440.1875, 1428.73828125, 1694.984375, 97.1784896850586, 50588, 51000, "2025-11-08T00:45:20.996723"]}
{"uuid": "dc8474b6b3", "date": "2010-07-09T00:00:00", "values": ["Increased capacity of population dataframe to 52000"]}
{"uuid": "1e86f25803", "date": "2010-07-18T00:00:00", "values": ["Tb_Test_Screening actual_footprint requires differentofficers than expected_footprint."]}
{"uuid": "d5de3a8063", "date": "2010-08-01T00:00:00", "values": [3.648843316237132, 1571.8515625, 1560.30859375, 1828.12890625, 99.01042938232422, 50738, 52000, "2025-11-08T00:48:59.927322"]}
{"uuid": "d5de3a8063", "date": "2010-09-01T00:00:00", "values": [3.3792821606000265, 1548.7109375, 1537.21484375, 1805.16015625, 99.02678680419922, 50863, 52000, "2025-11-08T00:52:22.684251"]}
{"uuid": "d5de3a8063", "date": "2010-10-01T00:00:00", "values": [4.737514571348826, 1550.2109375, 1538.7578125, 1806.6953125, 99.05339813232422, 51077, 52000, "2025-11-08T00:57:06.935126"]}
{"uuid": "1e86f25803", "date": "2010-10-02T00:00:00", "values": ["Tb_Test_FollowUp actual_footprint requires differentofficers than expected_footprint."]}
{"uuid": "d5de3a8063", "date": "2010-11-01T00:00:00", "values": [5.029036259651184, 1576.7578125, 1565.21484375, 1833.02734375, 99.07207489013672, 51225, 52000, "2025-11-08T01:02:08.677302"]}
{"uuid": "1e86f25803", "date": "2010-11-04T00:00:00", "values": ["Tb_Test_Screening actual_footprint requires differentofficers than expected_footprint."]}
{"uuid": "90f526bf10", "date": "2010-11-12T00:00:00", "values": ["This event should not be running, Hiv_DecisionToContinueTreatment is for those already on tx"]}
{"uuid": "d5de3a8063", "date": "2010-12-01T00:00:00", "values": [4.551071286201477, 1553.625, 1542.22265625, 1809.93359375, 99.0880355834961, 51340, 52000, "2025-11-08T01:06:41.741579"]}
{"uuid": "dc8474b6b3", "date": "2010-12-01T00:00:00", "values": ["Increased capacity of population dataframe to 53000"]}
{"uuid": "d5de3a8063", "date": "2011-01-01T00:00:00", "values": [5.746874777475993, 1561.1484375, 1549.60546875, 1816.44140625, 100.9215316772461, 51533, 53000, "2025-11-08T01:12:26.554065"]}
{"uuid": "d5de3a8063", "date": "2011-02-01T00:00:00", "values": [4.947186179955801, 1560.3203125, 1548.78515625, 1815.74609375, 100.93975067138672, 51677, 53000, "2025-11-08T01:17:23.385236"]}
{"uuid": "d5de3a8063", "date": "2011-03-01T00:00:00", "values": [5.0285754799842834, 1526.55078125, 1515.0078125, 1781.83984375, 100.95836639404297, 51808, 53000, "2025-11-08T01:22:25.099765"]}
{"uuid": "d5de3a8063", "date": "2011-04-01T00:00:00", "values": [5.4661332408587135, 1541.60546875, 1530.0625, 1796.89453125, 100.9774398803711, 51929, 53000, "2025-11-08T01:27:53.067759"]}
{"uuid": "90f526bf10", "date": "2011-04-25T00:00:00", "values": ["This event should not be running, Hiv_DecisionToContinueTreatment is for those already on tx"]}
{"uuid": "dc8474b6b3", "date": "2011-04-29T00:00:00", "values": ["Increased capacity of population dataframe to 54000"]}
{"uuid": "d5de3a8063", "date": "2011-05-01T00:00:00", "values": [5.218334194024404, 1551.50390625, 1539.9765625, 1803.71484375, 102.80675506591797, 52043, 54000, "2025-11-08T01:33:06.167813"]}
{"uuid": "d5de3a8063", "date": "2011-06-01T00:00:00", "values": [4.720308244228363, 1558.50390625, 1546.99609375, 1803.734375, 102.8232650756836, 52145, 54000, "2025-11-08T01:37:49.386306"]}
{"uuid": "63d828121b", "type": "header", "module": "tlo.methods.rti", "key": "warning", "level": "WARNING", "columns": {"message": "str"}, "description": null}
{"uuid": "63d828121b", "date": "2011-06-10T00:00:00", "values": ["rt disability < 0 in rti_alter_daly_post_treatment"]}
{"uuid": "90f526bf10", "date": "2011-06-12T00:00:00", "values": ["This event should not be running, Hiv_DecisionToContinueTreatment is for those already on tx"]}
{"uuid": "d5de3a8063", "date": "2011-07-01T00:00:00", "values": [4.85887725353241, 1562.80078125, 1551.3203125, 1803.76171875, 102.84148406982422, 52292, 54000, "2025-11-08T01:42:40.918941"]}
{"uuid": "63d828121b", "date": "2011-07-10T00:00:00", "values": ["rt disability < 0 in rti_alter_daly_post_treatment"]}
{"uuid": "90f526bf10", "date": "2011-07-11T00:00:00", "values": ["This event should not be running, Hiv_DecisionToContinueTreatment is for those already on tx"]}
{"uuid": "d5de3a8063", "date": "2011-08-01T00:00:00", "values": [4.535115039348602, 1562.80078125, 1551.34375, 1803.78515625, 102.8563461303711, 52410, 54000, "2025-11-08T01:47:13.025843"]}
{"uuid": "90f526bf10", "date": "2011-08-05T00:00:00", "values": ["This event should not be running, Hiv_DecisionToContinueTreatment is for those already on tx"]}
{"uuid": "90f526bf10", "date": "2011-08-24T00:00:00", "values": ["This event should not be running, Hiv_DecisionToContinueTreatment is for those already on tx"]}
{"uuid": "d5de3a8063", "date": "2011-09-01T00:00:00", "values": [4.3514747500419615, 1562.80078125, 1551.359375, 1803.80078125, 102.87047576904297, 52509, 54000, "2025-11-08T01:51:34.114331"]}
{"uuid": "90f526bf10", "date": "2011-09-13T00:00:00", "values": ["This event should not be running, Hiv_DecisionToContinueTreatment is for those already on tx"]}
{"uuid": "d5de3a8063", "date": "2011-10-01T00:00:00", "values": [5.048580471674601, 1617.99609375, 1606.69921875, 1860.875, 102.88814544677734, 52654, 54000, "2025-11-08T01:56:37.029157"]}
{"uuid": "dc8474b6b3", "date": "2011-10-25T00:00:00", "values": ["Increased capacity of population dataframe to 55000"]}
{"uuid": "d5de3a8063", "date": "2011-11-01T00:00:00", "values": [4.72551337480545, 1783.8125, 1772.26953125, 2027.51171875, 104.71538543701172, 52786, 55000, "2025-11-08T02:01:20.559959"]}
{"uuid": "d5de3a8063", "date": "2011-12-01T00:00:00", "values": [4.554390692710877, 1786.87890625, 1775.3359375, 2027.65234375, 104.73302459716797, 52927, 55000, "2025-11-08T02:05:53.823401"]}
{"uuid": "d5de3a8063", "date": "2012-01-01T00:00:00", "values": [5.166187024116516, 1751.390625, 1739.84765625, 1992.1640625, 104.74864959716797, 53064, 55000, "2025-11-08T02:11:03.794622"]}
{"uuid": "d5de3a8063", "date": "2012-02-01T00:00:00", "values": [4.902096732457479, 1751.43359375, 1739.890625, 1992.20703125, 104.7671127319336, 53218, 55000, "2025-11-08T02:15:57.920426"]}
{"uuid": "d5de3a8063", "date": "2012-03-01T00:00:00", "values": [4.773327755928039, 1787.32421875, 1775.78125, 2028.09765625, 104.7840805053711, 53360, 55000, "2025-11-08T02:20:44.320091"]}
{"uuid": "dc8474b6b3", "date": "2012-03-31T00:00:00", "values": ["Increased capacity of population dataframe to 56000"]}
{"uuid": "d5de3a8063", "date": "2012-04-01T00:00:00", "values": [5.600683049360911, 1780.7265625, 1769.1953125, 2021.63671875, 106.61711883544922, 53533, 56000, "2025-11-08T02:26:20.361077"]}
{"uuid": "d5de3a8063", "date": "2012-05-01T00:00:00", "values": [4.967750632762909, 1775.0390625, 1763.5, 2015.8828125, 106.6350326538086, 53685, 56000, "2025-11-08T02:31:18.426112"]}
{"uuid": "90f526bf10", "date": "2012-05-03T00:00:00", "values": ["This event should not be running, Hiv_DecisionToContinueTreatment is for those already on tx"]}
{"uuid": "90f526bf10", "date": "2012-05-27T00:00:00", "values": ["This event should not be running, Hiv_DecisionToContinueTreatment is for those already on tx"]}
{"uuid": "d5de3a8063", "date": "2012-06-01T00:00:00", "values": [4.832638521989186, 1784.77734375, 1773.234375, 2025.81640625, 106.6539535522461, 53838, 56000, "2025-11-08T02:36:08.384424"]}
{"uuid": "63d828121b", "date": "2012-06-10T00:00:00", "values": ["rt disability < 0 in rti_alter_daly_post_treatment"]}
{"uuid": "d5de3a8063", "date": "2012-07-01T00:00:00", "values": [5.243904678026835, 1797.91015625, 1786.3671875, 2038.90234375, 106.6710433959961, 53973, 56000, "2025-11-08T02:41:23.018704"]}
{"uuid": "d5de3a8063", "date": "2012-08-01T00:00:00", "values": [4.76906189918518, 1825.3515625, 1813.92578125, 2066.73828125, 106.68746185302734, 54108, 56000, "2025-11-08T02:46:09.162418"]}
{"uuid": "90f526bf10", "date": "2012-08-19T00:00:00", "values": ["This event should not be running, Hiv_DecisionToContinueTreatment is for those already on tx"]}
{"uuid": "d5de3a8063", "date": "2012-09-01T00:00:00", "values": [4.9848520994186405, 1858.9140625, 1847.375, 2101.50390625, 106.70519256591797, 54253, 56000, "2025-11-08T02:51:08.253544"]}
{"uuid": "1e86f25803", "date": "2012-09-04T00:00:00", "values": ["Tb_Test_FollowUp actual_footprint requires differentofficers than expected_footprint."]}
{"uuid": "90f526bf10", "date": "2012-09-06T00:00:00", "values": ["This event should not be running, Hiv_DecisionToContinueTreatment is for those already on tx"]}
{"uuid": "dc8474b6b3", "date": "2012-09-11T00:00:00", "values": ["Increased capacity of population dataframe to 57000"]}
{"uuid": "90f526bf10", "date": "2012-09-19T00:00:00", "values": ["This event should not be running, Hiv_DecisionToContinueTreatment is for those already on tx"]}
{"uuid": "d5de3a8063", "date": "2012-10-01T00:00:00", "values": [5.117333857218425, 1960.1484375, 1948.60546875, 2203.703125, 108.53328704833984, 54377, 57000, "2025-11-08T02:56:15.293576"]}
{"uuid": "d5de3a8063", "date": "2012-11-01T00:00:00", "values": [4.921131853262583, 1960.1484375, 1948.60546875, 2203.703125, 108.54985809326172, 54509, 57000, "2025-11-08T03:01:10.561487"]}
{"uuid": "d5de3a8063", "date": "2012-12-01T00:00:00", "values": [4.834214111169179, 1960.6953125, 1949.15234375, 2204.703125, 108.5682601928711, 54663, 57000, "2025-11-08T03:06:00.614333"]}
{"uuid": "d5de3a8063", "date": "2013-01-01T00:00:00", "values": [5.4817088603973385, 2014.24609375, 2002.703125, 2258.51171875, 108.58650970458984, 54820, 57000, "2025-11-08T03:11:29.516865"]}
{"uuid": "d5de3a8063", "date": "2013-02-01T00:00:00", "values": [5.047920548915863, 2037.56640625, 2026.03125, 2278.56640625, 108.60637664794922, 55003, 57000, "2025-11-08T03:16:32.392098"]}
{"uuid": "dc8474b6b3", "date": "2013-02-16T00:00:00", "values": ["Increased capacity of population dataframe to 58000"]}
{"uuid": "d5de3a8063", "date": "2013-03-01T00:00:00", "values": [4.961549039681753, 1995.9140625, 1984.37109375, 2236.921875, 110.43575286865234, 55141, 58000, "2025-11-08T03:21:30.085040"]}
{"uuid": "63d828121b", "date": "2013-03-12T00:00:00", "values": ["rt disability < 0 in rti_alter_daly_post_treatment"]}
{"uuid": "d5de3a8063", "date": "2013-04-01T00:00:00", "values": [5.484521575768789, 2033.0546875, 2021.51171875, 2274.0625, 110.45659637451172, 55316, 58000, "2025-11-08T03:26:59.156335"]}
{"uuid": "90f526bf10", "date": "2013-04-11T00:00:00", "values": ["This event should not be running, Hiv_DecisionToContinueTreatment is for those already on tx"]}
{"uuid": "90f526bf10", "date": "2013-04-14T00:00:00", "values": ["This event should not be running, Hiv_DecisionToContinueTreatment is for those already on tx"]}
{"uuid": "d5de3a8063", "date": "2013-05-01T00:00:00", "values": [5.110280187924703, 1995.9140625, 1984.37109375, 2236.921875, 110.47612762451172, 55479, 58000, "2025-11-08T03:32:05.773146"]}
{"uuid": "63d828121b", "date": "2013-05-10T00:00:00", "values": ["rt disability < 0 in rti_alter_daly_post_treatment"]}
{"uuid": "d5de3a8063", "date": "2013-06-01T00:00:00", "values": [5.125452176729838, 2042.1015625, 2030.5625, 2283.265625, 110.49471282958984, 55623, 58000, "2025-11-08T03:37:13.300278"]}
{"uuid": "d5de3a8063", "date": "2013-07-01T00:00:00", "values": [5.127947068214416, 2060.05859375, 2048.515625, 2301.43359375, 110.51232147216797, 55761, 58000, "2025-11-08T03:42:20.977101"]}
{"uuid": "dc8474b6b3", "date": "2013-07-15T00:00:00", "values": ["Increased capacity of population dataframe to 59000"]}
{"uuid": "d5de3a8063", "date": "2013-08-01T00:00:00", "values": [5.1919757207234705, 2028.62890625, 2017.08984375, 2271.16796875, 112.3423080444336, 55917, 59000, "2025-11-08T03:47:32.495644"]}
{"uuid": "90f526bf10", "date": "2013-08-14T00:00:00", "values": ["This event should not be running, Hiv_DecisionToContinueTreatment is for those already on tx"]}
{"uuid": "90f526bf10", "date": "2013-08-15T00:00:00", "values": ["This event should not be running, Hiv_DecisionToContinueTreatment is for those already on tx"]}
{"uuid": "d5de3a8063", "date": "2013-09-01T00:00:00", "values": [5.065220892429352, 2042.1796875, 2030.640625, 2283.16796875, 112.36031341552734, 56066, 59000, "2025-11-08T03:52:36.408898"]}
{"uuid": "63d828121b", "date": "2013-09-09T00:00:00", "values": ["rt disability < 0 in rti_alter_daly_post_treatment"]}
{"uuid": "1e86f25803", "date": "2013-09-24T00:00:00", "values": ["Tb_Test_Screening actual_footprint requires differentofficers than expected_footprint."]}
{"uuid": "d5de3a8063", "date": "2013-10-01T00:00:00", "values": [5.0948579510053, 2093.68359375, 2082.140625, 2334.89453125, 112.37682342529297, 56192, 59000, "2025-11-08T03:57:42.100375"]}
{"uuid": "d5de3a8063", "date": "2013-11-01T00:00:00", "values": [4.872245450814565, 2104.5859375, 2093.05078125, 2345.98046875, 112.3930892944336, 56322, 59000, "2025-11-08T04:02:34.435102"]}
{"uuid": "d5de3a8063", "date": "2013-12-01T00:00:00", "values": [5.063088468710581, 2116.23828125, 2104.7109375, 2357.80078125, 112.41289520263672, 56489, 59000, "2025-11-08T04:07:38.220412"]}
{"uuid": "1e86f25803", "date": "2013-12-05T00:00:00", "values": ["Tb_Test_FollowUp actual_footprint requires differentofficers than expected_footprint."]}
{"uuid": "63d828121b", "date": "2013-12-08T00:00:00", "values": ["rt disability < 0 in rti_alter_daly_post_treatment"]}
{"uuid": "dc8474b6b3", "date": "2013-12-22T00:00:00", "values": ["Increased capacity of population dataframe to 60000"]}
{"uuid": "d5de3a8063", "date": "2014-01-01T00:00:00", "values": [5.490076688925425, 2231.91796875, 2220.41015625, 2475.21875, 114.24163055419922, 56630, 60000, "2025-11-08T04:13:07.625012"]}
{"uuid": "d5de3a8063", "date": "2014-02-01T00:00:00", "values": [5.1900139331817625, 2233.1015625, 2221.55859375, 2476.28125, 114.25801849365234, 56754, 60000, "2025-11-08T04:18:19.025848"]}
{"uuid": "d5de3a8063", "date": "2014-03-01T00:00:00", "values": [4.771571401755015, 2201.75, 2190.20703125, 2445.17578125, 114.27462005615234, 56892, 60000, "2025-11-08T04:23:05.320133"]}
{"uuid": "d5de3a8063", "date": "2014-04-01T00:00:00", "values": [5.924235924084981, 2258.1015625, 2246.55859375, 2499.49609375, 114.29772186279297, 57074, 60000, "2025-11-08T04:29:00.774288"]}
{"uuid": "90f526bf10", "date": "2014-04-13T00:00:00", "values": ["This event should not be running, Hiv_DecisionToContinueTreatment is for those already on tx"]}
{"uuid": "d5de3a8063", "date": "2014-05-01T00:00:00", "values": [5.168320536613464, 2272.40625, 2260.87109375, 2513.59375, 114.3160629272461, 57218, 60000, "2025-11-08T04:34:10.873522"]}
{"uuid": "dc8474b6b3", "date": "2014-05-24T00:00:00", "values": ["Increased capacity of population dataframe to 61000"]}
{"uuid": "d5de3a8063", "date": "2014-06-01T00:00:00", "values": [5.132929392655691, 2280.69140625, 2269.22265625, 2522.2109375, 116.14482879638672, 57353, 61000, "2025-11-08T04:39:18.849282"]}
{"uuid": "d5de3a8063", "date": "2014-07-01T00:00:00", "values": [5.433678245544433, 2270.296875, 2258.75390625, 2511.6328125, 116.1635971069336, 57514, 61000, "2025-11-08T04:44:44.869977"]}
{"uuid": "90f526bf10", "date": "2014-07-15T00:00:00", "values": ["This event should not be running, Hiv_DecisionToContinueTreatment is for those already on tx"]}
{"uuid": "90f526bf10", "date": "2014-07-20T00:00:00", "values": ["This event should not be running, Hiv_DecisionToContinueTreatment is for those already on tx"]}
{"uuid": "90f526bf10", "date": "2014-07-21T00:00:00", "values": ["This event should not be running, Hiv_DecisionToContinueTreatment is for those already on tx"]}
{"uuid": "d5de3a8063", "date": "2014-08-01T00:00:00", "values": [5.245399419466654, 2277.54296875, 2266.00390625, 2519.02734375, 116.18367767333984, 57685, 61000, "2025-11-08T04:49:59.593944"]}
{"uuid": "d5de3a8063", "date": "2014-09-01T00:00:00", "values": [5.398589173952739, 2290.4609375, 2278.921875, 2532.1328125, 116.20320892333984, 57842, 61000, "2025-11-08T04:55:23.509294"]}
{"uuid": "d5de3a8063", "date": "2014-10-01T00:00:00", "values": [4.984095346927643, 2263.43359375, 2251.89453125, 2505.30078125, 116.21736907958984, 57945, 61000, "2025-11-08T05:00:22.555013"]}
{"uuid": "90f526bf10", "date": "2014-10-27T00:00:00", "values": ["This event should not be running, Hiv_DecisionToContinueTreatment is for those already on tx"]}
{"uuid": "dc8474b6b3", "date": "2014-10-31T00:00:00", "values": ["Increased capacity of population dataframe to 62000"]}
{"uuid": "d5de3a8063", "date": "2014-11-01T00:00:00", "values": [5.134834901491801, 2374.74609375, 2363.28125, 2618.30859375, 118.04586029052734, 58067, 62000, "2025-11-08T05:05:30.645108"]}
{"uuid": "d5de3a8063", "date": "2014-12-01T00:00:00", "values": [5.126581080754598, 2395.5703125, 2384.03125, 2636.40234375, 118.06368255615234, 58217, 62000, "2025-11-08T05:10:38.239973"]}
{"uuid": "db90bb6bbe", "type": "header", "module": "tlo.simulation", "key": "parameter_stats", "level": "INFO", "columns": {"count": "int", "label": "str", "module": "str"}, "description": null}
{"uuid": "db90bb6bbe", "date": "2015-01-01T00:00:00", "values": [1, "unassigned", "Demography"]}
{"uuid": "db90bb6bbe", "date": "2015-01-01T00:00:00", "values": [7, "not_init_via_load_param", "Demography"]}
{"uuid": "db90bb6bbe", "date": "2015-01-01T00:00:00", "values": [110, "unassigned", "Lifestyle"]}
{"uuid": "db90bb6bbe", "date": "2015-01-01T00:00:00", "values": [17, "not_init_via_load_param", "Lifestyle"]}
{"uuid": "db90bb6bbe", "date": "2015-01-01T00:00:00", "values": [3, "not_init_via_load_param", "HealthBurden"]}
{"uuid": "db90bb6bbe", "date": "2015-01-01T00:00:00", "values": [18, "not_init_via_load_param", "HealthSystem"]}
{"uuid": "db90bb6bbe", "date": "2015-01-01T00:00:00", "values": [25, "unassigned", "HealthSystem"]}
{"uuid": "db90bb6bbe", "date": "2015-01-01T00:00:00", "values": [1, "not_init_via_load_param", "SymptomManager"]}
{"uuid": "db90bb6bbe", "date": "2015-01-01T00:00:00", "values": [1, "unassigned", "SymptomManager"]}
{"uuid": "db90bb6bbe", "date": "2015-01-01T00:00:00", "values": [18, "unassigned", "HealthSeekingBehaviour"]}
{"uuid": "db90bb6bbe", "date": "2015-01-01T00:00:00", "values": [2, "not_init_via_load_param", "Epi"]}
{"uuid": "db90bb6bbe", "date": "2015-01-01T00:00:00", "values": [1, "unassigned", "Epi"]}
{"uuid": "db90bb6bbe", "date": "2015-01-01T00:00:00", "values": [14, "not_init_via_load_param", "Contraception"]}
{"uuid": "db90bb6bbe", "date": "2015-01-01T00:00:00", "values": [7, "unassigned", "Contraception"]}
{"uuid": "db90bb6bbe", "date": "2015-01-01T00:00:00", "values": [6, "not_init_via_load_param", "Hiv"]}
{"uuid": "db90bb6bbe", "date": "2015-01-01T00:00:00", "values": [70, "unassigned", "Hiv"]}
{"uuid": "db90bb6bbe", "date": "2015-01-01T00:00:00", "values": [33, "not_init_via_load_param", "CardioMetabolicDisorders"]}
{"uuid": "db90bb6bbe", "date": "2015-01-01T00:00:00", "values": [1, "unassigned", "CardioMetabolicDisorders"]}
{"uuid": "db90bb6bbe", "date": "2015-01-01T00:00:00", "values": [6, "not_init_via_load_param", "Malaria"]}
{"uuid": "db90bb6bbe", "date": "2015-01-01T00:00:00", "values": [29, "unassigned", "Malaria"]}
{"uuid": "db90bb6bbe", "date": "2015-01-01T00:00:00", "values": [118, "unassigned", "PregnancySupervisor"]}
{"uuid": "db90bb6bbe", "date": "2015-01-01T00:00:00", "values": [27, "unassigned", "CareOfWomenDuringPregnancy"]}
{"uuid": "db90bb6bbe", "date": "2015-01-01T00:00:00", "values": [64, "unassigned", "NewbornOutcomes"]}
{"uuid": "db90bb6bbe", "date": "2015-01-01T00:00:00", "values": [100, "unassigned", "Diarrhoea"]}
{"uuid": "db90bb6bbe", "date": "2015-01-01T00:00:00", "values": [31, "unassigned", "Stunting"]}
{"uuid": "db90bb6bbe", "date": "2015-01-01T00:00:00", "values": [177, "unassigned", "Labour"]}
{"uuid": "db90bb6bbe", "date": "2015-01-01T00:00:00", "values": [1, "not_init_via_load_param", "Labour"]}
{"uuid": "db90bb6bbe", "date": "2015-01-01T00:00:00", "values": [52, "unassigned", "PostnatalSupervisor"]}
{"uuid": "db90bb6bbe", "date": "2015-01-01T00:00:00", "values": [1, "not_init_via_load_param", "PostnatalSupervisor"]}
{"uuid": "db90bb6bbe", "date": "2015-01-01T00:00:00", "values": [119, "unassigned", "Alri"]}
{"uuid": "db90bb6bbe", "date": "2015-01-01T00:00:00", "values": [8, "unassigned", "Measles"]}
{"uuid": "db90bb6bbe", "date": "2015-01-01T00:00:00", "values": [2, "not_init_via_load_param", "Measles"]}
{"uuid": "db90bb6bbe", "date": "2015-01-01T00:00:00", "values": [54, "not_init_via_load_param", "Schisto"]}
{"uuid": "db90bb6bbe", "date": "2015-01-01T00:00:00", "values": [62, "unassigned", "Tb"]}
{"uuid": "db90bb6bbe", "date": "2015-01-01T00:00:00", "values": [7, "not_init_via_load_param", "Tb"]}
{"uuid": "db90bb6bbe", "date": "2015-01-01T00:00:00", "values": [32, "unassigned", "BladderCancer"]}
{"uuid": "db90bb6bbe", "date": "2015-01-01T00:00:00", "values": [25, "unassigned", "BreastCancer"]}
{"uuid": "db90bb6bbe", "date": "2015-01-01T00:00:00", "values": [11, "undetermined", "CervicalCancer"]}
{"uuid": "db90bb6bbe", "date": "2015-01-01T00:00:00", "values": [23, "universal", "CervicalCancer"]}
{"uuid": "db90bb6bbe", "date": "2015-01-01T00:00:00", "values": [13, "local", "CervicalCancer"]}
{"uuid": "db90bb6bbe", "date": "2015-01-01T00:00:00", "values": [33, "unassigned", "OesophagealCancer"]}
{"uuid": "db90bb6bbe", "date": "2015-01-01T00:00:00", "values": [24, "unassigned", "OtherAdultCancer"]}
{"uuid": "db90bb6bbe", "date": "2015-01-01T00:00:00", "values": [23, "unassigned", "ProstateCancer"]}
{"uuid": "db90bb6bbe", "date": "2015-01-01T00:00:00", "values": [1, "not_init_via_load_param", "ProstateCancer"]}
{"uuid": "db90bb6bbe", "date": "2015-01-01T00:00:00", "values": [154, "unassigned", "RTI"]}
{"uuid": "db90bb6bbe", "date": "2015-01-01T00:00:00", "values": [62, "not_init_via_load_param", "RTI"]}
{"uuid": "db90bb6bbe", "date": "2015-01-01T00:00:00", "values": [20, "unassigned", "Copd"]}
{"uuid": "db90bb6bbe", "date": "2015-01-01T00:00:00", "values": [37, "unassigned", "Depression"]}
{"uuid": "db90bb6bbe", "date": "2015-01-01T00:00:00", "values": [18, "unassigned", "Epilepsy"]}
{"uuid": "db90bb6bbe", "date": "2015-01-01T00:00:00", "values": [3, "not_init_via_load_param", "Epilepsy"]}
{"uuid": "b07716682c", "date": "2015-01-01T00:00:00", "values": ["simulate() 17362.749282836914 s"]}
