{"uuid": "b07716682c", "type": "header", "module": "tlo.simulation", "key": "info", "level": "INFO", "columns": {"message": "str"}, "description": null}
{"uuid": "b07716682c", "date": "2010-01-01T00:00:00", "values": ["Log output: profiling_results/2025/03/15/0025/scale_run_profiling__2025-03-15T002543.log"]}
{"uuid": "b07716682c", "date": "2010-01-01T00:00:00", "values": ["Simulation RNG user entropy = 0"]}
{"uuid": "b07716682c", "date": "2010-01-01T00:00:00", "values": ["Demography RNG auto (entropy, spawn key) = (0, 0)"]}
{"uuid": "b07716682c", "date": "2010-01-01T00:00:00", "values": ["Lifestyle RNG auto (entropy, spawn key) = (0, 1)"]}
{"uuid": "b07716682c", "date": "2010-01-01T00:00:00", "values": ["HealthBurden RNG auto (entropy, spawn key) = (0, 2)"]}
{"uuid": "b07716682c", "date": "2010-01-01T00:00:00", "values": ["HealthSystem RNG auto (entropy, spawn key) = (0, 3)"]}
{"uuid": "b07716682c", "date": "2010-01-01T00:00:00", "values": ["SymptomManager RNG auto (entropy, spawn key) = (0, 4)"]}
{"uuid": "b07716682c", "date": "2010-01-01T00:00:00", "values": ["HealthSeekingBehaviour RNG auto (entropy, spawn key) = (0, 5)"]}
{"uuid": "b07716682c", "date": "2010-01-01T00:00:00", "values": ["Epi RNG auto (entropy, spawn key) = (0, 6)"]}
{"uuid": "b07716682c", "date": "2010-01-01T00:00:00", "values": ["Contraception RNG auto (entropy, spawn key) = (0, 7)"]}
{"uuid": "b07716682c", "date": "2010-01-01T00:00:00", "values": ["Hiv RNG auto (entropy, spawn key) = (0, 8)"]}
{"uuid": "b07716682c", "date": "2010-01-01T00:00:00", "values": ["CardioMetabolicDisorders RNG auto (entropy, spawn key) = (0, 9)"]}
{"uuid": "b07716682c", "date": "2010-01-01T00:00:00", "values": ["Malaria RNG auto (entropy, spawn key) = (0, 10)"]}
{"uuid": "b07716682c", "date": "2010-01-01T00:00:00", "values": ["PregnancySupervisor RNG auto (entropy, spawn key) = (0, 11)"]}
{"uuid": "b07716682c", "date": "2010-01-01T00:00:00", "values": ["CareOfWomenDuringPregnancy RNG auto (entropy, spawn key) = (0, 12)"]}
{"uuid": "b07716682c", "date": "2010-01-01T00:00:00", "values": ["NewbornOutcomes RNG auto (entropy, spawn key) = (0, 13)"]}
{"uuid": "b07716682c", "date": "2010-01-01T00:00:00", "values": ["Wasting RNG auto (entropy, spawn key) = (0, 14)"]}
{"uuid": "b07716682c", "date": "2010-01-01T00:00:00", "values": ["Diarrhoea RNG auto (entropy, spawn key) = (0, 15)"]}
{"uuid": "b07716682c", "date": "2010-01-01T00:00:00", "values": ["Stunting RNG auto (entropy, spawn key) = (0, 16)"]}
{"uuid": "b07716682c", "date": "2010-01-01T00:00:00", "values": ["Labour RNG auto (entropy, spawn key) = (0, 17)"]}
{"uuid": "b07716682c", "date": "2010-01-01T00:00:00", "values": ["PostnatalSupervisor RNG auto (entropy, spawn key) = (0, 18)"]}
{"uuid": "b07716682c", "date": "2010-01-01T00:00:00", "values": ["Alri RNG auto (entropy, spawn key) = (0, 19)"]}
{"uuid": "b07716682c", "date": "2010-01-01T00:00:00", "values": ["Measles RNG auto (entropy, spawn key) = (0, 20)"]}
{"uuid": "b07716682c", "date": "2010-01-01T00:00:00", "values": ["Schisto RNG auto (entropy, spawn key) = (0, 21)"]}
{"uuid": "b07716682c", "date": "2010-01-01T00:00:00", "values": ["Tb RNG auto (entropy, spawn key) = (0, 22)"]}
{"uuid": "b07716682c", "date": "2010-01-01T00:00:00", "values": ["BladderCancer RNG auto (entropy, spawn key) = (0, 23)"]}
{"uuid": "b07716682c", "date": "2010-01-01T00:00:00", "values": ["BreastCancer RNG auto (entropy, spawn key) = (0, 24)"]}
{"uuid": "b07716682c", "date": "2010-01-01T00:00:00", "values": ["OesophagealCancer RNG auto (entropy, spawn key) = (0, 25)"]}
{"uuid": "b07716682c", "date": "2010-01-01T00:00:00", "values": ["OtherAdultCancer RNG auto (entropy, spawn key) = (0, 26)"]}
{"uuid": "b07716682c", "date": "2010-01-01T00:00:00", "values": ["ProstateCancer RNG auto (entropy, spawn key) = (0, 27)"]}
{"uuid": "b07716682c", "date": "2010-01-01T00:00:00", "values": ["RTI RNG auto (entropy, spawn key) = (0, 28)"]}
{"uuid": "b07716682c", "date": "2010-01-01T00:00:00", "values": ["Copd RNG auto (entropy, spawn key) = (0, 29)"]}
{"uuid": "b07716682c", "date": "2010-01-01T00:00:00", "values": ["Depression RNG auto (entropy, spawn key) = (0, 30)"]}
{"uuid": "b07716682c", "date": "2010-01-01T00:00:00", "values": ["Epilepsy RNG auto (entropy, spawn key) = (0, 31)"]}
{"uuid": "dc8474b6b3", "type": "header", "module": "tlo.population", "key": "info", "level": "INFO", "columns": {"message": "str"}, "description": null}
{"uuid": "dc8474b6b3", "date": "2010-01-01T00:00:00", "values": ["Dataframe capacity append size: 1000"]}
{"uuid": "b07716682c", "date": "2010-01-01T00:00:00", "values": ["make_initial_population() 24.336087465286255 s"]}
{"uuid": "e9a19fe1f9", "type": "header", "module": "tlo.methods.demography", "key": "scaling_factor", "level": "WARNING", "columns": {"scaling_factor": "float"}, "description": "The data-to-model scaling factor (based on the initial population size, used to multiply-up results so that they correspond to the real population size."}
{"uuid": "e9a19fe1f9", "date": "2010-01-01T00:00:00", "values": [290.79218000000003]}
{"uuid": "072090a41b", "type": "header", "module": "tlo.methods.population", "key": "scaling_factor", "level": "WARNING", "columns": {"scaling_factor": "float"}, "description": "The data-to-model scaling factor (based on the initial population size, used to multiply-up results so that they correspond to the real population size."}
{"uuid": "072090a41b", "date": "2010-01-01T00:00:00", "values": [290.79218000000003]}
{"uuid": "d5de3a8063", "type": "header", "module": "tlo.profiling", "key": "stats", "level": "INFO", "columns": {"duration_minutes": "float", "memory_rss_MiB": "float", "memory_uss_MiB": "float", "memory_vms_MiB": "float", "pop_df_mem_MiB": "float", "pop_df_number_alive": "int", "pop_df_rows": "int", "time": "str"}, "description": null}
{"uuid": "d5de3a8063", "date": "2010-01-01T00:00:00", "values": [0.06999226013819376, 498.3046875, 487.3515625, 744.0859375, 88.8384256362915, 50000, 50000, "2025-03-15T00:26:13.892126"]}
{"uuid": "dc8474b6b3", "date": "2010-01-01T00:00:00", "values": ["Increased capacity of population dataframe to 51000"]}
{"uuid": "d5de3a8063", "date": "2010-02-01T00:00:00", "values": [3.2250155289967855, 634.24609375, 623.13671875, 880.828125, 90.53926944732666, 50122, 51000, "2025-03-15T00:29:27.393052"]}
{"uuid": "d5de3a8063", "date": "2010-03-01T00:00:00", "values": [2.9599148909250896, 732.28125, 721.0859375, 980.69921875, 90.55126285552979, 50193, 51000, "2025-03-15T00:32:24.987947"]}
{"uuid": "d5de3a8063", "date": "2010-04-01T00:00:00", "values": [3.810548222064972, 917.30859375, 906.11328125, 1168.828125, 90.56594181060791, 50281, 51000, "2025-03-15T00:36:13.620839"]}
{"uuid": "d5de3a8063", "date": "2010-05-01T00:00:00", "values": [3.5760839064915975, 1061.60546875, 1050.41796875, 1315.453125, 90.58037662506104, 50369, 51000, "2025-03-15T00:39:48.185875"]}
{"uuid": "1e86f25803", "type": "header", "module": "tlo.methods.healthsystem", "key": "message", "level": "WARNING", "columns": {"message": "str"}, "description": null}
{"uuid": "1e86f25803", "date": "2010-05-10T00:00:00", "values": ["Tb_Test_Screening actual_footprint requires differentofficers than expected_footprint."]}
{"uuid": "d5de3a8063", "date": "2010-06-01T00:00:00", "values": [3.4555068810780845, 1207.08984375, 1196.0078125, 1463.91015625, 90.59743595123291, 50507, 51000, "2025-03-15T00:43:15.516286"]}
{"uuid": "d5de3a8063", "date": "2010-07-01T00:00:00", "values": [3.5465727925300596, 1360.93359375, 1349.765625, 1618.36328125, 90.61003971099854, 50587, 51000, "2025-03-15T00:46:48.310653"]}
{"uuid": "90f526bf10", "type": "header", "module": "tlo.methods.hiv", "key": "message", "level": "WARNING", "columns": {"message": "str"}, "description": null}
{"uuid": "90f526bf10", "date": "2010-07-06T00:00:00", "values": ["This event should not be running, Hiv_DecisionToContinueTreatment is for those already on tx"]}
{"uuid": "dc8474b6b3", "date": "2010-07-09T00:00:00", "values": ["Increased capacity of population dataframe to 52000"]}
{"uuid": "90f526bf10", "date": "2010-07-10T00:00:00", "values": ["This event should not be running, Hiv_DecisionToContinueTreatment is for those already on tx"]}
{"uuid": "63d828121b", "type": "header", "module": "tlo.methods.rti", "key": "warning", "level": "WARNING", "columns": {"message": "str"}, "description": null}
{"uuid": "63d828121b", "date": "2010-07-10T00:00:00", "values": ["rt disability < 0 in rti_alter_daly_post_treatment"]}
{"uuid": "d5de3a8063", "date": "2010-08-01T00:00:00", "values": [4.025390036900839, 1492.90625, 1481.91796875, 1751.44921875, 92.31219577789307, 50742, 52000, "2025-03-15T00:50:49.834058"]}
{"uuid": "90f526bf10", "date": "2010-08-27T00:00:00", "values": ["This event should not be running, Hiv_DecisionToContinueTreatment is for those already on tx"]}
{"uuid": "d5de3a8063", "date": "2010-09-01T00:00:00", "values": [4.043750981489818, 1518.26953125, 1507.07421875, 1776.46875, 92.32876682281494, 50864, 52000, "2025-03-15T00:54:52.459115"]}
{"uuid": "d5de3a8063", "date": "2010-10-01T00:00:00", "values": [5.352337014675141, 1486.7890625, 1475.59375, 1744.98828125, 92.35604953765869, 51099, 52000, "2025-03-15T01:00:13.599335"]}
{"uuid": "d5de3a8063", "date": "2010-11-01T00:00:00", "values": [5.344343606630961, 1521.6328125, 1510.4375, 1779.83203125, 92.37292575836182, 51238, 52000, "2025-03-15T01:05:34.259953"]}
{"uuid": "dc8474b6b3", "date": "2010-11-30T00:00:00", "values": ["Increased capacity of population dataframe to 53000"]}
{"uuid": "d5de3a8063", "date": "2010-12-01T00:00:00", "values": [5.31493171453476, 1549.3203125, 1538.2734375, 1807.90234375, 94.0746545791626, 51401, 53000, "2025-03-15T01:10:53.155856"]}
{"uuid": "d5de3a8063", "date": "2011-01-01T00:00:00", "values": [6.240594959259033, 1458.34765625, 1447.15234375, 1716.11328125, 94.09403324127197, 51563, 53000, "2025-03-15T01:17:07.591552"]}
{"uuid": "63d828121b", "date": "2011-01-10T00:00:00", "values": ["rt disability < 0 in rti_alter_daly_post_treatment"]}
{"uuid": "d5de3a8063", "date": "2011-02-01T00:00:00", "values": [5.862990574042002, 1497.98046875, 1486.78515625, 1750.05859375, 94.11560916900635, 51739, 53000, "2025-03-15T01:22:59.370986"]}
{"uuid": "d5de3a8063", "date": "2011-03-01T00:00:00", "values": [5.3499634027481076, 1491.3359375, 1480.140625, 1743.4140625, 94.1331262588501, 51861, 53000, "2025-03-15T01:28:20.368793"]}
{"uuid": "d5de3a8063", "date": "2011-04-01T00:00:00", "values": [5.855230216185252, 1498.6328125, 1487.4375, 1750.7109375, 94.15088748931885, 51976, 53000, "2025-03-15T01:34:11.682603"]}
{"uuid": "dc8474b6b3", "date": "2011-04-29T00:00:00", "values": ["Increased capacity of population dataframe to 54000"]}
{"uuid": "d5de3a8063", "date": "2011-05-01T00:00:00", "values": [5.494311002890269, 1566.64453125, 1555.6015625, 1819.7734375, 95.85151767730713, 52083, 54000, "2025-03-15T01:39:41.341263"]}
{"uuid": "d5de3a8063", "date": "2011-06-01T00:00:00", "values": [5.3931070327758786, 1512.53515625, 1501.33984375, 1764.640625, 95.86741733551025, 52185, 54000, "2025-03-15T01:45:04.927686"]}
{"uuid": "d5de3a8063", "date": "2011-07-01T00:00:00", "values": [5.503710655371348, 1530.1953125, 1519.0, 1782.30078125, 95.88465976715088, 52314, 54000, "2025-03-15T01:50:35.150325"]}
{"uuid": "90f526bf10", "date": "2011-07-07T00:00:00", "values": ["This event should not be running, Hiv_DecisionToContinueTreatment is for those already on tx"]}
{"uuid": "90f526bf10", "date": "2011-07-15T00:00:00", "values": ["This event should not be running, Hiv_DecisionToContinueTreatment is for those already on tx"]}
{"uuid": "90f526bf10", "date": "2011-07-18T00:00:00", "values": ["This event should not be running, Hiv_DecisionToContinueTreatment is for those already on tx"]}
{"uuid": "d5de3a8063", "date": "2011-08-01T00:00:00", "values": [5.265477812290191, 1506.25390625, 1495.13671875, 1758.53125, 95.89997959136963, 52442, 54000, "2025-03-15T01:55:51.078995"]}
{"uuid": "90f526bf10", "date": "2011-08-03T00:00:00", "values": ["This event should not be running, Hiv_DecisionToContinueTreatment is for those already on tx"]}
{"uuid": "90f526bf10", "date": "2011-08-14T00:00:00", "values": ["This event should not be running, Hiv_DecisionToContinueTreatment is for those already on tx"]}
{"uuid": "90f526bf10", "date": "2011-08-28T00:00:00", "values": ["This event should not be running, Hiv_DecisionToContinueTreatment is for those already on tx"]}
{"uuid": "d5de3a8063", "date": "2011-09-01T00:00:00", "values": [5.458965202172597, 1549.5703125, 1538.375, 1794.63671875, 95.91731357574463, 52593, 54000, "2025-03-15T02:01:18.616919"]}
{"uuid": "d5de3a8063", "date": "2011-10-01T00:00:00", "values": [5.462825659910838, 1561.859375, 1550.74609375, 1806.6328125, 95.9348611831665, 52725, 54000, "2025-03-15T02:06:46.386445"]}
{"uuid": "dc8474b6b3", "date": "2011-10-21T00:00:00", "values": ["Increased capacity of population dataframe to 55000"]}
{"uuid": "d5de3a8063", "date": "2011-11-01T00:00:00", "values": [5.388978449503581, 1802.5390625, 1791.3671875, 2050.6796875, 97.63558292388916, 52858, 55000, "2025-03-15T02:12:09.725153"]}
{"uuid": "90f526bf10", "date": "2011-11-27T00:00:00", "values": ["This event should not be running, Hiv_DecisionToContinueTreatment is for those already on tx"]}
{"uuid": "d5de3a8063", "date": "2011-12-01T00:00:00", "values": [5.646944606304169, 1766.84765625, 1755.65234375, 2013.84765625, 97.65435123443604, 53010, 55000, "2025-03-15T02:17:48.541829"]}
{"uuid": "90f526bf10", "date": "2011-12-06T00:00:00", "values": ["This event should not be running, Hiv_DecisionToContinueTreatment is for those already on tx"]}
{"uuid": "1e86f25803", "date": "2011-12-08T00:00:00", "values": ["Tb_Test_Screening actual_footprint requires differentofficers than expected_footprint."]}
{"uuid": "d5de3a8063", "date": "2012-01-01T00:00:00", "values": [5.5742111245791115, 1749.84375, 1738.6484375, 1996.83203125, 97.66954898834229, 53131, 55000, "2025-03-15T02:23:22.994496"]}
{"uuid": "d5de3a8063", "date": "2012-02-01T00:00:00", "values": [5.238935037453969, 1749.89453125, 1738.69921875, 1996.8828125, 97.68758487701416, 53288, 55000, "2025-03-15T02:28:37.330599"]}
{"uuid": "d5de3a8063", "date": "2012-03-01T00:00:00", "values": [5.1287681023279825, 1769.40625, 1758.4375, 2014.046875, 97.70354557037354, 53426, 55000, "2025-03-15T02:33:45.056684"]}
{"uuid": "dc8474b6b3", "date": "2012-03-29T00:00:00", "values": ["Increased capacity of population dataframe to 56000"]}
{"uuid": "d5de3a8063", "date": "2012-04-01T00:00:00", "values": [5.921085997422536, 1820.609375, 1809.59375, 2065.8515625, 99.40588474273682, 53565, 56000, "2025-03-15T02:39:40.321856"]}
{"uuid": "d5de3a8063", "date": "2012-05-01T00:00:00", "values": [5.764973918596904, 1752.44140625, 1741.27734375, 1995.98046875, 99.42517185211182, 53717, 56000, "2025-03-15T02:45:26.220279"]}
{"uuid": "90f526bf10", "date": "2012-05-08T00:00:00", "values": ["This event should not be running, Hiv_DecisionToContinueTreatment is for those already on tx"]}
{"uuid": "90f526bf10", "date": "2012-05-22T00:00:00", "values": ["This event should not be running, Hiv_DecisionToContinueTreatment is for those already on tx"]}
{"uuid": "d5de3a8063", "date": "2012-06-01T00:00:00", "values": [5.48905641635259, 1766.1484375, 1754.953125, 2009.53125, 99.44387912750244, 53863, 56000, "2025-03-15T02:50:55.563665"]}
{"uuid": "90f526bf10", "date": "2012-06-08T00:00:00", "values": ["This event should not be running, Hiv_DecisionToContinueTreatment is for those already on tx"]}
{"uuid": "90f526bf10", "date": "2012-06-21T00:00:00", "values": ["This event should not be running, Hiv_DecisionToContinueTreatment is for those already on tx"]}
{"uuid": "90f526bf10", "date": "2012-06-24T00:00:00", "values": ["This event should not be running, Hiv_DecisionToContinueTreatment is for those already on tx"]}
{"uuid": "d5de3a8063", "date": "2012-07-01T00:00:00", "values": [5.722176706790924, 1768.17578125, 1757.01171875, 2011.98046875, 99.46167087554932, 54009, 56000, "2025-03-15T02:56:38.894267"]}
{"uuid": "63d828121b", "date": "2012-07-10T00:00:00", "values": ["rt disability < 0 in rti_alter_daly_post_treatment"]}
{"uuid": "90f526bf10", "date": "2012-07-20T00:00:00", "values": ["This event should not be running, Hiv_DecisionToContinueTreatment is for those already on tx"]}
{"uuid": "d5de3a8063", "date": "2012-08-01T00:00:00", "values": [5.3622211138407385, 1795.671875, 1784.4765625, 2040.2421875, 99.48004245758057, 54162, 56000, "2025-03-15T03:02:00.627534"]}
{"uuid": "90f526bf10", "date": "2012-08-13T00:00:00", "values": ["This event should not be running, Hiv_DecisionToContinueTreatment is for those already on tx"]}
{"uuid": "90f526bf10", "date": "2012-08-16T00:00:00", "values": ["This event should not be running, Hiv_DecisionToContinueTreatment is for those already on tx"]}
{"uuid": "dc8474b6b3", "date": "2012-08-30T00:00:00", "values": ["Increased capacity of population dataframe to 57000"]}
{"uuid": "d5de3a8063", "date": "2012-09-01T00:00:00", "values": [5.604818451404571, 1811.7734375, 1800.58203125, 2056.60546875, 101.18033695220947, 54303, 57000, "2025-03-15T03:07:36.916640"]}
{"uuid": "1e86f25803", "date": "2012-09-17T00:00:00", "values": ["Tb_Test_Screening actual_footprint requires differentofficers than expected_footprint."]}
{"uuid": "90f526bf10", "date": "2012-09-26T00:00:00", "values": ["This event should not be running, Hiv_DecisionToContinueTreatment is for those already on tx"]}
{"uuid": "d5de3a8063", "date": "2012-10-01T00:00:00", "values": [5.44497846364975, 1825.33203125, 1814.140625, 2070.40625, 101.19699954986572, 54435, 57000, "2025-03-15T03:13:03.615349"]}
{"uuid": "d5de3a8063", "date": "2012-11-01T00:00:00", "values": [5.688245538870493, 1857.375, 1846.28125, 2100.95703125, 101.2165002822876, 54601, 57000, "2025-03-15T03:18:44.910080"]}
{"uuid": "63d828121b", "date": "2012-11-10T00:00:00", "values": ["rt disability < 0 in rti_alter_daly_post_treatment"]}
{"uuid": "1e86f25803", "date": "2012-11-28T00:00:00", "values": ["Tb_Test_Screening actual_footprint requires differentofficers than expected_footprint."]}
{"uuid": "90f526bf10", "date": "2012-11-29T00:00:00", "values": ["This event should not be running, Hiv_DecisionToContinueTreatment is for those already on tx"]}
{"uuid": "d5de3a8063", "date": "2012-12-01T00:00:00", "values": [5.45514661471049, 1832.45703125, 1821.265625, 2075.96484375, 101.23474979400635, 54765, 57000, "2025-03-15T03:24:12.218878"]}
{"uuid": "d5de3a8063", "date": "2013-01-01T00:00:00", "values": [6.177255805333456, 1876.03515625, 1864.83984375, 2119.91015625, 101.25382328033447, 54910, 57000, "2025-03-15T03:30:22.854229"]}
{"uuid": "63d828121b", "date": "2013-01-10T00:00:00", "values": ["rt disability < 0 in rti_alter_daly_post_treatment"]}
{"uuid": "90f526bf10", "date": "2013-01-17T00:00:00", "values": ["This event should not be running, Hiv_DecisionToContinueTreatment is for those already on tx"]}
{"uuid": "dc8474b6b3", "date": "2013-01-31T00:00:00", "values": ["Increased capacity of population dataframe to 58000"]}
{"uuid": "d5de3a8063", "date": "2013-02-01T00:00:00", "values": [5.563286813100179, 1903.26953125, 1892.09765625, 2147.4609375, 102.95604038238525, 55071, 58000, "2025-03-15T03:35:56.651437"]}
{"uuid": "1e86f25803", "date": "2013-02-08T00:00:00", "values": ["Tb_Test_Screening actual_footprint requires differentofficers than expected_footprint."]}
{"uuid": "63d828121b", "date": "2013-02-09T00:00:00", "values": ["rt disability < 0 in rti_alter_daly_post_treatment"]}
{"uuid": "63d828121b", "date": "2013-02-09T00:00:00", "values": ["rt disability < 0 in rti_alter_daly_post_treatment"]}
{"uuid": "d5de3a8063", "date": "2013-03-01T00:00:00", "values": [5.46359744866689, 1925.1171875, 1914.16796875, 2170.49609375, 102.9741678237915, 55221, 58000, "2025-03-15T03:41:24.467282"]}
{"uuid": "90f526bf10", "date": "2013-03-23T00:00:00", "values": ["This event should not be running, Hiv_DecisionToContinueTreatment is for those already on tx"]}
{"uuid": "d5de3a8063", "date": "2013-04-01T00:00:00", "values": [6.1176819403966265, 1923.5078125, 1912.3125, 2168.859375, 102.99522495269775, 55402, 58000, "2025-03-15T03:47:31.528198"]}
{"uuid": "d5de3a8063", "date": "2013-05-01T00:00:00", "values": [5.526211007436117, 1919.6015625, 1908.40625, 2165.109375, 103.01393222808838, 55564, 58000, "2025-03-15T03:53:03.100858"]}
{"uuid": "d5de3a8063", "date": "2013-06-01T00:00:00", "values": [5.744101798534393, 1972.6875, 1961.71875, 2218.04296875, 103.03352451324463, 55720, 58000, "2025-03-15T03:58:47.746967"]}
{"uuid": "dc8474b6b3", "date": "2013-06-26T00:00:00", "values": ["Increased capacity of population dataframe to 59000"]}
{"uuid": "90f526bf10", "date": "2013-06-30T00:00:00", "values": ["This event should not be running, Hiv_DecisionToContinueTreatment is for those already on tx"]}
{"uuid": "90f526bf10", "date": "2013-06-30T00:00:00", "values": ["This event should not be running, Hiv_DecisionToContinueTreatment is for those already on tx"]}
{"uuid": "d5de3a8063", "date": "2013-07-01T00:00:00", "values": [5.867050178845724, 1968.9296875, 1957.734375, 2212.51171875, 104.73403263092041, 55866, 59000, "2025-03-15T04:04:39.769978"]}
{"uuid": "63d828121b", "date": "2013-07-10T00:00:00", "values": ["rt disability < 0 in rti_alter_daly_post_treatment"]}
{"uuid": "90f526bf10", "date": "2013-07-17T00:00:00", "values": ["This event should not be running, Hiv_DecisionToContinueTreatment is for those already on tx"]}
{"uuid": "d5de3a8063", "date": "2013-08-01T00:00:00", "values": [5.5027888178825375, 1979.1796875, 1967.99609375, 2223.55859375, 104.75154972076416, 56010, 59000, "2025-03-15T04:10:09.937309"]}
{"uuid": "90f526bf10", "date": "2013-08-02T00:00:00", "values": ["This event should not be running, Hiv_DecisionToContinueTreatment is for those already on tx"]}
{"uuid": "63d828121b", "date": "2013-08-10T00:00:00", "values": ["rt disability < 0 in rti_alter_daly_post_treatment"]}
{"uuid": "d5de3a8063", "date": "2013-09-01T00:00:00", "values": [5.897812974452973, 1995.16015625, 1983.9765625, 2239.60546875, 104.77114200592041, 56166, 59000, "2025-03-15T04:16:03.806085"]}
{"uuid": "63d828121b", "date": "2013-09-09T00:00:00", "values": ["rt disability < 0 in rti_alter_daly_post_treatment"]}
{"uuid": "90f526bf10", "date": "2013-09-11T00:00:00", "values": ["This event should not be running, Hiv_DecisionToContinueTreatment is for those already on tx"]}
{"uuid": "d5de3a8063", "date": "2013-10-01T00:00:00", "values": [5.615120359261831, 2010.9609375, 1999.765625, 2255.65234375, 104.78881168365479, 56303, 59000, "2025-03-15T04:21:40.713308"]}
{"uuid": "63d828121b", "date": "2013-10-10T00:00:00", "values": ["rt disability < 0 in rti_alter_daly_post_treatment"]}
{"uuid": "1e86f25803", "date": "2013-10-13T00:00:00", "values": ["Tb_Test_Screening actual_footprint requires differentofficers than expected_footprint."]}
{"uuid": "d5de3a8063", "date": "2013-11-01T00:00:00", "values": [5.78218160867691, 2038.8125, 2027.62109375, 2283.78515625, 104.80742740631104, 56470, 59000, "2025-03-15T04:27:27.644203"]}
{"uuid": "63d828121b", "date": "2013-11-10T00:00:00", "values": ["rt disability < 0 in rti_alter_daly_post_treatment"]}
{"uuid": "dc8474b6b3", "date": "2013-11-30T00:00:00", "values": ["Increased capacity of population dataframe to 60000"]}
{"uuid": "d5de3a8063", "date": "2013-12-01T00:00:00", "values": [5.487479217847189, 2131.30859375, 2120.2109375, 2376.19140625, 106.50830173492432, 56616, 60000, "2025-03-15T04:32:56.892955"]}
{"uuid": "d5de3a8063", "date": "2014-01-01T00:00:00", "values": [6.117451421419779, 2182.9296875, 2171.76953125, 2428.97265625, 106.52572727203369, 56758, 60000, "2025-03-15T04:39:03.940041"]}
{"uuid": "90f526bf10", "date": "2014-01-28T00:00:00", "values": ["This event should not be running, Hiv_DecisionToContinueTreatment is for those already on tx"]}
{"uuid": "d5de3a8063", "date": "2014-02-01T00:00:00", "values": [5.473024411996206, 2192.61328125, 2181.50390625, 2439.5078125, 106.54153537750244, 56881, 60000, "2025-03-15T04:44:32.321506"]}
{"uuid": "d5de3a8063", "date": "2014-03-01T00:00:00", "values": [5.41128648519516, 2194.9296875, 2183.734375, 2438.28125, 106.55929660797119, 57017, 60000, "2025-03-15T04:49:56.998696"]}
{"uuid": "d5de3a8063", "date": "2014-04-01T00:00:00", "values": [6.273413809140523, 2229.953125, 2218.7578125, 2473.6015625, 106.57907199859619, 57176, 60000, "2025-03-15T04:56:13.403524"]}
{"uuid": "63d828121b", "date": "2014-04-12T00:00:00", "values": ["rt disability < 0 in rti_alter_daly_post_treatment"]}
{"uuid": "90f526bf10", "date": "2014-04-24T00:00:00", "values": ["This event should not be running, Hiv_DecisionToContinueTreatment is for those already on tx"]}
{"uuid": "d5de3a8063", "date": "2014-05-01T00:00:00", "values": [5.7248508135477705, 2262.796875, 2251.82421875, 2507.01171875, 106.59677219390869, 57316, 60000, "2025-03-15T05:01:56.894577"]}
{"uuid": "dc8474b6b3", "date": "2014-05-06T00:00:00", "values": ["Increased capacity of population dataframe to 61000"]}
{"uuid": "d5de3a8063", "date": "2014-06-01T00:00:00", "values": [6.199537885189057, 2244.875, 2233.75, 2488.96875, 108.29895877838135, 57462, 61000, "2025-03-15T05:08:08.866845"]}
{"uuid": "63d828121b", "date": "2014-06-10T00:00:00", "values": ["rt disability < 0 in rti_alter_daly_post_treatment"]}
{"uuid": "d5de3a8063", "date": "2014-07-01T00:00:00", "values": [5.858179183801015, 2244.875, 2233.79296875, 2489.01171875, 108.31531620025635, 57595, 61000, "2025-03-15T05:14:00.357598"]}
{"uuid": "90f526bf10", "date": "2014-07-10T00:00:00", "values": ["This event should not be running, Hiv_DecisionToContinueTreatment is for those already on tx"]}
{"uuid": "90f526bf10", "date": "2014-07-17T00:00:00", "values": ["This event should not be running, Hiv_DecisionToContinueTreatment is for those already on tx"]}
{"uuid": "90f526bf10", "date": "2014-07-21T00:00:00", "values": ["This event should not be running, Hiv_DecisionToContinueTreatment is for those already on tx"]}
{"uuid": "d5de3a8063", "date": "2014-08-01T00:00:00", "values": [5.710823754469554, 2236.890625, 2225.703125, 2481.5546875, 108.3336877822876, 57742, 61000, "2025-03-15T05:19:43.007021"]}
{"uuid": "90f526bf10", "date": "2014-08-02T00:00:00", "values": ["This event should not be running, Hiv_DecisionToContinueTreatment is for those already on tx"]}
{"uuid": "90f526bf10", "date": "2014-08-05T00:00:00", "values": ["This event should not be running, Hiv_DecisionToContinueTreatment is for those already on tx"]}
{"uuid": "90f526bf10", "date": "2014-08-21T00:00:00", "values": ["This event should not be running, Hiv_DecisionToContinueTreatment is for those already on tx"]}
{"uuid": "d5de3a8063", "date": "2014-09-01T00:00:00", "values": [6.0655274271965025, 2271.1953125, 2260.0, 2516.10546875, 108.3521203994751, 57886, 61000, "2025-03-15T05:25:46.938672"]}
{"uuid": "1e86f25803", "date": "2014-09-24T00:00:00", "values": ["Tb_Test_Screening actual_footprint requires differentofficers than expected_footprint."]}
{"uuid": "d5de3a8063", "date": "2014-10-01T00:00:00", "values": [5.7549160599708555, 2287.1875, 2276.25, 2532.15234375, 108.3690881729126, 58032, 61000, "2025-03-15T05:31:32.233633"]}
{"uuid": "dc8474b6b3", "date": "2014-10-14T00:00:00", "values": ["Increased capacity of population dataframe to 62000"]}
{"uuid": "d5de3a8063", "date": "2014-11-01T00:00:00", "values": [6.1640028556187945, 2375.796875, 2364.6015625, 2621.203125, 110.07106113433838, 58194, 62000, "2025-03-15T05:37:42.073806"]}
{"uuid": "90f526bf10", "date": "2014-11-19T00:00:00", "values": ["This event should not be running, Hiv_DecisionToContinueTreatment is for those already on tx"]}
{"uuid": "d5de3a8063", "date": "2014-12-01T00:00:00", "values": [5.770119408766429, 2405.13671875, 2393.9921875, 2650.9609375, 110.09080600738525, 58365, 62000, "2025-03-15T05:43:28.280967"]}
{"uuid": "b07716682c", "date": "2015-01-01T00:00:00", "values": ["simulate() 19396.189425945282 s"]}
