{"uuid": "b07716682c", "type": "header", "module": "tlo.simulation", "key": "info", "level": "INFO", "columns": {"message": "str"}, "description": null}
{"uuid": "b07716682c", "date": "2010-01-01T00:00:00", "values": ["Log output: profiling_results/2025/02/13/2140/scale_run_profiling__2025-02-13T214028.log"]}
{"uuid": "b07716682c", "date": "2010-01-01T00:00:00", "values": ["Simulation RNG user entropy = 0"]}
{"uuid": "b07716682c", "date": "2010-01-01T00:00:00", "values": ["Demography RNG auto (entropy, spawn key) = (0, 0)"]}
{"uuid": "b07716682c", "date": "2010-01-01T00:00:00", "values": ["Lifestyle RNG auto (entropy, spawn key) = (0, 1)"]}
{"uuid": "b07716682c", "date": "2010-01-01T00:00:00", "values": ["HealthBurden RNG auto (entropy, spawn key) = (0, 2)"]}
{"uuid": "b07716682c", "date": "2010-01-01T00:00:00", "values": ["HealthSystem RNG auto (entropy, spawn key) = (0, 3)"]}
{"uuid": "b07716682c", "date": "2010-01-01T00:00:00", "values": ["SymptomManager RNG auto (entropy, spawn key) = (0, 4)"]}
{"uuid": "b07716682c", "date": "2010-01-01T00:00:00", "values": ["HealthSeekingBehaviour RNG auto (entropy, spawn key) = (0, 5)"]}
{"uuid": "b07716682c", "date": "2010-01-01T00:00:00", "values": ["Epi RNG auto (entropy, spawn key) = (0, 6)"]}
{"uuid": "b07716682c", "date": "2010-01-01T00:00:00", "values": ["Contraception RNG auto (entropy, spawn key) = (0, 7)"]}
{"uuid": "b07716682c", "date": "2010-01-01T00:00:00", "values": ["Hiv RNG auto (entropy, spawn key) = (0, 8)"]}
{"uuid": "b07716682c", "date": "2010-01-01T00:00:00", "values": ["CardioMetabolicDisorders RNG auto (entropy, spawn key) = (0, 9)"]}
{"uuid": "b07716682c", "date": "2010-01-01T00:00:00", "values": ["Malaria RNG auto (entropy, spawn key) = (0, 10)"]}
{"uuid": "b07716682c", "date": "2010-01-01T00:00:00", "values": ["PregnancySupervisor RNG auto (entropy, spawn key) = (0, 11)"]}
{"uuid": "b07716682c", "date": "2010-01-01T00:00:00", "values": ["CareOfWomenDuringPregnancy RNG auto (entropy, spawn key) = (0, 12)"]}
{"uuid": "b07716682c", "date": "2010-01-01T00:00:00", "values": ["NewbornOutcomes RNG auto (entropy, spawn key) = (0, 13)"]}
{"uuid": "b07716682c", "date": "2010-01-01T00:00:00", "values": ["Wasting RNG auto (entropy, spawn key) = (0, 14)"]}
{"uuid": "b07716682c", "date": "2010-01-01T00:00:00", "values": ["Diarrhoea RNG auto (entropy, spawn key) = (0, 15)"]}
{"uuid": "b07716682c", "date": "2010-01-01T00:00:00", "values": ["Stunting RNG auto (entropy, spawn key) = (0, 16)"]}
{"uuid": "b07716682c", "date": "2010-01-01T00:00:00", "values": ["Labour RNG auto (entropy, spawn key) = (0, 17)"]}
{"uuid": "b07716682c", "date": "2010-01-01T00:00:00", "values": ["PostnatalSupervisor RNG auto (entropy, spawn key) = (0, 18)"]}
{"uuid": "b07716682c", "date": "2010-01-01T00:00:00", "values": ["Alri RNG auto (entropy, spawn key) = (0, 19)"]}
{"uuid": "b07716682c", "date": "2010-01-01T00:00:00", "values": ["Measles RNG auto (entropy, spawn key) = (0, 20)"]}
{"uuid": "b07716682c", "date": "2010-01-01T00:00:00", "values": ["Schisto RNG auto (entropy, spawn key) = (0, 21)"]}
{"uuid": "b07716682c", "date": "2010-01-01T00:00:00", "values": ["Tb RNG auto (entropy, spawn key) = (0, 22)"]}
{"uuid": "b07716682c", "date": "2010-01-01T00:00:00", "values": ["BladderCancer RNG auto (entropy, spawn key) = (0, 23)"]}
{"uuid": "b07716682c", "date": "2010-01-01T00:00:00", "values": ["BreastCancer RNG auto (entropy, spawn key) = (0, 24)"]}
{"uuid": "b07716682c", "date": "2010-01-01T00:00:00", "values": ["OesophagealCancer RNG auto (entropy, spawn key) = (0, 25)"]}
{"uuid": "b07716682c", "date": "2010-01-01T00:00:00", "values": ["OtherAdultCancer RNG auto (entropy, spawn key) = (0, 26)"]}
{"uuid": "b07716682c", "date": "2010-01-01T00:00:00", "values": ["ProstateCancer RNG auto (entropy, spawn key) = (0, 27)"]}
{"uuid": "b07716682c", "date": "2010-01-01T00:00:00", "values": ["RTI RNG auto (entropy, spawn key) = (0, 28)"]}
{"uuid": "b07716682c", "date": "2010-01-01T00:00:00", "values": ["Copd RNG auto (entropy, spawn key) = (0, 29)"]}
{"uuid": "b07716682c", "date": "2010-01-01T00:00:00", "values": ["Depression RNG auto (entropy, spawn key) = (0, 30)"]}
{"uuid": "b07716682c", "date": "2010-01-01T00:00:00", "values": ["Epilepsy RNG auto (entropy, spawn key) = (0, 31)"]}
{"uuid": "dc8474b6b3", "type": "header", "module": "tlo.population", "key": "info", "level": "INFO", "columns": {"message": "str"}, "description": null}
{"uuid": "dc8474b6b3", "date": "2010-01-01T00:00:00", "values": ["Dataframe capacity append size: 1000"]}
{"uuid": "b07716682c", "date": "2010-01-01T00:00:00", "values": ["make_initial_population() 28.462458848953247 s"]}
{"uuid": "e9a19fe1f9", "type": "header", "module": "tlo.methods.demography", "key": "scaling_factor", "level": "WARNING", "columns": {"scaling_factor": "float"}, "description": "The data-to-model scaling factor (based on the initial population size, used to multiply-up results so that they correspond to the real population size."}
{"uuid": "e9a19fe1f9", "date": "2010-01-01T00:00:00", "values": [290.79218000000003]}
{"uuid": "072090a41b", "type": "header", "module": "tlo.methods.population", "key": "scaling_factor", "level": "WARNING", "columns": {"scaling_factor": "float"}, "description": "The data-to-model scaling factor (based on the initial population size, used to multiply-up results so that they correspond to the real population size."}
{"uuid": "072090a41b", "date": "2010-01-01T00:00:00", "values": [290.79218000000003]}
{"uuid": "d5de3a8063", "type": "header", "module": "tlo.profiling", "key": "stats", "level": "INFO", "columns": {"duration_minutes": "float", "memory_rss_MiB": "float", "memory_uss_MiB": "float", "memory_vms_MiB": "float", "pop_df_mem_MiB": "float", "pop_df_number_alive": "int", "pop_df_rows": "int", "time": "str"}, "description": null}
{"uuid": "d5de3a8063", "date": "2010-01-01T00:00:00", "values": [0.11462067365646363, 517.04296875, 505.81640625, 762.05078125, 88.8384256362915, 50000, 50000, "2025-02-13T21:41:06.224587"]}
{"uuid": "dc8474b6b3", "date": "2010-01-01T00:00:00", "values": ["Increased capacity of population dataframe to 51000"]}
{"uuid": "d5de3a8063", "date": "2010-02-01T00:00:00", "values": [5.051663541793824, 644.16015625, 632.87890625, 889.3515625, 90.53926944732666, 50122, 51000, "2025-02-13T21:46:09.324392"]}
{"uuid": "d5de3a8063", "date": "2010-03-01T00:00:00", "values": [4.49751638174057, 789.57421875, 778.3671875, 1035.46875, 90.55126285552979, 50193, 51000, "2025-02-13T21:50:39.175375"]}
{"uuid": "d5de3a8063", "date": "2010-04-01T00:00:00", "values": [5.642458081245422, 889.65625, 878.359375, 1133.21875, 90.56594181060791, 50281, 51000, "2025-02-13T21:56:17.722859"]}
{"uuid": "d5de3a8063", "date": "2010-05-01T00:00:00", "values": [5.119889497756958, 1066.8203125, 1055.5234375, 1312.5234375, 90.58037662506104, 50369, 51000, "2025-02-13T22:01:24.916230"]}
{"uuid": "1e86f25803", "type": "header", "module": "tlo.methods.healthsystem", "key": "message", "level": "WARNING", "columns": {"message": "str"}, "description": null}
{"uuid": "1e86f25803", "date": "2010-05-10T00:00:00", "values": ["Tb_Test_Screening actual_footprint requires differentofficers than expected_footprint."]}
{"uuid": "d5de3a8063", "date": "2010-06-01T00:00:00", "values": [5.060527777671814, 1205.375, 1194.1015625, 1455.0078125, 90.59743595123291, 50507, 51000, "2025-02-13T22:06:28.547896"]}
{"uuid": "d5de3a8063", "date": "2010-07-01T00:00:00", "values": [5.000371885299683, 1354.03125, 1342.76171875, 1605.0546875, 90.61003971099854, 50587, 51000, "2025-02-13T22:11:28.570209"]}
{"uuid": "90f526bf10", "type": "header", "module": "tlo.methods.hiv", "key": "message", "level": "WARNING", "columns": {"message": "str"}, "description": null}
{"uuid": "90f526bf10", "date": "2010-07-06T00:00:00", "values": ["This event should not be running, Hiv_DecisionToContinueTreatment is for those already on tx"]}
{"uuid": "dc8474b6b3", "date": "2010-07-09T00:00:00", "values": ["Increased capacity of population dataframe to 52000"]}
{"uuid": "90f526bf10", "date": "2010-07-10T00:00:00", "values": ["This event should not be running, Hiv_DecisionToContinueTreatment is for those already on tx"]}
{"uuid": "63d828121b", "type": "header", "module": "tlo.methods.rti", "key": "warning", "level": "WARNING", "columns": {"message": "str"}, "description": null}
{"uuid": "63d828121b", "date": "2010-07-10T00:00:00", "values": ["rt disability < 0 in rti_alter_daly_post_treatment"]}
{"uuid": "d5de3a8063", "date": "2010-08-01T00:00:00", "values": [5.545868889490763, 1499.53125, 1488.3359375, 1749.34375, 92.31219577789307, 50742, 52000, "2025-02-13T22:17:01.322344"]}
{"uuid": "90f526bf10", "date": "2010-08-27T00:00:00", "values": ["This event should not be running, Hiv_DecisionToContinueTreatment is for those already on tx"]}
{"uuid": "d5de3a8063", "date": "2010-09-01T00:00:00", "values": [5.490213481585185, 1507.59765625, 1496.4453125, 1749.453125, 92.32876682281494, 50864, 52000, "2025-02-13T22:22:30.735152"]}
{"uuid": "d5de3a8063", "date": "2010-10-01T00:00:00", "values": [6.809993056456248, 1507.98046875, 1496.90234375, 1749.66015625, 92.35604953765869, 51099, 52000, "2025-02-13T22:29:19.334737"]}
{"uuid": "d5de3a8063", "date": "2010-11-01T00:00:00", "values": [6.935375527540843, 1508.3203125, 1497.02734375, 1749.78125, 92.37292575836182, 51238, 52000, "2025-02-13T22:36:15.457267"]}
{"uuid": "dc8474b6b3", "date": "2010-11-30T00:00:00", "values": ["Increased capacity of population dataframe to 53000"]}
{"uuid": "d5de3a8063", "date": "2010-12-01T00:00:00", "values": [6.611062077681224, 1523.14453125, 1512.09375, 1765.6796875, 94.0746545791626, 51401, 53000, "2025-02-13T22:42:52.120991"]}
{"uuid": "d5de3a8063", "date": "2011-01-01T00:00:00", "values": [7.988512102762858, 1528.6796875, 1517.45703125, 1770.2109375, 94.09403324127197, 51563, 53000, "2025-02-13T22:50:51.431717"]}
{"uuid": "63d828121b", "date": "2011-01-10T00:00:00", "values": ["rt disability < 0 in rti_alter_daly_post_treatment"]}
{"uuid": "d5de3a8063", "date": "2011-02-01T00:00:00", "values": [7.641563991705577, 1528.75390625, 1517.45703125, 1770.2109375, 94.11560916900635, 51739, 53000, "2025-02-13T22:58:29.925559"]}
{"uuid": "d5de3a8063", "date": "2011-03-01T00:00:00", "values": [6.984018719196319, 1528.75390625, 1517.45703125, 1770.2109375, 94.1331262588501, 51861, 53000, "2025-02-13T23:05:28.966680"]}
{"uuid": "d5de3a8063", "date": "2011-04-01T00:00:00", "values": [7.675019407272339, 1525.03515625, 1513.73828125, 1766.3671875, 94.15088748931885, 51976, 53000, "2025-02-13T23:13:09.467844"]}
{"uuid": "dc8474b6b3", "date": "2011-04-29T00:00:00", "values": ["Increased capacity of population dataframe to 54000"]}
{"uuid": "d5de3a8063", "date": "2011-05-01T00:00:00", "values": [7.120844407876333, 1602.953125, 1591.7734375, 1846.0, 95.85151767730713, 52083, 54000, "2025-02-13T23:20:16.718509"]}
{"uuid": "d5de3a8063", "date": "2011-06-01T00:00:00", "values": [6.896194199721019, 1584.34375, 1573.23828125, 1825.390625, 95.86741733551025, 52185, 54000, "2025-02-13T23:27:10.490163"]}
{"uuid": "d5de3a8063", "date": "2011-07-01T00:00:00", "values": [6.945236070950826, 1577.96484375, 1566.76171875, 1819.015625, 95.88465976715088, 52314, 54000, "2025-02-13T23:34:07.204325"]}
{"uuid": "90f526bf10", "date": "2011-07-07T00:00:00", "values": ["This event should not be running, Hiv_DecisionToContinueTreatment is for those already on tx"]}
{"uuid": "90f526bf10", "date": "2011-07-15T00:00:00", "values": ["This event should not be running, Hiv_DecisionToContinueTreatment is for those already on tx"]}
{"uuid": "90f526bf10", "date": "2011-07-18T00:00:00", "values": ["This event should not be running, Hiv_DecisionToContinueTreatment is for those already on tx"]}
{"uuid": "d5de3a8063", "date": "2011-08-01T00:00:00", "values": [6.619692818323771, 1587.28515625, 1576.13671875, 1829.19921875, 95.89997959136963, 52442, 54000, "2025-02-13T23:40:44.385896"]}
{"uuid": "90f526bf10", "date": "2011-08-03T00:00:00", "values": ["This event should not be running, Hiv_DecisionToContinueTreatment is for those already on tx"]}
{"uuid": "90f526bf10", "date": "2011-08-14T00:00:00", "values": ["This event should not be running, Hiv_DecisionToContinueTreatment is for those already on tx"]}
{"uuid": "90f526bf10", "date": "2011-08-28T00:00:00", "values": ["This event should not be running, Hiv_DecisionToContinueTreatment is for those already on tx"]}
{"uuid": "d5de3a8063", "date": "2011-09-01T00:00:00", "values": [6.8988837162653605, 1613.41015625, 1602.29296875, 1855.015625, 95.91731357574463, 52593, 54000, "2025-02-13T23:47:38.318919"]}
{"uuid": "d5de3a8063", "date": "2011-10-01T00:00:00", "values": [7.2131715536117555, 1624.19140625, 1612.9921875, 1866.5078125, 95.9348611831665, 52725, 54000, "2025-02-13T23:54:51.109210"]}
{"uuid": "dc8474b6b3", "date": "2011-10-21T00:00:00", "values": ["Increased capacity of population dataframe to 55000"]}
{"uuid": "d5de3a8063", "date": "2011-11-01T00:00:00", "values": [7.12345772186915, 1790.2890625, 1779.0, 2033.84765625, 97.63558292388916, 52858, 55000, "2025-02-14T00:01:58.516674"]}
{"uuid": "90f526bf10", "date": "2011-11-27T00:00:00", "values": ["This event should not be running, Hiv_DecisionToContinueTreatment is for those already on tx"]}
{"uuid": "d5de3a8063", "date": "2011-12-01T00:00:00", "values": [6.8658342639605205, 1790.2890625, 1779.05078125, 2033.8984375, 97.65435123443604, 53010, 55000, "2025-02-14T00:08:50.466729"]}
{"uuid": "90f526bf10", "date": "2011-12-06T00:00:00", "values": ["This event should not be running, Hiv_DecisionToContinueTreatment is for those already on tx"]}
{"uuid": "1e86f25803", "date": "2011-12-08T00:00:00", "values": ["Tb_Test_Screening actual_footprint requires differentofficers than expected_footprint."]}
{"uuid": "d5de3a8063", "date": "2012-01-01T00:00:00", "values": [7.398539121945699, 1769.09375, 1757.796875, 2012.28515625, 97.66954898834229, 53131, 55000, "2025-02-14T00:16:14.379078"]}
{"uuid": "d5de3a8063", "date": "2012-02-01T00:00:00", "values": [7.0134007374445595, 1817.34765625, 1806.1171875, 2059.4375, 97.68758487701416, 53288, 55000, "2025-02-14T00:23:15.183123"]}
{"uuid": "d5de3a8063", "date": "2012-03-01T00:00:00", "values": [6.896419962247212, 1820.84765625, 1809.80859375, 2063.40625, 97.70354557037354, 53426, 55000, "2025-02-14T00:30:08.968322"]}
{"uuid": "dc8474b6b3", "date": "2012-03-29T00:00:00", "values": ["Increased capacity of population dataframe to 56000"]}
{"uuid": "d5de3a8063", "date": "2012-04-01T00:00:00", "values": [7.93541959921519, 1849.453125, 1838.40234375, 2092.484375, 99.40588474273682, 53565, 56000, "2025-02-14T00:38:05.093495"]}
{"uuid": "d5de3a8063", "date": "2012-05-01T00:00:00", "values": [7.498820718129476, 1821.65234375, 1810.4609375, 2064.34765625, 99.42517185211182, 53717, 56000, "2025-02-14T00:45:35.022738"]}
{"uuid": "90f526bf10", "date": "2012-05-08T00:00:00", "values": ["This event should not be running, Hiv_DecisionToContinueTreatment is for those already on tx"]}
{"uuid": "90f526bf10", "date": "2012-05-22T00:00:00", "values": ["This event should not be running, Hiv_DecisionToContinueTreatment is for those already on tx"]}
{"uuid": "d5de3a8063", "date": "2012-06-01T00:00:00", "values": [7.142402585347494, 1869.05078125, 1857.8359375, 2111.8046875, 99.44387912750244, 53863, 56000, "2025-02-14T00:52:43.566894"]}
{"uuid": "90f526bf10", "date": "2012-06-08T00:00:00", "values": ["This event should not be running, Hiv_DecisionToContinueTreatment is for those already on tx"]}
{"uuid": "90f526bf10", "date": "2012-06-21T00:00:00", "values": ["This event should not be running, Hiv_DecisionToContinueTreatment is for those already on tx"]}
{"uuid": "90f526bf10", "date": "2012-06-24T00:00:00", "values": ["This event should not be running, Hiv_DecisionToContinueTreatment is for those already on tx"]}
{"uuid": "d5de3a8063", "date": "2012-07-01T00:00:00", "values": [7.35570748647054, 1892.640625, 1881.46484375, 2133.953125, 99.46167087554932, 54009, 56000, "2025-02-14T01:00:04.909345"]}
{"uuid": "63d828121b", "date": "2012-07-10T00:00:00", "values": ["rt disability < 0 in rti_alter_daly_post_treatment"]}
{"uuid": "90f526bf10", "date": "2012-07-20T00:00:00", "values": ["This event should not be running, Hiv_DecisionToContinueTreatment is for those already on tx"]}
{"uuid": "d5de3a8063", "date": "2012-08-01T00:00:00", "values": [7.221115036805471, 1915.98046875, 1904.76953125, 2158.37109375, 99.48004245758057, 54162, 56000, "2025-02-14T01:07:18.176246"]}
{"uuid": "90f526bf10", "date": "2012-08-13T00:00:00", "values": ["This event should not be running, Hiv_DecisionToContinueTreatment is for those already on tx"]}
{"uuid": "90f526bf10", "date": "2012-08-16T00:00:00", "values": ["This event should not be running, Hiv_DecisionToContinueTreatment is for those already on tx"]}
{"uuid": "dc8474b6b3", "date": "2012-08-30T00:00:00", "values": ["Increased capacity of population dataframe to 57000"]}
{"uuid": "d5de3a8063", "date": "2012-09-01T00:00:00", "values": [7.432345449924469, 1935.08984375, 1923.89453125, 2177.54296875, 101.18033695220947, 54303, 57000, "2025-02-14T01:14:44.116971"]}
{"uuid": "1e86f25803", "date": "2012-09-17T00:00:00", "values": ["Tb_Test_Screening actual_footprint requires differentofficers than expected_footprint."]}
{"uuid": "90f526bf10", "date": "2012-09-26T00:00:00", "values": ["This event should not be running, Hiv_DecisionToContinueTreatment is for those already on tx"]}
{"uuid": "d5de3a8063", "date": "2012-10-01T00:00:00", "values": [7.246001942952474, 1954.3828125, 1943.26953125, 2196.625, 101.19699954986572, 54435, 57000, "2025-02-14T01:21:58.877088"]}
{"uuid": "d5de3a8063", "date": "2012-11-01T00:00:00", "values": [7.379062815507253, 1954.84375, 1943.6015625, 2197.234375, 101.2165002822876, 54601, 57000, "2025-02-14T01:29:21.620857"]}
{"uuid": "63d828121b", "date": "2012-11-10T00:00:00", "values": ["rt disability < 0 in rti_alter_daly_post_treatment"]}
{"uuid": "1e86f25803", "date": "2012-11-28T00:00:00", "values": ["Tb_Test_Screening actual_footprint requires differentofficers than expected_footprint."]}
{"uuid": "90f526bf10", "date": "2012-11-29T00:00:00", "values": ["This event should not be running, Hiv_DecisionToContinueTreatment is for those already on tx"]}
{"uuid": "d5de3a8063", "date": "2012-12-01T00:00:00", "values": [7.142022569974263, 1988.57421875, 1977.45703125, 2230.8359375, 101.23474979400635, 54765, 57000, "2025-02-14T01:36:30.142211"]}
{"uuid": "d5de3a8063", "date": "2013-01-01T00:00:00", "values": [8.197251121203104, 2005.6875, 1994.54296875, 2248.19921875, 101.25382328033447, 54910, 57000, "2025-02-14T01:44:41.977278"]}
{"uuid": "63d828121b", "date": "2013-01-10T00:00:00", "values": ["rt disability < 0 in rti_alter_daly_post_treatment"]}
{"uuid": "90f526bf10", "date": "2013-01-17T00:00:00", "values": ["This event should not be running, Hiv_DecisionToContinueTreatment is for those already on tx"]}
{"uuid": "dc8474b6b3", "date": "2013-01-31T00:00:00", "values": ["Increased capacity of population dataframe to 58000"]}
{"uuid": "d5de3a8063", "date": "2013-02-01T00:00:00", "values": [7.3917439699172975, 2097.10546875, 2085.8203125, 2338.83203125, 102.95604038238525, 55071, 58000, "2025-02-14T01:52:05.481917"]}
{"uuid": "1e86f25803", "date": "2013-02-08T00:00:00", "values": ["Tb_Test_Screening actual_footprint requires differentofficers than expected_footprint."]}
{"uuid": "63d828121b", "date": "2013-02-09T00:00:00", "values": ["rt disability < 0 in rti_alter_daly_post_treatment"]}
{"uuid": "63d828121b", "date": "2013-02-09T00:00:00", "values": ["rt disability < 0 in rti_alter_daly_post_treatment"]}
{"uuid": "d5de3a8063", "date": "2013-03-01T00:00:00", "values": [7.2456837375958765, 2075.76171875, 2064.52734375, 2318.6328125, 102.9741678237915, 55221, 58000, "2025-02-14T01:59:20.222941"]}
{"uuid": "90f526bf10", "date": "2013-03-23T00:00:00", "values": ["This event should not be running, Hiv_DecisionToContinueTreatment is for those already on tx"]}
{"uuid": "d5de3a8063", "date": "2013-04-01T00:00:00", "values": [8.163718974590301, 2098.2109375, 2087.01171875, 2341.5390625, 102.99522495269775, 55402, 58000, "2025-02-14T02:07:30.046079"]}
{"uuid": "d5de3a8063", "date": "2013-05-01T00:00:00", "values": [7.244889756043752, 2101.92578125, 2090.796875, 2343.890625, 103.01393222808838, 55564, 58000, "2025-02-14T02:14:44.739465"]}
{"uuid": "d5de3a8063", "date": "2013-06-01T00:00:00", "values": [7.6043780962626135, 2122.453125, 2111.390625, 2364.08984375, 103.03352451324463, 55720, 58000, "2025-02-14T02:22:21.002151"]}
{"uuid": "dc8474b6b3", "date": "2013-06-26T00:00:00", "values": ["Increased capacity of population dataframe to 59000"]}
{"uuid": "90f526bf10", "date": "2013-06-30T00:00:00", "values": ["This event should not be running, Hiv_DecisionToContinueTreatment is for those already on tx"]}
{"uuid": "90f526bf10", "date": "2013-06-30T00:00:00", "values": ["This event should not be running, Hiv_DecisionToContinueTreatment is for those already on tx"]}
{"uuid": "d5de3a8063", "date": "2013-07-01T00:00:00", "values": [7.253660678863525, 2141.35546875, 2130.0859375, 2383.95703125, 104.73403263092041, 55866, 59000, "2025-02-14T02:29:36.221791"]}
{"uuid": "63d828121b", "date": "2013-07-10T00:00:00", "values": ["rt disability < 0 in rti_alter_daly_post_treatment"]}
{"uuid": "90f526bf10", "date": "2013-07-17T00:00:00", "values": ["This event should not be running, Hiv_DecisionToContinueTreatment is for those already on tx"]}
{"uuid": "d5de3a8063", "date": "2013-08-01T00:00:00", "values": [7.500974730650584, 2147.10546875, 2136.02734375, 2389.57421875, 104.75154972076416, 56010, 59000, "2025-02-14T02:37:06.280277"]}
{"uuid": "90f526bf10", "date": "2013-08-02T00:00:00", "values": ["This event should not be running, Hiv_DecisionToContinueTreatment is for those already on tx"]}
{"uuid": "63d828121b", "date": "2013-08-10T00:00:00", "values": ["rt disability < 0 in rti_alter_daly_post_treatment"]}
{"uuid": "d5de3a8063", "date": "2013-09-01T00:00:00", "values": [7.674709471066793, 2175.609375, 2164.42578125, 2418.7265625, 104.77114200592041, 56166, 59000, "2025-02-14T02:44:46.762843"]}
{"uuid": "63d828121b", "date": "2013-09-09T00:00:00", "values": ["rt disability < 0 in rti_alter_daly_post_treatment"]}
{"uuid": "90f526bf10", "date": "2013-09-11T00:00:00", "values": ["This event should not be running, Hiv_DecisionToContinueTreatment is for those already on tx"]}
{"uuid": "d5de3a8063", "date": "2013-10-01T00:00:00", "values": [7.551176257928213, 2215.36328125, 2204.22265625, 2457.85546875, 104.78881168365479, 56303, 59000, "2025-02-14T02:52:19.833418"]}
{"uuid": "63d828121b", "date": "2013-10-10T00:00:00", "values": ["rt disability < 0 in rti_alter_daly_post_treatment"]}
{"uuid": "1e86f25803", "date": "2013-10-13T00:00:00", "values": ["Tb_Test_Screening actual_footprint requires differentofficers than expected_footprint."]}
{"uuid": "d5de3a8063", "date": "2013-11-01T00:00:00", "values": [7.470839154720307, 2218.03125, 2206.94140625, 2460.9375, 104.80742740631104, 56470, 59000, "2025-02-14T02:59:48.083768"]}
{"uuid": "63d828121b", "date": "2013-11-10T00:00:00", "values": ["rt disability < 0 in rti_alter_daly_post_treatment"]}
{"uuid": "dc8474b6b3", "date": "2013-11-30T00:00:00", "values": ["Increased capacity of population dataframe to 60000"]}
{"uuid": "d5de3a8063", "date": "2013-12-01T00:00:00", "values": [7.09579375187556, 2349.65625, 2338.36328125, 2592.5390625, 106.50830173492432, 56616, 60000, "2025-02-14T03:06:53.831395"]}
{"uuid": "d5de3a8063", "date": "2014-01-01T00:00:00", "values": [8.227380279699961, 2377.79296875, 2366.7109375, 2621.95703125, 106.52572727203369, 56758, 60000, "2025-02-14T03:15:07.474210"]}
{"uuid": "90f526bf10", "date": "2014-01-28T00:00:00", "values": ["This event should not be running, Hiv_DecisionToContinueTreatment is for those already on tx"]}
{"uuid": "d5de3a8063", "date": "2014-02-01T00:00:00", "values": [7.490104568004608, 2397.83984375, 2386.5703125, 2638.95703125, 106.54153537750244, 56881, 60000, "2025-02-14T03:22:36.880484"]}
{"uuid": "d5de3a8063", "date": "2014-03-01T00:00:00", "values": [7.251597245534261, 2419.76953125, 2408.48828125, 2662.20703125, 106.55929660797119, 57017, 60000, "2025-02-14T03:29:51.976319"]}
{"uuid": "d5de3a8063", "date": "2014-04-01T00:00:00", "values": [8.43661284049352, 2407.03515625, 2395.90625, 2649.71484375, 106.57907199859619, 57176, 60000, "2025-02-14T03:38:18.173091"]}
{"uuid": "63d828121b", "date": "2014-04-12T00:00:00", "values": ["rt disability < 0 in rti_alter_daly_post_treatment"]}
{"uuid": "90f526bf10", "date": "2014-04-24T00:00:00", "values": ["This event should not be running, Hiv_DecisionToContinueTreatment is for those already on tx"]}
{"uuid": "d5de3a8063", "date": "2014-05-01T00:00:00", "values": [7.6922896027565, 2462.19140625, 2451.15234375, 2705.4921875, 106.59677219390869, 57316, 60000, "2025-02-14T03:45:59.710465"]}
{"uuid": "dc8474b6b3", "date": "2014-05-06T00:00:00", "values": ["Increased capacity of population dataframe to 61000"]}
{"uuid": "d5de3a8063", "date": "2014-06-01T00:00:00", "values": [8.1500794450442, 2493.875, 2482.58203125, 2736.74609375, 108.29895877838135, 57462, 61000, "2025-02-14T03:54:08.715233"]}
{"uuid": "63d828121b", "date": "2014-06-10T00:00:00", "values": ["rt disability < 0 in rti_alter_daly_post_treatment"]}
{"uuid": "d5de3a8063", "date": "2014-07-01T00:00:00", "values": [7.7064987858136496, 2518.6015625, 2507.35546875, 2759.74609375, 108.31531620025635, 57595, 61000, "2025-02-14T04:01:51.105159"]}
{"uuid": "90f526bf10", "date": "2014-07-10T00:00:00", "values": ["This event should not be running, Hiv_DecisionToContinueTreatment is for those already on tx"]}
{"uuid": "90f526bf10", "date": "2014-07-17T00:00:00", "values": ["This event should not be running, Hiv_DecisionToContinueTreatment is for those already on tx"]}
{"uuid": "90f526bf10", "date": "2014-07-21T00:00:00", "values": ["This event should not be running, Hiv_DecisionToContinueTreatment is for those already on tx"]}
{"uuid": "d5de3a8063", "date": "2014-08-01T00:00:00", "values": [7.833615426222483, 2534.87890625, 2523.63671875, 2776.96875, 108.3336877822876, 57742, 61000, "2025-02-14T04:09:41.122086"]}
{"uuid": "90f526bf10", "date": "2014-08-02T00:00:00", "values": ["This event should not be running, Hiv_DecisionToContinueTreatment is for those already on tx"]}
{"uuid": "90f526bf10", "date": "2014-08-05T00:00:00", "values": ["This event should not be running, Hiv_DecisionToContinueTreatment is for those already on tx"]}
{"uuid": "90f526bf10", "date": "2014-08-21T00:00:00", "values": ["This event should not be running, Hiv_DecisionToContinueTreatment is for those already on tx"]}
{"uuid": "d5de3a8063", "date": "2014-09-01T00:00:00", "values": [8.022181061903636, 2560.0625, 2548.8359375, 2801.953125, 108.3521203994751, 57886, 61000, "2025-02-14T04:17:42.452949"]}
{"uuid": "1e86f25803", "date": "2014-09-24T00:00:00", "values": ["Tb_Test_Screening actual_footprint requires differentofficers than expected_footprint."]}
{"uuid": "d5de3a8063", "date": "2014-10-01T00:00:00", "values": [7.964020144939423, 2579.86328125, 2568.7890625, 2822.24609375, 108.3690881729126, 58032, 61000, "2025-02-14T04:25:40.294160"]}
{"uuid": "dc8474b6b3", "date": "2014-10-14T00:00:00", "values": ["Increased capacity of population dataframe to 62000"]}
{"uuid": "d5de3a8063", "date": "2014-11-01T00:00:00", "values": [8.2584938287735, 2625.5390625, 2614.2421875, 2868.38671875, 110.07106113433838, 58194, 62000, "2025-02-14T04:33:55.803787"]}
{"uuid": "90f526bf10", "date": "2014-11-19T00:00:00", "values": ["This event should not be running, Hiv_DecisionToContinueTreatment is for those already on tx"]}
{"uuid": "d5de3a8063", "date": "2014-12-01T00:00:00", "values": [7.751392734050751, 2639.15234375, 2628.0546875, 2883.38671875, 110.09080600738525, 58365, 62000, "2025-02-14T04:41:40.887353"]}
{"uuid": "b07716682c", "date": "2015-01-01T00:00:00", "values": ["simulate() 25714.47148489952 s"]}
