{"uuid": "b07716682c", "type": "header", "module": "tlo.simulation", "key": "info", "level": "INFO", "columns": {"message": "str"}, "description": null}
{"uuid": "b07716682c", "date": "2010-01-01T00:00:00", "values": ["Log output: profiling_results/2025/10/18/0024/scale_run_profiling__2025-10-18T002424.log"]}
{"uuid": "b07716682c", "date": "2010-01-01T00:00:00", "values": ["Simulation RNG user entropy = 0"]}
{"uuid": "b07716682c", "date": "2010-01-01T00:00:00", "values": ["Demography RNG auto (entropy, spawn key) = (0, 0)"]}
{"uuid": "b07716682c", "date": "2010-01-01T00:00:00", "values": ["Lifestyle RNG auto (entropy, spawn key) = (0, 1)"]}
{"uuid": "b07716682c", "date": "2010-01-01T00:00:00", "values": ["HealthBurden RNG auto (entropy, spawn key) = (0, 2)"]}
{"uuid": "b07716682c", "date": "2010-01-01T00:00:00", "values": ["HealthSystem RNG auto (entropy, spawn key) = (0, 3)"]}
{"uuid": "b07716682c", "date": "2010-01-01T00:00:00", "values": ["SymptomManager RNG auto (entropy, spawn key) = (0, 4)"]}
{"uuid": "b07716682c", "date": "2010-01-01T00:00:00", "values": ["HealthSeekingBehaviour RNG auto (entropy, spawn key) = (0, 5)"]}
{"uuid": "b07716682c", "date": "2010-01-01T00:00:00", "values": ["Epi RNG auto (entropy, spawn key) = (0, 6)"]}
{"uuid": "b07716682c", "date": "2010-01-01T00:00:00", "values": ["Contraception RNG auto (entropy, spawn key) = (0, 7)"]}
{"uuid": "b07716682c", "date": "2010-01-01T00:00:00", "values": ["Hiv RNG auto (entropy, spawn key) = (0, 8)"]}
{"uuid": "b07716682c", "date": "2010-01-01T00:00:00", "values": ["CardioMetabolicDisorders RNG auto (entropy, spawn key) = (0, 9)"]}
{"uuid": "b07716682c", "date": "2010-01-01T00:00:00", "values": ["Malaria RNG auto (entropy, spawn key) = (0, 10)"]}
{"uuid": "b07716682c", "date": "2010-01-01T00:00:00", "values": ["PregnancySupervisor RNG auto (entropy, spawn key) = (0, 11)"]}
{"uuid": "b07716682c", "date": "2010-01-01T00:00:00", "values": ["CareOfWomenDuringPregnancy RNG auto (entropy, spawn key) = (0, 12)"]}
{"uuid": "b07716682c", "date": "2010-01-01T00:00:00", "values": ["NewbornOutcomes RNG auto (entropy, spawn key) = (0, 13)"]}
{"uuid": "b07716682c", "date": "2010-01-01T00:00:00", "values": ["Wasting RNG auto (entropy, spawn key) = (0, 14)"]}
{"uuid": "b07716682c", "date": "2010-01-01T00:00:00", "values": ["Diarrhoea RNG auto (entropy, spawn key) = (0, 15)"]}
{"uuid": "b07716682c", "date": "2010-01-01T00:00:00", "values": ["Stunting RNG auto (entropy, spawn key) = (0, 16)"]}
{"uuid": "b07716682c", "date": "2010-01-01T00:00:00", "values": ["Labour RNG auto (entropy, spawn key) = (0, 17)"]}
{"uuid": "b07716682c", "date": "2010-01-01T00:00:00", "values": ["PostnatalSupervisor RNG auto (entropy, spawn key) = (0, 18)"]}
{"uuid": "b07716682c", "date": "2010-01-01T00:00:00", "values": ["Alri RNG auto (entropy, spawn key) = (0, 19)"]}
{"uuid": "b07716682c", "date": "2010-01-01T00:00:00", "values": ["Measles RNG auto (entropy, spawn key) = (0, 20)"]}
{"uuid": "b07716682c", "date": "2010-01-01T00:00:00", "values": ["Schisto RNG auto (entropy, spawn key) = (0, 21)"]}
{"uuid": "b07716682c", "date": "2010-01-01T00:00:00", "values": ["Tb RNG auto (entropy, spawn key) = (0, 22)"]}
{"uuid": "b07716682c", "date": "2010-01-01T00:00:00", "values": ["BladderCancer RNG auto (entropy, spawn key) = (0, 23)"]}
{"uuid": "b07716682c", "date": "2010-01-01T00:00:00", "values": ["BreastCancer RNG auto (entropy, spawn key) = (0, 24)"]}
{"uuid": "b07716682c", "date": "2010-01-01T00:00:00", "values": ["CervicalCancer RNG auto (entropy, spawn key) = (0, 25)"]}
{"uuid": "b07716682c", "date": "2010-01-01T00:00:00", "values": ["OesophagealCancer RNG auto (entropy, spawn key) = (0, 26)"]}
{"uuid": "b07716682c", "date": "2010-01-01T00:00:00", "values": ["OtherAdultCancer RNG auto (entropy, spawn key) = (0, 27)"]}
{"uuid": "b07716682c", "date": "2010-01-01T00:00:00", "values": ["ProstateCancer RNG auto (entropy, spawn key) = (0, 28)"]}
{"uuid": "b07716682c", "date": "2010-01-01T00:00:00", "values": ["RTI RNG auto (entropy, spawn key) = (0, 29)"]}
{"uuid": "b07716682c", "date": "2010-01-01T00:00:00", "values": ["Copd RNG auto (entropy, spawn key) = (0, 30)"]}
{"uuid": "b07716682c", "date": "2010-01-01T00:00:00", "values": ["Depression RNG auto (entropy, spawn key) = (0, 31)"]}
{"uuid": "b07716682c", "date": "2010-01-01T00:00:00", "values": ["Epilepsy RNG auto (entropy, spawn key) = (0, 32)"]}
{"uuid": "dc8474b6b3", "type": "header", "module": "tlo.population", "key": "info", "level": "INFO", "columns": {"message": "str"}, "description": null}
{"uuid": "dc8474b6b3", "date": "2010-01-01T00:00:00", "values": ["Dataframe capacity append size: 1000"]}
{"uuid": "b07716682c", "date": "2010-01-01T00:00:00", "values": ["make_initial_population() 23.137638568878174 s"]}
{"uuid": "e9a19fe1f9", "type": "header", "module": "tlo.methods.demography", "key": "scaling_factor", "level": "WARNING", "columns": {"scaling_factor": "float"}, "description": "The data-to-model scaling factor (based on the initial population size, used to multiply-up results so that they correspond to the real population size."}
{"uuid": "e9a19fe1f9", "date": "2010-01-01T00:00:00", "values": [290.79218000000003]}
{"uuid": "da366e03ae", "type": "header", "module": "tlo.methods.demography", "key": "scaling_factor_district", "level": "WARNING", "columns": {"scaling_factor_district": "dict"}, "description": "The data-to-model district_level scaling factor (based on the initial population size,used to multiply-up results so that they correspond to the real population size."}
{"uuid": "da366e03ae", "date": "2010-01-01T00:00:00", "values": [{"Balaka": 292.18885821890655, "Blantyre": 290.00666810074694, "Blantyre City": 289.0374870811533, "Chikwawa": 303.5430314988817, "Chiradzulu": 291.3490968335263, "Chitipa": 298.2777391579305, "Dedza": 297.2389953138543, "Dowa": 293.77467482227445, "Karonga": 302.1771942910366, "Kasungu": 288.94935614027617, "Likoma": 267.2384402454295, "Lilongwe": 288.55314644156545, "Lilongwe City": 290.31423439747215, "Machinga": 288.9462323801105, "Mangochi": 287.00339941738713, "Mchinji": 284.9140887939129, "Mulanje": 295.5725069079527, "Mwanza": 303.64733629901616, "Mzimba": 301.5507112253667, "Mzuzu City": 288.0081988677558, "Neno": 306.9167500618024, "Nkhata Bay": 299.06650178941345, "Nkhotakota": 277.642231737952, "Nsanje": 274.56432422649266, "Ntcheu": 292.7807936521761, "Ntchisi": 279.8249598210122, "Phalombe": 286.00721165825297, "Rumphi": 281.04278564091175, "Salima": 277.2997287670948, "Thyolo": 296.689092542885, "Zomba": 287.7804838656647, "Zomba City": 291.71738176198596}]}
{"uuid": "072090a41b", "type": "header", "module": "tlo.methods.population", "key": "scaling_factor", "level": "WARNING", "columns": {"scaling_factor": "float"}, "description": "The data-to-model scaling factor (based on the initial population size, used to multiply-up results so that they correspond to the real population size."}
{"uuid": "072090a41b", "date": "2010-01-01T00:00:00", "values": [290.79218000000003]}
{"uuid": "b47e7f2cb8", "type": "header", "module": "tlo.methods.population", "key": "scaling_factor_district", "level": "WARNING", "columns": {"scaling_factor_district": "dict"}, "description": "The data-to-model district_level scaling factor (based on the initial population size,used to multiply-up results so that they correspond to the real population size."}
{"uuid": "b47e7f2cb8", "date": "2010-01-01T00:00:00", "values": [{"Balaka": 292.18885821890655, "Blantyre": 290.00666810074694, "Blantyre City": 289.0374870811533, "Chikwawa": 303.5430314988817, "Chiradzulu": 291.3490968335263, "Chitipa": 298.2777391579305, "Dedza": 297.2389953138543, "Dowa": 293.77467482227445, "Karonga": 302.1771942910366, "Kasungu": 288.94935614027617, "Likoma": 267.2384402454295, "Lilongwe": 288.55314644156545, "Lilongwe City": 290.31423439747215, "Machinga": 288.9462323801105, "Mangochi": 287.00339941738713, "Mchinji": 284.9140887939129, "Mulanje": 295.5725069079527, "Mwanza": 303.64733629901616, "Mzimba": 301.5507112253667, "Mzuzu City": 288.0081988677558, "Neno": 306.9167500618024, "Nkhata Bay": 299.06650178941345, "Nkhotakota": 277.642231737952, "Nsanje": 274.56432422649266, "Ntcheu": 292.7807936521761, "Ntchisi": 279.8249598210122, "Phalombe": 286.00721165825297, "Rumphi": 281.04278564091175, "Salima": 277.2997287670948, "Thyolo": 296.689092542885, "Zomba": 287.7804838656647, "Zomba City": 291.71738176198596}]}
{"uuid": "d5de3a8063", "type": "header", "module": "tlo.profiling", "key": "stats", "level": "INFO", "columns": {"duration_minutes": "float", "memory_rss_MiB": "float", "memory_uss_MiB": "float", "memory_vms_MiB": "float", "pop_df_mem_MiB": "float", "pop_df_number_alive": "int", "pop_df_rows": "int", "time": "str"}, "description": null}
{"uuid": "d5de3a8063", "date": "2010-01-01T00:00:00", "values": [0.05313950777053833, 592.11328125, 581.140625, 837.68359375, 95.2783432006836, 50000, 50000, "2025-10-18T00:24:54.406921"]}
{"uuid": "dc8474b6b3", "date": "2010-01-01T00:00:00", "values": ["Increased capacity of population dataframe to 51000"]}
{"uuid": "d5de3a8063", "date": "2010-02-01T00:00:00", "values": [2.809658666451772, 682.921875, 671.94140625, 928.56640625, 97.10790252685547, 50125, 51000, "2025-10-18T00:27:42.986438"]}
{"uuid": "d5de3a8063", "date": "2010-03-01T00:00:00", "values": [2.515889573097229, 836.87890625, 825.65625, 1084.04296875, 97.12017059326172, 50194, 51000, "2025-10-18T00:30:13.939814"]}
{"uuid": "d5de3a8063", "date": "2010-04-01T00:00:00", "values": [3.041504458586375, 974.33984375, 963.3671875, 1221.546875, 97.13472747802734, 50277, 51000, "2025-10-18T00:33:16.430080"]}
{"uuid": "d5de3a8063", "date": "2010-05-01T00:00:00", "values": [2.771543836593628, 1152.51953125, 1141.296875, 1398.46875, 97.14913177490234, 50365, 51000, "2025-10-18T00:36:02.722711"]}
{"uuid": "1e86f25803", "type": "header", "module": "tlo.methods.healthsystem", "key": "message", "level": "WARNING", "columns": {"message": "str"}, "description": null}
{"uuid": "1e86f25803", "date": "2010-05-25T00:00:00", "values": ["Tb_Test_Screening actual_footprint requires differentofficers than expected_footprint."]}
{"uuid": "d5de3a8063", "date": "2010-06-01T00:00:00", "values": [2.611133865515391, 1284.85546875, 1273.6875, 1533.05859375, 97.16622161865234, 50505, 51000, "2025-10-18T00:38:39.390742"]}
{"uuid": "90f526bf10", "type": "header", "module": "tlo.methods.hiv", "key": "message", "level": "WARNING", "columns": {"message": "str"}, "description": null}
{"uuid": "90f526bf10", "date": "2010-06-17T00:00:00", "values": ["This event should not be running, Hiv_DecisionToContinueTreatment is for those already on tx"]}
{"uuid": "d5de3a8063", "date": "2010-07-01T00:00:00", "values": [2.920523210366567, 1436.171875, 1425.11328125, 1686.453125, 97.1784896850586, 50588, 51000, "2025-10-18T00:41:34.622135"]}
{"uuid": "dc8474b6b3", "date": "2010-07-09T00:00:00", "values": ["Increased capacity of population dataframe to 52000"]}
{"uuid": "1e86f25803", "date": "2010-07-18T00:00:00", "values": ["Tb_Test_Screening actual_footprint requires differentofficers than expected_footprint."]}
{"uuid": "d5de3a8063", "date": "2010-08-01T00:00:00", "values": [3.262059168020884, 1581.65234375, 1570.42578125, 1834.73828125, 99.01042938232422, 50738, 52000, "2025-10-18T00:44:50.345687"]}
{"uuid": "d5de3a8063", "date": "2010-09-01T00:00:00", "values": [2.9799824953079224, 1619.87890625, 1608.65234375, 1872.90234375, 99.02678680419922, 50863, 52000, "2025-10-18T00:47:49.144637"]}
{"uuid": "d5de3a8063", "date": "2010-10-01T00:00:00", "values": [4.208897574742635, 1620.05078125, 1608.82421875, 1873.0703125, 99.05339813232422, 51077, 52000, "2025-10-18T00:52:01.678489"]}
{"uuid": "1e86f25803", "date": "2010-10-02T00:00:00", "values": ["Tb_Test_FollowUp actual_footprint requires differentofficers than expected_footprint."]}
{"uuid": "d5de3a8063", "date": "2010-11-01T00:00:00", "values": [4.4795883893966675, 1621.3515625, 1610.125, 1874.359375, 99.07207489013672, 51225, 52000, "2025-10-18T00:56:30.453793"]}
{"uuid": "1e86f25803", "date": "2010-11-04T00:00:00", "values": ["Tb_Test_Screening actual_footprint requires differentofficers than expected_footprint."]}
{"uuid": "90f526bf10", "date": "2010-11-12T00:00:00", "values": ["This event should not be running, Hiv_DecisionToContinueTreatment is for those already on tx"]}
{"uuid": "d5de3a8063", "date": "2010-12-01T00:00:00", "values": [4.166691235701243, 1591.55859375, 1580.47265625, 1842.3359375, 99.0880355834961, 51340, 52000, "2025-10-18T01:00:40.455267"]}
{"uuid": "dc8474b6b3", "date": "2010-12-01T00:00:00", "values": ["Increased capacity of population dataframe to 53000"]}
{"uuid": "d5de3a8063", "date": "2011-01-01T00:00:00", "values": [4.890480200449626, 1575.3515625, 1564.125, 1821.83203125, 100.9215316772461, 51533, 53000, "2025-10-18T01:05:33.884079"]}
{"uuid": "d5de3a8063", "date": "2011-02-01T00:00:00", "values": [4.311689420541128, 1614.265625, 1603.0390625, 1856.52734375, 100.93975067138672, 51677, 53000, "2025-10-18T01:09:52.585444"]}
{"uuid": "d5de3a8063", "date": "2011-03-01T00:00:00", "values": [4.391504402955373, 1599.15625, 1587.9296875, 1841.19921875, 100.95836639404297, 51808, 53000, "2025-10-18T01:14:16.075709"]}
{"uuid": "d5de3a8063", "date": "2011-04-01T00:00:00", "values": [4.898592905203501, 1597.21875, 1585.9921875, 1839.26171875, 100.9774398803711, 51929, 53000, "2025-10-18T01:19:09.991282"]}
{"uuid": "90f526bf10", "date": "2011-04-25T00:00:00", "values": ["This event should not be running, Hiv_DecisionToContinueTreatment is for those already on tx"]}
{"uuid": "dc8474b6b3", "date": "2011-04-29T00:00:00", "values": ["Increased capacity of population dataframe to 54000"]}
{"uuid": "d5de3a8063", "date": "2011-05-01T00:00:00", "values": [4.42852399746577, 1630.0625, 1618.83984375, 1872.234375, 102.80675506591797, 52043, 54000, "2025-10-18T01:23:35.702722"]}
{"uuid": "d5de3a8063", "date": "2011-06-01T00:00:00", "values": [4.355687328179678, 1590.91015625, 1579.68359375, 1832.953125, 102.8232650756836, 52145, 54000, "2025-10-18T01:27:57.043962"]}
{"uuid": "63d828121b", "type": "header", "module": "tlo.methods.rti", "key": "warning", "level": "WARNING", "columns": {"message": "str"}, "description": null}
{"uuid": "63d828121b", "date": "2011-06-10T00:00:00", "values": ["rt disability < 0 in rti_alter_daly_post_treatment"]}
{"uuid": "90f526bf10", "date": "2011-06-12T00:00:00", "values": ["This event should not be running, Hiv_DecisionToContinueTreatment is for those already on tx"]}
{"uuid": "d5de3a8063", "date": "2011-07-01T00:00:00", "values": [4.31683167219162, 1590.91015625, 1579.68359375, 1832.953125, 102.84148406982422, 52292, 54000, "2025-10-18T01:32:16.053862"]}
{"uuid": "63d828121b", "date": "2011-07-10T00:00:00", "values": ["rt disability < 0 in rti_alter_daly_post_treatment"]}
{"uuid": "90f526bf10", "date": "2011-07-11T00:00:00", "values": ["This event should not be running, Hiv_DecisionToContinueTreatment is for those already on tx"]}
{"uuid": "d5de3a8063", "date": "2011-08-01T00:00:00", "values": [4.083446411291758, 1632.49609375, 1621.26953125, 1874.5390625, 102.8563461303711, 52410, 54000, "2025-10-18T01:36:21.060647"]}
{"uuid": "90f526bf10", "date": "2011-08-05T00:00:00", "values": ["This event should not be running, Hiv_DecisionToContinueTreatment is for those already on tx"]}
{"uuid": "90f526bf10", "date": "2011-08-24T00:00:00", "values": ["This event should not be running, Hiv_DecisionToContinueTreatment is for those already on tx"]}
{"uuid": "d5de3a8063", "date": "2011-09-01T00:00:00", "values": [4.038720444838206, 1591.06640625, 1579.83984375, 1832.953125, 102.87047576904297, 52509, 54000, "2025-10-18T01:40:23.383876"]}
{"uuid": "90f526bf10", "date": "2011-09-13T00:00:00", "values": ["This event should not be running, Hiv_DecisionToContinueTreatment is for those already on tx"]}
{"uuid": "d5de3a8063", "date": "2011-10-01T00:00:00", "values": [4.414052251974741, 1600.8828125, 1589.7890625, 1842.99609375, 102.88814544677734, 52654, 54000, "2025-10-18T01:44:48.227009"]}
{"uuid": "dc8474b6b3", "date": "2011-10-25T00:00:00", "values": ["Increased capacity of population dataframe to 55000"]}
{"uuid": "d5de3a8063", "date": "2011-11-01T00:00:00", "values": [4.253935507933298, 1745.421875, 1734.1953125, 1988.8671875, 104.71538543701172, 52786, 55000, "2025-10-18T01:49:03.463140"]}
{"uuid": "d5de3a8063", "date": "2011-12-01T00:00:00", "values": [4.122726809978485, 1745.56640625, 1734.33984375, 1989.01171875, 104.73302459716797, 52927, 55000, "2025-10-18T01:53:10.826748"]}
{"uuid": "d5de3a8063", "date": "2012-01-01T00:00:00", "values": [4.577987138430277, 1745.703125, 1734.4765625, 1989.1484375, 104.74864959716797, 53064, 55000, "2025-10-18T01:57:45.505976"]}
{"uuid": "d5de3a8063", "date": "2012-02-01T00:00:00", "values": [4.396233216921488, 1745.84765625, 1734.62109375, 1989.29296875, 104.7671127319336, 53218, 55000, "2025-10-18T02:02:09.279969"]}
{"uuid": "d5de3a8063", "date": "2012-03-01T00:00:00", "values": [4.304771439234416, 1746.0078125, 1734.78125, 1989.453125, 104.7840805053711, 53360, 55000, "2025-10-18T02:06:27.566256"]}
{"uuid": "dc8474b6b3", "date": "2012-03-31T00:00:00", "values": ["Increased capacity of population dataframe to 56000"]}
{"uuid": "d5de3a8063", "date": "2012-04-01T00:00:00", "values": [5.0390213092168175, 1741.24609375, 1730.2109375, 1984.35546875, 106.61711883544922, 53533, 56000, "2025-10-18T02:11:29.907534"]}
{"uuid": "d5de3a8063", "date": "2012-05-01T00:00:00", "values": [4.482245377699534, 1715.34375, 1704.1171875, 1957.41796875, 106.6350326538086, 53685, 56000, "2025-10-18T02:15:58.842259"]}
{"uuid": "90f526bf10", "date": "2012-05-03T00:00:00", "values": ["This event should not be running, Hiv_DecisionToContinueTreatment is for those already on tx"]}
{"uuid": "90f526bf10", "date": "2012-05-27T00:00:00", "values": ["This event should not be running, Hiv_DecisionToContinueTreatment is for those already on tx"]}
{"uuid": "d5de3a8063", "date": "2012-06-01T00:00:00", "values": [4.386555540561676, 1739.87109375, 1728.65625, 1982.08203125, 106.6539535522461, 53838, 56000, "2025-10-18T02:20:22.035589"]}
{"uuid": "63d828121b", "date": "2012-06-10T00:00:00", "values": ["rt disability < 0 in rti_alter_daly_post_treatment"]}
{"uuid": "d5de3a8063", "date": "2012-07-01T00:00:00", "values": [4.693027873833974, 1753.7109375, 1742.484375, 1997.125, 106.6710433959961, 53973, 56000, "2025-10-18T02:25:03.617262"]}
{"uuid": "d5de3a8063", "date": "2012-08-01T00:00:00", "values": [4.1753946185112, 1760.6484375, 1749.421875, 2003.16796875, 106.68746185302734, 54108, 56000, "2025-10-18T02:29:14.140942"]}
{"uuid": "90f526bf10", "date": "2012-08-19T00:00:00", "values": ["This event should not be running, Hiv_DecisionToContinueTreatment is for those already on tx"]}
{"uuid": "d5de3a8063", "date": "2012-09-01T00:00:00", "values": [4.586993670463562, 1796.578125, 1785.3515625, 2039.59765625, 106.70519256591797, 54253, 56000, "2025-10-18T02:33:49.360559"]}
{"uuid": "1e86f25803", "date": "2012-09-04T00:00:00", "values": ["Tb_Test_FollowUp actual_footprint requires differentofficers than expected_footprint."]}
{"uuid": "90f526bf10", "date": "2012-09-06T00:00:00", "values": ["This event should not be running, Hiv_DecisionToContinueTreatment is for those already on tx"]}
{"uuid": "dc8474b6b3", "date": "2012-09-11T00:00:00", "values": ["Increased capacity of population dataframe to 57000"]}
{"uuid": "90f526bf10", "date": "2012-09-19T00:00:00", "values": ["This event should not be running, Hiv_DecisionToContinueTreatment is for those already on tx"]}
{"uuid": "d5de3a8063", "date": "2012-10-01T00:00:00", "values": [4.52524311542511, 1886.1875, 1874.9609375, 2131.07421875, 108.53328704833984, 54377, 57000, "2025-10-18T02:38:20.875146"]}
{"uuid": "d5de3a8063", "date": "2012-11-01T00:00:00", "values": [4.410809588432312, 1886.34375, 1875.1171875, 2131.23046875, 108.54985809326172, 54509, 57000, "2025-10-18T02:42:45.523721"]}
{"uuid": "d5de3a8063", "date": "2012-12-01T00:00:00", "values": [4.328969093163808, 1850.44921875, 1839.22265625, 2094.70703125, 108.5682601928711, 54663, 57000, "2025-10-18T02:47:05.261868"]}
{"uuid": "d5de3a8063", "date": "2013-01-01T00:00:00", "values": [4.88234559694926, 1903.07421875, 1891.84765625, 2146.8359375, 108.58650970458984, 54820, 57000, "2025-10-18T02:51:58.202602"]}
{"uuid": "d5de3a8063", "date": "2013-02-01T00:00:00", "values": [4.566000254948934, 1876.24609375, 1865.02734375, 2119.03125, 108.60637664794922, 55003, 57000, "2025-10-18T02:56:32.162620"]}
{"uuid": "dc8474b6b3", "date": "2013-02-16T00:00:00", "values": ["Increased capacity of population dataframe to 58000"]}
{"uuid": "d5de3a8063", "date": "2013-03-01T00:00:00", "values": [4.413715529441833, 1967.89453125, 1956.7109375, 2212.640625, 110.43575286865234, 55141, 58000, "2025-10-18T03:00:56.985550"]}
{"uuid": "63d828121b", "date": "2013-03-12T00:00:00", "values": ["rt disability < 0 in rti_alter_daly_post_treatment"]}
{"uuid": "d5de3a8063", "date": "2013-04-01T00:00:00", "values": [5.145638231436411, 1962.6953125, 1951.46875, 2206.55859375, 110.45659637451172, 55316, 58000, "2025-10-18T03:06:05.723844"]}
{"uuid": "90f526bf10", "date": "2013-04-11T00:00:00", "values": ["This event should not be running, Hiv_DecisionToContinueTreatment is for those already on tx"]}
{"uuid": "90f526bf10", "date": "2013-04-14T00:00:00", "values": ["This event should not be running, Hiv_DecisionToContinueTreatment is for those already on tx"]}
{"uuid": "d5de3a8063", "date": "2013-05-01T00:00:00", "values": [4.618521893024445, 1971.85546875, 1960.62890625, 2215.66796875, 110.47612762451172, 55479, 58000, "2025-10-18T03:10:42.835158"]}
{"uuid": "63d828121b", "date": "2013-05-10T00:00:00", "values": ["rt disability < 0 in rti_alter_daly_post_treatment"]}
{"uuid": "d5de3a8063", "date": "2013-06-01T00:00:00", "values": [4.629249052206675, 1980.796875, 1969.578125, 2224.76171875, 110.49471282958984, 55623, 58000, "2025-10-18T03:15:20.590102"]}
{"uuid": "d5de3a8063", "date": "2013-07-01T00:00:00", "values": [4.555559881528219, 1958.23046875, 1947.00390625, 2202.41796875, 110.51232147216797, 55761, 58000, "2025-10-18T03:19:53.923693"]}
{"uuid": "dc8474b6b3", "date": "2013-07-15T00:00:00", "values": ["Increased capacity of population dataframe to 59000"]}
{"uuid": "d5de3a8063", "date": "2013-08-01T00:00:00", "values": [4.677928360303243, 1966.44140625, 1955.21484375, 2211.62109375, 112.3423080444336, 55917, 59000, "2025-10-18T03:24:34.599395"]}
{"uuid": "90f526bf10", "date": "2013-08-14T00:00:00", "values": ["This event should not be running, Hiv_DecisionToContinueTreatment is for those already on tx"]}
{"uuid": "90f526bf10", "date": "2013-08-15T00:00:00", "values": ["This event should not be running, Hiv_DecisionToContinueTreatment is for those already on tx"]}
{"uuid": "d5de3a8063", "date": "2013-09-01T00:00:00", "values": [4.627233529090882, 2004.08203125, 1992.85546875, 2249.26171875, 112.36031341552734, 56066, 59000, "2025-10-18T03:29:12.233407"]}
{"uuid": "63d828121b", "date": "2013-09-09T00:00:00", "values": ["rt disability < 0 in rti_alter_daly_post_treatment"]}
{"uuid": "1e86f25803", "date": "2013-09-24T00:00:00", "values": ["Tb_Test_Screening actual_footprint requires differentofficers than expected_footprint."]}
{"uuid": "d5de3a8063", "date": "2013-10-01T00:00:00", "values": [4.560358325640361, 2015.0546875, 2003.828125, 2258.34765625, 112.37682342529297, 56192, 59000, "2025-10-18T03:33:45.854906"]}
{"uuid": "d5de3a8063", "date": "2013-11-01T00:00:00", "values": [4.548454395929972, 1986.8359375, 1975.61328125, 2229.62109375, 112.3930892944336, 56322, 59000, "2025-10-18T03:38:18.762170"]}
{"uuid": "d5de3a8063", "date": "2013-12-01T00:00:00", "values": [4.587865976492564, 1997.9375, 1986.72265625, 2240.62109375, 112.41289520263672, 56489, 59000, "2025-10-18T03:42:54.034128"]}
{"uuid": "1e86f25803", "date": "2013-12-05T00:00:00", "values": ["Tb_Test_FollowUp actual_footprint requires differentofficers than expected_footprint."]}
{"uuid": "63d828121b", "date": "2013-12-08T00:00:00", "values": ["rt disability < 0 in rti_alter_daly_post_treatment"]}
{"uuid": "dc8474b6b3", "date": "2013-12-22T00:00:00", "values": ["Increased capacity of population dataframe to 60000"]}
{"uuid": "d5de3a8063", "date": "2014-01-01T00:00:00", "values": [5.002197714646657, 2139.4375, 2128.2109375, 2384.26171875, 114.24163055419922, 56630, 60000, "2025-10-18T03:47:54.165993"]}
{"uuid": "d5de3a8063", "date": "2014-02-01T00:00:00", "values": [4.45856226682663, 2104.35546875, 2093.12890625, 2348.2890625, 114.25801849365234, 56754, 60000, "2025-10-18T03:52:21.679727"]}
{"uuid": "d5de3a8063", "date": "2014-03-01T00:00:00", "values": [4.233329037825267, 2115.25390625, 2104.02734375, 2359.34375, 114.27462005615234, 56892, 60000, "2025-10-18T03:56:35.679473"]}
{"uuid": "d5de3a8063", "date": "2014-04-01T00:00:00", "values": [5.38261151711146, 2168.35546875, 2157.12890625, 2412.7109375, 114.29772186279297, 57074, 60000, "2025-10-18T04:01:58.636161"]}
{"uuid": "90f526bf10", "date": "2014-04-13T00:00:00", "values": ["This event should not be running, Hiv_DecisionToContinueTreatment is for those already on tx"]}
{"uuid": "d5de3a8063", "date": "2014-05-01T00:00:00", "values": [4.655981787045797, 2140.9375, 2129.7109375, 2386.43359375, 114.3160629272461, 57218, 60000, "2025-10-18T04:06:37.995068"]}
{"uuid": "dc8474b6b3", "date": "2014-05-24T00:00:00", "values": ["Increased capacity of population dataframe to 61000"]}
{"uuid": "d5de3a8063", "date": "2014-06-01T00:00:00", "values": [4.603094506263733, 2185.90625, 2174.93359375, 2430.95703125, 116.14482879638672, 57353, 61000, "2025-10-18T04:11:14.180740"]}
{"uuid": "d5de3a8063", "date": "2014-07-01T00:00:00", "values": [4.91998488108317, 2158.03125, 2146.90234375, 2401.578125, 116.1635971069336, 57514, 61000, "2025-10-18T04:16:09.379831"]}
{"uuid": "90f526bf10", "date": "2014-07-15T00:00:00", "values": ["This event should not be running, Hiv_DecisionToContinueTreatment is for those already on tx"]}
{"uuid": "90f526bf10", "date": "2014-07-20T00:00:00", "values": ["This event should not be running, Hiv_DecisionToContinueTreatment is for those already on tx"]}
{"uuid": "90f526bf10", "date": "2014-07-21T00:00:00", "values": ["This event should not be running, Hiv_DecisionToContinueTreatment is for those already on tx"]}
{"uuid": "d5de3a8063", "date": "2014-08-01T00:00:00", "values": [4.700633311271668, 2168.08984375, 2156.9921875, 2410.609375, 116.18367767333984, 57685, 61000, "2025-10-18T04:20:51.417830"]}
{"uuid": "d5de3a8063", "date": "2014-09-01T00:00:00", "values": [4.830022100607554, 2179.09765625, 2168.03125, 2422.640625, 116.20320892333984, 57842, 61000, "2025-10-18T04:25:41.219156"]}
{"uuid": "d5de3a8063", "date": "2014-10-01T00:00:00", "values": [4.464661173025767, 2191.71875, 2180.671875, 2434.66015625, 116.21736907958984, 57945, 61000, "2025-10-18T04:30:09.098826"]}
{"uuid": "90f526bf10", "date": "2014-10-27T00:00:00", "values": ["This event should not be running, Hiv_DecisionToContinueTreatment is for those already on tx"]}
{"uuid": "dc8474b6b3", "date": "2014-10-31T00:00:00", "values": ["Increased capacity of population dataframe to 62000"]}
{"uuid": "d5de3a8063", "date": "2014-11-01T00:00:00", "values": [4.601082543532054, 2296.7421875, 2285.58203125, 2540.08203125, 118.04586029052734, 58067, 62000, "2025-10-18T04:34:45.163781"]}
{"uuid": "d5de3a8063", "date": "2014-12-01T00:00:00", "values": [5.037848508358001, 2305.4375, 2294.2109375, 2549.18359375, 118.06368255615234, 58217, 62000, "2025-10-18T04:39:47.434689"]}
{"uuid": "db90bb6bbe", "type": "header", "module": "tlo.simulation", "key": "parameter_stats", "level": "INFO", "columns": {"count": "int", "label": "str", "module": "str"}, "description": null}
{"uuid": "db90bb6bbe", "date": "2015-01-01T00:00:00", "values": [1, "unassigned", "Demography"]}
{"uuid": "db90bb6bbe", "date": "2015-01-01T00:00:00", "values": [7, "not_init_via_load_param", "Demography"]}
{"uuid": "db90bb6bbe", "date": "2015-01-01T00:00:00", "values": [110, "unassigned", "Lifestyle"]}
{"uuid": "db90bb6bbe", "date": "2015-01-01T00:00:00", "values": [17, "not_init_via_load_param", "Lifestyle"]}
{"uuid": "db90bb6bbe", "date": "2015-01-01T00:00:00", "values": [3, "not_init_via_load_param", "HealthBurden"]}
{"uuid": "db90bb6bbe", "date": "2015-01-01T00:00:00", "values": [18, "not_init_via_load_param", "HealthSystem"]}
{"uuid": "db90bb6bbe", "date": "2015-01-01T00:00:00", "values": [25, "unassigned", "HealthSystem"]}
{"uuid": "db90bb6bbe", "date": "2015-01-01T00:00:00", "values": [1, "not_init_via_load_param", "SymptomManager"]}
{"uuid": "db90bb6bbe", "date": "2015-01-01T00:00:00", "values": [1, "unassigned", "SymptomManager"]}
{"uuid": "db90bb6bbe", "date": "2015-01-01T00:00:00", "values": [18, "unassigned", "HealthSeekingBehaviour"]}
{"uuid": "db90bb6bbe", "date": "2015-01-01T00:00:00", "values": [2, "not_init_via_load_param", "Epi"]}
{"uuid": "db90bb6bbe", "date": "2015-01-01T00:00:00", "values": [1, "unassigned", "Epi"]}
{"uuid": "db90bb6bbe", "date": "2015-01-01T00:00:00", "values": [14, "not_init_via_load_param", "Contraception"]}
{"uuid": "db90bb6bbe", "date": "2015-01-01T00:00:00", "values": [7, "unassigned", "Contraception"]}
{"uuid": "db90bb6bbe", "date": "2015-01-01T00:00:00", "values": [6, "not_init_via_load_param", "Hiv"]}
{"uuid": "db90bb6bbe", "date": "2015-01-01T00:00:00", "values": [70, "unassigned", "Hiv"]}
{"uuid": "db90bb6bbe", "date": "2015-01-01T00:00:00", "values": [33, "not_init_via_load_param", "CardioMetabolicDisorders"]}
{"uuid": "db90bb6bbe", "date": "2015-01-01T00:00:00", "values": [1, "unassigned", "CardioMetabolicDisorders"]}
{"uuid": "db90bb6bbe", "date": "2015-01-01T00:00:00", "values": [6, "not_init_via_load_param", "Malaria"]}
{"uuid": "db90bb6bbe", "date": "2015-01-01T00:00:00", "values": [29, "unassigned", "Malaria"]}
{"uuid": "db90bb6bbe", "date": "2015-01-01T00:00:00", "values": [118, "unassigned", "PregnancySupervisor"]}
{"uuid": "db90bb6bbe", "date": "2015-01-01T00:00:00", "values": [27, "unassigned", "CareOfWomenDuringPregnancy"]}
{"uuid": "db90bb6bbe", "date": "2015-01-01T00:00:00", "values": [64, "unassigned", "NewbornOutcomes"]}
{"uuid": "db90bb6bbe", "date": "2015-01-01T00:00:00", "values": [100, "unassigned", "Diarrhoea"]}
{"uuid": "db90bb6bbe", "date": "2015-01-01T00:00:00", "values": [31, "unassigned", "Stunting"]}
{"uuid": "db90bb6bbe", "date": "2015-01-01T00:00:00", "values": [177, "unassigned", "Labour"]}
{"uuid": "db90bb6bbe", "date": "2015-01-01T00:00:00", "values": [1, "not_init_via_load_param", "Labour"]}
{"uuid": "db90bb6bbe", "date": "2015-01-01T00:00:00", "values": [52, "unassigned", "PostnatalSupervisor"]}
{"uuid": "db90bb6bbe", "date": "2015-01-01T00:00:00", "values": [1, "not_init_via_load_param", "PostnatalSupervisor"]}
{"uuid": "db90bb6bbe", "date": "2015-01-01T00:00:00", "values": [119, "unassigned", "Alri"]}
{"uuid": "db90bb6bbe", "date": "2015-01-01T00:00:00", "values": [8, "unassigned", "Measles"]}
{"uuid": "db90bb6bbe", "date": "2015-01-01T00:00:00", "values": [2, "not_init_via_load_param", "Measles"]}
{"uuid": "db90bb6bbe", "date": "2015-01-01T00:00:00", "values": [54, "not_init_via_load_param", "Schisto"]}
{"uuid": "db90bb6bbe", "date": "2015-01-01T00:00:00", "values": [62, "unassigned", "Tb"]}
{"uuid": "db90bb6bbe", "date": "2015-01-01T00:00:00", "values": [7, "not_init_via_load_param", "Tb"]}
{"uuid": "db90bb6bbe", "date": "2015-01-01T00:00:00", "values": [32, "unassigned", "BladderCancer"]}
{"uuid": "db90bb6bbe", "date": "2015-01-01T00:00:00", "values": [25, "unassigned", "BreastCancer"]}
{"uuid": "db90bb6bbe", "date": "2015-01-01T00:00:00", "values": [11, "undetermined", "CervicalCancer"]}
{"uuid": "db90bb6bbe", "date": "2015-01-01T00:00:00", "values": [23, "universal", "CervicalCancer"]}
{"uuid": "db90bb6bbe", "date": "2015-01-01T00:00:00", "values": [13, "local", "CervicalCancer"]}
{"uuid": "db90bb6bbe", "date": "2015-01-01T00:00:00", "values": [33, "unassigned", "OesophagealCancer"]}
{"uuid": "db90bb6bbe", "date": "2015-01-01T00:00:00", "values": [24, "unassigned", "OtherAdultCancer"]}
{"uuid": "db90bb6bbe", "date": "2015-01-01T00:00:00", "values": [23, "unassigned", "ProstateCancer"]}
{"uuid": "db90bb6bbe", "date": "2015-01-01T00:00:00", "values": [1, "not_init_via_load_param", "ProstateCancer"]}
{"uuid": "db90bb6bbe", "date": "2015-01-01T00:00:00", "values": [154, "unassigned", "RTI"]}
{"uuid": "db90bb6bbe", "date": "2015-01-01T00:00:00", "values": [62, "not_init_via_load_param", "RTI"]}
{"uuid": "db90bb6bbe", "date": "2015-01-01T00:00:00", "values": [20, "unassigned", "Copd"]}
{"uuid": "db90bb6bbe", "date": "2015-01-01T00:00:00", "values": [37, "unassigned", "Depression"]}
{"uuid": "db90bb6bbe", "date": "2015-01-01T00:00:00", "values": [18, "unassigned", "Epilepsy"]}
{"uuid": "db90bb6bbe", "date": "2015-01-01T00:00:00", "values": [3, "not_init_via_load_param", "Epilepsy"]}
{"uuid": "b07716682c", "date": "2015-01-01T00:00:00", "values": ["simulate() 15573.168709516525 s"]}
