{"uuid": "b07716682c", "type": "header", "module": "tlo.simulation", "key": "info", "level": "INFO", "columns": {"message": "str"}, "description": null}
{"uuid": "b07716682c", "date": "2010-01-01T00:00:00", "values": ["Log output: profiling_results/2024/11/16/0024/scale_run_profiling__2024-11-16T002441.log"]}
{"uuid": "b07716682c", "date": "2010-01-01T00:00:00", "values": ["Simulation RNG user entropy = 0"]}
{"uuid": "b07716682c", "date": "2010-01-01T00:00:00", "values": ["Demography RNG auto (entropy, spawn key) = (0, 0)"]}
{"uuid": "b07716682c", "date": "2010-01-01T00:00:00", "values": ["Lifestyle RNG auto (entropy, spawn key) = (0, 1)"]}
{"uuid": "b07716682c", "date": "2010-01-01T00:00:00", "values": ["HealthBurden RNG auto (entropy, spawn key) = (0, 2)"]}
{"uuid": "b07716682c", "date": "2010-01-01T00:00:00", "values": ["HealthSystem RNG auto (entropy, spawn key) = (0, 3)"]}
{"uuid": "b07716682c", "date": "2010-01-01T00:00:00", "values": ["SymptomManager RNG auto (entropy, spawn key) = (0, 4)"]}
{"uuid": "b07716682c", "date": "2010-01-01T00:00:00", "values": ["HealthSeekingBehaviour RNG auto (entropy, spawn key) = (0, 5)"]}
{"uuid": "b07716682c", "date": "2010-01-01T00:00:00", "values": ["Epi RNG auto (entropy, spawn key) = (0, 6)"]}
{"uuid": "b07716682c", "date": "2010-01-01T00:00:00", "values": ["Contraception RNG auto (entropy, spawn key) = (0, 7)"]}
{"uuid": "b07716682c", "date": "2010-01-01T00:00:00", "values": ["Hiv RNG auto (entropy, spawn key) = (0, 8)"]}
{"uuid": "b07716682c", "date": "2010-01-01T00:00:00", "values": ["CardioMetabolicDisorders RNG auto (entropy, spawn key) = (0, 9)"]}
{"uuid": "b07716682c", "date": "2010-01-01T00:00:00", "values": ["Malaria RNG auto (entropy, spawn key) = (0, 10)"]}
{"uuid": "b07716682c", "date": "2010-01-01T00:00:00", "values": ["PregnancySupervisor RNG auto (entropy, spawn key) = (0, 11)"]}
{"uuid": "b07716682c", "date": "2010-01-01T00:00:00", "values": ["CareOfWomenDuringPregnancy RNG auto (entropy, spawn key) = (0, 12)"]}
{"uuid": "b07716682c", "date": "2010-01-01T00:00:00", "values": ["NewbornOutcomes RNG auto (entropy, spawn key) = (0, 13)"]}
{"uuid": "b07716682c", "date": "2010-01-01T00:00:00", "values": ["Wasting RNG auto (entropy, spawn key) = (0, 14)"]}
{"uuid": "b07716682c", "date": "2010-01-01T00:00:00", "values": ["Diarrhoea RNG auto (entropy, spawn key) = (0, 15)"]}
{"uuid": "b07716682c", "date": "2010-01-01T00:00:00", "values": ["Stunting RNG auto (entropy, spawn key) = (0, 16)"]}
{"uuid": "b07716682c", "date": "2010-01-01T00:00:00", "values": ["Labour RNG auto (entropy, spawn key) = (0, 17)"]}
{"uuid": "b07716682c", "date": "2010-01-01T00:00:00", "values": ["PostnatalSupervisor RNG auto (entropy, spawn key) = (0, 18)"]}
{"uuid": "b07716682c", "date": "2010-01-01T00:00:00", "values": ["Alri RNG auto (entropy, spawn key) = (0, 19)"]}
{"uuid": "b07716682c", "date": "2010-01-01T00:00:00", "values": ["Measles RNG auto (entropy, spawn key) = (0, 20)"]}
{"uuid": "b07716682c", "date": "2010-01-01T00:00:00", "values": ["Schisto RNG auto (entropy, spawn key) = (0, 21)"]}
{"uuid": "b07716682c", "date": "2010-01-01T00:00:00", "values": ["Tb RNG auto (entropy, spawn key) = (0, 22)"]}
{"uuid": "b07716682c", "date": "2010-01-01T00:00:00", "values": ["BladderCancer RNG auto (entropy, spawn key) = (0, 23)"]}
{"uuid": "b07716682c", "date": "2010-01-01T00:00:00", "values": ["BreastCancer RNG auto (entropy, spawn key) = (0, 24)"]}
{"uuid": "b07716682c", "date": "2010-01-01T00:00:00", "values": ["OesophagealCancer RNG auto (entropy, spawn key) = (0, 25)"]}
{"uuid": "b07716682c", "date": "2010-01-01T00:00:00", "values": ["OtherAdultCancer RNG auto (entropy, spawn key) = (0, 26)"]}
{"uuid": "b07716682c", "date": "2010-01-01T00:00:00", "values": ["ProstateCancer RNG auto (entropy, spawn key) = (0, 27)"]}
{"uuid": "b07716682c", "date": "2010-01-01T00:00:00", "values": ["RTI RNG auto (entropy, spawn key) = (0, 28)"]}
{"uuid": "b07716682c", "date": "2010-01-01T00:00:00", "values": ["Copd RNG auto (entropy, spawn key) = (0, 29)"]}
{"uuid": "b07716682c", "date": "2010-01-01T00:00:00", "values": ["Depression RNG auto (entropy, spawn key) = (0, 30)"]}
{"uuid": "b07716682c", "date": "2010-01-01T00:00:00", "values": ["Epilepsy RNG auto (entropy, spawn key) = (0, 31)"]}
{"uuid": "dc8474b6b3", "type": "header", "module": "tlo.population", "key": "info", "level": "INFO", "columns": {"message": "str"}, "description": null}
{"uuid": "dc8474b6b3", "date": "2010-01-01T00:00:00", "values": ["Dataframe capacity append size: 1000"]}
{"uuid": "b07716682c", "date": "2010-01-01T00:00:00", "values": ["make_initial_population() 28.764729499816895 s"]}
{"uuid": "e9a19fe1f9", "type": "header", "module": "tlo.methods.demography", "key": "scaling_factor", "level": "WARNING", "columns": {"scaling_factor": "float"}, "description": "The data-to-model scaling factor (based on the initial population size, used to multiply-up results so that they correspond to the real population size."}
{"uuid": "e9a19fe1f9", "date": "2010-01-01T00:00:00", "values": [290.79218000000003]}
{"uuid": "072090a41b", "type": "header", "module": "tlo.methods.population", "key": "scaling_factor", "level": "WARNING", "columns": {"scaling_factor": "float"}, "description": "The data-to-model scaling factor (based on the initial population size, used to multiply-up results so that they correspond to the real population size."}
{"uuid": "072090a41b", "date": "2010-01-01T00:00:00", "values": [290.79218000000003]}
{"uuid": "d5de3a8063", "type": "header", "module": "tlo.profiling", "key": "stats", "level": "INFO", "columns": {"duration_minutes": "float", "memory_rss_MiB": "float", "memory_uss_MiB": "float", "memory_vms_MiB": "float", "pop_df_mem_MiB": "float", "pop_df_number_alive": "int", "pop_df_rows": "int", "time": "str"}, "description": null}
{"uuid": "d5de3a8063", "date": "2010-01-01T00:00:00", "values": [0.11225920518239339, 647.86328125, 637.234375, 893.078125, 88.8384256362915, 50000, 50000, "2024-11-16T00:25:23.718790"]}
{"uuid": "dc8474b6b3", "date": "2010-01-01T00:00:00", "values": ["Increased capacity of population dataframe to 51000"]}
{"uuid": "d5de3a8063", "date": "2010-02-01T00:00:00", "values": [5.040389978885651, 747.203125, 735.93359375, 993.3828125, 90.53929996490479, 50128, 51000, "2024-11-16T00:30:26.142184"]}
{"uuid": "d5de3a8063", "date": "2010-03-01T00:00:00", "values": [5.469222299257914, 844.0625, 832.71875, 1092.42578125, 90.55138492584229, 50200, 51000, "2024-11-16T00:35:54.295523"]}
{"uuid": "d5de3a8063", "date": "2010-04-01T00:00:00", "values": [7.381270432472229, 1022.375, 1011.00390625, 1272.21484375, 90.56591129302979, 50296, 51000, "2024-11-16T00:43:17.171749"]}
{"uuid": "d5de3a8063", "date": "2010-05-01T00:00:00", "values": [6.47920789718628, 1257.2734375, 1245.875, 1503.19140625, 90.58022403717041, 50388, 51000, "2024-11-16T00:49:45.924223"]}
{"uuid": "90f526bf10", "type": "header", "module": "tlo.methods.hiv", "key": "message", "level": "WARNING", "columns": {"message": "str"}, "description": null}
{"uuid": "90f526bf10", "date": "2010-05-03T00:00:00", "values": ["This event should not be running, Hiv_DecisionToContinueTreatment is for those already on tx"]}
{"uuid": "d5de3a8063", "date": "2010-06-01T00:00:00", "values": [5.685252376397451, 1373.24609375, 1361.78515625, 1621.23828125, 90.59740543365479, 50525, 51000, "2024-11-16T00:55:27.039364"]}
{"uuid": "90f526bf10", "date": "2010-06-15T00:00:00", "values": ["This event should not be running, Hiv_DecisionToContinueTreatment is for those already on tx"]}
{"uuid": "d5de3a8063", "date": "2010-07-01T00:00:00", "values": [6.353314352035523, 1531.59765625, 1520.16015625, 1781.96484375, 90.61003971099854, 50604, 51000, "2024-11-16T01:01:48.238226"]}
{"uuid": "dc8474b6b3", "date": "2010-07-09T00:00:00", "values": ["Increased capacity of population dataframe to 52000"]}
{"uuid": "d5de3a8063", "date": "2010-08-01T00:00:00", "values": [6.554761385917663, 1745.3203125, 1733.90625, 1997.421875, 92.31256198883057, 50752, 52000, "2024-11-16T01:08:21.523909"]}
{"uuid": "63d828121b", "type": "header", "module": "tlo.methods.rti", "key": "warning", "level": "WARNING", "columns": {"message": "str"}, "description": null}
{"uuid": "63d828121b", "date": "2010-08-10T00:00:00", "values": ["rt disability < 0 in rti_alter_daly_post_treatment"]}
{"uuid": "90f526bf10", "date": "2010-08-18T00:00:00", "values": ["This event should not be running, Hiv_DecisionToContinueTreatment is for those already on tx"]}
{"uuid": "d5de3a8063", "date": "2010-09-01T00:00:00", "values": [6.355130434036255, 1768.90625, 1757.5625, 2013.82421875, 92.32946872711182, 50897, 52000, "2024-11-16T01:14:42.831735"]}
{"uuid": "63d828121b", "date": "2010-09-09T00:00:00", "values": ["rt disability < 0 in rti_alter_daly_post_treatment"]}
{"uuid": "d5de3a8063", "date": "2010-10-01T00:00:00", "values": [7.205019617080689, 1771.28125, 1759.81640625, 2014.046875, 92.35647678375244, 51130, 52000, "2024-11-16T01:21:55.132912"]}
{"uuid": "d5de3a8063", "date": "2010-11-01T00:00:00", "values": [7.212231560548147, 1771.3125, 1759.94921875, 2014.1796875, 92.37368869781494, 51268, 52000, "2024-11-16T01:29:07.866806"]}
{"uuid": "63d828121b", "date": "2010-11-10T00:00:00", "values": ["rt disability < 0 in rti_alter_daly_post_treatment"]}
{"uuid": "d5de3a8063", "date": "2010-12-01T00:00:00", "values": [6.533519999186198, 1771.4453125, 1760.07421875, 2014.1796875, 92.39029026031494, 51399, 52000, "2024-11-16T01:35:39.878005"]}
{"uuid": "dc8474b6b3", "date": "2010-12-01T00:00:00", "values": ["Increased capacity of population dataframe to 53000"]}
{"uuid": "63d828121b", "date": "2010-12-10T00:00:00", "values": ["rt disability < 0 in rti_alter_daly_post_treatment"]}
{"uuid": "d5de3a8063", "date": "2011-01-01T00:00:00", "values": [8.44513646364212, 1777.6640625, 1766.16796875, 2020.3984375, 94.0930871963501, 51563, 53000, "2024-11-16T01:44:06.586195"]}
{"uuid": "d5de3a8063", "date": "2011-02-01T00:00:00", "values": [7.578704162438711, 1777.6640625, 1766.16796875, 2020.3984375, 94.11243534088135, 51715, 53000, "2024-11-16T01:51:41.308443"]}
{"uuid": "d5de3a8063", "date": "2011-03-01T00:00:00", "values": [7.922253501415253, 1777.6640625, 1766.16796875, 2020.3984375, 94.13016605377197, 51844, 53000, "2024-11-16T01:59:36.643653"]}
{"uuid": "1e86f25803", "type": "header", "module": "tlo.methods.healthsystem", "key": "message", "level": "WARNING", "columns": {"message": "str"}, "description": null}
{"uuid": "1e86f25803", "date": "2011-03-09T00:00:00", "values": ["Tb_Test_Screening actual_footprint requires differentofficers than expected_footprint."]}
{"uuid": "d5de3a8063", "date": "2011-04-01T00:00:00", "values": [8.80249016682307, 1777.6640625, 1766.16796875, 2020.3984375, 94.1483850479126, 51943, 53000, "2024-11-16T02:08:24.793063"]}
{"uuid": "d5de3a8063", "date": "2011-05-01T00:00:00", "values": [7.797124389807383, 1818.80078125, 1807.328125, 2062.3984375, 94.1663293838501, 52074, 53000, "2024-11-16T02:16:12.620527"]}
{"uuid": "dc8474b6b3", "date": "2011-05-03T00:00:00", "values": ["Increased capacity of population dataframe to 54000"]}
{"uuid": "90f526bf10", "date": "2011-05-09T00:00:00", "values": ["This event should not be running, Hiv_DecisionToContinueTreatment is for those already on tx"]}
{"uuid": "90f526bf10", "date": "2011-05-09T00:00:00", "values": ["This event should not be running, Hiv_DecisionToContinueTreatment is for those already on tx"]}
{"uuid": "d5de3a8063", "date": "2011-06-01T00:00:00", "values": [7.471202969551086, 1883.6328125, 1872.13671875, 2127.0625, 95.86628818511963, 52181, 54000, "2024-11-16T02:23:40.892705"]}
{"uuid": "90f526bf10", "date": "2011-06-11T00:00:00", "values": ["This event should not be running, Hiv_DecisionToContinueTreatment is for those already on tx"]}
{"uuid": "d5de3a8063", "date": "2011-07-01T00:00:00", "values": [7.630858997503917, 1883.6328125, 1872.13671875, 2127.0625, 95.88527011871338, 52339, 54000, "2024-11-16T02:31:18.744244"]}
{"uuid": "90f526bf10", "date": "2011-07-05T00:00:00", "values": ["This event should not be running, Hiv_DecisionToContinueTreatment is for those already on tx"]}
{"uuid": "90f526bf10", "date": "2011-07-15T00:00:00", "values": ["This event should not be running, Hiv_DecisionToContinueTreatment is for those already on tx"]}
{"uuid": "90f526bf10", "date": "2011-07-15T00:00:00", "values": ["This event should not be running, Hiv_DecisionToContinueTreatment is for those already on tx"]}
{"uuid": "90f526bf10", "date": "2011-07-27T00:00:00", "values": ["This event should not be running, Hiv_DecisionToContinueTreatment is for those already on tx"]}
{"uuid": "d5de3a8063", "date": "2011-08-01T00:00:00", "values": [7.0132779757181805, 1883.6328125, 1872.28125, 2127.0625, 95.89863681793213, 52436, 54000, "2024-11-16T02:38:19.540923"]}
{"uuid": "90f526bf10", "date": "2011-08-03T00:00:00", "values": ["This event should not be running, Hiv_DecisionToContinueTreatment is for those already on tx"]}
{"uuid": "90f526bf10", "date": "2011-08-15T00:00:00", "values": ["This event should not be running, Hiv_DecisionToContinueTreatment is for those already on tx"]}
{"uuid": "90f526bf10", "date": "2011-08-30T00:00:00", "values": ["This event should not be running, Hiv_DecisionToContinueTreatment is for those already on tx"]}
{"uuid": "d5de3a8063", "date": "2011-09-01T00:00:00", "values": [7.445647422472636, 1900.5859375, 1889.23046875, 2144.0625, 95.91517734527588, 52572, 54000, "2024-11-16T02:45:46.279772"]}
{"uuid": "90f526bf10", "date": "2011-09-07T00:00:00", "values": ["This event should not be running, Hiv_DecisionToContinueTreatment is for those already on tx"]}
{"uuid": "1e86f25803", "date": "2011-09-17T00:00:00", "values": ["Tb_Test_Screening actual_footprint requires differentofficers than expected_footprint."]}
{"uuid": "d5de3a8063", "date": "2011-10-01T00:00:00", "values": [7.245433028539022, 1922.5, 1911.23046875, 2165.25390625, 95.9294900894165, 52677, 54000, "2024-11-16T02:53:01.005750"]}
{"uuid": "d5de3a8063", "date": "2011-11-01T00:00:00", "values": [6.829695749282837, 2017.875, 2006.46484375, 2262.63671875, 95.94423007965088, 52783, 54000, "2024-11-16T02:59:50.787496"]}
{"uuid": "dc8474b6b3", "date": "2011-11-01T00:00:00", "values": ["Increased capacity of population dataframe to 55000"]}
{"uuid": "90f526bf10", "date": "2011-11-09T00:00:00", "values": ["This event should not be running, Hiv_DecisionToContinueTreatment is for those already on tx"]}
{"uuid": "90f526bf10", "date": "2011-11-23T00:00:00", "values": ["This event should not be running, Hiv_DecisionToContinueTreatment is for those already on tx"]}
{"uuid": "d5de3a8063", "date": "2011-12-01T00:00:00", "values": [7.304927349090576, 2022.80859375, 2011.34375, 2267.78125, 97.64540958404541, 52935, 55000, "2024-11-16T03:07:09.083139"]}
{"uuid": "90f526bf10", "date": "2011-12-13T00:00:00", "values": ["This event should not be running, Hiv_DecisionToContinueTreatment is for those already on tx"]}
{"uuid": "d5de3a8063", "date": "2012-01-01T00:00:00", "values": [7.829606179396311, 2031.94140625, 2020.5859375, 2276.78125, 97.66063785552979, 53065, 55000, "2024-11-16T03:14:58.859509"]}
{"uuid": "d5de3a8063", "date": "2012-02-01T00:00:00", "values": [7.6878392140070595, 2050.1015625, 2038.6640625, 2295.07421875, 97.68026065826416, 53237, 55000, "2024-11-16T03:22:40.129860"]}
{"uuid": "d5de3a8063", "date": "2012-03-01T00:00:00", "values": [7.230549351374308, 2024.5234375, 2013.03125, 2266.89453125, 97.69521427154541, 53359, 55000, "2024-11-16T03:29:53.962823"]}
{"uuid": "d5de3a8063", "date": "2012-04-01T00:00:00", "values": [9.036795814832052, 2099.6875, 2088.2734375, 2343.37890625, 97.71672916412354, 53538, 55000, "2024-11-16T03:38:56.170569"]}
{"uuid": "dc8474b6b3", "date": "2012-04-10T00:00:00", "values": ["Increased capacity of population dataframe to 56000"]}
{"uuid": "90f526bf10", "date": "2012-04-11T00:00:00", "values": ["This event should not be running, Hiv_DecisionToContinueTreatment is for those already on tx"]}
{"uuid": "90f526bf10", "date": "2012-04-11T00:00:00", "values": ["This event should not be running, Hiv_DecisionToContinueTreatment is for those already on tx"]}
{"uuid": "63d828121b", "date": "2012-04-11T00:00:00", "values": ["rt disability < 0 in rti_alter_daly_post_treatment"]}
{"uuid": "d5de3a8063", "date": "2012-05-01T00:00:00", "values": [7.679297435283661, 2104.546875, 2093.2265625, 2348.5, 99.41726779937744, 53681, 56000, "2024-11-16T03:46:36.928415"]}
{"uuid": "90f526bf10", "date": "2012-05-17T00:00:00", "values": ["This event should not be running, Hiv_DecisionToContinueTreatment is for those already on tx"]}
{"uuid": "d5de3a8063", "date": "2012-06-01T00:00:00", "values": [7.399994154771169, 2118.640625, 2107.1484375, 2362.5, 99.43209934234619, 53797, 56000, "2024-11-16T03:54:00.928065"]}
{"uuid": "d5de3a8063", "date": "2012-07-01T00:00:00", "values": [8.396122578779856, 2143.53125, 2132.15625, 2387.75390625, 99.45016574859619, 53945, 56000, "2024-11-16T04:02:24.695421"]}
{"uuid": "90f526bf10", "date": "2012-07-15T00:00:00", "values": ["This event should not be running, Hiv_DecisionToContinueTreatment is for those already on tx"]}
{"uuid": "90f526bf10", "date": "2012-07-26T00:00:00", "values": ["This event should not be running, Hiv_DecisionToContinueTreatment is for those already on tx"]}
{"uuid": "d5de3a8063", "date": "2012-08-01T00:00:00", "values": [7.544067410628001, 2126.43359375, 2115.0859375, 2369.2265625, 99.46789646148682, 54090, 56000, "2024-11-16T04:09:57.339464"]}
{"uuid": "90f526bf10", "date": "2012-08-28T00:00:00", "values": ["This event should not be running, Hiv_DecisionToContinueTreatment is for those already on tx"]}
{"uuid": "d5de3a8063", "date": "2012-09-01T00:00:00", "values": [8.023812655607859, 2184.171875, 2172.84765625, 2428.02734375, 99.48535251617432, 54232, 56000, "2024-11-16T04:17:58.768224"]}
{"uuid": "90f526bf10", "date": "2012-09-16T00:00:00", "values": ["This event should not be running, Hiv_DecisionToContinueTreatment is for those already on tx"]}
{"uuid": "dc8474b6b3", "date": "2012-09-21T00:00:00", "values": ["Increased capacity of population dataframe to 57000"]}
{"uuid": "d5de3a8063", "date": "2012-10-01T00:00:00", "values": [8.343416865666708, 2218.4609375, 2207.00390625, 2462.12109375, 101.18503665924072, 54380, 57000, "2024-11-16T04:26:19.373235"]}
{"uuid": "1e86f25803", "date": "2012-10-28T00:00:00", "values": ["Tb_Test_Screening actual_footprint requires differentofficers than expected_footprint."]}
{"uuid": "d5de3a8063", "date": "2012-11-01T00:00:00", "values": [7.159384481112162, 2236.7421875, 2225.41796875, 2481.31640625, 101.2018518447876, 54531, 57000, "2024-11-16T04:33:28.936304"]}
{"uuid": "d5de3a8063", "date": "2012-12-01T00:00:00", "values": [7.049524569511414, 2251.171875, 2239.87109375, 2495.4609375, 101.21903324127197, 54680, 57000, "2024-11-16T04:40:31.907779"]}
{"uuid": "63d828121b", "date": "2012-12-07T00:00:00", "values": ["rt disability < 0 in rti_alter_daly_post_treatment"]}
{"uuid": "d5de3a8063", "date": "2013-01-01T00:00:00", "values": [7.7522784550984705, 2280.19921875, 2268.8359375, 2523.4609375, 101.23392581939697, 54796, 57000, "2024-11-16T04:48:17.044489"]}
{"uuid": "d5de3a8063", "date": "2013-02-01T00:00:00", "values": [8.071573682626088, 2305.671875, 2294.3359375, 2548.83203125, 101.2532434463501, 54955, 57000, "2024-11-16T04:56:21.338907"]}
{"uuid": "d5de3a8063", "date": "2013-03-01T00:00:00", "values": [7.737509596347809, 2288.2734375, 2277.0, 2532.55859375, 101.27127933502197, 55117, 57000, "2024-11-16T05:04:05.589483"]}
{"uuid": "dc8474b6b3", "date": "2013-03-02T00:00:00", "values": ["Increased capacity of population dataframe to 58000"]}
{"uuid": "90f526bf10", "date": "2013-03-14T00:00:00", "values": ["This event should not be running, Hiv_DecisionToContinueTreatment is for those already on tx"]}
{"uuid": "d5de3a8063", "date": "2013-04-01T00:00:00", "values": [9.387927333513895, 2321.69921875, 2310.2109375, 2565.60546875, 102.97364902496338, 55266, 58000, "2024-11-16T05:13:28.865124"]}
{"uuid": "d5de3a8063", "date": "2013-05-01T00:00:00", "values": [7.9084480484326685, 2323.83203125, 2312.33984375, 2567.89453125, 102.99000644683838, 55385, 58000, "2024-11-16T05:21:23.372006"]}
{"uuid": "90f526bf10", "date": "2013-05-25T00:00:00", "values": ["This event should not be running, Hiv_DecisionToContinueTreatment is for those already on tx"]}
{"uuid": "d5de3a8063", "date": "2013-06-01T00:00:00", "values": [8.444186309973398, 2344.41796875, 2332.921875, 2586.89453125, 103.01036167144775, 55555, 58000, "2024-11-16T05:29:50.023184"]}
{"uuid": "90f526bf10", "date": "2013-06-07T00:00:00", "values": ["This event should not be running, Hiv_DecisionToContinueTreatment is for those already on tx"]}
{"uuid": "d5de3a8063", "date": "2013-07-01T00:00:00", "values": [8.449597346782685, 2369.484375, 2357.98828125, 2612.89453125, 103.02797031402588, 55705, 58000, "2024-11-16T05:38:16.999025"]}
{"uuid": "1e86f25803", "date": "2013-07-02T00:00:00", "values": ["Tb_Test_Screening actual_footprint requires differentofficers than expected_footprint."]}
{"uuid": "90f526bf10", "date": "2013-07-11T00:00:00", "values": ["This event should not be running, Hiv_DecisionToContinueTreatment is for those already on tx"]}
{"uuid": "90f526bf10", "date": "2013-07-12T00:00:00", "values": ["This event should not be running, Hiv_DecisionToContinueTreatment is for those already on tx"]}
{"uuid": "d5de3a8063", "date": "2013-08-01T00:00:00", "values": [8.19760575691859, 2405.04296875, 2393.73828125, 2648.7890625, 103.04548740386963, 55846, 58000, "2024-11-16T05:46:28.855370"]}
{"uuid": "90f526bf10", "date": "2013-08-04T00:00:00", "values": ["This event should not be running, Hiv_DecisionToContinueTreatment is for those already on tx"]}
{"uuid": "dc8474b6b3", "date": "2013-08-06T00:00:00", "values": ["Increased capacity of population dataframe to 59000"]}
{"uuid": "1e86f25803", "date": "2013-08-18T00:00:00", "values": ["Tb_Test_Screening actual_footprint requires differentofficers than expected_footprint."]}
{"uuid": "90f526bf10", "date": "2013-08-19T00:00:00", "values": ["This event should not be running, Hiv_DecisionToContinueTreatment is for those already on tx"]}
{"uuid": "d5de3a8063", "date": "2013-09-01T00:00:00", "values": [8.38996798992157, 2446.89453125, 2435.61328125, 2690.76953125, 104.74507999420166, 55974, 59000, "2024-11-16T05:54:52.253449"]}
{"uuid": "90f526bf10", "date": "2013-09-20T00:00:00", "values": ["This event should not be running, Hiv_DecisionToContinueTreatment is for those already on tx"]}
{"uuid": "d5de3a8063", "date": "2013-10-01T00:00:00", "values": [8.558815793196361, 2470.40234375, 2459.02734375, 2713.8671875, 104.76363468170166, 56131, 59000, "2024-11-16T06:03:25.782399"]}
{"uuid": "d5de3a8063", "date": "2013-11-01T00:00:00", "values": [7.550707828998566, 2510.6953125, 2499.2890625, 2754.78125, 104.78237247467041, 56296, 59000, "2024-11-16T06:10:58.824867"]}
{"uuid": "d5de3a8063", "date": "2013-12-01T00:00:00", "values": [7.281876520315806, 2505.4140625, 2494.1328125, 2749.0625, 104.80016422271729, 56437, 59000, "2024-11-16T06:18:15.737459"]}
{"uuid": "90f526bf10", "date": "2013-12-05T00:00:00", "values": ["This event should not be running, Hiv_DecisionToContinueTreatment is for those already on tx"]}
{"uuid": "d5de3a8063", "date": "2014-01-01T00:00:00", "values": [8.602562089761099, 2520.109375, 2508.8203125, 2763.02734375, 104.81841373443604, 56587, 59000, "2024-11-16T06:26:51.891186"]}
{"uuid": "dc8474b6b3", "date": "2014-01-12T00:00:00", "values": ["Increased capacity of population dataframe to 60000"]}
{"uuid": "d5de3a8063", "date": "2014-02-01T00:00:00", "values": [8.708964383602142, 2570.984375, 2559.53515625, 2814.26953125, 106.52096652984619, 56760, 60000, "2024-11-16T06:35:34.429047"]}
{"uuid": "d5de3a8063", "date": "2014-03-01T00:00:00", "values": [8.195061850547791, 2615.92578125, 2604.46875, 2859.61328125, 106.54025363922119, 56919, 60000, "2024-11-16T06:43:46.132758"]}
{"uuid": "d5de3a8063", "date": "2014-04-01T00:00:00", "values": [10.106275808811187, 2625.0, 2613.63671875, 2868.46484375, 106.55981540679932, 57059, 60000, "2024-11-16T06:53:52.509308"]}
{"uuid": "90f526bf10", "date": "2014-04-06T00:00:00", "values": ["This event should not be running, Hiv_DecisionToContinueTreatment is for those already on tx"]}
{"uuid": "63d828121b", "date": "2014-04-12T00:00:00", "values": ["rt disability < 0 in rti_alter_daly_post_treatment"]}
{"uuid": "90f526bf10", "date": "2014-04-15T00:00:00", "values": ["This event should not be running, Hiv_DecisionToContinueTreatment is for those already on tx"]}
{"uuid": "63d828121b", "date": "2014-04-19T00:00:00", "values": ["rt disability < 0 in rti_alter_daly_post_treatment"]}
{"uuid": "90f526bf10", "date": "2014-04-20T00:00:00", "values": ["This event should not be running, Hiv_DecisionToContinueTreatment is for those already on tx"]}
{"uuid": "d5de3a8063", "date": "2014-05-01T00:00:00", "values": [8.547409574190775, 2627.76953125, 2616.2734375, 2871.22265625, 106.57681369781494, 57196, 60000, "2024-11-16T07:02:25.353882"]}
{"uuid": "90f526bf10", "date": "2014-05-15T00:00:00", "values": ["This event should not be running, Hiv_DecisionToContinueTreatment is for those already on tx"]}
{"uuid": "d5de3a8063", "date": "2014-06-01T00:00:00", "values": [8.430017467339834, 2652.29296875, 2640.80078125, 2895.578125, 106.59475803375244, 57344, 60000, "2024-11-16T07:10:51.154931"]}
{"uuid": "dc8474b6b3", "date": "2014-06-11T00:00:00", "values": ["Increased capacity of population dataframe to 61000"]}
{"uuid": "d5de3a8063", "date": "2014-07-01T00:00:00", "values": [8.896443541844686, 2699.33984375, 2687.859375, 2943.4140625, 108.29660892486572, 57502, 61000, "2024-11-16T07:19:44.941541"]}
{"uuid": "90f526bf10", "date": "2014-07-12T00:00:00", "values": ["This event should not be running, Hiv_DecisionToContinueTreatment is for those already on tx"]}
{"uuid": "d5de3a8063", "date": "2014-08-01T00:00:00", "values": [8.740365012486775, 2711.8984375, 2700.578125, 2956.85546875, 108.3167200088501, 57670, 61000, "2024-11-16T07:28:29.363442"]}
{"uuid": "90f526bf10", "date": "2014-08-17T00:00:00", "values": ["This event should not be running, Hiv_DecisionToContinueTreatment is for those already on tx"]}
{"uuid": "90f526bf10", "date": "2014-08-23T00:00:00", "values": ["This event should not be running, Hiv_DecisionToContinueTreatment is for those already on tx"]}
{"uuid": "90f526bf10", "date": "2014-08-28T00:00:00", "values": ["This event should not be running, Hiv_DecisionToContinueTreatment is for those already on tx"]}
{"uuid": "d5de3a8063", "date": "2014-09-01T00:00:00", "values": [8.745982265472412, 2765.3203125, 2753.93359375, 3008.05078125, 108.33493900299072, 57831, 61000, "2024-11-16T07:37:14.122378"]}
{"uuid": "d5de3a8063", "date": "2014-10-01T00:00:00", "values": [8.480157399177552, 2787.0625, 2775.73046875, 3031.1328125, 108.35056400299072, 57955, 61000, "2024-11-16T07:45:42.931822"]}
{"uuid": "1e86f25803", "date": "2014-10-17T00:00:00", "values": ["Tb_Test_FollowUp actual_footprint requires differentofficers than expected_footprint."]}
{"uuid": "d5de3a8063", "date": "2014-11-01T00:00:00", "values": [8.252645103136699, 2799.73828125, 2788.4609375, 3043.8125, 108.37049198150635, 58124, 61000, "2024-11-16T07:53:58.090528"]}
{"uuid": "dc8474b6b3", "date": "2014-11-06T00:00:00", "values": ["Increased capacity of population dataframe to 62000"]}
{"uuid": "90f526bf10", "date": "2014-11-30T00:00:00", "values": ["This event should not be running, Hiv_DecisionToContinueTreatment is for those already on tx"]}
{"uuid": "d5de3a8063", "date": "2014-12-01T00:00:00", "values": [8.09837084611257, 2820.0390625, 2808.54296875, 3064.671875, 110.0742654800415, 58301, 62000, "2024-11-16T08:02:03.992781"]}
{"uuid": "b07716682c", "date": "2015-01-01T00:00:00", "values": ["simulate() 27917.225162267685 s"]}
