{"uuid": "b07716682c", "type": "header", "module": "tlo.simulation", "key": "info", "level": "INFO", "columns": {"message": "str"}, "description": null}
{"uuid": "b07716682c", "date": "2010-01-01T00:00:00", "values": ["Log output: profiling_results/2025/09/13/0025/scale_run_profiling__2025-09-13T002548.log"]}
{"uuid": "b07716682c", "date": "2010-01-01T00:00:00", "values": ["Simulation RNG user entropy = 0"]}
{"uuid": "b07716682c", "date": "2010-01-01T00:00:00", "values": ["Demography RNG auto (entropy, spawn key) = (0, 0)"]}
{"uuid": "b07716682c", "date": "2010-01-01T00:00:00", "values": ["Lifestyle RNG auto (entropy, spawn key) = (0, 1)"]}
{"uuid": "b07716682c", "date": "2010-01-01T00:00:00", "values": ["HealthBurden RNG auto (entropy, spawn key) = (0, 2)"]}
{"uuid": "b07716682c", "date": "2010-01-01T00:00:00", "values": ["HealthSystem RNG auto (entropy, spawn key) = (0, 3)"]}
{"uuid": "b07716682c", "date": "2010-01-01T00:00:00", "values": ["SymptomManager RNG auto (entropy, spawn key) = (0, 4)"]}
{"uuid": "b07716682c", "date": "2010-01-01T00:00:00", "values": ["HealthSeekingBehaviour RNG auto (entropy, spawn key) = (0, 5)"]}
{"uuid": "b07716682c", "date": "2010-01-01T00:00:00", "values": ["Epi RNG auto (entropy, spawn key) = (0, 6)"]}
{"uuid": "b07716682c", "date": "2010-01-01T00:00:00", "values": ["Contraception RNG auto (entropy, spawn key) = (0, 7)"]}
{"uuid": "b07716682c", "date": "2010-01-01T00:00:00", "values": ["Hiv RNG auto (entropy, spawn key) = (0, 8)"]}
{"uuid": "b07716682c", "date": "2010-01-01T00:00:00", "values": ["CardioMetabolicDisorders RNG auto (entropy, spawn key) = (0, 9)"]}
{"uuid": "b07716682c", "date": "2010-01-01T00:00:00", "values": ["Malaria RNG auto (entropy, spawn key) = (0, 10)"]}
{"uuid": "b07716682c", "date": "2010-01-01T00:00:00", "values": ["PregnancySupervisor RNG auto (entropy, spawn key) = (0, 11)"]}
{"uuid": "b07716682c", "date": "2010-01-01T00:00:00", "values": ["CareOfWomenDuringPregnancy RNG auto (entropy, spawn key) = (0, 12)"]}
{"uuid": "b07716682c", "date": "2010-01-01T00:00:00", "values": ["NewbornOutcomes RNG auto (entropy, spawn key) = (0, 13)"]}
{"uuid": "b07716682c", "date": "2010-01-01T00:00:00", "values": ["Wasting RNG auto (entropy, spawn key) = (0, 14)"]}
{"uuid": "b07716682c", "date": "2010-01-01T00:00:00", "values": ["Diarrhoea RNG auto (entropy, spawn key) = (0, 15)"]}
{"uuid": "b07716682c", "date": "2010-01-01T00:00:00", "values": ["Stunting RNG auto (entropy, spawn key) = (0, 16)"]}
{"uuid": "b07716682c", "date": "2010-01-01T00:00:00", "values": ["Labour RNG auto (entropy, spawn key) = (0, 17)"]}
{"uuid": "b07716682c", "date": "2010-01-01T00:00:00", "values": ["PostnatalSupervisor RNG auto (entropy, spawn key) = (0, 18)"]}
{"uuid": "b07716682c", "date": "2010-01-01T00:00:00", "values": ["Alri RNG auto (entropy, spawn key) = (0, 19)"]}
{"uuid": "b07716682c", "date": "2010-01-01T00:00:00", "values": ["Measles RNG auto (entropy, spawn key) = (0, 20)"]}
{"uuid": "b07716682c", "date": "2010-01-01T00:00:00", "values": ["Schisto RNG auto (entropy, spawn key) = (0, 21)"]}
{"uuid": "b07716682c", "date": "2010-01-01T00:00:00", "values": ["Tb RNG auto (entropy, spawn key) = (0, 22)"]}
{"uuid": "b07716682c", "date": "2010-01-01T00:00:00", "values": ["BladderCancer RNG auto (entropy, spawn key) = (0, 23)"]}
{"uuid": "b07716682c", "date": "2010-01-01T00:00:00", "values": ["BreastCancer RNG auto (entropy, spawn key) = (0, 24)"]}
{"uuid": "b07716682c", "date": "2010-01-01T00:00:00", "values": ["CervicalCancer RNG auto (entropy, spawn key) = (0, 25)"]}
{"uuid": "b07716682c", "date": "2010-01-01T00:00:00", "values": ["OesophagealCancer RNG auto (entropy, spawn key) = (0, 26)"]}
{"uuid": "b07716682c", "date": "2010-01-01T00:00:00", "values": ["OtherAdultCancer RNG auto (entropy, spawn key) = (0, 27)"]}
{"uuid": "b07716682c", "date": "2010-01-01T00:00:00", "values": ["ProstateCancer RNG auto (entropy, spawn key) = (0, 28)"]}
{"uuid": "b07716682c", "date": "2010-01-01T00:00:00", "values": ["RTI RNG auto (entropy, spawn key) = (0, 29)"]}
{"uuid": "b07716682c", "date": "2010-01-01T00:00:00", "values": ["Copd RNG auto (entropy, spawn key) = (0, 30)"]}
{"uuid": "b07716682c", "date": "2010-01-01T00:00:00", "values": ["Depression RNG auto (entropy, spawn key) = (0, 31)"]}
{"uuid": "b07716682c", "date": "2010-01-01T00:00:00", "values": ["Epilepsy RNG auto (entropy, spawn key) = (0, 32)"]}
{"uuid": "dc8474b6b3", "type": "header", "module": "tlo.population", "key": "info", "level": "INFO", "columns": {"message": "str"}, "description": null}
{"uuid": "dc8474b6b3", "date": "2010-01-01T00:00:00", "values": ["Dataframe capacity append size: 1000"]}
{"uuid": "b07716682c", "date": "2010-01-01T00:00:00", "values": ["make_initial_population() 25.703639030456543 s"]}
{"uuid": "e9a19fe1f9", "type": "header", "module": "tlo.methods.demography", "key": "scaling_factor", "level": "WARNING", "columns": {"scaling_factor": "float"}, "description": "The data-to-model scaling factor (based on the initial population size, used to multiply-up results so that they correspond to the real population size."}
{"uuid": "e9a19fe1f9", "date": "2010-01-01T00:00:00", "values": [290.79218000000003]}
{"uuid": "da366e03ae", "type": "header", "module": "tlo.methods.demography", "key": "scaling_factor_district", "level": "WARNING", "columns": {"scaling_factor_district": "dict"}, "description": "The data-to-model district_level scaling factor (based on the initial population size,used to multiply-up results so that they correspond to the real population size."}
{"uuid": "da366e03ae", "date": "2010-01-01T00:00:00", "values": [{"Balaka": 292.18885821890655, "Blantyre": 290.00666810074694, "Blantyre City": 289.0374870811533, "Chikwawa": 303.5430314988817, "Chiradzulu": 291.3490968335263, "Chitipa": 298.2777391579305, "Dedza": 297.2389953138543, "Dowa": 293.77467482227445, "Karonga": 302.1771942910366, "Kasungu": 288.94935614027617, "Likoma": 267.2384402454295, "Lilongwe": 288.55314644156545, "Lilongwe City": 290.31423439747215, "Machinga": 288.9462323801105, "Mangochi": 287.00339941738713, "Mchinji": 284.9140887939129, "Mulanje": 295.5725069079527, "Mwanza": 303.64733629901616, "Mzimba": 301.5507112253667, "Mzuzu City": 288.0081988677558, "Neno": 306.9167500618024, "Nkhata Bay": 299.06650178941345, "Nkhotakota": 277.642231737952, "Nsanje": 274.56432422649266, "Ntcheu": 292.7807936521761, "Ntchisi": 279.8249598210122, "Phalombe": 286.00721165825297, "Rumphi": 281.04278564091175, "Salima": 277.2997287670948, "Thyolo": 296.689092542885, "Zomba": 287.7804838656647, "Zomba City": 291.71738176198596}]}
{"uuid": "072090a41b", "type": "header", "module": "tlo.methods.population", "key": "scaling_factor", "level": "WARNING", "columns": {"scaling_factor": "float"}, "description": "The data-to-model scaling factor (based on the initial population size, used to multiply-up results so that they correspond to the real population size."}
{"uuid": "072090a41b", "date": "2010-01-01T00:00:00", "values": [290.79218000000003]}
{"uuid": "b47e7f2cb8", "type": "header", "module": "tlo.methods.population", "key": "scaling_factor_district", "level": "WARNING", "columns": {"scaling_factor_district": "dict"}, "description": "The data-to-model district_level scaling factor (based on the initial population size,used to multiply-up results so that they correspond to the real population size."}
{"uuid": "b47e7f2cb8", "date": "2010-01-01T00:00:00", "values": [{"Balaka": 292.18885821890655, "Blantyre": 290.00666810074694, "Blantyre City": 289.0374870811533, "Chikwawa": 303.5430314988817, "Chiradzulu": 291.3490968335263, "Chitipa": 298.2777391579305, "Dedza": 297.2389953138543, "Dowa": 293.77467482227445, "Karonga": 302.1771942910366, "Kasungu": 288.94935614027617, "Likoma": 267.2384402454295, "Lilongwe": 288.55314644156545, "Lilongwe City": 290.31423439747215, "Machinga": 288.9462323801105, "Mangochi": 287.00339941738713, "Mchinji": 284.9140887939129, "Mulanje": 295.5725069079527, "Mwanza": 303.64733629901616, "Mzimba": 301.5507112253667, "Mzuzu City": 288.0081988677558, "Neno": 306.9167500618024, "Nkhata Bay": 299.06650178941345, "Nkhotakota": 277.642231737952, "Nsanje": 274.56432422649266, "Ntcheu": 292.7807936521761, "Ntchisi": 279.8249598210122, "Phalombe": 286.00721165825297, "Rumphi": 281.04278564091175, "Salima": 277.2997287670948, "Thyolo": 296.689092542885, "Zomba": 287.7804838656647, "Zomba City": 291.71738176198596}]}
{"uuid": "d5de3a8063", "type": "header", "module": "tlo.profiling", "key": "stats", "level": "INFO", "columns": {"duration_minutes": "float", "memory_rss_MiB": "float", "memory_uss_MiB": "float", "memory_vms_MiB": "float", "pop_df_mem_MiB": "float", "pop_df_number_alive": "int", "pop_df_rows": "int", "time": "str"}, "description": null}
{"uuid": "d5de3a8063", "date": "2010-01-01T00:00:00", "values": [0.05885291496912638, 592.390625, 581.34765625, 838.671875, 95.2783432006836, 50000, 50000, "2025-09-13T00:26:21.468568"]}
{"uuid": "dc8474b6b3", "date": "2010-01-01T00:00:00", "values": ["Increased capacity of population dataframe to 51000"]}
{"uuid": "d5de3a8063", "date": "2010-02-01T00:00:00", "values": [3.177059805393219, 694.16015625, 682.96484375, 939.05859375, 97.10796356201172, 50125, 51000, "2025-09-13T00:29:32.092154"]}
{"uuid": "d5de3a8063", "date": "2010-03-01T00:00:00", "values": [2.7605300426483153, 820.8125, 809.6171875, 1066.57421875, 97.1200180053711, 50202, 51000, "2025-09-13T00:32:17.723958"]}
{"uuid": "d5de3a8063", "date": "2010-04-01T00:00:00", "values": [3.3757595896720884, 968.2421875, 957.14453125, 1213.18359375, 97.1345443725586, 50300, 51000, "2025-09-13T00:35:40.269531"]}
{"uuid": "d5de3a8063", "date": "2010-05-01T00:00:00", "values": [3.1240772048632306, 1122.23046875, 1111.1875, 1367.22265625, 97.1490707397461, 50385, 51000, "2025-09-13T00:38:47.714164"]}
{"uuid": "d5de3a8063", "date": "2010-06-01T00:00:00", "values": [2.943258273601532, 1236.73046875, 1225.5859375, 1481.90625, 97.16625213623047, 50523, 51000, "2025-09-13T00:41:44.309659"]}
{"uuid": "90f526bf10", "type": "header", "module": "tlo.methods.hiv", "key": "message", "level": "WARNING", "columns": {"message": "str"}, "description": null}
{"uuid": "90f526bf10", "date": "2010-06-23T00:00:00", "values": ["This event should not be running, Hiv_DecisionToContinueTreatment is for those already on tx"]}
{"uuid": "d5de3a8063", "date": "2010-07-01T00:00:00", "values": [3.1470965782801312, 1425.85546875, 1414.7734375, 1670.79296875, 97.17845916748047, 50605, 51000, "2025-09-13T00:44:53.135455"]}
{"uuid": "dc8474b6b3", "date": "2010-07-09T00:00:00", "values": ["Increased capacity of population dataframe to 52000"]}
{"uuid": "90f526bf10", "date": "2010-07-30T00:00:00", "values": ["This event should not be running, Hiv_DecisionToContinueTreatment is for those already on tx"]}
{"uuid": "d5de3a8063", "date": "2010-08-01T00:00:00", "values": [3.324574609597524, 1497.13671875, 1485.93359375, 1742.31640625, 99.0095443725586, 50750, 52000, "2025-09-13T00:48:12.609931"]}
{"uuid": "d5de3a8063", "date": "2010-09-01T00:00:00", "values": [3.3951470851898193, 1472.41015625, 1461.4453125, 1717.9453125, 99.0255355834961, 50861, 52000, "2025-09-13T00:51:36.318756"]}
{"uuid": "63d828121b", "type": "header", "module": "tlo.methods.rti", "key": "warning", "level": "WARNING", "columns": {"message": "str"}, "description": null}
{"uuid": "63d828121b", "date": "2010-09-09T00:00:00", "values": ["rt disability < 0 in rti_alter_daly_post_treatment"]}
{"uuid": "d5de3a8063", "date": "2010-10-01T00:00:00", "values": [4.766136960188548, 1497.859375, 1486.65625, 1742.546875, 99.05254364013672, 51090, 52000, "2025-09-13T00:56:22.286973"]}
{"uuid": "d5de3a8063", "date": "2010-11-01T00:00:00", "values": [4.876378949483236, 1497.9453125, 1486.7421875, 1742.6328125, 99.06990814208984, 51221, 52000, "2025-09-13T01:01:14.869712"]}
{"uuid": "1e86f25803", "type": "header", "module": "tlo.methods.healthsystem", "key": "message", "level": "WARNING", "columns": {"message": "str"}, "description": null}
{"uuid": "1e86f25803", "date": "2010-11-26T00:00:00", "values": ["Tb_Test_Screening actual_footprint requires differentofficers than expected_footprint."]}
{"uuid": "dc8474b6b3", "date": "2010-11-29T00:00:00", "values": ["Increased capacity of population dataframe to 53000"]}
{"uuid": "d5de3a8063", "date": "2010-12-01T00:00:00", "values": [5.011181473731995, 1510.29296875, 1499.13671875, 1752.05859375, 100.90117645263672, 51371, 53000, "2025-09-13T01:06:15.540599"]}
{"uuid": "d5de3a8063", "date": "2011-01-01T00:00:00", "values": [5.444116580486297, 1493.58203125, 1482.37890625, 1735.26171875, 100.92162322998047, 51544, 53000, "2025-09-13T01:11:42.187594"]}
{"uuid": "d5de3a8063", "date": "2011-02-01T00:00:00", "values": [4.986264526844025, 1510.36328125, 1499.24609375, 1752.25390625, 100.94066619873047, 51670, 53000, "2025-09-13T01:16:41.363465"]}
{"uuid": "d5de3a8063", "date": "2011-03-01T00:00:00", "values": [4.705079750219981, 1493.6640625, 1482.4609375, 1735.34375, 100.95809173583984, 51787, 53000, "2025-09-13T01:21:23.668250"]}
{"uuid": "d5de3a8063", "date": "2011-04-01T00:00:00", "values": [5.47751532793045, 1498.84375, 1487.640625, 1740.5234375, 100.97692108154297, 51891, 53000, "2025-09-13T01:26:52.319170"]}
{"uuid": "90f526bf10", "date": "2011-04-14T00:00:00", "values": ["This event should not be running, Hiv_DecisionToContinueTreatment is for those already on tx"]}
{"uuid": "dc8474b6b3", "date": "2011-04-29T00:00:00", "values": ["Increased capacity of population dataframe to 54000"]}
{"uuid": "d5de3a8063", "date": "2011-05-01T00:00:00", "values": [4.985307145118713, 1564.17578125, 1553.08984375, 1806.11328125, 102.80611419677734, 51990, 54000, "2025-09-13T01:31:51.437599"]}
{"uuid": "63d828121b", "date": "2011-05-10T00:00:00", "values": ["rt disability < 0 in rti_alter_daly_post_treatment"]}
{"uuid": "d5de3a8063", "date": "2011-06-01T00:00:00", "values": [4.669445757071177, 1586.53125, 1575.328125, 1828.60546875, 102.82158660888672, 52101, 54000, "2025-09-13T01:36:31.604344"]}
{"uuid": "d5de3a8063", "date": "2011-07-01T00:00:00", "values": [4.729516307512919, 1553.94140625, 1542.7734375, 1796.17578125, 102.8380355834961, 52225, 54000, "2025-09-13T01:41:15.375322"]}
{"uuid": "90f526bf10", "date": "2011-07-21T00:00:00", "values": ["This event should not be running, Hiv_DecisionToContinueTreatment is for those already on tx"]}
{"uuid": "90f526bf10", "date": "2011-08-01T00:00:00", "values": ["This event should not be running, Hiv_DecisionToContinueTreatment is for those already on tx"]}
{"uuid": "d5de3a8063", "date": "2011-08-01T00:00:00", "values": [4.495380922158559, 1579.28125, 1568.078125, 1821.35546875, 102.8528060913086, 52341, 54000, "2025-09-13T01:45:45.098178"]}
{"uuid": "63d828121b", "date": "2011-08-10T00:00:00", "values": ["rt disability < 0 in rti_alter_daly_post_treatment"]}
{"uuid": "d5de3a8063", "date": "2011-09-01T00:00:00", "values": [4.483804885546366, 1579.76953125, 1568.56640625, 1821.44921875, 102.86922454833984, 52479, 54000, "2025-09-13T01:50:14.126471"]}
{"uuid": "d5de3a8063", "date": "2011-10-01T00:00:00", "values": [4.837267565727234, 1597.75390625, 1586.66015625, 1840.25, 102.88488006591797, 52605, 54000, "2025-09-13T01:55:04.362526"]}
{"uuid": "dc8474b6b3", "date": "2011-10-28T00:00:00", "values": ["Increased capacity of population dataframe to 55000"]}
{"uuid": "d5de3a8063", "date": "2011-11-01T00:00:00", "values": [4.683635997772217, 1749.2109375, 1738.0078125, 1991.57421875, 104.71202850341797, 52709, 55000, "2025-09-13T01:59:45.380684"]}
{"uuid": "d5de3a8063", "date": "2011-12-01T00:00:00", "values": [4.632293554147084, 1749.31640625, 1738.11328125, 1991.6796875, 104.73076629638672, 52877, 55000, "2025-09-13T02:04:23.318298"]}
{"uuid": "d5de3a8063", "date": "2012-01-01T00:00:00", "values": [5.076667606830597, 1766.66796875, 1755.47265625, 2009.15234375, 104.74617767333984, 52998, 55000, "2025-09-13T02:09:27.918357"]}
{"uuid": "d5de3a8063", "date": "2012-02-01T00:00:00", "values": [4.973288234074911, 1749.52734375, 1738.32421875, 1991.87890625, 104.76512908935547, 53155, 55000, "2025-09-13T02:14:26.315649"]}
{"uuid": "d5de3a8063", "date": "2012-03-01T00:00:00", "values": [4.571737607320149, 1732.1328125, 1720.9296875, 1974.484375, 104.78170013427734, 53286, 55000, "2025-09-13T02:19:00.619910"]}
{"uuid": "d5de3a8063", "date": "2012-04-01T00:00:00", "values": [5.411005540688833, 1796.73828125, 1785.6875, 2039.3671875, 104.8012924194336, 53441, 55000, "2025-09-13T02:24:25.280237"]}
{"uuid": "dc8474b6b3", "date": "2012-04-03T00:00:00", "values": ["Increased capacity of population dataframe to 56000"]}
{"uuid": "d5de3a8063", "date": "2012-05-01T00:00:00", "values": [5.261486021677653, 1833.90625, 1822.703125, 2075.609375, 106.6338119506836, 53606, 56000, "2025-09-13T02:29:40.969399"]}
{"uuid": "90f526bf10", "date": "2012-05-12T00:00:00", "values": ["This event should not be running, Hiv_DecisionToContinueTreatment is for those already on tx"]}
{"uuid": "d5de3a8063", "date": "2012-06-01T00:00:00", "values": [4.757925657431285, 1843.81640625, 1832.6171875, 2085.65625, 106.65196990966797, 53756, 56000, "2025-09-13T02:34:26.444938"]}
{"uuid": "d5de3a8063", "date": "2012-07-01T00:00:00", "values": [4.838270445664723, 1839.35546875, 1828.15625, 2082.0234375, 106.66680145263672, 53875, 56000, "2025-09-13T02:39:16.741165"]}
{"uuid": "63d828121b", "date": "2012-07-10T00:00:00", "values": ["rt disability < 0 in rti_alter_daly_post_treatment"]}
{"uuid": "90f526bf10", "date": "2012-07-19T00:00:00", "values": ["This event should not be running, Hiv_DecisionToContinueTreatment is for those already on tx"]}
{"uuid": "90f526bf10", "date": "2012-07-23T00:00:00", "values": ["This event should not be running, Hiv_DecisionToContinueTreatment is for those already on tx"]}
{"uuid": "d5de3a8063", "date": "2012-08-01T00:00:00", "values": [4.84071196715037, 1844.27734375, 1833.0859375, 2085.9921875, 106.68453216552734, 54022, 56000, "2025-09-13T02:44:07.183883"]}
{"uuid": "d5de3a8063", "date": "2012-09-01T00:00:00", "values": [4.725601057211558, 1890.59375, 1879.5234375, 2132.53125, 106.70122528076172, 54164, 56000, "2025-09-13T02:48:50.719946"]}
{"uuid": "dc8474b6b3", "date": "2012-09-13T00:00:00", "values": ["Increased capacity of population dataframe to 57000"]}
{"uuid": "d5de3a8063", "date": "2012-10-01T00:00:00", "values": [5.072952886422475, 1901.33203125, 1890.12890625, 2143.90234375, 108.52996063232422, 54293, 57000, "2025-09-13T02:53:55.097119"]}
{"uuid": "d5de3a8063", "date": "2012-11-01T00:00:00", "values": [4.864178125063578, 1920.765625, 1909.7890625, 2162.796875, 108.54854583740234, 54459, 57000, "2025-09-13T02:58:46.947808"]}
{"uuid": "d5de3a8063", "date": "2012-12-01T00:00:00", "values": [4.700271673997244, 1911.90234375, 1900.69921875, 2153.9765625, 108.56502532958984, 54591, 57000, "2025-09-13T03:03:28.964108"]}
{"uuid": "d5de3a8063", "date": "2013-01-01T00:00:00", "values": [5.400386377175649, 1948.30078125, 1937.09765625, 2189.984375, 108.58385467529297, 54741, 57000, "2025-09-13T03:08:52.987290"]}
{"uuid": "d5de3a8063", "date": "2013-02-01T00:00:00", "values": [5.296885764598846, 1978.1796875, 1967.09765625, 2220.1171875, 108.60350799560547, 54898, 57000, "2025-09-13T03:14:10.800436"]}
{"uuid": "63d828121b", "date": "2013-02-09T00:00:00", "values": ["rt disability < 0 in rti_alter_daly_post_treatment"]}
{"uuid": "dc8474b6b3", "date": "2013-02-17T00:00:00", "values": ["Increased capacity of population dataframe to 58000"]}
{"uuid": "d5de3a8063", "date": "2013-03-01T00:00:00", "values": [4.867341967423757, 1925.76953125, 1914.63671875, 2167.66796875, 110.43273162841797, 55031, 58000, "2025-09-13T03:19:02.840953"]}
{"uuid": "d5de3a8063", "date": "2013-04-01T00:00:00", "values": [5.36928706963857, 1936.19140625, 1925.20703125, 2178.2265625, 110.4522933959961, 55192, 58000, "2025-09-13T03:24:24.998180"]}
{"uuid": "d5de3a8063", "date": "2013-05-01T00:00:00", "values": [5.246783367792765, 1944.40234375, 1933.26171875, 2186.29296875, 110.47344207763672, 55374, 58000, "2025-09-13T03:29:39.805180"]}
{"uuid": "d5de3a8063", "date": "2013-06-01T00:00:00", "values": [5.2796746333440145, 1956.34765625, 1945.3046875, 2198.35546875, 110.49358367919922, 55531, 58000, "2025-09-13T03:34:56.585659"]}
{"uuid": "90f526bf10", "date": "2013-06-14T00:00:00", "values": ["This event should not be running, Hiv_DecisionToContinueTreatment is for those already on tx"]}
{"uuid": "d5de3a8063", "date": "2013-07-01T00:00:00", "values": [4.987426559130351, 1970.27734375, 1959.30859375, 2212.40625, 110.51085662841797, 55671, 58000, "2025-09-13T03:39:55.831252"]}
{"uuid": "90f526bf10", "date": "2013-07-04T00:00:00", "values": ["This event should not be running, Hiv_DecisionToContinueTreatment is for those already on tx"]}
{"uuid": "90f526bf10", "date": "2013-07-08T00:00:00", "values": ["This event should not be running, Hiv_DecisionToContinueTreatment is for those already on tx"]}
{"uuid": "dc8474b6b3", "date": "2013-07-13T00:00:00", "values": ["Increased capacity of population dataframe to 59000"]}
{"uuid": "90f526bf10", "date": "2013-07-17T00:00:00", "values": ["This event should not be running, Hiv_DecisionToContinueTreatment is for those already on tx"]}
{"uuid": "d5de3a8063", "date": "2013-08-01T00:00:00", "values": [5.059640077749888, 2024.1875, 2012.984375, 2265.8671875, 112.34008026123047, 55815, 59000, "2025-09-13T03:44:59.409657"]}
{"uuid": "1e86f25803", "date": "2013-08-11T00:00:00", "values": ["Tb_Test_Screening actual_footprint requires differentofficers than expected_footprint."]}
{"uuid": "90f526bf10", "date": "2013-08-20T00:00:00", "values": ["This event should not be running, Hiv_DecisionToContinueTreatment is for those already on tx"]}
{"uuid": "d5de3a8063", "date": "2013-09-01T00:00:00", "values": [5.105171449979147, 2039.10546875, 2027.90625, 2280.796875, 112.35884857177734, 55970, 59000, "2025-09-13T03:50:05.719943"]}
{"uuid": "90f526bf10", "date": "2013-09-22T00:00:00", "values": ["This event should not be running, Hiv_DecisionToContinueTreatment is for those already on tx"]}
{"uuid": "d5de3a8063", "date": "2013-10-01T00:00:00", "values": [5.0812569459279375, 2053.87890625, 2042.67578125, 2295.5703125, 112.37593841552734, 56112, 59000, "2025-09-13T03:55:10.595360"]}
{"uuid": "d5de3a8063", "date": "2013-11-01T00:00:00", "values": [5.114144639174143, 2049.0, 2037.80078125, 2290.6875, 112.39412689208984, 56257, 59000, "2025-09-13T04:00:17.444039"]}
{"uuid": "63d828121b", "date": "2013-11-10T00:00:00", "values": ["rt disability < 0 in rti_alter_daly_post_treatment"]}
{"uuid": "d5de3a8063", "date": "2013-12-01T00:00:00", "values": [5.213467204570771, 2065.15625, 2053.953125, 2306.84375, 112.41536712646484, 56442, 59000, "2025-09-13T04:05:30.252071"]}
{"uuid": "dc8474b6b3", "date": "2013-12-13T00:00:00", "values": ["Increased capacity of population dataframe to 60000"]}
{"uuid": "d5de3a8063", "date": "2014-01-01T00:00:00", "values": [5.705614336331686, 2176.3828125, 2165.1796875, 2418.64453125, 114.24605560302734, 56607, 60000, "2025-09-13T04:11:12.588931"]}
{"uuid": "d5de3a8063", "date": "2014-02-01T00:00:00", "values": [4.992131018638611, 2188.01953125, 2176.82421875, 2429.72265625, 114.2621078491211, 56722, 60000, "2025-09-13T04:16:12.116792"]}
{"uuid": "d5de3a8063", "date": "2014-03-01T00:00:00", "values": [4.844841456413269, 2163.7578125, 2152.5546875, 2405.640625, 114.28081512451172, 56888, 60000, "2025-09-13T04:21:02.807279"]}
{"uuid": "63d828121b", "date": "2014-03-12T00:00:00", "values": ["rt disability < 0 in rti_alter_daly_post_treatment"]}
{"uuid": "d5de3a8063", "date": "2014-04-01T00:00:00", "values": [5.485213561852773, 2216.23046875, 2205.02734375, 2457.9296875, 114.29979705810547, 57034, 60000, "2025-09-13T04:26:31.920093"]}
{"uuid": "90f526bf10", "date": "2014-04-30T00:00:00", "values": ["This event should not be running, Hiv_DecisionToContinueTreatment is for those already on tx"]}
{"uuid": "d5de3a8063", "date": "2014-05-01T00:00:00", "values": [4.778248965740204, 2231.22265625, 2220.01953125, 2472.9296875, 114.31493377685547, 57145, 60000, "2025-09-13T04:31:18.615032"]}
{"uuid": "dc8474b6b3", "date": "2014-05-21T00:00:00", "values": ["Increased capacity of population dataframe to 61000"]}
{"uuid": "d5de3a8063", "date": "2014-06-01T00:00:00", "values": [5.2680115024248755, 2193.9375, 2182.734375, 2435.640625, 116.14473724365234, 57285, 61000, "2025-09-13T04:36:34.695721"]}
{"uuid": "d5de3a8063", "date": "2014-07-01T00:00:00", "values": [5.0908593018849695, 2192.85546875, 2181.65234375, 2434.55078125, 116.16155242919922, 57429, 61000, "2025-09-13T04:41:40.147279"]}
{"uuid": "90f526bf10", "date": "2014-07-09T00:00:00", "values": ["This event should not be running, Hiv_DecisionToContinueTreatment is for those already on tx"]}
{"uuid": "90f526bf10", "date": "2014-07-25T00:00:00", "values": ["This event should not be running, Hiv_DecisionToContinueTreatment is for those already on tx"]}
{"uuid": "90f526bf10", "date": "2014-07-26T00:00:00", "values": ["This event should not be running, Hiv_DecisionToContinueTreatment is for those already on tx"]}
{"uuid": "90f526bf10", "date": "2014-07-26T00:00:00", "values": ["This event should not be running, Hiv_DecisionToContinueTreatment is for those already on tx"]}
{"uuid": "d5de3a8063", "date": "2014-08-01T00:00:00", "values": [5.3279012799263, 2223.7265625, 2212.53125, 2465.42578125, 116.1812973022461, 57599, 61000, "2025-09-13T04:46:59.821356"]}
{"uuid": "90f526bf10", "date": "2014-08-03T00:00:00", "values": ["This event should not be running, Hiv_DecisionToContinueTreatment is for those already on tx"]}
{"uuid": "1e86f25803", "date": "2014-08-26T00:00:00", "values": ["Tb_Test_Screening actual_footprint requires differentofficers than expected_footprint."]}
{"uuid": "90f526bf10", "date": "2014-08-27T00:00:00", "values": ["This event should not be running, Hiv_DecisionToContinueTreatment is for those already on tx"]}
{"uuid": "d5de3a8063", "date": "2014-09-01T00:00:00", "values": [5.108442401885986, 2241.66015625, 2230.4609375, 2483.35546875, 116.19744110107422, 57726, 61000, "2025-09-13T04:52:06.327900"]}
{"uuid": "63d828121b", "date": "2014-09-09T00:00:00", "values": ["rt disability < 0 in rti_alter_daly_post_treatment"]}
{"uuid": "d5de3a8063", "date": "2014-10-01T00:00:00", "values": [5.183756585915884, 2221.875, 2210.7734375, 2463.796875, 116.21663665771484, 57898, 61000, "2025-09-13T04:57:17.353295"]}
{"uuid": "dc8474b6b3", "date": "2014-10-30T00:00:00", "values": ["Increased capacity of population dataframe to 62000"]}
{"uuid": "d5de3a8063", "date": "2014-11-01T00:00:00", "values": [5.220185085137685, 2355.42578125, 2344.26953125, 2597.2890625, 118.04463958740234, 58031, 62000, "2025-09-13T05:02:30.564400"]}
{"uuid": "1e86f25803", "date": "2014-11-07T00:00:00", "values": ["Tb_Test_Screening actual_footprint requires differentofficers than expected_footprint."]}
{"uuid": "d5de3a8063", "date": "2014-12-01T00:00:00", "values": [5.367001477877299, 2403.765625, 2392.5625, 2646.2109375, 118.0649642944336, 58215, 62000, "2025-09-13T05:07:52.584489"]}
{"uuid": "db90bb6bbe", "type": "header", "module": "tlo.simulation", "key": "parameter_stats", "level": "INFO", "columns": {"count": "int", "label": "str", "module": "str"}, "description": null}
{"uuid": "db90bb6bbe", "date": "2015-01-01T00:00:00", "values": [1, "unassigned", "Demography"]}
{"uuid": "db90bb6bbe", "date": "2015-01-01T00:00:00", "values": [7, "not_init_via_load_param", "Demography"]}
{"uuid": "db90bb6bbe", "date": "2015-01-01T00:00:00", "values": [110, "unassigned", "Lifestyle"]}
{"uuid": "db90bb6bbe", "date": "2015-01-01T00:00:00", "values": [17, "not_init_via_load_param", "Lifestyle"]}
{"uuid": "db90bb6bbe", "date": "2015-01-01T00:00:00", "values": [3, "not_init_via_load_param", "HealthBurden"]}
{"uuid": "db90bb6bbe", "date": "2015-01-01T00:00:00", "values": [18, "not_init_via_load_param", "HealthSystem"]}
{"uuid": "db90bb6bbe", "date": "2015-01-01T00:00:00", "values": [25, "unassigned", "HealthSystem"]}
{"uuid": "db90bb6bbe", "date": "2015-01-01T00:00:00", "values": [1, "not_init_via_load_param", "SymptomManager"]}
{"uuid": "db90bb6bbe", "date": "2015-01-01T00:00:00", "values": [1, "unassigned", "SymptomManager"]}
{"uuid": "db90bb6bbe", "date": "2015-01-01T00:00:00", "values": [18, "unassigned", "HealthSeekingBehaviour"]}
{"uuid": "db90bb6bbe", "date": "2015-01-01T00:00:00", "values": [2, "not_init_via_load_param", "Epi"]}
{"uuid": "db90bb6bbe", "date": "2015-01-01T00:00:00", "values": [1, "unassigned", "Epi"]}
{"uuid": "db90bb6bbe", "date": "2015-01-01T00:00:00", "values": [14, "not_init_via_load_param", "Contraception"]}
{"uuid": "db90bb6bbe", "date": "2015-01-01T00:00:00", "values": [7, "unassigned", "Contraception"]}
{"uuid": "db90bb6bbe", "date": "2015-01-01T00:00:00", "values": [6, "not_init_via_load_param", "Hiv"]}
{"uuid": "db90bb6bbe", "date": "2015-01-01T00:00:00", "values": [70, "unassigned", "Hiv"]}
{"uuid": "db90bb6bbe", "date": "2015-01-01T00:00:00", "values": [33, "not_init_via_load_param", "CardioMetabolicDisorders"]}
{"uuid": "db90bb6bbe", "date": "2015-01-01T00:00:00", "values": [1, "unassigned", "CardioMetabolicDisorders"]}
{"uuid": "db90bb6bbe", "date": "2015-01-01T00:00:00", "values": [6, "not_init_via_load_param", "Malaria"]}
{"uuid": "db90bb6bbe", "date": "2015-01-01T00:00:00", "values": [29, "unassigned", "Malaria"]}
{"uuid": "db90bb6bbe", "date": "2015-01-01T00:00:00", "values": [118, "unassigned", "PregnancySupervisor"]}
{"uuid": "db90bb6bbe", "date": "2015-01-01T00:00:00", "values": [27, "unassigned", "CareOfWomenDuringPregnancy"]}
{"uuid": "db90bb6bbe", "date": "2015-01-01T00:00:00", "values": [64, "unassigned", "NewbornOutcomes"]}
{"uuid": "db90bb6bbe", "date": "2015-01-01T00:00:00", "values": [100, "unassigned", "Diarrhoea"]}
{"uuid": "db90bb6bbe", "date": "2015-01-01T00:00:00", "values": [31, "unassigned", "Stunting"]}
{"uuid": "db90bb6bbe", "date": "2015-01-01T00:00:00", "values": [177, "unassigned", "Labour"]}
{"uuid": "db90bb6bbe", "date": "2015-01-01T00:00:00", "values": [1, "not_init_via_load_param", "Labour"]}
{"uuid": "db90bb6bbe", "date": "2015-01-01T00:00:00", "values": [52, "unassigned", "PostnatalSupervisor"]}
{"uuid": "db90bb6bbe", "date": "2015-01-01T00:00:00", "values": [1, "not_init_via_load_param", "PostnatalSupervisor"]}
{"uuid": "db90bb6bbe", "date": "2015-01-01T00:00:00", "values": [119, "unassigned", "Alri"]}
{"uuid": "db90bb6bbe", "date": "2015-01-01T00:00:00", "values": [8, "unassigned", "Measles"]}
{"uuid": "db90bb6bbe", "date": "2015-01-01T00:00:00", "values": [2, "not_init_via_load_param", "Measles"]}
{"uuid": "db90bb6bbe", "date": "2015-01-01T00:00:00", "values": [54, "not_init_via_load_param", "Schisto"]}
{"uuid": "db90bb6bbe", "date": "2015-01-01T00:00:00", "values": [62, "unassigned", "Tb"]}
{"uuid": "db90bb6bbe", "date": "2015-01-01T00:00:00", "values": [7, "not_init_via_load_param", "Tb"]}
{"uuid": "db90bb6bbe", "date": "2015-01-01T00:00:00", "values": [32, "unassigned", "BladderCancer"]}
{"uuid": "db90bb6bbe", "date": "2015-01-01T00:00:00", "values": [25, "unassigned", "BreastCancer"]}
{"uuid": "db90bb6bbe", "date": "2015-01-01T00:00:00", "values": [11, "undetermined", "CervicalCancer"]}
{"uuid": "db90bb6bbe", "date": "2015-01-01T00:00:00", "values": [23, "universal", "CervicalCancer"]}
{"uuid": "db90bb6bbe", "date": "2015-01-01T00:00:00", "values": [13, "local", "CervicalCancer"]}
{"uuid": "db90bb6bbe", "date": "2015-01-01T00:00:00", "values": [33, "unassigned", "OesophagealCancer"]}
{"uuid": "db90bb6bbe", "date": "2015-01-01T00:00:00", "values": [24, "unassigned", "OtherAdultCancer"]}
{"uuid": "db90bb6bbe", "date": "2015-01-01T00:00:00", "values": [23, "unassigned", "ProstateCancer"]}
{"uuid": "db90bb6bbe", "date": "2015-01-01T00:00:00", "values": [1, "not_init_via_load_param", "ProstateCancer"]}
{"uuid": "db90bb6bbe", "date": "2015-01-01T00:00:00", "values": [154, "unassigned", "RTI"]}
{"uuid": "db90bb6bbe", "date": "2015-01-01T00:00:00", "values": [62, "not_init_via_load_param", "RTI"]}
{"uuid": "db90bb6bbe", "date": "2015-01-01T00:00:00", "values": [20, "unassigned", "Copd"]}
{"uuid": "db90bb6bbe", "date": "2015-01-01T00:00:00", "values": [37, "unassigned", "Depression"]}
{"uuid": "db90bb6bbe", "date": "2015-01-01T00:00:00", "values": [18, "unassigned", "Epilepsy"]}
{"uuid": "db90bb6bbe", "date": "2015-01-01T00:00:00", "values": [3, "not_init_via_load_param", "Epilepsy"]}
{"uuid": "b07716682c", "date": "2015-01-01T00:00:00", "values": ["simulate() 17193.625214338303 s"]}
