{"uuid": "b07716682c", "type": "header", "module": "tlo.simulation", "key": "info", "level": "INFO", "columns": {"message": "str"}, "description": null}
{"uuid": "b07716682c", "date": "2010-01-01T00:00:00", "values": ["Log output: profiling_results/2026/05/09/0051/scale_run_profiling__2026-05-09T005148.log"]}
{"uuid": "b07716682c", "date": "2010-01-01T00:00:00", "values": ["Simulation RNG user entropy = 0"]}
{"uuid": "b07716682c", "date": "2010-01-01T00:00:00", "values": ["Demography RNG auto (entropy, spawn key) = (0, 0)"]}
{"uuid": "b07716682c", "date": "2010-01-01T00:00:00", "values": ["Lifestyle RNG auto (entropy, spawn key) = (0, 1)"]}
{"uuid": "b07716682c", "date": "2010-01-01T00:00:00", "values": ["HealthBurden RNG auto (entropy, spawn key) = (0, 2)"]}
{"uuid": "b07716682c", "date": "2010-01-01T00:00:00", "values": ["HealthSystem RNG auto (entropy, spawn key) = (0, 3)"]}
{"uuid": "b07716682c", "date": "2010-01-01T00:00:00", "values": ["SymptomManager RNG auto (entropy, spawn key) = (0, 4)"]}
{"uuid": "b07716682c", "date": "2010-01-01T00:00:00", "values": ["HealthSeekingBehaviour RNG auto (entropy, spawn key) = (0, 5)"]}
{"uuid": "b07716682c", "date": "2010-01-01T00:00:00", "values": ["Epi RNG auto (entropy, spawn key) = (0, 6)"]}
{"uuid": "b07716682c", "date": "2010-01-01T00:00:00", "values": ["Contraception RNG auto (entropy, spawn key) = (0, 7)"]}
{"uuid": "b07716682c", "date": "2010-01-01T00:00:00", "values": ["Hiv RNG auto (entropy, spawn key) = (0, 8)"]}
{"uuid": "b07716682c", "date": "2010-01-01T00:00:00", "values": ["CardioMetabolicDisorders RNG auto (entropy, spawn key) = (0, 9)"]}
{"uuid": "b07716682c", "date": "2010-01-01T00:00:00", "values": ["Malaria RNG auto (entropy, spawn key) = (0, 10)"]}
{"uuid": "b07716682c", "date": "2010-01-01T00:00:00", "values": ["PregnancySupervisor RNG auto (entropy, spawn key) = (0, 11)"]}
{"uuid": "b07716682c", "date": "2010-01-01T00:00:00", "values": ["CareOfWomenDuringPregnancy RNG auto (entropy, spawn key) = (0, 12)"]}
{"uuid": "b07716682c", "date": "2010-01-01T00:00:00", "values": ["NewbornOutcomes RNG auto (entropy, spawn key) = (0, 13)"]}
{"uuid": "b07716682c", "date": "2010-01-01T00:00:00", "values": ["Wasting RNG auto (entropy, spawn key) = (0, 14)"]}
{"uuid": "b07716682c", "date": "2010-01-01T00:00:00", "values": ["Diarrhoea RNG auto (entropy, spawn key) = (0, 15)"]}
{"uuid": "b07716682c", "date": "2010-01-01T00:00:00", "values": ["Stunting RNG auto (entropy, spawn key) = (0, 16)"]}
{"uuid": "b07716682c", "date": "2010-01-01T00:00:00", "values": ["Labour RNG auto (entropy, spawn key) = (0, 17)"]}
{"uuid": "b07716682c", "date": "2010-01-01T00:00:00", "values": ["PostnatalSupervisor RNG auto (entropy, spawn key) = (0, 18)"]}
{"uuid": "b07716682c", "date": "2010-01-01T00:00:00", "values": ["Alri RNG auto (entropy, spawn key) = (0, 19)"]}
{"uuid": "b07716682c", "date": "2010-01-01T00:00:00", "values": ["Measles RNG auto (entropy, spawn key) = (0, 20)"]}
{"uuid": "b07716682c", "date": "2010-01-01T00:00:00", "values": ["Schisto RNG auto (entropy, spawn key) = (0, 21)"]}
{"uuid": "b07716682c", "date": "2010-01-01T00:00:00", "values": ["Tb RNG auto (entropy, spawn key) = (0, 22)"]}
{"uuid": "b07716682c", "date": "2010-01-01T00:00:00", "values": ["BladderCancer RNG auto (entropy, spawn key) = (0, 23)"]}
{"uuid": "b07716682c", "date": "2010-01-01T00:00:00", "values": ["BreastCancer RNG auto (entropy, spawn key) = (0, 24)"]}
{"uuid": "b07716682c", "date": "2010-01-01T00:00:00", "values": ["CervicalCancer RNG auto (entropy, spawn key) = (0, 25)"]}
{"uuid": "b07716682c", "date": "2010-01-01T00:00:00", "values": ["OesophagealCancer RNG auto (entropy, spawn key) = (0, 26)"]}
{"uuid": "b07716682c", "date": "2010-01-01T00:00:00", "values": ["OtherAdultCancer RNG auto (entropy, spawn key) = (0, 27)"]}
{"uuid": "b07716682c", "date": "2010-01-01T00:00:00", "values": ["ProstateCancer RNG auto (entropy, spawn key) = (0, 28)"]}
{"uuid": "b07716682c", "date": "2010-01-01T00:00:00", "values": ["RTI RNG auto (entropy, spawn key) = (0, 29)"]}
{"uuid": "b07716682c", "date": "2010-01-01T00:00:00", "values": ["Copd RNG auto (entropy, spawn key) = (0, 30)"]}
{"uuid": "b07716682c", "date": "2010-01-01T00:00:00", "values": ["Depression RNG auto (entropy, spawn key) = (0, 31)"]}
{"uuid": "b07716682c", "date": "2010-01-01T00:00:00", "values": ["Epilepsy RNG auto (entropy, spawn key) = (0, 32)"]}
{"uuid": "dc8474b6b3", "type": "header", "module": "tlo.population", "key": "info", "level": "INFO", "columns": {"message": "str"}, "description": null}
{"uuid": "dc8474b6b3", "date": "2010-01-01T00:00:00", "values": ["Dataframe capacity append size: 1000"]}
{"uuid": "b07716682c", "date": "2010-01-01T00:00:00", "values": ["make_initial_population() 247.60563826560974 s"]}
{"uuid": "e9a19fe1f9", "type": "header", "module": "tlo.methods.demography", "key": "scaling_factor", "level": "WARNING", "columns": {"scaling_factor": "float"}, "description": "The data-to-model scaling factor (based on the initial population size, used to multiply-up results so that they correspond to the real population size."}
{"uuid": "e9a19fe1f9", "date": "2010-01-01T00:00:00", "values": [290.79218000000003]}
{"uuid": "da366e03ae", "type": "header", "module": "tlo.methods.demography", "key": "scaling_factor_district", "level": "WARNING", "columns": {"scaling_factor_district": "dict"}, "description": "The data-to-model district_level scaling factor (based on the initial population size,used to multiply-up results so that they correspond to the real population size."}
{"uuid": "da366e03ae", "date": "2010-01-01T00:00:00", "values": [{"Balaka": 292.18885821890655, "Blantyre": 290.00666810074694, "Blantyre City": 289.0374870811533, "Chikwawa": 303.5430314988817, "Chiradzulu": 291.3490968335263, "Chitipa": 298.2777391579305, "Dedza": 297.2389953138543, "Dowa": 293.77467482227445, "Karonga": 302.1771942910366, "Kasungu": 288.94935614027617, "Likoma": 267.2384402454295, "Lilongwe": 288.55314644156545, "Lilongwe City": 290.31423439747215, "Machinga": 288.9462323801105, "Mangochi": 287.00339941738713, "Mchinji": 284.9140887939129, "Mulanje": 295.5725069079527, "Mwanza": 303.64733629901616, "Mzimba": 301.5507112253667, "Mzuzu City": 288.0081988677558, "Neno": 306.9167500618024, "Nkhata Bay": 299.06650178941345, "Nkhotakota": 277.642231737952, "Nsanje": 274.56432422649266, "Ntcheu": 292.7807936521761, "Ntchisi": 279.8249598210122, "Phalombe": 286.00721165825297, "Rumphi": 281.04278564091175, "Salima": 277.2997287670948, "Thyolo": 296.689092542885, "Zomba": 287.7804838656647, "Zomba City": 291.71738176198596}]}
{"uuid": "072090a41b", "type": "header", "module": "tlo.methods.population", "key": "scaling_factor", "level": "WARNING", "columns": {"scaling_factor": "float"}, "description": "The data-to-model scaling factor (based on the initial population size, used to multiply-up results so that they correspond to the real population size."}
{"uuid": "072090a41b", "date": "2010-01-01T00:00:00", "values": [290.79218000000003]}
{"uuid": "b47e7f2cb8", "type": "header", "module": "tlo.methods.population", "key": "scaling_factor_district", "level": "WARNING", "columns": {"scaling_factor_district": "dict"}, "description": "The data-to-model district_level scaling factor (based on the initial population size,used to multiply-up results so that they correspond to the real population size."}
{"uuid": "b47e7f2cb8", "date": "2010-01-01T00:00:00", "values": [{"Balaka": 292.18885821890655, "Blantyre": 290.00666810074694, "Blantyre City": 289.0374870811533, "Chikwawa": 303.5430314988817, "Chiradzulu": 291.3490968335263, "Chitipa": 298.2777391579305, "Dedza": 297.2389953138543, "Dowa": 293.77467482227445, "Karonga": 302.1771942910366, "Kasungu": 288.94935614027617, "Likoma": 267.2384402454295, "Lilongwe": 288.55314644156545, "Lilongwe City": 290.31423439747215, "Machinga": 288.9462323801105, "Mangochi": 287.00339941738713, "Mchinji": 284.9140887939129, "Mulanje": 295.5725069079527, "Mwanza": 303.64733629901616, "Mzimba": 301.5507112253667, "Mzuzu City": 288.0081988677558, "Neno": 306.9167500618024, "Nkhata Bay": 299.06650178941345, "Nkhotakota": 277.642231737952, "Nsanje": 274.56432422649266, "Ntcheu": 292.7807936521761, "Ntchisi": 279.8249598210122, "Phalombe": 286.00721165825297, "Rumphi": 281.04278564091175, "Salima": 277.2997287670948, "Thyolo": 296.689092542885, "Zomba": 287.7804838656647, "Zomba City": 291.71738176198596}]}
{"uuid": "d5de3a8063", "type": "header", "module": "tlo.profiling", "key": "stats", "level": "INFO", "columns": {"duration_minutes": "float", "memory_rss_MiB": "float", "memory_uss_MiB": "float", "memory_vms_MiB": "float", "pop_df_mem_MiB": "float", "pop_df_number_alive": "int", "pop_df_rows": "int", "time": "str"}, "description": null}
{"uuid": "d5de3a8063", "date": "2010-01-01T00:00:00", "values": [0.17462815046310426, 714.73046875, 703.6328125, 962.62109375, 101.90758037567139, 50000, 50000, "2026-05-09T00:56:12.175424"]}
{"uuid": "dc8474b6b3", "date": "2010-01-01T00:00:00", "values": ["Increased capacity of population dataframe to 51000"]}
{"uuid": "d5de3a8063", "date": "2010-02-01T00:00:00", "values": [3.71285214026769, 744.59375, 733.3125, 991.5234375, 103.8697919845581, 50090, 51000, "2026-05-09T00:59:54.946550"]}
{"uuid": "d5de3a8063", "date": "2010-03-01T00:00:00", "values": [3.317280658086141, 908.390625, 897.1015625, 1157.33203125, 103.88190746307373, 50155, 51000, "2026-05-09T01:03:13.983389"]}
{"uuid": "90f526bf10", "type": "header", "module": "tlo.methods.hiv", "key": "message", "level": "WARNING", "columns": {"message": "str"}, "description": null}
{"uuid": "90f526bf10", "date": "2010-03-19T00:00:00", "values": ["This event should not be running, Hiv_DecisionToContinueTreatment is for those already on tx"]}
{"uuid": "d5de3a8063", "date": "2010-04-01T00:00:00", "values": [3.924355455239614, 1041.5, 1030.34765625, 1288.2109375, 103.8965253829956, 50236, 51000, "2026-05-09T01:07:09.444713"]}
{"uuid": "90f526bf10", "date": "2010-04-05T00:00:00", "values": ["This event should not be running, Hiv_DecisionToContinueTreatment is for those already on tx"]}
{"uuid": "d5de3a8063", "date": "2010-05-01T00:00:00", "values": [3.602066520849864, 1188.796875, 1177.7265625, 1434.9921875, 103.9109296798706, 50307, 51000, "2026-05-09T01:10:45.568707"]}
{"uuid": "90f526bf10", "date": "2010-05-03T00:00:00", "values": ["This event should not be running, Hiv_DecisionToContinueTreatment is for those already on tx"]}
{"uuid": "90f526bf10", "date": "2010-05-04T00:00:00", "values": ["This event should not be running, Hiv_DecisionToContinueTreatment is for those already on tx"]}
{"uuid": "90f526bf10", "date": "2010-05-13T00:00:00", "values": ["This event should not be running, Hiv_DecisionToContinueTreatment is for those already on tx"]}
{"uuid": "90f526bf10", "date": "2010-05-17T00:00:00", "values": ["This event should not be running, Hiv_DecisionToContinueTreatment is for those already on tx"]}
{"uuid": "d5de3a8063", "date": "2010-06-01T00:00:00", "values": [3.501637570063273, 1308.28125, 1297.12890625, 1556.65625, 103.92798900604248, 50417, 51000, "2026-05-09T01:14:15.666959"]}
{"uuid": "90f526bf10", "date": "2010-06-20T00:00:00", "values": ["This event should not be running, Hiv_DecisionToContinueTreatment is for those already on tx"]}
{"uuid": "90f526bf10", "date": "2010-06-28T00:00:00", "values": ["This event should not be running, Hiv_DecisionToContinueTreatment is for those already on tx"]}
{"uuid": "90f526bf10", "date": "2010-06-30T00:00:00", "values": ["This event should not be running, Hiv_DecisionToContinueTreatment is for those already on tx"]}
{"uuid": "d5de3a8063", "date": "2010-07-01T00:00:00", "values": [3.9236904700597126, 1459.48046875, 1448.1875, 1709.6640625, 103.9408369064331, 50495, 51000, "2026-05-09T01:18:11.088388"]}
{"uuid": "dc8474b6b3", "date": "2010-07-08T00:00:00", "values": ["Increased capacity of population dataframe to 52000"]}
{"uuid": "90f526bf10", "date": "2010-07-21T00:00:00", "values": ["This event should not be running, Hiv_DecisionToContinueTreatment is for those already on tx"]}
{"uuid": "90f526bf10", "date": "2010-07-21T00:00:00", "values": ["This event should not be running, Hiv_DecisionToContinueTreatment is for those already on tx"]}
{"uuid": "90f526bf10", "date": "2010-07-23T00:00:00", "values": ["This event should not be running, Hiv_DecisionToContinueTreatment is for those already on tx"]}
{"uuid": "d5de3a8063", "date": "2010-08-01T00:00:00", "values": [3.8237828373908997, 1560.98828125, 1549.90234375, 1812.15234375, 105.90478801727295, 50649, 52000, "2026-05-09T01:22:00.515359"]}
{"uuid": "63d828121b", "type": "header", "module": "tlo.methods.rti", "key": "warning", "level": "WARNING", "columns": {"message": "str"}, "description": null}
{"uuid": "63d828121b", "date": "2010-08-10T00:00:00", "values": ["rt disability < 0 in rti_alter_daly_post_treatment"]}
{"uuid": "d5de3a8063", "date": "2010-09-01T00:00:00", "values": [3.9832781195640563, 1560.98828125, 1549.90234375, 1812.15234375, 105.92087078094482, 50753, 52000, "2026-05-09T01:25:59.512045"]}
{"uuid": "d5de3a8063", "date": "2010-10-01T00:00:00", "values": [5.45919554233551, 1598.66015625, 1587.3671875, 1849.4921875, 105.94876384735107, 50987, 52000, "2026-05-09T01:31:27.063777"]}
{"uuid": "d5de3a8063", "date": "2010-11-01T00:00:00", "values": [5.76032604376475, 1561.0, 1549.9140625, 1812.15234375, 105.9667387008667, 51118, 52000, "2026-05-09T01:37:12.683343"]}
{"uuid": "90f526bf10", "date": "2010-11-15T00:00:00", "values": ["This event should not be running, Hiv_DecisionToContinueTreatment is for those already on tx"]}
{"uuid": "dc8474b6b3", "date": "2010-11-30T00:00:00", "values": ["Increased capacity of population dataframe to 53000"]}
{"uuid": "d5de3a8063", "date": "2010-12-01T00:00:00", "values": [5.600870100657145, 1554.30859375, 1543.015625, 1805.12890625, 107.92812633514404, 51241, 53000, "2026-05-09T01:42:48.735554"]}
{"uuid": "d5de3a8063", "date": "2011-01-01T00:00:00", "values": [6.092268522580465, 1574.41015625, 1563.2421875, 1821.98046875, 107.94567394256592, 51365, 53000, "2026-05-09T01:48:54.271658"]}
{"uuid": "1e86f25803", "type": "header", "module": "tlo.methods.healthsystem", "key": "message", "level": "WARNING", "columns": {"message": "str"}, "description": null}
{"uuid": "1e86f25803", "date": "2011-01-01T00:00:00", "values": ["Tb_Test_Screening actual_footprint requires differentofficers than expected_footprint."]}
{"uuid": "d5de3a8063", "date": "2011-02-01T00:00:00", "values": [5.912602154413859, 1575.71484375, 1564.59765625, 1822.1171875, 107.96654796600342, 51520, 53000, "2026-05-09T01:54:49.027787"]}
{"uuid": "d5de3a8063", "date": "2011-03-01T00:00:00", "values": [5.582136070728302, 1575.71484375, 1564.62890625, 1822.1484375, 107.9839735031128, 51617, 53000, "2026-05-09T02:00:23.955952"]}
{"uuid": "90f526bf10", "date": "2011-03-07T00:00:00", "values": ["This event should not be running, Hiv_DecisionToContinueTreatment is for those already on tx"]}
{"uuid": "d5de3a8063", "date": "2011-04-01T00:00:00", "values": [6.063375385602315, 1570.6484375, 1559.35546875, 1816.75, 108.00112438201904, 51706, 53000, "2026-05-09T02:06:27.758477"]}
{"uuid": "90f526bf10", "date": "2011-04-15T00:00:00", "values": ["This event should not be running, Hiv_DecisionToContinueTreatment is for those already on tx"]}
{"uuid": "90f526bf10", "date": "2011-04-19T00:00:00", "values": ["This event should not be running, Hiv_DecisionToContinueTreatment is for those already on tx"]}
{"uuid": "90f526bf10", "date": "2011-04-24T00:00:00", "values": ["This event should not be running, Hiv_DecisionToContinueTreatment is for those already on tx"]}
{"uuid": "dc8474b6b3", "date": "2011-04-30T00:00:00", "values": ["Increased capacity of population dataframe to 54000"]}
{"uuid": "d5de3a8063", "date": "2011-05-01T00:00:00", "values": [6.0362734993298846, 1696.25390625, 1685.203125, 1943.5546875, 109.96519756317139, 51851, 54000, "2026-05-09T02:12:29.934883"]}
{"uuid": "63d828121b", "date": "2011-05-10T00:00:00", "values": ["rt disability < 0 in rti_alter_daly_post_treatment"]}
{"uuid": "90f526bf10", "date": "2011-05-23T00:00:00", "values": ["This event should not be running, Hiv_DecisionToContinueTreatment is for those already on tx"]}
{"uuid": "90f526bf10", "date": "2011-05-26T00:00:00", "values": ["This event should not be running, Hiv_DecisionToContinueTreatment is for those already on tx"]}
{"uuid": "d5de3a8063", "date": "2011-06-01T00:00:00", "values": [5.380618135134379, 1632.6953125, 1621.48046875, 1879.828125, 109.98140239715576, 51950, 54000, "2026-05-09T02:17:52.771973"]}
{"uuid": "90f526bf10", "date": "2011-06-02T00:00:00", "values": ["This event should not be running, Hiv_DecisionToContinueTreatment is for those already on tx"]}
{"uuid": "90f526bf10", "date": "2011-06-06T00:00:00", "values": ["This event should not be running, Hiv_DecisionToContinueTreatment is for those already on tx"]}
{"uuid": "90f526bf10", "date": "2011-06-18T00:00:00", "values": ["This event should not be running, Hiv_DecisionToContinueTreatment is for those already on tx"]}
{"uuid": "90f526bf10", "date": "2011-06-27T00:00:00", "values": ["This event should not be running, Hiv_DecisionToContinueTreatment is for those already on tx"]}
{"uuid": "d5de3a8063", "date": "2011-07-01T00:00:00", "values": [5.875349124272664, 1670.88671875, 1659.59375, 1917.81640625, 110.00026226043701, 52099, 54000, "2026-05-09T02:23:45.292921"]}
{"uuid": "90f526bf10", "date": "2011-07-03T00:00:00", "values": ["This event should not be running, Hiv_DecisionToContinueTreatment is for those already on tx"]}
{"uuid": "63d828121b", "date": "2011-07-10T00:00:00", "values": ["rt disability < 0 in rti_alter_daly_post_treatment"]}
{"uuid": "d5de3a8063", "date": "2011-08-01T00:00:00", "values": [5.010822494824727, 1670.9765625, 1659.68359375, 1917.90625, 110.01359844207764, 52196, 54000, "2026-05-09T02:28:45.942271"]}
{"uuid": "90f526bf10", "date": "2011-08-05T00:00:00", "values": ["This event should not be running, Hiv_DecisionToContinueTreatment is for those already on tx"]}
{"uuid": "63d828121b", "date": "2011-08-10T00:00:00", "values": ["rt disability < 0 in rti_alter_daly_post_treatment"]}
{"uuid": "d5de3a8063", "date": "2011-09-01T00:00:00", "values": [5.536001670360565, 1635.4765625, 1624.26171875, 1879.828125, 110.03047466278076, 52327, 54000, "2026-05-09T02:34:18.102369"]}
{"uuid": "1e86f25803", "date": "2011-09-13T00:00:00", "values": ["Tb_Test_Screening actual_footprint requires differentofficers than expected_footprint."]}
{"uuid": "d5de3a8063", "date": "2011-10-01T00:00:00", "values": [5.706581123669943, 1713.7734375, 1702.55859375, 1956.828125, 110.04649639129639, 52455, 54000, "2026-05-09T02:40:00.497239"]}
{"uuid": "dc8474b6b3", "date": "2011-10-20T00:00:00", "values": ["Increased capacity of population dataframe to 55000"]}
{"uuid": "90f526bf10", "date": "2011-10-23T00:00:00", "values": ["This event should not be running, Hiv_DecisionToContinueTreatment is for those already on tx"]}
{"uuid": "d5de3a8063", "date": "2011-11-01T00:00:00", "values": [6.102036881446838, 1861.515625, 1850.22265625, 2106.328125, 112.00974559783936, 52603, 55000, "2026-05-09T02:46:06.619455"]}
{"uuid": "d5de3a8063", "date": "2011-12-01T00:00:00", "values": [5.458631368478139, 1879.1015625, 1867.9765625, 2124.08203125, 112.02732372283936, 52741, 55000, "2026-05-09T02:51:34.137332"]}
{"uuid": "d5de3a8063", "date": "2012-01-01T00:00:00", "values": [6.190898954868317, 1861.61328125, 1850.3203125, 2106.42578125, 112.04554271697998, 52884, 55000, "2026-05-09T02:57:45.591271"]}
{"uuid": "d5de3a8063", "date": "2012-02-01T00:00:00", "values": [5.819973492622376, 1879.671875, 1868.546875, 2124.77734375, 112.0637617111206, 53038, 55000, "2026-05-09T03:03:34.789679"]}
{"uuid": "d5de3a8063", "date": "2012-03-01T00:00:00", "values": [5.643072132269541, 1844.35546875, 1833.0625, 2089.16796875, 112.08164501190186, 53187, 55000, "2026-05-09T03:09:13.374007"]}
{"uuid": "90f526bf10", "date": "2012-03-16T00:00:00", "values": ["This event should not be running, Hiv_DecisionToContinueTreatment is for those already on tx"]}
{"uuid": "dc8474b6b3", "date": "2012-03-28T00:00:00", "values": ["Increased capacity of population dataframe to 56000"]}
{"uuid": "d5de3a8063", "date": "2012-04-01T00:00:00", "values": [6.203622794151306, 1875.67578125, 1864.3828125, 2121.06640625, 114.04370403289795, 53316, 56000, "2026-05-09T03:15:25.591378"]}
{"uuid": "90f526bf10", "date": "2012-04-02T00:00:00", "values": ["This event should not be running, Hiv_DecisionToContinueTreatment is for those already on tx"]}
{"uuid": "90f526bf10", "date": "2012-04-20T00:00:00", "values": ["This event should not be running, Hiv_DecisionToContinueTreatment is for those already on tx"]}
{"uuid": "90f526bf10", "date": "2012-04-23T00:00:00", "values": ["This event should not be running, Hiv_DecisionToContinueTreatment is for those already on tx"]}
{"uuid": "d5de3a8063", "date": "2012-05-01T00:00:00", "values": [5.971801622708639, 1878.640625, 1867.34765625, 2123.6796875, 114.06375408172607, 53476, 56000, "2026-05-09T03:21:23.899471"]}
{"uuid": "90f526bf10", "date": "2012-05-05T00:00:00", "values": ["This event should not be running, Hiv_DecisionToContinueTreatment is for those already on tx"]}
{"uuid": "90f526bf10", "date": "2012-05-06T00:00:00", "values": ["This event should not be running, Hiv_DecisionToContinueTreatment is for those already on tx"]}
{"uuid": "63d828121b", "date": "2012-05-08T00:00:00", "values": ["rt disability < 0 in rti_alter_daly_post_treatment"]}
{"uuid": "90f526bf10", "date": "2012-05-10T00:00:00", "values": ["This event should not be running, Hiv_DecisionToContinueTreatment is for those already on tx"]}
{"uuid": "90f526bf10", "date": "2012-05-11T00:00:00", "values": ["This event should not be running, Hiv_DecisionToContinueTreatment is for those already on tx"]}
{"uuid": "90f526bf10", "date": "2012-05-27T00:00:00", "values": ["This event should not be running, Hiv_DecisionToContinueTreatment is for those already on tx"]}
{"uuid": "90f526bf10", "date": "2012-05-30T00:00:00", "values": ["This event should not be running, Hiv_DecisionToContinueTreatment is for those already on tx"]}
{"uuid": "d5de3a8063", "date": "2012-06-01T00:00:00", "values": [5.834591543674469, 1907.50390625, 1896.3203125, 2152.72265625, 114.08188152313232, 53612, 56000, "2026-05-09T03:27:13.974964"]}
{"uuid": "90f526bf10", "date": "2012-06-02T00:00:00", "values": ["This event should not be running, Hiv_DecisionToContinueTreatment is for those already on tx"]}
{"uuid": "90f526bf10", "date": "2012-06-13T00:00:00", "values": ["This event should not be running, Hiv_DecisionToContinueTreatment is for those already on tx"]}
{"uuid": "d5de3a8063", "date": "2012-07-01T00:00:00", "values": [6.115930350621541, 1906.53125, 1895.23828125, 2151.7734375, 114.10055828094482, 53762, 56000, "2026-05-09T03:33:20.930785"]}
{"uuid": "90f526bf10", "date": "2012-07-07T00:00:00", "values": ["This event should not be running, Hiv_DecisionToContinueTreatment is for those already on tx"]}
{"uuid": "d5de3a8063", "date": "2012-08-01T00:00:00", "values": [5.649178063869476, 1935.7890625, 1924.70703125, 2181.54296875, 114.11758708953857, 53901, 56000, "2026-05-09T03:38:59.881469"]}
{"uuid": "dc8474b6b3", "date": "2012-08-29T00:00:00", "values": ["Increased capacity of population dataframe to 57000"]}
{"uuid": "90f526bf10", "date": "2012-08-31T00:00:00", "values": ["This event should not be running, Hiv_DecisionToContinueTreatment is for those already on tx"]}
{"uuid": "d5de3a8063", "date": "2012-09-01T00:00:00", "values": [5.907917388280233, 2000.4140625, 1989.1484375, 2246.99609375, 116.0801649093628, 54051, 57000, "2026-05-09T03:44:54.356513"]}
{"uuid": "63d828121b", "date": "2012-09-06T00:00:00", "values": ["rt disability < 0 in rti_alter_daly_post_treatment"]}
{"uuid": "90f526bf10", "date": "2012-09-13T00:00:00", "values": ["This event should not be running, Hiv_DecisionToContinueTreatment is for those already on tx"]}
{"uuid": "d5de3a8063", "date": "2012-10-01T00:00:00", "values": [5.885458107789358, 1994.4140625, 1983.12109375, 2241.01171875, 116.0968885421753, 54190, 57000, "2026-05-09T03:50:47.484008"]}
{"uuid": "d5de3a8063", "date": "2012-11-01T00:00:00", "values": [5.69634819428126, 2014.94921875, 2003.75, 2261.8359375, 116.11559581756592, 54338, 57000, "2026-05-09T03:56:29.264891"]}
{"uuid": "d5de3a8063", "date": "2012-12-01T00:00:00", "values": [5.632350130875905, 2013.4609375, 2002.18359375, 2255.34765625, 116.13183116912842, 54470, 57000, "2026-05-09T04:02:07.205898"]}
{"uuid": "d5de3a8063", "date": "2013-01-01T00:00:00", "values": [6.124498558044434, 2052.1015625, 2040.984375, 2294.71875, 116.1485242843628, 54597, 57000, "2026-05-09T04:08:14.675813"]}
{"uuid": "d5de3a8063", "date": "2013-02-01T00:00:00", "values": [5.863811000188192, 2052.5078125, 2041.22265625, 2294.8671875, 116.16665172576904, 54734, 57000, "2026-05-09T04:14:06.504472"]}
{"uuid": "dc8474b6b3", "date": "2013-02-09T00:00:00", "values": ["Increased capacity of population dataframe to 58000"]}
{"uuid": "d5de3a8063", "date": "2013-03-01T00:00:00", "values": [5.810711638132731, 2132.171875, 2120.87890625, 2375.7890625, 118.12758159637451, 54862, 58000, "2026-05-09T04:19:55.147170"]}
{"uuid": "90f526bf10", "date": "2013-03-02T00:00:00", "values": ["This event should not be running, Hiv_DecisionToContinueTreatment is for those already on tx"]}
{"uuid": "90f526bf10", "date": "2013-03-29T00:00:00", "values": ["This event should not be running, Hiv_DecisionToContinueTreatment is for those already on tx"]}
{"uuid": "d5de3a8063", "date": "2013-04-01T00:00:00", "values": [6.530007104078929, 2157.8203125, 2146.5859375, 2402.3125, 118.14827251434326, 55018, 58000, "2026-05-09T04:26:26.947599"]}
{"uuid": "90f526bf10", "date": "2013-04-04T00:00:00", "values": ["This event should not be running, Hiv_DecisionToContinueTreatment is for those already on tx"]}
{"uuid": "d5de3a8063", "date": "2013-05-01T00:00:00", "values": [5.928277981281281, 2152.94140625, 2141.65234375, 2396.8984375, 118.16804790496826, 55182, 58000, "2026-05-09T04:32:22.644283"]}
{"uuid": "90f526bf10", "date": "2013-05-15T00:00:00", "values": ["This event should not be running, Hiv_DecisionToContinueTreatment is for those already on tx"]}
{"uuid": "d5de3a8063", "date": "2013-06-01T00:00:00", "values": [5.891941551367442, 2184.19140625, 2172.9140625, 2428.36328125, 118.18626689910889, 55325, 58000, "2026-05-09T04:38:16.160768"]}
{"uuid": "90f526bf10", "date": "2013-06-04T00:00:00", "values": ["This event should not be running, Hiv_DecisionToContinueTreatment is for those already on tx"]}
{"uuid": "90f526bf10", "date": "2013-06-05T00:00:00", "values": ["This event should not be running, Hiv_DecisionToContinueTreatment is for those already on tx"]}
{"uuid": "90f526bf10", "date": "2013-06-21T00:00:00", "values": ["This event should not be running, Hiv_DecisionToContinueTreatment is for those already on tx"]}
{"uuid": "90f526bf10", "date": "2013-06-23T00:00:00", "values": ["This event should not be running, Hiv_DecisionToContinueTreatment is for those already on tx"]}
{"uuid": "90f526bf10", "date": "2013-06-23T00:00:00", "values": ["This event should not be running, Hiv_DecisionToContinueTreatment is for those already on tx"]}
{"uuid": "90f526bf10", "date": "2013-06-25T00:00:00", "values": ["This event should not be running, Hiv_DecisionToContinueTreatment is for those already on tx"]}
{"uuid": "d5de3a8063", "date": "2013-07-01T00:00:00", "values": [6.441503230730692, 2163.953125, 2152.66015625, 2408.375, 118.20604228973389, 55475, 58000, "2026-05-09T04:44:42.650964"]}
{"uuid": "dc8474b6b3", "date": "2013-07-04T00:00:00", "values": ["Increased capacity of population dataframe to 59000"]}
{"uuid": "90f526bf10", "date": "2013-07-13T00:00:00", "values": ["This event should not be running, Hiv_DecisionToContinueTreatment is for those already on tx"]}
{"uuid": "90f526bf10", "date": "2013-07-18T00:00:00", "values": ["This event should not be running, Hiv_DecisionToContinueTreatment is for those already on tx"]}
{"uuid": "90f526bf10", "date": "2013-07-29T00:00:00", "values": ["This event should not be running, Hiv_DecisionToContinueTreatment is for those already on tx"]}
{"uuid": "d5de3a8063", "date": "2013-08-01T00:00:00", "values": [6.070268710454305, 2196.80078125, 2185.5078125, 2440.87109375, 120.1697187423706, 55627, 59000, "2026-05-09T04:50:46.867086"]}
{"uuid": "63d828121b", "date": "2013-08-10T00:00:00", "values": ["rt disability < 0 in rti_alter_daly_post_treatment"]}
{"uuid": "d5de3a8063", "date": "2013-09-01T00:00:00", "values": [5.976472739378611, 2202.046875, 2190.9375, 2444.109375, 120.18726634979248, 55759, 59000, "2026-05-09T04:56:45.455449"]}
{"uuid": "90f526bf10", "date": "2013-09-06T00:00:00", "values": ["This event should not be running, Hiv_DecisionToContinueTreatment is for those already on tx"]}
{"uuid": "d5de3a8063", "date": "2013-10-01T00:00:00", "values": [5.934851801395416, 2199.328125, 2188.03515625, 2441.4375, 120.20368480682373, 55890, 59000, "2026-05-09T05:02:41.546557"]}
{"uuid": "1e86f25803", "date": "2013-10-02T00:00:00", "values": ["Tb_Test_Screening actual_footprint requires differentofficers than expected_footprint."]}
{"uuid": "1e86f25803", "date": "2013-10-21T00:00:00", "values": ["Tb_Test_FollowUp actual_footprint requires differentofficers than expected_footprint."]}
{"uuid": "d5de3a8063", "date": "2013-11-01T00:00:00", "values": [5.935379087924957, 2222.5546875, 2211.26171875, 2464.89453125, 120.22205638885498, 56042, 59000, "2026-05-09T05:08:37.669302"]}
{"uuid": "d5de3a8063", "date": "2013-12-01T00:00:00", "values": [6.122157283624014, 2220.41796875, 2209.13671875, 2463.11328125, 120.24219799041748, 56216, 59000, "2026-05-09T05:14:44.998740"]}
{"uuid": "dc8474b6b3", "date": "2013-12-03T00:00:00", "values": ["Increased capacity of population dataframe to 60000"]}
{"uuid": "d5de3a8063", "date": "2014-01-01T00:00:00", "values": [6.580288497606913, 2275.8203125, 2264.52734375, 2519.52734375, 122.20517253875732, 56366, 60000, "2026-05-09T05:21:19.816050"]}
{"uuid": "d5de3a8063", "date": "2014-02-01T00:00:00", "values": [5.872826357682546, 2290.93359375, 2279.65234375, 2534.52734375, 122.22329998016357, 56512, 60000, "2026-05-09T05:27:12.185634"]}
{"uuid": "90f526bf10", "date": "2014-02-23T00:00:00", "values": ["This event should not be running, Hiv_DecisionToContinueTreatment is for those already on tx"]}
{"uuid": "d5de3a8063", "date": "2014-03-01T00:00:00", "values": [5.702915950616201, 2344.47265625, 2333.1875, 2587.42578125, 122.24038982391357, 56648, 60000, "2026-05-09T05:32:54.360589"]}
{"uuid": "90f526bf10", "date": "2014-03-09T00:00:00", "values": ["This event should not be running, Hiv_DecisionToContinueTreatment is for those already on tx"]}
{"uuid": "90f526bf10", "date": "2014-03-18T00:00:00", "values": ["This event should not be running, Hiv_DecisionToContinueTreatment is for those already on tx"]}
{"uuid": "90f526bf10", "date": "2014-03-24T00:00:00", "values": ["This event should not be running, Hiv_DecisionToContinueTreatment is for those already on tx"]}
{"uuid": "d5de3a8063", "date": "2014-04-01T00:00:00", "values": [6.6523394385973615, 2336.08203125, 2324.8046875, 2578.19921875, 122.2610502243042, 56812, 60000, "2026-05-09T05:39:33.500962"]}
{"uuid": "90f526bf10", "date": "2014-04-03T00:00:00", "values": ["This event should not be running, Hiv_DecisionToContinueTreatment is for those already on tx"]}
{"uuid": "90f526bf10", "date": "2014-04-13T00:00:00", "values": ["This event should not be running, Hiv_DecisionToContinueTreatment is for those already on tx"]}
{"uuid": "90f526bf10", "date": "2014-04-24T00:00:00", "values": ["This event should not be running, Hiv_DecisionToContinueTreatment is for those already on tx"]}
{"uuid": "90f526bf10", "date": "2014-04-24T00:00:00", "values": ["This event should not be running, Hiv_DecisionToContinueTreatment is for those already on tx"]}
{"uuid": "90f526bf10", "date": "2014-04-27T00:00:00", "values": ["This event should not be running, Hiv_DecisionToContinueTreatment is for those already on tx"]}
{"uuid": "90f526bf10", "date": "2014-04-29T00:00:00", "values": ["This event should not be running, Hiv_DecisionToContinueTreatment is for those already on tx"]}
{"uuid": "d5de3a8063", "date": "2014-05-01T00:00:00", "values": [6.137152846654256, 2350.828125, 2339.55859375, 2593.19921875, 122.27966594696045, 56956, 60000, "2026-05-09T05:45:41.730126"]}
{"uuid": "90f526bf10", "date": "2014-05-04T00:00:00", "values": ["This event should not be running, Hiv_DecisionToContinueTreatment is for those already on tx"]}
{"uuid": "dc8474b6b3", "date": "2014-05-04T00:00:00", "values": ["Increased capacity of population dataframe to 61000"]}
{"uuid": "90f526bf10", "date": "2014-05-12T00:00:00", "values": ["This event should not be running, Hiv_DecisionToContinueTreatment is for those already on tx"]}
{"uuid": "90f526bf10", "date": "2014-05-21T00:00:00", "values": ["This event should not be running, Hiv_DecisionToContinueTreatment is for those already on tx"]}
{"uuid": "d5de3a8063", "date": "2014-06-01T00:00:00", "values": [6.268712468942007, 2343.6484375, 2332.36328125, 2585.921875, 124.24294567108154, 57103, 61000, "2026-05-09T05:51:57.852874"]}
{"uuid": "90f526bf10", "date": "2014-06-02T00:00:00", "values": ["This event should not be running, Hiv_DecisionToContinueTreatment is for those already on tx"]}
{"uuid": "90f526bf10", "date": "2014-06-20T00:00:00", "values": ["This event should not be running, Hiv_DecisionToContinueTreatment is for those already on tx"]}
{"uuid": "90f526bf10", "date": "2014-06-30T00:00:00", "values": ["This event should not be running, Hiv_DecisionToContinueTreatment is for those already on tx"]}
{"uuid": "d5de3a8063", "date": "2014-07-01T00:00:00", "values": [5.985365955034892, 2359.41015625, 2348.1171875, 2601.921875, 124.26006603240967, 57244, 61000, "2026-05-09T05:57:56.974830"]}
{"uuid": "1e86f25803", "date": "2014-07-04T00:00:00", "values": ["Tb_Test_Screening actual_footprint requires differentofficers than expected_footprint."]}
{"uuid": "90f526bf10", "date": "2014-07-20T00:00:00", "values": ["This event should not be running, Hiv_DecisionToContinueTreatment is for those already on tx"]}
{"uuid": "90f526bf10", "date": "2014-07-20T00:00:00", "values": ["This event should not be running, Hiv_DecisionToContinueTreatment is for those already on tx"]}
{"uuid": "90f526bf10", "date": "2014-07-20T00:00:00", "values": ["This event should not be running, Hiv_DecisionToContinueTreatment is for those already on tx"]}
{"uuid": "90f526bf10", "date": "2014-07-28T00:00:00", "values": ["This event should not be running, Hiv_DecisionToContinueTreatment is for those already on tx"]}
{"uuid": "d5de3a8063", "date": "2014-08-01T00:00:00", "values": [6.062831274668375, 2372.1796875, 2360.91015625, 2614.921875, 124.27956676483154, 57417, 61000, "2026-05-09T06:04:00.744708"]}
{"uuid": "90f526bf10", "date": "2014-08-29T00:00:00", "values": ["This event should not be running, Hiv_DecisionToContinueTreatment is for those already on tx"]}
{"uuid": "d5de3a8063", "date": "2014-09-01T00:00:00", "values": [6.325877304871877, 2432.8671875, 2421.578125, 2675.84765625, 124.29894542694092, 57574, 61000, "2026-05-09T06:10:20.297345"]}
{"uuid": "90f526bf10", "date": "2014-09-21T00:00:00", "values": ["This event should not be running, Hiv_DecisionToContinueTreatment is for those already on tx"]}
{"uuid": "d5de3a8063", "date": "2014-10-01T00:00:00", "values": [5.9416175524393715, 2416.72265625, 2405.43359375, 2660.203125, 124.3139295578003, 57682, 61000, "2026-05-09T06:16:16.794399"]}
{"uuid": "90f526bf10", "date": "2014-10-09T00:00:00", "values": ["This event should not be running, Hiv_DecisionToContinueTreatment is for those already on tx"]}
{"uuid": "dc8474b6b3", "date": "2014-10-12T00:00:00", "values": ["Increased capacity of population dataframe to 62000"]}
{"uuid": "90f526bf10", "date": "2014-10-24T00:00:00", "values": ["This event should not be running, Hiv_DecisionToContinueTreatment is for those already on tx"]}
{"uuid": "1e86f25803", "date": "2014-10-31T00:00:00", "values": ["Tb_Test_Screening actual_footprint requires differentofficers than expected_footprint."]}
{"uuid": "d5de3a8063", "date": "2014-11-01T00:00:00", "values": [6.348717645804087, 2526.82421875, 2515.53125, 2769.25, 126.27742290496826, 57840, 62000, "2026-05-09T06:22:37.717460"]}
{"uuid": "d5de3a8063", "date": "2014-12-01T00:00:00", "values": [5.953705143928528, 2501.546875, 2490.40625, 2743.59375, 126.29790019989014, 58014, 62000, "2026-05-09T06:28:34.939766"]}
{"uuid": "90f526bf10", "date": "2014-12-07T00:00:00", "values": ["This event should not be running, Hiv_DecisionToContinueTreatment is for those already on tx"]}
{"uuid": "db90bb6bbe", "type": "header", "module": "tlo.simulation", "key": "parameter_stats", "level": "INFO", "columns": {"count": "int", "label": "str", "module": "str"}, "description": null}
{"uuid": "db90bb6bbe", "date": "2015-01-01T00:00:00", "values": [1, "unassigned", "Demography"]}
{"uuid": "db90bb6bbe", "date": "2015-01-01T00:00:00", "values": [7, "not_init_via_load_param", "Demography"]}
{"uuid": "db90bb6bbe", "date": "2015-01-01T00:00:00", "values": [110, "unassigned", "Lifestyle"]}
{"uuid": "db90bb6bbe", "date": "2015-01-01T00:00:00", "values": [17, "not_init_via_load_param", "Lifestyle"]}
{"uuid": "db90bb6bbe", "date": "2015-01-01T00:00:00", "values": [3, "not_init_via_load_param", "HealthBurden"]}
{"uuid": "db90bb6bbe", "date": "2015-01-01T00:00:00", "values": [18, "not_init_via_load_param", "HealthSystem"]}
{"uuid": "db90bb6bbe", "date": "2015-01-01T00:00:00", "values": [27, "unassigned", "HealthSystem"]}
{"uuid": "db90bb6bbe", "date": "2015-01-01T00:00:00", "values": [1, "not_init_via_load_param", "SymptomManager"]}
{"uuid": "db90bb6bbe", "date": "2015-01-01T00:00:00", "values": [1, "unassigned", "SymptomManager"]}
{"uuid": "db90bb6bbe", "date": "2015-01-01T00:00:00", "values": [18, "unassigned", "HealthSeekingBehaviour"]}
{"uuid": "db90bb6bbe", "date": "2015-01-01T00:00:00", "values": [2, "not_init_via_load_param", "Epi"]}
{"uuid": "db90bb6bbe", "date": "2015-01-01T00:00:00", "values": [1, "unassigned", "Epi"]}
{"uuid": "db90bb6bbe", "date": "2015-01-01T00:00:00", "values": [14, "not_init_via_load_param", "Contraception"]}
{"uuid": "db90bb6bbe", "date": "2015-01-01T00:00:00", "values": [3, "universal", "Contraception"]}
{"uuid": "db90bb6bbe", "date": "2015-01-01T00:00:00", "values": [2, "local", "Contraception"]}
{"uuid": "db90bb6bbe", "date": "2015-01-01T00:00:00", "values": [13, "undetermined", "Contraception"]}
{"uuid": "db90bb6bbe", "date": "2015-01-01T00:00:00", "values": [3, "scenario", "Contraception"]}
{"uuid": "db90bb6bbe", "date": "2015-01-01T00:00:00", "values": [8, "not_init_via_load_param", "Hiv"]}
{"uuid": "db90bb6bbe", "date": "2015-01-01T00:00:00", "values": [15, "undetermined", "Hiv"]}
{"uuid": "db90bb6bbe", "date": "2015-01-01T00:00:00", "values": [100, "local", "Hiv"]}
{"uuid": "db90bb6bbe", "date": "2015-01-01T00:00:00", "values": [20, "universal", "Hiv"]}
{"uuid": "db90bb6bbe", "date": "2015-01-01T00:00:00", "values": [7, "scenario", "Hiv"]}
{"uuid": "db90bb6bbe", "date": "2015-01-01T00:00:00", "values": [31, "not_init_via_load_param", "CardioMetabolicDisorders"]}
{"uuid": "db90bb6bbe", "date": "2015-01-01T00:00:00", "values": [16, "local", "CardioMetabolicDisorders"]}
{"uuid": "db90bb6bbe", "date": "2015-01-01T00:00:00", "values": [5, "undetermined", "CardioMetabolicDisorders"]}
{"uuid": "db90bb6bbe", "date": "2015-01-01T00:00:00", "values": [5, "not_init_via_load_param", "Malaria"]}
{"uuid": "db90bb6bbe", "date": "2015-01-01T00:00:00", "values": [26, "universal", "Malaria"]}
{"uuid": "db90bb6bbe", "date": "2015-01-01T00:00:00", "values": [11, "local", "Malaria"]}
{"uuid": "db90bb6bbe", "date": "2015-01-01T00:00:00", "values": [4, "scenario", "Malaria"]}
{"uuid": "db90bb6bbe", "date": "2015-01-01T00:00:00", "values": [8, "undetermined", "Malaria"]}
{"uuid": "db90bb6bbe", "date": "2015-01-01T00:00:00", "values": [65, "undetermined", "PregnancySupervisor"]}
{"uuid": "db90bb6bbe", "date": "2015-01-01T00:00:00", "values": [58, "local", "PregnancySupervisor"]}
{"uuid": "db90bb6bbe", "date": "2015-01-01T00:00:00", "values": [20, "universal", "PregnancySupervisor"]}
{"uuid": "db90bb6bbe", "date": "2015-01-01T00:00:00", "values": [14, "scenario", "PregnancySupervisor"]}
{"uuid": "db90bb6bbe", "date": "2015-01-01T00:00:00", "values": [41, "local", "CareOfWomenDuringPregnancy"]}
{"uuid": "db90bb6bbe", "date": "2015-01-01T00:00:00", "values": [14, "universal", "CareOfWomenDuringPregnancy"]}
{"uuid": "db90bb6bbe", "date": "2015-01-01T00:00:00", "values": [1, "undetermined", "CareOfWomenDuringPregnancy"]}
{"uuid": "db90bb6bbe", "date": "2015-01-01T00:00:00", "values": [51, "local", "NewbornOutcomes"]}
{"uuid": "db90bb6bbe", "date": "2015-01-01T00:00:00", "values": [18, "undetermined", "NewbornOutcomes"]}
{"uuid": "db90bb6bbe", "date": "2015-01-01T00:00:00", "values": [10, "universal", "NewbornOutcomes"]}
{"uuid": "db90bb6bbe", "date": "2015-01-01T00:00:00", "values": [38, "local", "Wasting"]}
{"uuid": "db90bb6bbe", "date": "2015-01-01T00:00:00", "values": [6, "undetermined", "Wasting"]}
{"uuid": "db90bb6bbe", "date": "2015-01-01T00:00:00", "values": [13, "local", "Diarrhoea"]}
{"uuid": "db90bb6bbe", "date": "2015-01-01T00:00:00", "values": [90, "universal", "Diarrhoea"]}
{"uuid": "db90bb6bbe", "date": "2015-01-01T00:00:00", "values": [2, "undetermined", "Diarrhoea"]}
{"uuid": "db90bb6bbe", "date": "2015-01-01T00:00:00", "values": [27, "local", "Stunting"]}
{"uuid": "db90bb6bbe", "date": "2015-01-01T00:00:00", "values": [7, "universal", "Stunting"]}
{"uuid": "db90bb6bbe", "date": "2015-01-01T00:00:00", "values": [2, "undetermined", "Stunting"]}
{"uuid": "db90bb6bbe", "date": "2015-01-01T00:00:00", "values": [105, "local", "Labour"]}
{"uuid": "db90bb6bbe", "date": "2015-01-01T00:00:00", "values": [41, "undetermined", "Labour"]}
{"uuid": "db90bb6bbe", "date": "2015-01-01T00:00:00", "values": [30, "universal", "Labour"]}
{"uuid": "db90bb6bbe", "date": "2015-01-01T00:00:00", "values": [1, "not_init_via_load_param", "Labour"]}
{"uuid": "db90bb6bbe", "date": "2015-01-01T00:00:00", "values": [18, "scenario", "Labour"]}
{"uuid": "db90bb6bbe", "date": "2015-01-01T00:00:00", "values": [27, "undetermined", "PostnatalSupervisor"]}
{"uuid": "db90bb6bbe", "date": "2015-01-01T00:00:00", "values": [32, "local", "PostnatalSupervisor"]}
{"uuid": "db90bb6bbe", "date": "2015-01-01T00:00:00", "values": [1, "not_init_via_load_param", "PostnatalSupervisor"]}
{"uuid": "db90bb6bbe", "date": "2015-01-01T00:00:00", "values": [7, "universal", "PostnatalSupervisor"]}
{"uuid": "db90bb6bbe", "date": "2015-01-01T00:00:00", "values": [42, "local", "Alri"]}
{"uuid": "db90bb6bbe", "date": "2015-01-01T00:00:00", "values": [77, "universal", "Alri"]}
{"uuid": "db90bb6bbe", "date": "2015-01-01T00:00:00", "values": [4, "undetermined", "Alri"]}
{"uuid": "db90bb6bbe", "date": "2015-01-01T00:00:00", "values": [1, "scenario", "Alri"]}
{"uuid": "db90bb6bbe", "date": "2015-01-01T00:00:00", "values": [9, "local", "Measles"]}
{"uuid": "db90bb6bbe", "date": "2015-01-01T00:00:00", "values": [13, "universal", "Measles"]}
{"uuid": "db90bb6bbe", "date": "2015-01-01T00:00:00", "values": [1, "undetermined", "Measles"]}
{"uuid": "db90bb6bbe", "date": "2015-01-01T00:00:00", "values": [92, "not_init_via_load_param", "Schisto"]}
{"uuid": "db90bb6bbe", "date": "2015-01-01T00:00:00", "values": [51, "local", "Tb"]}
{"uuid": "db90bb6bbe", "date": "2015-01-01T00:00:00", "values": [7, "not_init_via_load_param", "Tb"]}
{"uuid": "db90bb6bbe", "date": "2015-01-01T00:00:00", "values": [45, "universal", "Tb"]}
{"uuid": "db90bb6bbe", "date": "2015-01-01T00:00:00", "values": [5, "undetermined", "Tb"]}
{"uuid": "db90bb6bbe", "date": "2015-01-01T00:00:00", "values": [2, "scenario", "Tb"]}
{"uuid": "db90bb6bbe", "date": "2015-01-01T00:00:00", "values": [24, "local", "BladderCancer"]}
{"uuid": "db90bb6bbe", "date": "2015-01-01T00:00:00", "values": [16, "universal", "BladderCancer"]}
{"uuid": "db90bb6bbe", "date": "2015-01-01T00:00:00", "values": [4, "undetermined", "BladderCancer"]}
{"uuid": "db90bb6bbe", "date": "2015-01-01T00:00:00", "values": [13, "local", "BreastCancer"]}
{"uuid": "db90bb6bbe", "date": "2015-01-01T00:00:00", "values": [18, "universal", "BreastCancer"]}
{"uuid": "db90bb6bbe", "date": "2015-01-01T00:00:00", "values": [4, "undetermined", "BreastCancer"]}
{"uuid": "db90bb6bbe", "date": "2015-01-01T00:00:00", "values": [20, "local", "CervicalCancer"]}
{"uuid": "db90bb6bbe", "date": "2015-01-01T00:00:00", "values": [12, "undetermined", "CervicalCancer"]}
{"uuid": "db90bb6bbe", "date": "2015-01-01T00:00:00", "values": [22, "universal", "CervicalCancer"]}
{"uuid": "db90bb6bbe", "date": "2015-01-01T00:00:00", "values": [23, "local", "OesophagealCancer"]}
{"uuid": "db90bb6bbe", "date": "2015-01-01T00:00:00", "values": [18, "universal", "OesophagealCancer"]}
{"uuid": "db90bb6bbe", "date": "2015-01-01T00:00:00", "values": [1, "undetermined", "OesophagealCancer"]}
{"uuid": "db90bb6bbe", "date": "2015-01-01T00:00:00", "values": [19, "local", "OtherAdultCancer"]}
{"uuid": "db90bb6bbe", "date": "2015-01-01T00:00:00", "values": [12, "universal", "OtherAdultCancer"]}
{"uuid": "db90bb6bbe", "date": "2015-01-01T00:00:00", "values": [4, "undetermined", "OtherAdultCancer"]}
{"uuid": "db90bb6bbe", "date": "2015-01-01T00:00:00", "values": [17, "local", "ProstateCancer"]}
{"uuid": "db90bb6bbe", "date": "2015-01-01T00:00:00", "values": [19, "universal", "ProstateCancer"]}
{"uuid": "db90bb6bbe", "date": "2015-01-01T00:00:00", "values": [1, "not_init_via_load_param", "ProstateCancer"]}
{"uuid": "db90bb6bbe", "date": "2015-01-01T00:00:00", "values": [2, "undetermined", "ProstateCancer"]}
{"uuid": "db90bb6bbe", "date": "2015-01-01T00:00:00", "values": [17, "undetermined", "RTI"]}
{"uuid": "db90bb6bbe", "date": "2015-01-01T00:00:00", "values": [146, "local", "RTI"]}
{"uuid": "db90bb6bbe", "date": "2015-01-01T00:00:00", "values": [10, "universal", "RTI"]}
{"uuid": "db90bb6bbe", "date": "2015-01-01T00:00:00", "values": [62, "not_init_via_load_param", "RTI"]}
{"uuid": "db90bb6bbe", "date": "2015-01-01T00:00:00", "values": [2, "scenario", "RTI"]}
{"uuid": "db90bb6bbe", "date": "2015-01-01T00:00:00", "values": [23, "local", "Copd"]}
{"uuid": "db90bb6bbe", "date": "2015-01-01T00:00:00", "values": [1, "universal", "Copd"]}
{"uuid": "db90bb6bbe", "date": "2015-01-01T00:00:00", "values": [5, "undetermined", "Copd"]}
{"uuid": "db90bb6bbe", "date": "2015-01-01T00:00:00", "values": [40, "local", "Depression"]}
{"uuid": "db90bb6bbe", "date": "2015-01-01T00:00:00", "values": [4, "undetermined", "Depression"]}
{"uuid": "db90bb6bbe", "date": "2015-01-01T00:00:00", "values": [2, "universal", "Depression"]}
{"uuid": "db90bb6bbe", "date": "2015-01-01T00:00:00", "values": [21, "local", "Epilepsy"]}
{"uuid": "db90bb6bbe", "date": "2015-01-01T00:00:00", "values": [2, "universal", "Epilepsy"]}
{"uuid": "db90bb6bbe", "date": "2015-01-01T00:00:00", "values": [3, "not_init_via_load_param", "Epilepsy"]}
{"uuid": "db90bb6bbe", "date": "2015-01-01T00:00:00", "values": [7, "undetermined", "Epilepsy"]}
{"uuid": "b07716682c", "date": "2015-01-01T00:00:00", "values": ["simulate() 20287.528100013733 s"]}
