{"uuid": "b07716682c", "type": "header", "module": "tlo.simulation", "key": "info", "level": "INFO", "columns": {"message": "str"}, "description": null}
{"uuid": "b07716682c", "date": "2010-01-01T00:00:00", "values": ["Log output: profiling_results/2025/10/04/0024/scale_run_profiling__2025-10-04T002432.log"]}
{"uuid": "b07716682c", "date": "2010-01-01T00:00:00", "values": ["Simulation RNG user entropy = 0"]}
{"uuid": "b07716682c", "date": "2010-01-01T00:00:00", "values": ["Demography RNG auto (entropy, spawn key) = (0, 0)"]}
{"uuid": "b07716682c", "date": "2010-01-01T00:00:00", "values": ["Lifestyle RNG auto (entropy, spawn key) = (0, 1)"]}
{"uuid": "b07716682c", "date": "2010-01-01T00:00:00", "values": ["HealthBurden RNG auto (entropy, spawn key) = (0, 2)"]}
{"uuid": "b07716682c", "date": "2010-01-01T00:00:00", "values": ["HealthSystem RNG auto (entropy, spawn key) = (0, 3)"]}
{"uuid": "b07716682c", "date": "2010-01-01T00:00:00", "values": ["SymptomManager RNG auto (entropy, spawn key) = (0, 4)"]}
{"uuid": "b07716682c", "date": "2010-01-01T00:00:00", "values": ["HealthSeekingBehaviour RNG auto (entropy, spawn key) = (0, 5)"]}
{"uuid": "b07716682c", "date": "2010-01-01T00:00:00", "values": ["Epi RNG auto (entropy, spawn key) = (0, 6)"]}
{"uuid": "b07716682c", "date": "2010-01-01T00:00:00", "values": ["Contraception RNG auto (entropy, spawn key) = (0, 7)"]}
{"uuid": "b07716682c", "date": "2010-01-01T00:00:00", "values": ["Hiv RNG auto (entropy, spawn key) = (0, 8)"]}
{"uuid": "b07716682c", "date": "2010-01-01T00:00:00", "values": ["CardioMetabolicDisorders RNG auto (entropy, spawn key) = (0, 9)"]}
{"uuid": "b07716682c", "date": "2010-01-01T00:00:00", "values": ["Malaria RNG auto (entropy, spawn key) = (0, 10)"]}
{"uuid": "b07716682c", "date": "2010-01-01T00:00:00", "values": ["PregnancySupervisor RNG auto (entropy, spawn key) = (0, 11)"]}
{"uuid": "b07716682c", "date": "2010-01-01T00:00:00", "values": ["CareOfWomenDuringPregnancy RNG auto (entropy, spawn key) = (0, 12)"]}
{"uuid": "b07716682c", "date": "2010-01-01T00:00:00", "values": ["NewbornOutcomes RNG auto (entropy, spawn key) = (0, 13)"]}
{"uuid": "b07716682c", "date": "2010-01-01T00:00:00", "values": ["Wasting RNG auto (entropy, spawn key) = (0, 14)"]}
{"uuid": "b07716682c", "date": "2010-01-01T00:00:00", "values": ["Diarrhoea RNG auto (entropy, spawn key) = (0, 15)"]}
{"uuid": "b07716682c", "date": "2010-01-01T00:00:00", "values": ["Stunting RNG auto (entropy, spawn key) = (0, 16)"]}
{"uuid": "b07716682c", "date": "2010-01-01T00:00:00", "values": ["Labour RNG auto (entropy, spawn key) = (0, 17)"]}
{"uuid": "b07716682c", "date": "2010-01-01T00:00:00", "values": ["PostnatalSupervisor RNG auto (entropy, spawn key) = (0, 18)"]}
{"uuid": "b07716682c", "date": "2010-01-01T00:00:00", "values": ["Alri RNG auto (entropy, spawn key) = (0, 19)"]}
{"uuid": "b07716682c", "date": "2010-01-01T00:00:00", "values": ["Measles RNG auto (entropy, spawn key) = (0, 20)"]}
{"uuid": "b07716682c", "date": "2010-01-01T00:00:00", "values": ["Schisto RNG auto (entropy, spawn key) = (0, 21)"]}
{"uuid": "b07716682c", "date": "2010-01-01T00:00:00", "values": ["Tb RNG auto (entropy, spawn key) = (0, 22)"]}
{"uuid": "b07716682c", "date": "2010-01-01T00:00:00", "values": ["BladderCancer RNG auto (entropy, spawn key) = (0, 23)"]}
{"uuid": "b07716682c", "date": "2010-01-01T00:00:00", "values": ["BreastCancer RNG auto (entropy, spawn key) = (0, 24)"]}
{"uuid": "b07716682c", "date": "2010-01-01T00:00:00", "values": ["CervicalCancer RNG auto (entropy, spawn key) = (0, 25)"]}
{"uuid": "b07716682c", "date": "2010-01-01T00:00:00", "values": ["OesophagealCancer RNG auto (entropy, spawn key) = (0, 26)"]}
{"uuid": "b07716682c", "date": "2010-01-01T00:00:00", "values": ["OtherAdultCancer RNG auto (entropy, spawn key) = (0, 27)"]}
{"uuid": "b07716682c", "date": "2010-01-01T00:00:00", "values": ["ProstateCancer RNG auto (entropy, spawn key) = (0, 28)"]}
{"uuid": "b07716682c", "date": "2010-01-01T00:00:00", "values": ["RTI RNG auto (entropy, spawn key) = (0, 29)"]}
{"uuid": "b07716682c", "date": "2010-01-01T00:00:00", "values": ["Copd RNG auto (entropy, spawn key) = (0, 30)"]}
{"uuid": "b07716682c", "date": "2010-01-01T00:00:00", "values": ["Depression RNG auto (entropy, spawn key) = (0, 31)"]}
{"uuid": "b07716682c", "date": "2010-01-01T00:00:00", "values": ["Epilepsy RNG auto (entropy, spawn key) = (0, 32)"]}
{"uuid": "dc8474b6b3", "type": "header", "module": "tlo.population", "key": "info", "level": "INFO", "columns": {"message": "str"}, "description": null}
{"uuid": "dc8474b6b3", "date": "2010-01-01T00:00:00", "values": ["Dataframe capacity append size: 1000"]}
{"uuid": "b07716682c", "date": "2010-01-01T00:00:00", "values": ["make_initial_population() 22.672589778900146 s"]}
{"uuid": "e9a19fe1f9", "type": "header", "module": "tlo.methods.demography", "key": "scaling_factor", "level": "WARNING", "columns": {"scaling_factor": "float"}, "description": "The data-to-model scaling factor (based on the initial population size, used to multiply-up results so that they correspond to the real population size."}
{"uuid": "e9a19fe1f9", "date": "2010-01-01T00:00:00", "values": [290.79218000000003]}
{"uuid": "da366e03ae", "type": "header", "module": "tlo.methods.demography", "key": "scaling_factor_district", "level": "WARNING", "columns": {"scaling_factor_district": "dict"}, "description": "The data-to-model district_level scaling factor (based on the initial population size,used to multiply-up results so that they correspond to the real population size."}
{"uuid": "da366e03ae", "date": "2010-01-01T00:00:00", "values": [{"Balaka": 292.18885821890655, "Blantyre": 290.00666810074694, "Blantyre City": 289.0374870811533, "Chikwawa": 303.5430314988817, "Chiradzulu": 291.3490968335263, "Chitipa": 298.2777391579305, "Dedza": 297.2389953138543, "Dowa": 293.77467482227445, "Karonga": 302.1771942910366, "Kasungu": 288.94935614027617, "Likoma": 267.2384402454295, "Lilongwe": 288.55314644156545, "Lilongwe City": 290.31423439747215, "Machinga": 288.9462323801105, "Mangochi": 287.00339941738713, "Mchinji": 284.9140887939129, "Mulanje": 295.5725069079527, "Mwanza": 303.64733629901616, "Mzimba": 301.5507112253667, "Mzuzu City": 288.0081988677558, "Neno": 306.9167500618024, "Nkhata Bay": 299.06650178941345, "Nkhotakota": 277.642231737952, "Nsanje": 274.56432422649266, "Ntcheu": 292.7807936521761, "Ntchisi": 279.8249598210122, "Phalombe": 286.00721165825297, "Rumphi": 281.04278564091175, "Salima": 277.2997287670948, "Thyolo": 296.689092542885, "Zomba": 287.7804838656647, "Zomba City": 291.71738176198596}]}
{"uuid": "072090a41b", "type": "header", "module": "tlo.methods.population", "key": "scaling_factor", "level": "WARNING", "columns": {"scaling_factor": "float"}, "description": "The data-to-model scaling factor (based on the initial population size, used to multiply-up results so that they correspond to the real population size."}
{"uuid": "072090a41b", "date": "2010-01-01T00:00:00", "values": [290.79218000000003]}
{"uuid": "b47e7f2cb8", "type": "header", "module": "tlo.methods.population", "key": "scaling_factor_district", "level": "WARNING", "columns": {"scaling_factor_district": "dict"}, "description": "The data-to-model district_level scaling factor (based on the initial population size,used to multiply-up results so that they correspond to the real population size."}
{"uuid": "b47e7f2cb8", "date": "2010-01-01T00:00:00", "values": [{"Balaka": 292.18885821890655, "Blantyre": 290.00666810074694, "Blantyre City": 289.0374870811533, "Chikwawa": 303.5430314988817, "Chiradzulu": 291.3490968335263, "Chitipa": 298.2777391579305, "Dedza": 297.2389953138543, "Dowa": 293.77467482227445, "Karonga": 302.1771942910366, "Kasungu": 288.94935614027617, "Likoma": 267.2384402454295, "Lilongwe": 288.55314644156545, "Lilongwe City": 290.31423439747215, "Machinga": 288.9462323801105, "Mangochi": 287.00339941738713, "Mchinji": 284.9140887939129, "Mulanje": 295.5725069079527, "Mwanza": 303.64733629901616, "Mzimba": 301.5507112253667, "Mzuzu City": 288.0081988677558, "Neno": 306.9167500618024, "Nkhata Bay": 299.06650178941345, "Nkhotakota": 277.642231737952, "Nsanje": 274.56432422649266, "Ntcheu": 292.7807936521761, "Ntchisi": 279.8249598210122, "Phalombe": 286.00721165825297, "Rumphi": 281.04278564091175, "Salima": 277.2997287670948, "Thyolo": 296.689092542885, "Zomba": 287.7804838656647, "Zomba City": 291.71738176198596}]}
{"uuid": "d5de3a8063", "type": "header", "module": "tlo.profiling", "key": "stats", "level": "INFO", "columns": {"duration_minutes": "float", "memory_rss_MiB": "float", "memory_uss_MiB": "float", "memory_vms_MiB": "float", "pop_df_mem_MiB": "float", "pop_df_number_alive": "int", "pop_df_rows": "int", "time": "str"}, "description": null}
{"uuid": "d5de3a8063", "date": "2010-01-01T00:00:00", "values": [0.051615432898203535, 592.0859375, 581.21875, 838.69140625, 95.2783432006836, 50000, 50000, "2025-10-04T00:25:01.709269"]}
{"uuid": "dc8474b6b3", "date": "2010-01-01T00:00:00", "values": ["Increased capacity of population dataframe to 51000"]}
{"uuid": "d5de3a8063", "date": "2010-02-01T00:00:00", "values": [2.8752432902654013, 683.296875, 672.1953125, 928.62109375, 97.1079330444336, 50123, 51000, "2025-10-04T00:27:54.223862"]}
{"uuid": "d5de3a8063", "date": "2010-03-01T00:00:00", "values": [2.5162814259529114, 816.0, 805.01953125, 1062.34765625, 97.11986541748047, 50192, 51000, "2025-10-04T00:30:25.200748"]}
{"uuid": "d5de3a8063", "date": "2010-04-01T00:00:00", "values": [3.020690671602885, 1011.7578125, 1000.66015625, 1257.84375, 97.13445281982422, 50289, 51000, "2025-10-04T00:33:26.442189"]}
{"uuid": "d5de3a8063", "date": "2010-05-01T00:00:00", "values": [2.8679540316263834, 1141.23046875, 1130.09765625, 1386.22265625, 97.1489486694336, 50378, 51000, "2025-10-04T00:36:18.519430"]}
{"uuid": "90f526bf10", "type": "header", "module": "tlo.methods.hiv", "key": "message", "level": "WARNING", "columns": {"message": "str"}, "description": null}
{"uuid": "90f526bf10", "date": "2010-05-10T00:00:00", "values": ["This event should not be running, Hiv_DecisionToContinueTreatment is for those already on tx"]}
{"uuid": "90f526bf10", "date": "2010-05-15T00:00:00", "values": ["This event should not be running, Hiv_DecisionToContinueTreatment is for those already on tx"]}
{"uuid": "90f526bf10", "date": "2010-05-26T00:00:00", "values": ["This event should not be running, Hiv_DecisionToContinueTreatment is for those already on tx"]}
{"uuid": "d5de3a8063", "date": "2010-06-01T00:00:00", "values": [2.6012226581573485, 1272.67578125, 1261.54296875, 1517.8046875, 97.1659164428711, 50518, 51000, "2025-10-04T00:38:54.592791"]}
{"uuid": "90f526bf10", "date": "2010-06-30T00:00:00", "values": ["This event should not be running, Hiv_DecisionToContinueTreatment is for those already on tx"]}
{"uuid": "d5de3a8063", "date": "2010-07-01T00:00:00", "values": [2.9749962091445923, 1420.625, 1409.72265625, 1665.96484375, 97.1782455444336, 50593, 51000, "2025-10-04T00:41:53.092562"]}
{"uuid": "90f526bf10", "date": "2010-07-03T00:00:00", "values": ["This event should not be running, Hiv_DecisionToContinueTreatment is for those already on tx"]}
{"uuid": "dc8474b6b3", "date": "2010-07-09T00:00:00", "values": ["Increased capacity of population dataframe to 52000"]}
{"uuid": "d5de3a8063", "date": "2010-08-01T00:00:00", "values": [3.0240501046180723, 1499.35546875, 1488.24609375, 1744.48046875, 99.00933074951172, 50746, 52000, "2025-10-04T00:44:54.535569"]}
{"uuid": "90f526bf10", "date": "2010-08-24T00:00:00", "values": ["This event should not be running, Hiv_DecisionToContinueTreatment is for those already on tx"]}
{"uuid": "d5de3a8063", "date": "2010-09-01T00:00:00", "values": [3.1332706769307452, 1523.9921875, 1512.85546875, 1768.9609375, 99.02599334716797, 50878, 52000, "2025-10-04T00:48:02.531809"]}
{"uuid": "d5de3a8063", "date": "2010-10-01T00:00:00", "values": [4.239908893903096, 1530.38671875, 1519.25, 1775.35546875, 99.05327606201172, 51113, 52000, "2025-10-04T00:52:16.926342"]}
{"uuid": "1e86f25803", "type": "header", "module": "tlo.methods.healthsystem", "key": "message", "level": "WARNING", "columns": {"message": "str"}, "description": null}
{"uuid": "1e86f25803", "date": "2010-10-25T00:00:00", "values": ["Tb_Test_FollowUp actual_footprint requires differentofficers than expected_footprint."]}
{"uuid": "d5de3a8063", "date": "2010-11-01T00:00:00", "values": [4.660147273540497, 1530.5078125, 1519.37109375, 1775.4765625, 99.07225799560547, 51261, 52000, "2025-10-04T00:56:56.535179"]}
{"uuid": "d5de3a8063", "date": "2010-12-01T00:00:00", "values": [4.073360204696655, 1499.359375, 1488.37109375, 1744.6015625, 99.0876693725586, 51380, 52000, "2025-10-04T01:01:00.936791"]}
{"uuid": "dc8474b6b3", "date": "2010-12-01T00:00:00", "values": ["Increased capacity of population dataframe to 53000"]}
{"uuid": "d5de3a8063", "date": "2011-01-01T00:00:00", "values": [4.9828943332036335, 1482.16015625, 1471.0234375, 1724.08984375, 100.91805267333984, 51532, 53000, "2025-10-04T01:05:59.910450"]}
{"uuid": "d5de3a8063", "date": "2011-02-01T00:00:00", "values": [4.592861294746399, 1516.8671875, 1505.73046875, 1758.796875, 100.93840789794922, 51694, 53000, "2025-10-04T01:10:35.482129"]}
{"uuid": "d5de3a8063", "date": "2011-03-01T00:00:00", "values": [4.327892410755157, 1501.5390625, 1490.40234375, 1743.46875, 100.95738983154297, 51839, 53000, "2025-10-04T01:14:55.155674"]}
{"uuid": "d5de3a8063", "date": "2011-04-01T00:00:00", "values": [5.032484956582388, 1501.19140625, 1490.0546875, 1743.12109375, 100.9775619506836, 51967, 53000, "2025-10-04T01:19:57.104771"]}
{"uuid": "dc8474b6b3", "date": "2011-04-25T00:00:00", "values": ["Increased capacity of population dataframe to 54000"]}
{"uuid": "d5de3a8063", "date": "2011-05-01T00:00:00", "values": [4.9324872652689615, 1540.0703125, 1528.99609375, 1782.1953125, 102.8097152709961, 52099, 54000, "2025-10-04T01:24:53.054008"]}
{"uuid": "90f526bf10", "date": "2011-05-10T00:00:00", "values": ["This event should not be running, Hiv_DecisionToContinueTreatment is for those already on tx"]}
{"uuid": "d5de3a8063", "date": "2011-06-01T00:00:00", "values": [4.344636925061544, 1513.8125, 1502.72265625, 1755.9140625, 102.82518768310547, 52202, 54000, "2025-10-04T01:29:13.732223"]}
{"uuid": "90f526bf10", "date": "2011-07-01T00:00:00", "values": ["This event should not be running, Hiv_DecisionToContinueTreatment is for those already on tx"]}
{"uuid": "d5de3a8063", "date": "2011-07-01T00:00:00", "values": [4.484523999691009, 1545.66796875, 1534.53125, 1787.59765625, 102.84331512451172, 52343, 54000, "2025-10-04T01:33:42.803662"]}
{"uuid": "90f526bf10", "date": "2011-07-19T00:00:00", "values": ["This event should not be running, Hiv_DecisionToContinueTreatment is for those already on tx"]}
{"uuid": "d5de3a8063", "date": "2011-08-01T00:00:00", "values": [4.228479166825612, 1545.765625, 1534.62890625, 1787.6953125, 102.8597640991211, 52467, 54000, "2025-10-04T01:37:56.512412"]}
{"uuid": "90f526bf10", "date": "2011-08-03T00:00:00", "values": ["This event should not be running, Hiv_DecisionToContinueTreatment is for those already on tx"]}
{"uuid": "90f526bf10", "date": "2011-08-13T00:00:00", "values": ["This event should not be running, Hiv_DecisionToContinueTreatment is for those already on tx"]}
{"uuid": "d5de3a8063", "date": "2011-09-01T00:00:00", "values": [4.149901155630747, 1513.91796875, 1502.90625, 1756.09765625, 102.87581634521484, 52600, 54000, "2025-10-04T01:42:05.506481"]}
{"uuid": "90f526bf10", "date": "2011-09-04T00:00:00", "values": ["This event should not be running, Hiv_DecisionToContinueTreatment is for those already on tx"]}
{"uuid": "d5de3a8063", "date": "2011-10-01T00:00:00", "values": [4.368139453728994, 1602.390625, 1591.4453125, 1844.6640625, 102.89171600341797, 52715, 54000, "2025-10-04T01:46:27.594848"]}
{"uuid": "1e86f25803", "date": "2011-10-11T00:00:00", "values": ["Tb_Test_Screening actual_footprint requires differentofficers than expected_footprint."]}
{"uuid": "dc8474b6b3", "date": "2011-10-18T00:00:00", "values": ["Increased capacity of population dataframe to 55000"]}
{"uuid": "90f526bf10", "date": "2011-10-30T00:00:00", "values": ["This event should not be running, Hiv_DecisionToContinueTreatment is for those already on tx"]}
{"uuid": "d5de3a8063", "date": "2011-11-01T00:00:00", "values": [4.404568457603455, 1696.43359375, 1685.296875, 1939.17578125, 104.71953582763672, 52841, 55000, "2025-10-04T01:50:51.868956"]}
{"uuid": "d5de3a8063", "date": "2011-12-01T00:00:00", "values": [4.148585585753123, 1732.015625, 1720.87890625, 1974.7578125, 104.73815155029297, 53003, 55000, "2025-10-04T01:55:00.784092"]}
{"uuid": "d5de3a8063", "date": "2012-01-01T00:00:00", "values": [4.529726020495096, 1696.43359375, 1685.296875, 1939.17578125, 104.75267791748047, 53116, 55000, "2025-10-04T01:59:32.567653"]}
{"uuid": "d5de3a8063", "date": "2012-02-01T00:00:00", "values": [4.594999806086222, 1696.43359375, 1685.296875, 1939.17578125, 104.77263641357422, 53282, 55000, "2025-10-04T02:04:08.267644"]}
{"uuid": "1e86f25803", "date": "2012-02-16T00:00:00", "values": ["Tb_Test_Screening actual_footprint requires differentofficers than expected_footprint."]}
{"uuid": "d5de3a8063", "date": "2012-03-01T00:00:00", "values": [4.117200418313344, 1732.2890625, 1721.15234375, 1975.03125, 104.78841400146484, 53407, 55000, "2025-10-04T02:08:15.299666"]}
{"uuid": "dc8474b6b3", "date": "2012-03-24T00:00:00", "values": ["Increased capacity of population dataframe to 56000"]}
{"uuid": "d5de3a8063", "date": "2012-04-01T00:00:00", "values": [5.180714257558187, 1697.76953125, 1686.83203125, 1940.0234375, 106.6213607788086, 53578, 56000, "2025-10-04T02:13:26.142523"]}
{"uuid": "d5de3a8063", "date": "2012-05-01T00:00:00", "values": [4.274403587977091, 1697.9453125, 1686.87890625, 1940.0703125, 106.63799285888672, 53703, 56000, "2025-10-04T02:17:42.606737"]}
{"uuid": "90f526bf10", "date": "2012-05-27T00:00:00", "values": ["This event should not be running, Hiv_DecisionToContinueTreatment is for those already on tx"]}
{"uuid": "d5de3a8063", "date": "2012-06-01T00:00:00", "values": [4.341784485181173, 1704.90234375, 1693.921875, 1947.12109375, 106.65550994873047, 53837, 56000, "2025-10-04T02:22:03.113805"]}
{"uuid": "d5de3a8063", "date": "2012-07-01T00:00:00", "values": [4.694772136211395, 1716.8828125, 1705.97265625, 1959.17578125, 106.67357635498047, 53976, 56000, "2025-10-04T02:26:44.800133"]}
{"uuid": "90f526bf10", "date": "2012-07-02T00:00:00", "values": ["This event should not be running, Hiv_DecisionToContinueTreatment is for those already on tx"]}
{"uuid": "1e86f25803", "date": "2012-07-11T00:00:00", "values": ["Tb_Test_Screening actual_footprint requires differentofficers than expected_footprint."]}
{"uuid": "d5de3a8063", "date": "2012-08-01T00:00:00", "values": [4.317957146962484, 1730.75390625, 1719.66796875, 1973.35546875, 106.6904525756836, 54106, 56000, "2025-10-04T02:31:03.877563"]}
{"uuid": "63d828121b", "type": "header", "module": "tlo.methods.rti", "key": "warning", "level": "WARNING", "columns": {"message": "str"}, "description": null}
{"uuid": "63d828121b", "date": "2012-08-10T00:00:00", "values": ["rt disability < 0 in rti_alter_daly_post_treatment"]}
{"uuid": "1e86f25803", "date": "2012-08-17T00:00:00", "values": ["Tb_Test_FollowUp actual_footprint requires differentofficers than expected_footprint."]}
{"uuid": "90f526bf10", "date": "2012-08-22T00:00:00", "values": ["This event should not be running, Hiv_DecisionToContinueTreatment is for those already on tx"]}
{"uuid": "90f526bf10", "date": "2012-08-30T00:00:00", "values": ["This event should not be running, Hiv_DecisionToContinueTreatment is for those already on tx"]}
{"uuid": "d5de3a8063", "date": "2012-09-01T00:00:00", "values": [4.351956927776337, 1783.01171875, 1772.12890625, 2025.328125, 106.70635223388672, 54224, 56000, "2025-10-04T02:35:24.994979"]}
{"uuid": "dc8474b6b3", "date": "2012-09-04T00:00:00", "values": ["Increased capacity of population dataframe to 57000"]}
{"uuid": "1e86f25803", "date": "2012-09-17T00:00:00", "values": ["Tb_Test_Screening actual_footprint requires differentofficers than expected_footprint."]}
{"uuid": "d5de3a8063", "date": "2012-10-01T00:00:00", "values": [4.836841074625651, 1896.125, 1884.98828125, 2138.4140625, 108.53655242919922, 54376, 57000, "2025-10-04T02:40:15.205446"]}
{"uuid": "d5de3a8063", "date": "2012-11-01T00:00:00", "values": [4.578869672616323, 1898.00390625, 1886.8671875, 2139.93359375, 108.5555648803711, 54532, 57000, "2025-10-04T02:44:49.937623"]}
{"uuid": "d5de3a8063", "date": "2012-12-01T00:00:00", "values": [4.330024854342143, 1904.265625, 1893.12890625, 2146.2109375, 108.5719223022461, 54668, 57000, "2025-10-04T02:49:09.739115"]}
{"uuid": "d5de3a8063", "date": "2013-01-01T00:00:00", "values": [4.713134288787842, 1922.67578125, 1911.54296875, 2164.98828125, 108.58831024169922, 54810, 57000, "2025-10-04T02:53:52.527172"]}
{"uuid": "63d828121b", "date": "2013-01-08T00:00:00", "values": ["rt disability < 0 in rti_alter_daly_post_treatment"]}
{"uuid": "d5de3a8063", "date": "2013-02-01T00:00:00", "values": [4.802532200018565, 1939.28125, 1928.14453125, 2181.2265625, 108.60897064208984, 54986, 57000, "2025-10-04T02:58:40.679105"]}
{"uuid": "dc8474b6b3", "date": "2013-02-11T00:00:00", "values": ["Increased capacity of population dataframe to 58000"]}
{"uuid": "d5de3a8063", "date": "2013-03-01T00:00:00", "values": [4.545267152786255, 1909.90625, 1898.76953125, 2152.265625, 110.4384994506836, 55117, 58000, "2025-10-04T03:03:13.395136"]}
{"uuid": "d5de3a8063", "date": "2013-04-01T00:00:00", "values": [4.991438066959381, 1910.390625, 1899.25390625, 2152.3203125, 110.45885467529297, 55292, 58000, "2025-10-04T03:08:12.881417"]}
{"uuid": "90f526bf10", "date": "2013-04-15T00:00:00", "values": ["This event should not be running, Hiv_DecisionToContinueTreatment is for those already on tx"]}
{"uuid": "d5de3a8063", "date": "2013-05-01T00:00:00", "values": [4.567506774266561, 1915.4296875, 1904.296875, 2157.375, 110.47765350341797, 55452, 58000, "2025-10-04T03:12:46.931825"]}
{"uuid": "90f526bf10", "date": "2013-05-10T00:00:00", "values": ["This event should not be running, Hiv_DecisionToContinueTreatment is for those already on tx"]}
{"uuid": "d5de3a8063", "date": "2013-06-01T00:00:00", "values": [4.601602129141489, 1924.4609375, 1913.33203125, 2166.421875, 110.49553680419922, 55597, 58000, "2025-10-04T03:17:23.027951"]}
{"uuid": "d5de3a8063", "date": "2013-07-01T00:00:00", "values": [4.599098638693492, 1956.11328125, 1944.9765625, 2198.05078125, 110.5128402709961, 55733, 58000, "2025-10-04T03:21:58.973869"]}
{"uuid": "90f526bf10", "date": "2013-07-10T00:00:00", "values": ["This event should not be running, Hiv_DecisionToContinueTreatment is for those already on tx"]}
{"uuid": "90f526bf10", "date": "2013-07-14T00:00:00", "values": ["This event should not be running, Hiv_DecisionToContinueTreatment is for those already on tx"]}
{"uuid": "dc8474b6b3", "date": "2013-07-17T00:00:00", "values": ["Increased capacity of population dataframe to 59000"]}
{"uuid": "d5de3a8063", "date": "2013-08-01T00:00:00", "values": [4.435279246171316, 1984.48046875, 1973.35546875, 2226.44140625, 112.33943939208984, 55832, 59000, "2025-10-04T03:26:25.090625"]}
{"uuid": "63d828121b", "date": "2013-08-08T00:00:00", "values": ["rt disability < 0 in rti_alter_daly_post_treatment"]}
{"uuid": "90f526bf10", "date": "2013-08-24T00:00:00", "values": ["This event should not be running, Hiv_DecisionToContinueTreatment is for those already on tx"]}
{"uuid": "d5de3a8063", "date": "2013-09-01T00:00:00", "values": [4.539455978075663, 1996.66015625, 1985.5234375, 2238.59765625, 112.35652923583984, 55982, 59000, "2025-10-04T03:30:57.457984"]}
{"uuid": "d5de3a8063", "date": "2013-10-01T00:00:00", "values": [4.648015133539835, 1972.1171875, 1960.98046875, 2214.0625, 112.37371063232422, 56118, 59000, "2025-10-04T03:35:36.338891"]}
{"uuid": "d5de3a8063", "date": "2013-11-01T00:00:00", "values": [4.674139706293742, 2018.921875, 2007.7890625, 2260.8984375, 112.3918685913086, 56276, 59000, "2025-10-04T03:40:16.787300"]}
{"uuid": "d5de3a8063", "date": "2013-12-01T00:00:00", "values": [4.5643676598866785, 1991.21875, 1980.0859375, 2233.1640625, 112.41191864013672, 56450, 59000, "2025-10-04T03:44:50.649333"]}
{"uuid": "dc8474b6b3", "date": "2013-12-21T00:00:00", "values": ["Increased capacity of population dataframe to 60000"]}
{"uuid": "d5de3a8063", "date": "2014-01-01T00:00:00", "values": [5.038632869720459, 2057.31640625, 2046.1796875, 2300.015625, 114.24150848388672, 56583, 60000, "2025-10-04T03:49:52.967306"]}
{"uuid": "63d828121b", "date": "2014-01-10T00:00:00", "values": ["rt disability < 0 in rti_alter_daly_post_treatment"]}
{"uuid": "d5de3a8063", "date": "2014-02-01T00:00:00", "values": [4.545185426870982, 2066.11328125, 2054.9765625, 2308.05859375, 114.25798797607422, 56708, 60000, "2025-10-04T03:54:25.678430"]}
{"uuid": "d5de3a8063", "date": "2014-03-01T00:00:00", "values": [4.414642222722372, 2079.140625, 2068.00390625, 2321.10546875, 114.27562713623047, 56848, 60000, "2025-10-04T03:58:50.556964"]}
{"uuid": "90f526bf10", "date": "2014-03-02T00:00:00", "values": ["This event should not be running, Hiv_DecisionToContinueTreatment is for those already on tx"]}
{"uuid": "d5de3a8063", "date": "2014-04-01T00:00:00", "values": [5.11594125032425, 2092.19140625, 2081.0546875, 2334.1484375, 114.29573822021484, 56985, 60000, "2025-10-04T04:03:57.513441"]}
{"uuid": "d5de3a8063", "date": "2014-05-01T00:00:00", "values": [4.3866094986597695, 2103.21875, 2092.0859375, 2345.19140625, 114.31160736083984, 57110, 60000, "2025-10-04T04:08:20.710009"]}
{"uuid": "dc8474b6b3", "date": "2014-05-27T00:00:00", "values": ["Increased capacity of population dataframe to 61000"]}
{"uuid": "d5de3a8063", "date": "2014-06-01T00:00:00", "values": [4.822121421496074, 2149.3515625, 2138.25, 2391.453125, 116.14238739013672, 57258, 61000, "2025-10-04T04:13:10.037294"]}
{"uuid": "90f526bf10", "date": "2014-06-20T00:00:00", "values": ["This event should not be running, Hiv_DecisionToContinueTreatment is for those already on tx"]}
{"uuid": "90f526bf10", "date": "2014-06-30T00:00:00", "values": ["This event should not be running, Hiv_DecisionToContinueTreatment is for those already on tx"]}
{"uuid": "d5de3a8063", "date": "2014-07-01T00:00:00", "values": [5.025186089674632, 2146.8359375, 2135.69921875, 2388.765625, 116.16146087646484, 57400, 61000, "2025-10-04T04:18:11.548460"]}
{"uuid": "90f526bf10", "date": "2014-07-16T00:00:00", "values": ["This event should not be running, Hiv_DecisionToContinueTreatment is for those already on tx"]}
{"uuid": "d5de3a8063", "date": "2014-08-01T00:00:00", "values": [4.527370631694794, 2156.91015625, 2145.7734375, 2398.86328125, 116.1793441772461, 57548, 61000, "2025-10-04T04:22:43.190697"]}
{"uuid": "90f526bf10", "date": "2014-08-07T00:00:00", "values": ["This event should not be running, Hiv_DecisionToContinueTreatment is for those already on tx"]}
{"uuid": "d5de3a8063", "date": "2014-09-01T00:00:00", "values": [4.789731180667877, 2174.296875, 2163.16015625, 2416.56640625, 116.19762420654297, 57694, 61000, "2025-10-04T04:27:30.574569"]}
{"uuid": "90f526bf10", "date": "2014-09-10T00:00:00", "values": ["This event should not be running, Hiv_DecisionToContinueTreatment is for those already on tx"]}
{"uuid": "d5de3a8063", "date": "2014-10-01T00:00:00", "values": [4.537658103307089, 2183.0390625, 2171.90625, 2425.01171875, 116.21282196044922, 57811, 61000, "2025-10-04T04:32:02.834054"]}
{"uuid": "63d828121b", "date": "2014-10-10T00:00:00", "values": ["rt disability < 0 in rti_alter_daly_post_treatment"]}
{"uuid": "d5de3a8063", "date": "2014-11-01T00:00:00", "values": [4.623464425404866, 2205.6875, 2194.76171875, 2447.984375, 116.22884368896484, 57943, 61000, "2025-10-04T04:36:40.241923"]}
{"uuid": "dc8474b6b3", "date": "2014-11-05T00:00:00", "values": ["Increased capacity of population dataframe to 62000"]}
{"uuid": "d5de3a8063", "date": "2014-12-01T00:00:00", "values": [4.833891189098358, 2341.90625, 2330.76953125, 2584.4921875, 118.06026458740234, 58114, 62000, "2025-10-04T04:41:30.275393"]}
{"uuid": "db90bb6bbe", "type": "header", "module": "tlo.simulation", "key": "parameter_stats", "level": "INFO", "columns": {"count": "int", "label": "str", "module": "str"}, "description": null}
{"uuid": "db90bb6bbe", "date": "2015-01-01T00:00:00", "values": [1, "unassigned", "Demography"]}
{"uuid": "db90bb6bbe", "date": "2015-01-01T00:00:00", "values": [7, "not_init_via_load_param", "Demography"]}
{"uuid": "db90bb6bbe", "date": "2015-01-01T00:00:00", "values": [110, "unassigned", "Lifestyle"]}
{"uuid": "db90bb6bbe", "date": "2015-01-01T00:00:00", "values": [17, "not_init_via_load_param", "Lifestyle"]}
{"uuid": "db90bb6bbe", "date": "2015-01-01T00:00:00", "values": [3, "not_init_via_load_param", "HealthBurden"]}
{"uuid": "db90bb6bbe", "date": "2015-01-01T00:00:00", "values": [18, "not_init_via_load_param", "HealthSystem"]}
{"uuid": "db90bb6bbe", "date": "2015-01-01T00:00:00", "values": [25, "unassigned", "HealthSystem"]}
{"uuid": "db90bb6bbe", "date": "2015-01-01T00:00:00", "values": [1, "not_init_via_load_param", "SymptomManager"]}
{"uuid": "db90bb6bbe", "date": "2015-01-01T00:00:00", "values": [1, "unassigned", "SymptomManager"]}
{"uuid": "db90bb6bbe", "date": "2015-01-01T00:00:00", "values": [18, "unassigned", "HealthSeekingBehaviour"]}
{"uuid": "db90bb6bbe", "date": "2015-01-01T00:00:00", "values": [2, "not_init_via_load_param", "Epi"]}
{"uuid": "db90bb6bbe", "date": "2015-01-01T00:00:00", "values": [1, "unassigned", "Epi"]}
{"uuid": "db90bb6bbe", "date": "2015-01-01T00:00:00", "values": [14, "not_init_via_load_param", "Contraception"]}
{"uuid": "db90bb6bbe", "date": "2015-01-01T00:00:00", "values": [7, "unassigned", "Contraception"]}
{"uuid": "db90bb6bbe", "date": "2015-01-01T00:00:00", "values": [6, "not_init_via_load_param", "Hiv"]}
{"uuid": "db90bb6bbe", "date": "2015-01-01T00:00:00", "values": [70, "unassigned", "Hiv"]}
{"uuid": "db90bb6bbe", "date": "2015-01-01T00:00:00", "values": [33, "not_init_via_load_param", "CardioMetabolicDisorders"]}
{"uuid": "db90bb6bbe", "date": "2015-01-01T00:00:00", "values": [1, "unassigned", "CardioMetabolicDisorders"]}
{"uuid": "db90bb6bbe", "date": "2015-01-01T00:00:00", "values": [6, "not_init_via_load_param", "Malaria"]}
{"uuid": "db90bb6bbe", "date": "2015-01-01T00:00:00", "values": [29, "unassigned", "Malaria"]}
{"uuid": "db90bb6bbe", "date": "2015-01-01T00:00:00", "values": [118, "unassigned", "PregnancySupervisor"]}
{"uuid": "db90bb6bbe", "date": "2015-01-01T00:00:00", "values": [27, "unassigned", "CareOfWomenDuringPregnancy"]}
{"uuid": "db90bb6bbe", "date": "2015-01-01T00:00:00", "values": [64, "unassigned", "NewbornOutcomes"]}
{"uuid": "db90bb6bbe", "date": "2015-01-01T00:00:00", "values": [100, "unassigned", "Diarrhoea"]}
{"uuid": "db90bb6bbe", "date": "2015-01-01T00:00:00", "values": [31, "unassigned", "Stunting"]}
{"uuid": "db90bb6bbe", "date": "2015-01-01T00:00:00", "values": [177, "unassigned", "Labour"]}
{"uuid": "db90bb6bbe", "date": "2015-01-01T00:00:00", "values": [1, "not_init_via_load_param", "Labour"]}
{"uuid": "db90bb6bbe", "date": "2015-01-01T00:00:00", "values": [52, "unassigned", "PostnatalSupervisor"]}
{"uuid": "db90bb6bbe", "date": "2015-01-01T00:00:00", "values": [1, "not_init_via_load_param", "PostnatalSupervisor"]}
{"uuid": "db90bb6bbe", "date": "2015-01-01T00:00:00", "values": [119, "unassigned", "Alri"]}
{"uuid": "db90bb6bbe", "date": "2015-01-01T00:00:00", "values": [8, "unassigned", "Measles"]}
{"uuid": "db90bb6bbe", "date": "2015-01-01T00:00:00", "values": [2, "not_init_via_load_param", "Measles"]}
{"uuid": "db90bb6bbe", "date": "2015-01-01T00:00:00", "values": [54, "not_init_via_load_param", "Schisto"]}
{"uuid": "db90bb6bbe", "date": "2015-01-01T00:00:00", "values": [62, "unassigned", "Tb"]}
{"uuid": "db90bb6bbe", "date": "2015-01-01T00:00:00", "values": [7, "not_init_via_load_param", "Tb"]}
{"uuid": "db90bb6bbe", "date": "2015-01-01T00:00:00", "values": [32, "unassigned", "BladderCancer"]}
{"uuid": "db90bb6bbe", "date": "2015-01-01T00:00:00", "values": [25, "unassigned", "BreastCancer"]}
{"uuid": "db90bb6bbe", "date": "2015-01-01T00:00:00", "values": [11, "undetermined", "CervicalCancer"]}
{"uuid": "db90bb6bbe", "date": "2015-01-01T00:00:00", "values": [23, "universal", "CervicalCancer"]}
{"uuid": "db90bb6bbe", "date": "2015-01-01T00:00:00", "values": [13, "local", "CervicalCancer"]}
{"uuid": "db90bb6bbe", "date": "2015-01-01T00:00:00", "values": [33, "unassigned", "OesophagealCancer"]}
{"uuid": "db90bb6bbe", "date": "2015-01-01T00:00:00", "values": [24, "unassigned", "OtherAdultCancer"]}
{"uuid": "db90bb6bbe", "date": "2015-01-01T00:00:00", "values": [23, "unassigned", "ProstateCancer"]}
{"uuid": "db90bb6bbe", "date": "2015-01-01T00:00:00", "values": [1, "not_init_via_load_param", "ProstateCancer"]}
{"uuid": "db90bb6bbe", "date": "2015-01-01T00:00:00", "values": [154, "unassigned", "RTI"]}
{"uuid": "db90bb6bbe", "date": "2015-01-01T00:00:00", "values": [62, "not_init_via_load_param", "RTI"]}
{"uuid": "db90bb6bbe", "date": "2015-01-01T00:00:00", "values": [20, "unassigned", "Copd"]}
{"uuid": "db90bb6bbe", "date": "2015-01-01T00:00:00", "values": [37, "unassigned", "Depression"]}
{"uuid": "db90bb6bbe", "date": "2015-01-01T00:00:00", "values": [18, "unassigned", "Epilepsy"]}
{"uuid": "db90bb6bbe", "date": "2015-01-01T00:00:00", "values": [3, "not_init_via_load_param", "Epilepsy"]}
{"uuid": "b07716682c", "date": "2015-01-01T00:00:00", "values": ["simulate() 15657.957801818848 s"]}
