{"uuid": "b07716682c", "type": "header", "module": "tlo.simulation", "key": "info", "level": "INFO", "columns": {"message": "str"}, "description": null}
{"uuid": "b07716682c", "date": "2010-01-01T00:00:00", "values": ["Log output: profiling_results/2025/09/20/0024/scale_run_profiling__2025-09-20T002408.log"]}
{"uuid": "b07716682c", "date": "2010-01-01T00:00:00", "values": ["Simulation RNG user entropy = 0"]}
{"uuid": "b07716682c", "date": "2010-01-01T00:00:00", "values": ["Demography RNG auto (entropy, spawn key) = (0, 0)"]}
{"uuid": "b07716682c", "date": "2010-01-01T00:00:00", "values": ["Lifestyle RNG auto (entropy, spawn key) = (0, 1)"]}
{"uuid": "b07716682c", "date": "2010-01-01T00:00:00", "values": ["HealthBurden RNG auto (entropy, spawn key) = (0, 2)"]}
{"uuid": "b07716682c", "date": "2010-01-01T00:00:00", "values": ["HealthSystem RNG auto (entropy, spawn key) = (0, 3)"]}
{"uuid": "b07716682c", "date": "2010-01-01T00:00:00", "values": ["SymptomManager RNG auto (entropy, spawn key) = (0, 4)"]}
{"uuid": "b07716682c", "date": "2010-01-01T00:00:00", "values": ["HealthSeekingBehaviour RNG auto (entropy, spawn key) = (0, 5)"]}
{"uuid": "b07716682c", "date": "2010-01-01T00:00:00", "values": ["Epi RNG auto (entropy, spawn key) = (0, 6)"]}
{"uuid": "b07716682c", "date": "2010-01-01T00:00:00", "values": ["Contraception RNG auto (entropy, spawn key) = (0, 7)"]}
{"uuid": "b07716682c", "date": "2010-01-01T00:00:00", "values": ["Hiv RNG auto (entropy, spawn key) = (0, 8)"]}
{"uuid": "b07716682c", "date": "2010-01-01T00:00:00", "values": ["CardioMetabolicDisorders RNG auto (entropy, spawn key) = (0, 9)"]}
{"uuid": "b07716682c", "date": "2010-01-01T00:00:00", "values": ["Malaria RNG auto (entropy, spawn key) = (0, 10)"]}
{"uuid": "b07716682c", "date": "2010-01-01T00:00:00", "values": ["PregnancySupervisor RNG auto (entropy, spawn key) = (0, 11)"]}
{"uuid": "b07716682c", "date": "2010-01-01T00:00:00", "values": ["CareOfWomenDuringPregnancy RNG auto (entropy, spawn key) = (0, 12)"]}
{"uuid": "b07716682c", "date": "2010-01-01T00:00:00", "values": ["NewbornOutcomes RNG auto (entropy, spawn key) = (0, 13)"]}
{"uuid": "b07716682c", "date": "2010-01-01T00:00:00", "values": ["Wasting RNG auto (entropy, spawn key) = (0, 14)"]}
{"uuid": "b07716682c", "date": "2010-01-01T00:00:00", "values": ["Diarrhoea RNG auto (entropy, spawn key) = (0, 15)"]}
{"uuid": "b07716682c", "date": "2010-01-01T00:00:00", "values": ["Stunting RNG auto (entropy, spawn key) = (0, 16)"]}
{"uuid": "b07716682c", "date": "2010-01-01T00:00:00", "values": ["Labour RNG auto (entropy, spawn key) = (0, 17)"]}
{"uuid": "b07716682c", "date": "2010-01-01T00:00:00", "values": ["PostnatalSupervisor RNG auto (entropy, spawn key) = (0, 18)"]}
{"uuid": "b07716682c", "date": "2010-01-01T00:00:00", "values": ["Alri RNG auto (entropy, spawn key) = (0, 19)"]}
{"uuid": "b07716682c", "date": "2010-01-01T00:00:00", "values": ["Measles RNG auto (entropy, spawn key) = (0, 20)"]}
{"uuid": "b07716682c", "date": "2010-01-01T00:00:00", "values": ["Schisto RNG auto (entropy, spawn key) = (0, 21)"]}
{"uuid": "b07716682c", "date": "2010-01-01T00:00:00", "values": ["Tb RNG auto (entropy, spawn key) = (0, 22)"]}
{"uuid": "b07716682c", "date": "2010-01-01T00:00:00", "values": ["BladderCancer RNG auto (entropy, spawn key) = (0, 23)"]}
{"uuid": "b07716682c", "date": "2010-01-01T00:00:00", "values": ["BreastCancer RNG auto (entropy, spawn key) = (0, 24)"]}
{"uuid": "b07716682c", "date": "2010-01-01T00:00:00", "values": ["CervicalCancer RNG auto (entropy, spawn key) = (0, 25)"]}
{"uuid": "b07716682c", "date": "2010-01-01T00:00:00", "values": ["OesophagealCancer RNG auto (entropy, spawn key) = (0, 26)"]}
{"uuid": "b07716682c", "date": "2010-01-01T00:00:00", "values": ["OtherAdultCancer RNG auto (entropy, spawn key) = (0, 27)"]}
{"uuid": "b07716682c", "date": "2010-01-01T00:00:00", "values": ["ProstateCancer RNG auto (entropy, spawn key) = (0, 28)"]}
{"uuid": "b07716682c", "date": "2010-01-01T00:00:00", "values": ["RTI RNG auto (entropy, spawn key) = (0, 29)"]}
{"uuid": "b07716682c", "date": "2010-01-01T00:00:00", "values": ["Copd RNG auto (entropy, spawn key) = (0, 30)"]}
{"uuid": "b07716682c", "date": "2010-01-01T00:00:00", "values": ["Depression RNG auto (entropy, spawn key) = (0, 31)"]}
{"uuid": "b07716682c", "date": "2010-01-01T00:00:00", "values": ["Epilepsy RNG auto (entropy, spawn key) = (0, 32)"]}
{"uuid": "dc8474b6b3", "type": "header", "module": "tlo.population", "key": "info", "level": "INFO", "columns": {"message": "str"}, "description": null}
{"uuid": "dc8474b6b3", "date": "2010-01-01T00:00:00", "values": ["Dataframe capacity append size: 1000"]}
{"uuid": "b07716682c", "date": "2010-01-01T00:00:00", "values": ["make_initial_population() 22.58959460258484 s"]}
{"uuid": "e9a19fe1f9", "type": "header", "module": "tlo.methods.demography", "key": "scaling_factor", "level": "WARNING", "columns": {"scaling_factor": "float"}, "description": "The data-to-model scaling factor (based on the initial population size, used to multiply-up results so that they correspond to the real population size."}
{"uuid": "e9a19fe1f9", "date": "2010-01-01T00:00:00", "values": [290.79218000000003]}
{"uuid": "da366e03ae", "type": "header", "module": "tlo.methods.demography", "key": "scaling_factor_district", "level": "WARNING", "columns": {"scaling_factor_district": "dict"}, "description": "The data-to-model district_level scaling factor (based on the initial population size,used to multiply-up results so that they correspond to the real population size."}
{"uuid": "da366e03ae", "date": "2010-01-01T00:00:00", "values": [{"Balaka": 292.18885821890655, "Blantyre": 290.00666810074694, "Blantyre City": 289.0374870811533, "Chikwawa": 303.5430314988817, "Chiradzulu": 291.3490968335263, "Chitipa": 298.2777391579305, "Dedza": 297.2389953138543, "Dowa": 293.77467482227445, "Karonga": 302.1771942910366, "Kasungu": 288.94935614027617, "Likoma": 267.2384402454295, "Lilongwe": 288.55314644156545, "Lilongwe City": 290.31423439747215, "Machinga": 288.9462323801105, "Mangochi": 287.00339941738713, "Mchinji": 284.9140887939129, "Mulanje": 295.5725069079527, "Mwanza": 303.64733629901616, "Mzimba": 301.5507112253667, "Mzuzu City": 288.0081988677558, "Neno": 306.9167500618024, "Nkhata Bay": 299.06650178941345, "Nkhotakota": 277.642231737952, "Nsanje": 274.56432422649266, "Ntcheu": 292.7807936521761, "Ntchisi": 279.8249598210122, "Phalombe": 286.00721165825297, "Rumphi": 281.04278564091175, "Salima": 277.2997287670948, "Thyolo": 296.689092542885, "Zomba": 287.7804838656647, "Zomba City": 291.71738176198596}]}
{"uuid": "072090a41b", "type": "header", "module": "tlo.methods.population", "key": "scaling_factor", "level": "WARNING", "columns": {"scaling_factor": "float"}, "description": "The data-to-model scaling factor (based on the initial population size, used to multiply-up results so that they correspond to the real population size."}
{"uuid": "072090a41b", "date": "2010-01-01T00:00:00", "values": [290.79218000000003]}
{"uuid": "b47e7f2cb8", "type": "header", "module": "tlo.methods.population", "key": "scaling_factor_district", "level": "WARNING", "columns": {"scaling_factor_district": "dict"}, "description": "The data-to-model district_level scaling factor (based on the initial population size,used to multiply-up results so that they correspond to the real population size."}
{"uuid": "b47e7f2cb8", "date": "2010-01-01T00:00:00", "values": [{"Balaka": 292.18885821890655, "Blantyre": 290.00666810074694, "Blantyre City": 289.0374870811533, "Chikwawa": 303.5430314988817, "Chiradzulu": 291.3490968335263, "Chitipa": 298.2777391579305, "Dedza": 297.2389953138543, "Dowa": 293.77467482227445, "Karonga": 302.1771942910366, "Kasungu": 288.94935614027617, "Likoma": 267.2384402454295, "Lilongwe": 288.55314644156545, "Lilongwe City": 290.31423439747215, "Machinga": 288.9462323801105, "Mangochi": 287.00339941738713, "Mchinji": 284.9140887939129, "Mulanje": 295.5725069079527, "Mwanza": 303.64733629901616, "Mzimba": 301.5507112253667, "Mzuzu City": 288.0081988677558, "Neno": 306.9167500618024, "Nkhata Bay": 299.06650178941345, "Nkhotakota": 277.642231737952, "Nsanje": 274.56432422649266, "Ntcheu": 292.7807936521761, "Ntchisi": 279.8249598210122, "Phalombe": 286.00721165825297, "Rumphi": 281.04278564091175, "Salima": 277.2997287670948, "Thyolo": 296.689092542885, "Zomba": 287.7804838656647, "Zomba City": 291.71738176198596}]}
{"uuid": "d5de3a8063", "type": "header", "module": "tlo.profiling", "key": "stats", "level": "INFO", "columns": {"duration_minutes": "float", "memory_rss_MiB": "float", "memory_uss_MiB": "float", "memory_vms_MiB": "float", "pop_df_mem_MiB": "float", "pop_df_number_alive": "int", "pop_df_rows": "int", "time": "str"}, "description": null}
{"uuid": "d5de3a8063", "date": "2010-01-01T00:00:00", "values": [0.0531755526860555, 592.10546875, 581.32421875, 837.625, 95.2783432006836, 50000, 50000, "2025-09-20T00:24:37.883671"]}
{"uuid": "dc8474b6b3", "date": "2010-01-01T00:00:00", "values": ["Increased capacity of population dataframe to 51000"]}
{"uuid": "d5de3a8063", "date": "2010-02-01T00:00:00", "values": [2.810046406586965, 680.5, 669.56640625, 925.72265625, 97.10796356201172, 50125, 51000, "2025-09-20T00:27:26.486452"]}
{"uuid": "d5de3a8063", "date": "2010-03-01T00:00:00", "values": [2.472366654872894, 832.95703125, 821.96484375, 1078.14453125, 97.1200180053711, 50202, 51000, "2025-09-20T00:29:54.828451"]}
{"uuid": "d5de3a8063", "date": "2010-04-01T00:00:00", "values": [3.0101226568222046, 999.984375, 989.05859375, 1245.22265625, 97.1345443725586, 50300, 51000, "2025-09-20T00:32:55.435812"]}
{"uuid": "d5de3a8063", "date": "2010-05-01T00:00:00", "values": [2.893542702992757, 1114.78125, 1104.0078125, 1361.11328125, 97.1490707397461, 50385, 51000, "2025-09-20T00:35:49.048373"]}
{"uuid": "d5de3a8063", "date": "2010-06-01T00:00:00", "values": [2.678954470157623, 1231.078125, 1220.16796875, 1476.2734375, 97.16625213623047, 50523, 51000, "2025-09-20T00:38:29.785641"]}
{"uuid": "90f526bf10", "type": "header", "module": "tlo.methods.hiv", "key": "message", "level": "WARNING", "columns": {"message": "str"}, "description": null}
{"uuid": "90f526bf10", "date": "2010-06-23T00:00:00", "values": ["This event should not be running, Hiv_DecisionToContinueTreatment is for those already on tx"]}
{"uuid": "d5de3a8063", "date": "2010-07-01T00:00:00", "values": [2.8900222341219584, 1419.6953125, 1408.859375, 1664.9375, 97.17845916748047, 50605, 51000, "2025-09-20T00:41:23.186976"]}
{"uuid": "dc8474b6b3", "date": "2010-07-09T00:00:00", "values": ["Increased capacity of population dataframe to 52000"]}
{"uuid": "90f526bf10", "date": "2010-07-30T00:00:00", "values": ["This event should not be running, Hiv_DecisionToContinueTreatment is for those already on tx"]}
{"uuid": "d5de3a8063", "date": "2010-08-01T00:00:00", "values": [2.996655988693237, 1511.1328125, 1500.12109375, 1756.09765625, 99.0095443725586, 50750, 52000, "2025-09-20T00:44:22.986336"]}
{"uuid": "d5de3a8063", "date": "2010-09-01T00:00:00", "values": [3.12952500184377, 1511.2265625, 1500.21484375, 1756.171875, 99.0255355834961, 50861, 52000, "2025-09-20T00:47:30.757834"]}
{"uuid": "63d828121b", "type": "header", "module": "tlo.methods.rti", "key": "warning", "level": "WARNING", "columns": {"message": "str"}, "description": null}
{"uuid": "63d828121b", "date": "2010-09-09T00:00:00", "values": ["rt disability < 0 in rti_alter_daly_post_treatment"]}
{"uuid": "d5de3a8063", "date": "2010-10-01T00:00:00", "values": [4.218980220953624, 1511.3828125, 1500.37109375, 1756.328125, 99.05254364013672, 51090, 52000, "2025-09-20T00:51:43.896647"]}
{"uuid": "d5de3a8063", "date": "2010-11-01T00:00:00", "values": [4.401150369644165, 1486.6328125, 1475.78515625, 1731.796875, 99.06990814208984, 51221, 52000, "2025-09-20T00:56:07.965669"]}
{"uuid": "1e86f25803", "type": "header", "module": "tlo.methods.healthsystem", "key": "message", "level": "WARNING", "columns": {"message": "str"}, "description": null}
{"uuid": "1e86f25803", "date": "2010-11-26T00:00:00", "values": ["Tb_Test_Screening actual_footprint requires differentofficers than expected_footprint."]}
{"uuid": "dc8474b6b3", "date": "2010-11-29T00:00:00", "values": ["Increased capacity of population dataframe to 53000"]}
{"uuid": "d5de3a8063", "date": "2010-12-01T00:00:00", "values": [4.519977633158366, 1512.38671875, 1501.4453125, 1757.515625, 100.90117645263672, 51371, 53000, "2025-09-20T01:00:39.164327"]}
{"uuid": "d5de3a8063", "date": "2011-01-01T00:00:00", "values": [5.133367987473806, 1457.66015625, 1446.5859375, 1702.53125, 100.92162322998047, 51544, 53000, "2025-09-20T01:05:47.166407"]}
{"uuid": "d5de3a8063", "date": "2011-02-01T00:00:00", "values": [4.602843487262726, 1474.625, 1463.55078125, 1719.49609375, 100.94066619873047, 51670, 53000, "2025-09-20T01:10:23.337016"]}
{"uuid": "d5de3a8063", "date": "2011-03-01T00:00:00", "values": [4.377591562271118, 1489.296875, 1478.22265625, 1734.16796875, 100.95809173583984, 51787, 53000, "2025-09-20T01:14:45.992510"]}
{"uuid": "d5de3a8063", "date": "2011-04-01T00:00:00", "values": [5.041003918647766, 1496.59765625, 1485.5234375, 1741.46875, 100.97692108154297, 51891, 53000, "2025-09-20T01:19:48.452745"]}
{"uuid": "90f526bf10", "date": "2011-04-14T00:00:00", "values": ["This event should not be running, Hiv_DecisionToContinueTreatment is for those already on tx"]}
{"uuid": "dc8474b6b3", "date": "2011-04-29T00:00:00", "values": ["Increased capacity of population dataframe to 54000"]}
{"uuid": "d5de3a8063", "date": "2011-05-01T00:00:00", "values": [4.583416279157003, 1547.7578125, 1536.8828125, 1792.98046875, 102.80611419677734, 51990, 54000, "2025-09-20T01:24:23.457721"]}
{"uuid": "63d828121b", "date": "2011-05-10T00:00:00", "values": ["rt disability < 0 in rti_alter_daly_post_treatment"]}
{"uuid": "d5de3a8063", "date": "2011-06-01T00:00:00", "values": [4.298463404178619, 1528.8359375, 1517.7890625, 1773.84375, 102.82158660888672, 52101, 54000, "2025-09-20T01:28:41.365526"]}
{"uuid": "d5de3a8063", "date": "2011-07-01T00:00:00", "values": [4.256590235233307, 1556.33984375, 1545.265625, 1798.96875, 102.8380355834961, 52225, 54000, "2025-09-20T01:32:56.760940"]}
{"uuid": "90f526bf10", "date": "2011-07-21T00:00:00", "values": ["This event should not be running, Hiv_DecisionToContinueTreatment is for those already on tx"]}
{"uuid": "90f526bf10", "date": "2011-08-01T00:00:00", "values": ["This event should not be running, Hiv_DecisionToContinueTreatment is for those already on tx"]}
{"uuid": "d5de3a8063", "date": "2011-08-01T00:00:00", "values": [4.097609388828277, 1531.0625, 1520.0625, 1773.890625, 102.8528060913086, 52341, 54000, "2025-09-20T01:37:02.617505"]}
{"uuid": "63d828121b", "date": "2011-08-10T00:00:00", "values": ["rt disability < 0 in rti_alter_daly_post_treatment"]}
{"uuid": "d5de3a8063", "date": "2011-09-01T00:00:00", "values": [4.105911266803742, 1531.0625, 1520.08984375, 1773.91796875, 102.86922454833984, 52479, 54000, "2025-09-20T01:41:08.972181"]}
{"uuid": "d5de3a8063", "date": "2011-10-01T00:00:00", "values": [4.254186058044434, 1579.76171875, 1568.90625, 1821.97265625, 102.88488006591797, 52605, 54000, "2025-09-20T01:45:24.223343"]}
{"uuid": "dc8474b6b3", "date": "2011-10-28T00:00:00", "values": ["Increased capacity of population dataframe to 55000"]}
{"uuid": "d5de3a8063", "date": "2011-11-01T00:00:00", "values": [4.184359399477641, 1752.98828125, 1741.9140625, 1994.859375, 104.71202850341797, 52709, 55000, "2025-09-20T01:49:35.284909"]}
{"uuid": "d5de3a8063", "date": "2011-12-01T00:00:00", "values": [4.32481586933136, 1767.76953125, 1756.6953125, 2009.9765625, 104.73076629638672, 52877, 55000, "2025-09-20T01:53:54.773859"]}
{"uuid": "d5de3a8063", "date": "2012-01-01T00:00:00", "values": [4.486630924542745, 1783.8046875, 1772.73046875, 2025.98828125, 104.74617767333984, 52998, 55000, "2025-09-20T01:58:23.971714"]}
{"uuid": "d5de3a8063", "date": "2012-02-01T00:00:00", "values": [4.55026611884435, 1784.17578125, 1773.1015625, 2026.0390625, 104.76512908935547, 53155, 55000, "2025-09-20T02:02:56.987681"]}
{"uuid": "d5de3a8063", "date": "2012-03-01T00:00:00", "values": [4.2392807602882385, 1785.03125, 1773.95703125, 2026.89453125, 104.78170013427734, 53286, 55000, "2025-09-20T02:07:11.344527"]}
{"uuid": "d5de3a8063", "date": "2012-04-01T00:00:00", "values": [4.785186684131622, 1793.6484375, 1782.57421875, 2035.51171875, 104.8012924194336, 53441, 55000, "2025-09-20T02:11:58.455728"]}
{"uuid": "dc8474b6b3", "date": "2012-04-03T00:00:00", "values": ["Increased capacity of population dataframe to 56000"]}
{"uuid": "d5de3a8063", "date": "2012-05-01T00:00:00", "values": [4.7097325642903645, 1763.87890625, 1752.8046875, 2005.7421875, 106.6338119506836, 53606, 56000, "2025-09-20T02:16:41.039682"]}
{"uuid": "90f526bf10", "date": "2012-05-12T00:00:00", "values": ["This event should not be running, Hiv_DecisionToContinueTreatment is for those already on tx"]}
{"uuid": "d5de3a8063", "date": "2012-06-01T00:00:00", "values": [4.23688847621282, 1763.9765625, 1752.90234375, 2005.83984375, 106.65196990966797, 53756, 56000, "2025-09-20T02:20:55.252991"]}
{"uuid": "d5de3a8063", "date": "2012-07-01T00:00:00", "values": [4.379854563872019, 1748.140625, 1737.23828125, 1990.30078125, 106.66680145263672, 53875, 56000, "2025-09-20T02:25:18.044265"]}
{"uuid": "63d828121b", "date": "2012-07-10T00:00:00", "values": ["rt disability < 0 in rti_alter_daly_post_treatment"]}
{"uuid": "90f526bf10", "date": "2012-07-19T00:00:00", "values": ["This event should not be running, Hiv_DecisionToContinueTreatment is for those already on tx"]}
{"uuid": "90f526bf10", "date": "2012-07-23T00:00:00", "values": ["This event should not be running, Hiv_DecisionToContinueTreatment is for those already on tx"]}
{"uuid": "d5de3a8063", "date": "2012-08-01T00:00:00", "values": [4.322014729181926, 1777.7578125, 1766.68359375, 2019.62109375, 106.68453216552734, 54022, 56000, "2025-09-20T02:29:37.365147"]}
{"uuid": "d5de3a8063", "date": "2012-09-01T00:00:00", "values": [4.254443911711375, 1755.8203125, 1744.7890625, 1997.8515625, 106.70122528076172, 54164, 56000, "2025-09-20T02:33:52.631783"]}
{"uuid": "dc8474b6b3", "date": "2012-09-13T00:00:00", "values": ["Increased capacity of population dataframe to 57000"]}
{"uuid": "d5de3a8063", "date": "2012-10-01T00:00:00", "values": [4.59018835624059, 1823.09375, 1812.01953125, 2064.95703125, 108.52996063232422, 54293, 57000, "2025-09-20T02:38:28.043085"]}
{"uuid": "d5de3a8063", "date": "2012-11-01T00:00:00", "values": [4.393013016382853, 1850.71484375, 1839.87890625, 2092.9453125, 108.54854583740234, 54459, 57000, "2025-09-20T02:42:51.623865"]}
{"uuid": "d5de3a8063", "date": "2012-12-01T00:00:00", "values": [4.203587226072947, 1844.14453125, 1833.07421875, 2086.03125, 108.56502532958984, 54591, 57000, "2025-09-20T02:47:03.839099"]}
{"uuid": "d5de3a8063", "date": "2013-01-01T00:00:00", "values": [5.065020966529846, 1875.99609375, 1864.921875, 2117.859375, 108.58385467529297, 54741, 57000, "2025-09-20T02:52:07.740356"]}
{"uuid": "d5de3a8063", "date": "2013-02-01T00:00:00", "values": [4.77364801565806, 1883.15625, 1872.0859375, 2125.03515625, 108.60350799560547, 54898, 57000, "2025-09-20T02:56:54.159239"]}
{"uuid": "63d828121b", "date": "2013-02-09T00:00:00", "values": ["rt disability < 0 in rti_alter_daly_post_treatment"]}
{"uuid": "dc8474b6b3", "date": "2013-02-17T00:00:00", "values": ["Increased capacity of population dataframe to 58000"]}
{"uuid": "d5de3a8063", "date": "2013-03-01T00:00:00", "values": [4.431786954402924, 1909.51171875, 1898.59765625, 2151.66015625, 110.43273162841797, 55031, 58000, "2025-09-20T03:01:20.066457"]}
{"uuid": "d5de3a8063", "date": "2013-04-01T00:00:00", "values": [4.833688549200693, 1904.58203125, 1893.51171875, 2146.65625, 110.4522933959961, 55192, 58000, "2025-09-20T03:06:10.087768"]}
{"uuid": "d5de3a8063", "date": "2013-05-01T00:00:00", "values": [4.754112752278646, 1914.67578125, 1903.61328125, 2156.5625, 110.47344207763672, 55374, 58000, "2025-09-20T03:10:55.334533"]}
{"uuid": "d5de3a8063", "date": "2013-06-01T00:00:00", "values": [4.802655982971191, 1924.8828125, 1913.8125, 2166.76953125, 110.49358367919922, 55531, 58000, "2025-09-20T03:15:43.493892"]}
{"uuid": "90f526bf10", "date": "2013-06-14T00:00:00", "values": ["This event should not be running, Hiv_DecisionToContinueTreatment is for those already on tx"]}
{"uuid": "d5de3a8063", "date": "2013-07-01T00:00:00", "values": [4.508604884147644, 1951.0390625, 1939.96484375, 2193.1328125, 110.51085662841797, 55671, 58000, "2025-09-20T03:20:14.010185"]}
{"uuid": "90f526bf10", "date": "2013-07-04T00:00:00", "values": ["This event should not be running, Hiv_DecisionToContinueTreatment is for those already on tx"]}
{"uuid": "90f526bf10", "date": "2013-07-08T00:00:00", "values": ["This event should not be running, Hiv_DecisionToContinueTreatment is for those already on tx"]}
{"uuid": "dc8474b6b3", "date": "2013-07-13T00:00:00", "values": ["Increased capacity of population dataframe to 59000"]}
{"uuid": "90f526bf10", "date": "2013-07-17T00:00:00", "values": ["This event should not be running, Hiv_DecisionToContinueTreatment is for those already on tx"]}
{"uuid": "d5de3a8063", "date": "2013-08-01T00:00:00", "values": [4.526233871777852, 1957.4609375, 1946.38671875, 2199.32421875, 112.34008026123047, 55815, 59000, "2025-09-20T03:24:45.584217"]}
{"uuid": "1e86f25803", "date": "2013-08-11T00:00:00", "values": ["Tb_Test_Screening actual_footprint requires differentofficers than expected_footprint."]}
{"uuid": "90f526bf10", "date": "2013-08-20T00:00:00", "values": ["This event should not be running, Hiv_DecisionToContinueTreatment is for those already on tx"]}
{"uuid": "d5de3a8063", "date": "2013-09-01T00:00:00", "values": [4.562151145935059, 1929.984375, 1918.91015625, 2171.8515625, 112.35884857177734, 55970, 59000, "2025-09-20T03:29:19.313286"]}
{"uuid": "90f526bf10", "date": "2013-09-22T00:00:00", "values": ["This event should not be running, Hiv_DecisionToContinueTreatment is for those already on tx"]}
{"uuid": "d5de3a8063", "date": "2013-10-01T00:00:00", "values": [4.603355741500854, 1980.453125, 1969.3828125, 2222.5234375, 112.37593841552734, 56112, 59000, "2025-09-20T03:33:55.514632"]}
{"uuid": "d5de3a8063", "date": "2013-11-01T00:00:00", "values": [4.649356663227081, 1951.97265625, 1940.8984375, 2193.8515625, 112.39412689208984, 56257, 59000, "2025-09-20T03:38:34.476031"]}
{"uuid": "63d828121b", "date": "2013-11-10T00:00:00", "values": ["rt disability < 0 in rti_alter_daly_post_treatment"]}
{"uuid": "d5de3a8063", "date": "2013-12-01T00:00:00", "values": [4.7741942803064985, 1981.23828125, 1970.1640625, 2223.3671875, 112.41536712646484, 56442, 59000, "2025-09-20T03:43:20.927687"]}
{"uuid": "dc8474b6b3", "date": "2013-12-13T00:00:00", "values": ["Increased capacity of population dataframe to 60000"]}
{"uuid": "d5de3a8063", "date": "2014-01-01T00:00:00", "values": [5.2642070889472965, 2097.58984375, 2086.515625, 2339.453125, 114.24605560302734, 56607, 60000, "2025-09-20T03:48:36.780113"]}
{"uuid": "d5de3a8063", "date": "2014-02-01T00:00:00", "values": [4.563730223973592, 2107.671875, 2096.6015625, 2349.54296875, 114.2621078491211, 56722, 60000, "2025-09-20T03:53:10.603926"]}
{"uuid": "d5de3a8063", "date": "2014-03-01T00:00:00", "values": [4.460563703378042, 2118.76171875, 2107.6875, 2360.64453125, 114.28081512451172, 56888, 60000, "2025-09-20T03:57:38.237750"]}
{"uuid": "63d828121b", "date": "2014-03-12T00:00:00", "values": ["rt disability < 0 in rti_alter_daly_post_treatment"]}
{"uuid": "d5de3a8063", "date": "2014-04-01T00:00:00", "values": [4.9789987921714784, 2114.1640625, 2103.09765625, 2356.0390625, 114.29979705810547, 57034, 60000, "2025-09-20T04:02:36.977678"]}
{"uuid": "90f526bf10", "date": "2014-04-30T00:00:00", "values": ["This event should not be running, Hiv_DecisionToContinueTreatment is for those already on tx"]}
{"uuid": "d5de3a8063", "date": "2014-05-01T00:00:00", "values": [4.284664603074392, 2147.16796875, 2136.11328125, 2389.06640625, 114.31493377685547, 57145, 60000, "2025-09-20T04:06:54.057552"]}
{"uuid": "dc8474b6b3", "date": "2014-05-21T00:00:00", "values": ["Increased capacity of population dataframe to 61000"]}
{"uuid": "d5de3a8063", "date": "2014-06-01T00:00:00", "values": [4.773331765333811, 2148.83984375, 2137.765625, 2390.703125, 116.14473724365234, 57285, 61000, "2025-09-20T04:11:40.457458"]}
{"uuid": "d5de3a8063", "date": "2014-07-01T00:00:00", "values": [4.687255279223124, 2148.88671875, 2137.8125, 2390.75, 116.16155242919922, 57429, 61000, "2025-09-20T04:16:21.692775"]}
{"uuid": "90f526bf10", "date": "2014-07-09T00:00:00", "values": ["This event should not be running, Hiv_DecisionToContinueTreatment is for those already on tx"]}
{"uuid": "90f526bf10", "date": "2014-07-25T00:00:00", "values": ["This event should not be running, Hiv_DecisionToContinueTreatment is for those already on tx"]}
{"uuid": "90f526bf10", "date": "2014-07-26T00:00:00", "values": ["This event should not be running, Hiv_DecisionToContinueTreatment is for those already on tx"]}
{"uuid": "90f526bf10", "date": "2014-07-26T00:00:00", "values": ["This event should not be running, Hiv_DecisionToContinueTreatment is for those already on tx"]}
{"uuid": "d5de3a8063", "date": "2014-08-01T00:00:00", "values": [4.728729037443797, 2171.58984375, 2160.640625, 2413.703125, 116.1812973022461, 57599, 61000, "2025-09-20T04:21:05.416517"]}
{"uuid": "90f526bf10", "date": "2014-08-03T00:00:00", "values": ["This event should not be running, Hiv_DecisionToContinueTreatment is for those already on tx"]}
{"uuid": "1e86f25803", "date": "2014-08-26T00:00:00", "values": ["Tb_Test_Screening actual_footprint requires differentofficers than expected_footprint."]}
{"uuid": "90f526bf10", "date": "2014-08-27T00:00:00", "values": ["This event should not be running, Hiv_DecisionToContinueTreatment is for those already on tx"]}
{"uuid": "d5de3a8063", "date": "2014-09-01T00:00:00", "values": [4.665066715081533, 2182.80078125, 2171.7265625, 2424.6640625, 116.19744110107422, 57726, 61000, "2025-09-20T04:25:45.320520"]}
{"uuid": "63d828121b", "date": "2014-09-09T00:00:00", "values": ["rt disability < 0 in rti_alter_daly_post_treatment"]}
{"uuid": "d5de3a8063", "date": "2014-10-01T00:00:00", "values": [4.647862974802653, 2156.03125, 2144.95703125, 2397.91015625, 116.21663665771484, 57898, 61000, "2025-09-20T04:30:24.192298"]}
{"uuid": "dc8474b6b3", "date": "2014-10-30T00:00:00", "values": ["Increased capacity of population dataframe to 62000"]}
{"uuid": "d5de3a8063", "date": "2014-11-01T00:00:00", "values": [4.716104265054067, 2285.140625, 2274.109375, 2527.203125, 118.04463958740234, 58031, 62000, "2025-09-20T04:35:07.158555"]}
{"uuid": "1e86f25803", "date": "2014-11-07T00:00:00", "values": ["Tb_Test_Screening actual_footprint requires differentofficers than expected_footprint."]}
{"uuid": "d5de3a8063", "date": "2014-12-01T00:00:00", "values": [4.8688475886980696, 2317.375, 2306.30078125, 2559.75, 118.0649642944336, 58215, 62000, "2025-09-20T04:39:59.289409"]}
{"uuid": "db90bb6bbe", "type": "header", "module": "tlo.simulation", "key": "parameter_stats", "level": "INFO", "columns": {"count": "int", "label": "str", "module": "str"}, "description": null}
{"uuid": "db90bb6bbe", "date": "2015-01-01T00:00:00", "values": [1, "unassigned", "Demography"]}
{"uuid": "db90bb6bbe", "date": "2015-01-01T00:00:00", "values": [7, "not_init_via_load_param", "Demography"]}
{"uuid": "db90bb6bbe", "date": "2015-01-01T00:00:00", "values": [110, "unassigned", "Lifestyle"]}
{"uuid": "db90bb6bbe", "date": "2015-01-01T00:00:00", "values": [17, "not_init_via_load_param", "Lifestyle"]}
{"uuid": "db90bb6bbe", "date": "2015-01-01T00:00:00", "values": [3, "not_init_via_load_param", "HealthBurden"]}
{"uuid": "db90bb6bbe", "date": "2015-01-01T00:00:00", "values": [18, "not_init_via_load_param", "HealthSystem"]}
{"uuid": "db90bb6bbe", "date": "2015-01-01T00:00:00", "values": [25, "unassigned", "HealthSystem"]}
{"uuid": "db90bb6bbe", "date": "2015-01-01T00:00:00", "values": [1, "not_init_via_load_param", "SymptomManager"]}
{"uuid": "db90bb6bbe", "date": "2015-01-01T00:00:00", "values": [1, "unassigned", "SymptomManager"]}
{"uuid": "db90bb6bbe", "date": "2015-01-01T00:00:00", "values": [18, "unassigned", "HealthSeekingBehaviour"]}
{"uuid": "db90bb6bbe", "date": "2015-01-01T00:00:00", "values": [2, "not_init_via_load_param", "Epi"]}
{"uuid": "db90bb6bbe", "date": "2015-01-01T00:00:00", "values": [1, "unassigned", "Epi"]}
{"uuid": "db90bb6bbe", "date": "2015-01-01T00:00:00", "values": [14, "not_init_via_load_param", "Contraception"]}
{"uuid": "db90bb6bbe", "date": "2015-01-01T00:00:00", "values": [7, "unassigned", "Contraception"]}
{"uuid": "db90bb6bbe", "date": "2015-01-01T00:00:00", "values": [6, "not_init_via_load_param", "Hiv"]}
{"uuid": "db90bb6bbe", "date": "2015-01-01T00:00:00", "values": [70, "unassigned", "Hiv"]}
{"uuid": "db90bb6bbe", "date": "2015-01-01T00:00:00", "values": [33, "not_init_via_load_param", "CardioMetabolicDisorders"]}
{"uuid": "db90bb6bbe", "date": "2015-01-01T00:00:00", "values": [1, "unassigned", "CardioMetabolicDisorders"]}
{"uuid": "db90bb6bbe", "date": "2015-01-01T00:00:00", "values": [6, "not_init_via_load_param", "Malaria"]}
{"uuid": "db90bb6bbe", "date": "2015-01-01T00:00:00", "values": [29, "unassigned", "Malaria"]}
{"uuid": "db90bb6bbe", "date": "2015-01-01T00:00:00", "values": [118, "unassigned", "PregnancySupervisor"]}
{"uuid": "db90bb6bbe", "date": "2015-01-01T00:00:00", "values": [27, "unassigned", "CareOfWomenDuringPregnancy"]}
{"uuid": "db90bb6bbe", "date": "2015-01-01T00:00:00", "values": [64, "unassigned", "NewbornOutcomes"]}
{"uuid": "db90bb6bbe", "date": "2015-01-01T00:00:00", "values": [100, "unassigned", "Diarrhoea"]}
{"uuid": "db90bb6bbe", "date": "2015-01-01T00:00:00", "values": [31, "unassigned", "Stunting"]}
{"uuid": "db90bb6bbe", "date": "2015-01-01T00:00:00", "values": [177, "unassigned", "Labour"]}
{"uuid": "db90bb6bbe", "date": "2015-01-01T00:00:00", "values": [1, "not_init_via_load_param", "Labour"]}
{"uuid": "db90bb6bbe", "date": "2015-01-01T00:00:00", "values": [52, "unassigned", "PostnatalSupervisor"]}
{"uuid": "db90bb6bbe", "date": "2015-01-01T00:00:00", "values": [1, "not_init_via_load_param", "PostnatalSupervisor"]}
{"uuid": "db90bb6bbe", "date": "2015-01-01T00:00:00", "values": [119, "unassigned", "Alri"]}
{"uuid": "db90bb6bbe", "date": "2015-01-01T00:00:00", "values": [8, "unassigned", "Measles"]}
{"uuid": "db90bb6bbe", "date": "2015-01-01T00:00:00", "values": [2, "not_init_via_load_param", "Measles"]}
{"uuid": "db90bb6bbe", "date": "2015-01-01T00:00:00", "values": [54, "not_init_via_load_param", "Schisto"]}
{"uuid": "db90bb6bbe", "date": "2015-01-01T00:00:00", "values": [62, "unassigned", "Tb"]}
{"uuid": "db90bb6bbe", "date": "2015-01-01T00:00:00", "values": [7, "not_init_via_load_param", "Tb"]}
{"uuid": "db90bb6bbe", "date": "2015-01-01T00:00:00", "values": [32, "unassigned", "BladderCancer"]}
{"uuid": "db90bb6bbe", "date": "2015-01-01T00:00:00", "values": [25, "unassigned", "BreastCancer"]}
{"uuid": "db90bb6bbe", "date": "2015-01-01T00:00:00", "values": [11, "undetermined", "CervicalCancer"]}
{"uuid": "db90bb6bbe", "date": "2015-01-01T00:00:00", "values": [23, "universal", "CervicalCancer"]}
{"uuid": "db90bb6bbe", "date": "2015-01-01T00:00:00", "values": [13, "local", "CervicalCancer"]}
{"uuid": "db90bb6bbe", "date": "2015-01-01T00:00:00", "values": [33, "unassigned", "OesophagealCancer"]}
{"uuid": "db90bb6bbe", "date": "2015-01-01T00:00:00", "values": [24, "unassigned", "OtherAdultCancer"]}
{"uuid": "db90bb6bbe", "date": "2015-01-01T00:00:00", "values": [23, "unassigned", "ProstateCancer"]}
{"uuid": "db90bb6bbe", "date": "2015-01-01T00:00:00", "values": [1, "not_init_via_load_param", "ProstateCancer"]}
{"uuid": "db90bb6bbe", "date": "2015-01-01T00:00:00", "values": [154, "unassigned", "RTI"]}
{"uuid": "db90bb6bbe", "date": "2015-01-01T00:00:00", "values": [62, "not_init_via_load_param", "RTI"]}
{"uuid": "db90bb6bbe", "date": "2015-01-01T00:00:00", "values": [20, "unassigned", "Copd"]}
{"uuid": "db90bb6bbe", "date": "2015-01-01T00:00:00", "values": [37, "unassigned", "Depression"]}
{"uuid": "db90bb6bbe", "date": "2015-01-01T00:00:00", "values": [18, "unassigned", "Epilepsy"]}
{"uuid": "db90bb6bbe", "date": "2015-01-01T00:00:00", "values": [3, "not_init_via_load_param", "Epilepsy"]}
{"uuid": "b07716682c", "date": "2015-01-01T00:00:00", "values": ["simulate() 15590.840012073517 s"]}
