{"uuid": "b07716682c", "type": "header", "module": "tlo.simulation", "key": "info", "level": "INFO", "columns": {"message": "str"}, "description": null}
{"uuid": "b07716682c", "date": "2010-01-01T00:00:00", "values": ["Log output: profiling_results/2025/03/22/0024/scale_run_profiling__2025-03-22T002403.log"]}
{"uuid": "b07716682c", "date": "2010-01-01T00:00:00", "values": ["Simulation RNG user entropy = 0"]}
{"uuid": "b07716682c", "date": "2010-01-01T00:00:00", "values": ["Demography RNG auto (entropy, spawn key) = (0, 0)"]}
{"uuid": "b07716682c", "date": "2010-01-01T00:00:00", "values": ["Lifestyle RNG auto (entropy, spawn key) = (0, 1)"]}
{"uuid": "b07716682c", "date": "2010-01-01T00:00:00", "values": ["HealthBurden RNG auto (entropy, spawn key) = (0, 2)"]}
{"uuid": "b07716682c", "date": "2010-01-01T00:00:00", "values": ["HealthSystem RNG auto (entropy, spawn key) = (0, 3)"]}
{"uuid": "b07716682c", "date": "2010-01-01T00:00:00", "values": ["SymptomManager RNG auto (entropy, spawn key) = (0, 4)"]}
{"uuid": "b07716682c", "date": "2010-01-01T00:00:00", "values": ["HealthSeekingBehaviour RNG auto (entropy, spawn key) = (0, 5)"]}
{"uuid": "b07716682c", "date": "2010-01-01T00:00:00", "values": ["Epi RNG auto (entropy, spawn key) = (0, 6)"]}
{"uuid": "b07716682c", "date": "2010-01-01T00:00:00", "values": ["Contraception RNG auto (entropy, spawn key) = (0, 7)"]}
{"uuid": "b07716682c", "date": "2010-01-01T00:00:00", "values": ["Hiv RNG auto (entropy, spawn key) = (0, 8)"]}
{"uuid": "b07716682c", "date": "2010-01-01T00:00:00", "values": ["CardioMetabolicDisorders RNG auto (entropy, spawn key) = (0, 9)"]}
{"uuid": "b07716682c", "date": "2010-01-01T00:00:00", "values": ["Malaria RNG auto (entropy, spawn key) = (0, 10)"]}
{"uuid": "b07716682c", "date": "2010-01-01T00:00:00", "values": ["PregnancySupervisor RNG auto (entropy, spawn key) = (0, 11)"]}
{"uuid": "b07716682c", "date": "2010-01-01T00:00:00", "values": ["CareOfWomenDuringPregnancy RNG auto (entropy, spawn key) = (0, 12)"]}
{"uuid": "b07716682c", "date": "2010-01-01T00:00:00", "values": ["NewbornOutcomes RNG auto (entropy, spawn key) = (0, 13)"]}
{"uuid": "b07716682c", "date": "2010-01-01T00:00:00", "values": ["Wasting RNG auto (entropy, spawn key) = (0, 14)"]}
{"uuid": "b07716682c", "date": "2010-01-01T00:00:00", "values": ["Diarrhoea RNG auto (entropy, spawn key) = (0, 15)"]}
{"uuid": "b07716682c", "date": "2010-01-01T00:00:00", "values": ["Stunting RNG auto (entropy, spawn key) = (0, 16)"]}
{"uuid": "b07716682c", "date": "2010-01-01T00:00:00", "values": ["Labour RNG auto (entropy, spawn key) = (0, 17)"]}
{"uuid": "b07716682c", "date": "2010-01-01T00:00:00", "values": ["PostnatalSupervisor RNG auto (entropy, spawn key) = (0, 18)"]}
{"uuid": "b07716682c", "date": "2010-01-01T00:00:00", "values": ["Alri RNG auto (entropy, spawn key) = (0, 19)"]}
{"uuid": "b07716682c", "date": "2010-01-01T00:00:00", "values": ["Measles RNG auto (entropy, spawn key) = (0, 20)"]}
{"uuid": "b07716682c", "date": "2010-01-01T00:00:00", "values": ["Schisto RNG auto (entropy, spawn key) = (0, 21)"]}
{"uuid": "b07716682c", "date": "2010-01-01T00:00:00", "values": ["Tb RNG auto (entropy, spawn key) = (0, 22)"]}
{"uuid": "b07716682c", "date": "2010-01-01T00:00:00", "values": ["BladderCancer RNG auto (entropy, spawn key) = (0, 23)"]}
{"uuid": "b07716682c", "date": "2010-01-01T00:00:00", "values": ["BreastCancer RNG auto (entropy, spawn key) = (0, 24)"]}
{"uuid": "b07716682c", "date": "2010-01-01T00:00:00", "values": ["OesophagealCancer RNG auto (entropy, spawn key) = (0, 25)"]}
{"uuid": "b07716682c", "date": "2010-01-01T00:00:00", "values": ["OtherAdultCancer RNG auto (entropy, spawn key) = (0, 26)"]}
{"uuid": "b07716682c", "date": "2010-01-01T00:00:00", "values": ["ProstateCancer RNG auto (entropy, spawn key) = (0, 27)"]}
{"uuid": "b07716682c", "date": "2010-01-01T00:00:00", "values": ["RTI RNG auto (entropy, spawn key) = (0, 28)"]}
{"uuid": "b07716682c", "date": "2010-01-01T00:00:00", "values": ["Copd RNG auto (entropy, spawn key) = (0, 29)"]}
{"uuid": "b07716682c", "date": "2010-01-01T00:00:00", "values": ["Depression RNG auto (entropy, spawn key) = (0, 30)"]}
{"uuid": "b07716682c", "date": "2010-01-01T00:00:00", "values": ["Epilepsy RNG auto (entropy, spawn key) = (0, 31)"]}
{"uuid": "dc8474b6b3", "type": "header", "module": "tlo.population", "key": "info", "level": "INFO", "columns": {"message": "str"}, "description": null}
{"uuid": "dc8474b6b3", "date": "2010-01-01T00:00:00", "values": ["Dataframe capacity append size: 1000"]}
{"uuid": "b07716682c", "date": "2010-01-01T00:00:00", "values": ["make_initial_population() 24.603734254837036 s"]}
{"uuid": "e9a19fe1f9", "type": "header", "module": "tlo.methods.demography", "key": "scaling_factor", "level": "WARNING", "columns": {"scaling_factor": "float"}, "description": "The data-to-model scaling factor (based on the initial population size, used to multiply-up results so that they correspond to the real population size."}
{"uuid": "e9a19fe1f9", "date": "2010-01-01T00:00:00", "values": [290.79218000000003]}
{"uuid": "072090a41b", "type": "header", "module": "tlo.methods.population", "key": "scaling_factor", "level": "WARNING", "columns": {"scaling_factor": "float"}, "description": "The data-to-model scaling factor (based on the initial population size, used to multiply-up results so that they correspond to the real population size."}
{"uuid": "072090a41b", "date": "2010-01-01T00:00:00", "values": [290.79218000000003]}
{"uuid": "d5de3a8063", "type": "header", "module": "tlo.profiling", "key": "stats", "level": "INFO", "columns": {"duration_minutes": "float", "memory_rss_MiB": "float", "memory_uss_MiB": "float", "memory_vms_MiB": "float", "pop_df_mem_MiB": "float", "pop_df_number_alive": "int", "pop_df_rows": "int", "time": "str"}, "description": null}
{"uuid": "d5de3a8063", "date": "2010-01-01T00:00:00", "values": [0.06754457950592041, 502.60546875, 491.62109375, 747.77734375, 88.8384256362915, 50000, 50000, "2025-03-22T00:24:34.795657"]}
{"uuid": "dc8474b6b3", "date": "2010-01-01T00:00:00", "values": ["Increased capacity of population dataframe to 51000"]}
{"uuid": "d5de3a8063", "date": "2010-02-01T00:00:00", "values": [3.1771631081899008, 638.55078125, 627.38671875, 884.51953125, 90.53926944732666, 50122, 51000, "2025-03-22T00:27:45.425441"]}
{"uuid": "d5de3a8063", "date": "2010-03-01T00:00:00", "values": [2.862631030877431, 735.6875, 724.39453125, 983.390625, 90.55126285552979, 50193, 51000, "2025-03-22T00:30:37.183300"]}
{"uuid": "d5de3a8063", "date": "2010-04-01T00:00:00", "values": [3.6550281564394633, 917.26171875, 905.96875, 1167.30078125, 90.56594181060791, 50281, 51000, "2025-03-22T00:34:16.484989"]}
{"uuid": "d5de3a8063", "date": "2010-05-01T00:00:00", "values": [3.3971797903378804, 1064.625, 1053.34765625, 1317.73828125, 90.58037662506104, 50369, 51000, "2025-03-22T00:37:40.315777"]}
{"uuid": "1e86f25803", "type": "header", "module": "tlo.methods.healthsystem", "key": "message", "level": "WARNING", "columns": {"message": "str"}, "description": null}
{"uuid": "1e86f25803", "date": "2010-05-10T00:00:00", "values": ["Tb_Test_Screening actual_footprint requires differentofficers than expected_footprint."]}
{"uuid": "d5de3a8063", "date": "2010-06-01T00:00:00", "values": [3.42856285572052, 1205.89453125, 1194.78125, 1461.1875, 90.59743595123291, 50507, 51000, "2025-03-22T00:41:06.029549"]}
{"uuid": "d5de3a8063", "date": "2010-07-01T00:00:00", "values": [3.544048798084259, 1356.95703125, 1345.69140625, 1614.625, 90.61003971099854, 50587, 51000, "2025-03-22T00:44:38.672476"]}
{"uuid": "90f526bf10", "type": "header", "module": "tlo.methods.hiv", "key": "message", "level": "WARNING", "columns": {"message": "str"}, "description": null}
{"uuid": "90f526bf10", "date": "2010-07-06T00:00:00", "values": ["This event should not be running, Hiv_DecisionToContinueTreatment is for those already on tx"]}
{"uuid": "dc8474b6b3", "date": "2010-07-09T00:00:00", "values": ["Increased capacity of population dataframe to 52000"]}
{"uuid": "90f526bf10", "date": "2010-07-10T00:00:00", "values": ["This event should not be running, Hiv_DecisionToContinueTreatment is for those already on tx"]}
{"uuid": "63d828121b", "type": "header", "module": "tlo.methods.rti", "key": "warning", "level": "WARNING", "columns": {"message": "str"}, "description": null}
{"uuid": "63d828121b", "date": "2010-07-10T00:00:00", "values": ["rt disability < 0 in rti_alter_daly_post_treatment"]}
{"uuid": "d5de3a8063", "date": "2010-08-01T00:00:00", "values": [3.92207400004069, 1467.72265625, 1456.4296875, 1726.78125, 92.31219577789307, 50742, 52000, "2025-03-22T00:48:33.996916"]}
{"uuid": "90f526bf10", "date": "2010-08-27T00:00:00", "values": ["This event should not be running, Hiv_DecisionToContinueTreatment is for those already on tx"]}
{"uuid": "d5de3a8063", "date": "2010-09-01T00:00:00", "values": [3.93423095146815, 1468.953125, 1457.66015625, 1726.78125, 92.32876682281494, 50864, 52000, "2025-03-22T00:52:30.050778"]}
{"uuid": "d5de3a8063", "date": "2010-10-01T00:00:00", "values": [5.16319706439972, 1509.98828125, 1498.6953125, 1760.30859375, 92.35604953765869, 51099, 52000, "2025-03-22T00:57:39.842597"]}
{"uuid": "d5de3a8063", "date": "2010-11-01T00:00:00", "values": [5.1535557548205055, 1485.1015625, 1473.80859375, 1726.78125, 92.37292575836182, 51238, 52000, "2025-03-22T01:02:49.055943"]}
{"uuid": "dc8474b6b3", "date": "2010-11-30T00:00:00", "values": ["Increased capacity of population dataframe to 53000"]}
{"uuid": "d5de3a8063", "date": "2010-12-01T00:00:00", "values": [5.065990519523621, 1549.25, 1538.09765625, 1791.98046875, 94.0746545791626, 51401, 53000, "2025-03-22T01:07:53.015377"]}
{"uuid": "d5de3a8063", "date": "2011-01-01T00:00:00", "values": [5.986064004898071, 1452.6875, 1441.39453125, 1694.3671875, 94.09403324127197, 51563, 53000, "2025-03-22T01:13:52.179213"]}
{"uuid": "63d828121b", "date": "2011-01-10T00:00:00", "values": ["rt disability < 0 in rti_alter_daly_post_treatment"]}
{"uuid": "d5de3a8063", "date": "2011-02-01T00:00:00", "values": [5.572555009524027, 1472.49609375, 1461.203125, 1714.17578125, 94.11560916900635, 51739, 53000, "2025-03-22T01:19:26.532515"]}
{"uuid": "d5de3a8063", "date": "2011-03-01T00:00:00", "values": [5.138430106639862, 1472.69140625, 1461.3984375, 1714.37109375, 94.1331262588501, 51861, 53000, "2025-03-22T01:24:34.838327"]}
{"uuid": "d5de3a8063", "date": "2011-04-01T00:00:00", "values": [5.621757992108663, 1468.63671875, 1457.48046875, 1711.48046875, 94.15088748931885, 51976, 53000, "2025-03-22T01:30:12.143802"]}
{"uuid": "dc8474b6b3", "date": "2011-04-29T00:00:00", "values": ["Increased capacity of population dataframe to 54000"]}
{"uuid": "d5de3a8063", "date": "2011-05-01T00:00:00", "values": [5.294669691721598, 1561.50390625, 1550.33203125, 1804.234375, 95.85151767730713, 52083, 54000, "2025-03-22T01:35:29.823982"]}
{"uuid": "d5de3a8063", "date": "2011-06-01T00:00:00", "values": [5.237179398536682, 1518.16796875, 1506.953125, 1759.890625, 95.86741733551025, 52185, 54000, "2025-03-22T01:40:44.054746"]}
{"uuid": "d5de3a8063", "date": "2011-07-01T00:00:00", "values": [5.275368221600851, 1518.234375, 1507.01953125, 1759.95703125, 95.88465976715088, 52314, 54000, "2025-03-22T01:46:00.576839"]}
{"uuid": "90f526bf10", "date": "2011-07-07T00:00:00", "values": ["This event should not be running, Hiv_DecisionToContinueTreatment is for those already on tx"]}
{"uuid": "90f526bf10", "date": "2011-07-15T00:00:00", "values": ["This event should not be running, Hiv_DecisionToContinueTreatment is for those already on tx"]}
{"uuid": "90f526bf10", "date": "2011-07-18T00:00:00", "values": ["This event should not be running, Hiv_DecisionToContinueTreatment is for those already on tx"]}
{"uuid": "d5de3a8063", "date": "2011-08-01T00:00:00", "values": [4.935194492340088, 1507.98828125, 1496.6953125, 1749.5078125, 95.89997959136963, 52442, 54000, "2025-03-22T01:50:56.688510"]}
{"uuid": "90f526bf10", "date": "2011-08-03T00:00:00", "values": ["This event should not be running, Hiv_DecisionToContinueTreatment is for those already on tx"]}
{"uuid": "90f526bf10", "date": "2011-08-14T00:00:00", "values": ["This event should not be running, Hiv_DecisionToContinueTreatment is for those already on tx"]}
{"uuid": "90f526bf10", "date": "2011-08-28T00:00:00", "values": ["This event should not be running, Hiv_DecisionToContinueTreatment is for those already on tx"]}
{"uuid": "d5de3a8063", "date": "2011-09-01T00:00:00", "values": [5.147632364432017, 1553.37890625, 1542.0859375, 1794.8984375, 95.91731357574463, 52593, 54000, "2025-03-22T01:56:05.546450"]}
{"uuid": "d5de3a8063", "date": "2011-10-01T00:00:00", "values": [5.337606314818064, 1555.203125, 1543.98828125, 1797.125, 95.9348611831665, 52725, 54000, "2025-03-22T02:01:25.802829"]}
{"uuid": "dc8474b6b3", "date": "2011-10-21T00:00:00", "values": ["Increased capacity of population dataframe to 55000"]}
{"uuid": "d5de3a8063", "date": "2011-11-01T00:00:00", "values": [5.34833349386851, 1800.1796875, 1789.078125, 2044.90625, 97.63558292388916, 52858, 55000, "2025-03-22T02:06:46.702839"]}
{"uuid": "90f526bf10", "date": "2011-11-27T00:00:00", "values": ["This event should not be running, Hiv_DecisionToContinueTreatment is for those already on tx"]}
{"uuid": "d5de3a8063", "date": "2011-12-01T00:00:00", "values": [5.489451320966085, 1730.77734375, 1719.484375, 1975.1640625, 97.65435123443604, 53010, 55000, "2025-03-22T02:12:16.069920"]}
{"uuid": "90f526bf10", "date": "2011-12-06T00:00:00", "values": ["This event should not be running, Hiv_DecisionToContinueTreatment is for those already on tx"]}
{"uuid": "1e86f25803", "date": "2011-12-08T00:00:00", "values": ["Tb_Test_Screening actual_footprint requires differentofficers than expected_footprint."]}
{"uuid": "d5de3a8063", "date": "2012-01-01T00:00:00", "values": [5.444881574312846, 1763.75, 1752.55078125, 2008.3515625, 97.66954898834229, 53131, 55000, "2025-03-22T02:17:42.762812"]}
{"uuid": "d5de3a8063", "date": "2012-02-01T00:00:00", "values": [5.2321768800417585, 1746.66015625, 1735.578125, 1991.37890625, 97.68758487701416, 53288, 55000, "2025-03-22T02:22:56.693426"]}
{"uuid": "d5de3a8063", "date": "2012-03-01T00:00:00", "values": [5.026815708478292, 1729.93359375, 1718.640625, 1974.3046875, 97.70354557037354, 53426, 55000, "2025-03-22T02:27:58.302368"]}
{"uuid": "dc8474b6b3", "date": "2012-03-29T00:00:00", "values": ["Increased capacity of population dataframe to 56000"]}
{"uuid": "d5de3a8063", "date": "2012-04-01T00:00:00", "values": [5.864553463459015, 1806.4921875, 1795.2578125, 2052.3828125, 99.40588474273682, 53565, 56000, "2025-03-22T02:33:50.175577"]}
{"uuid": "d5de3a8063", "date": "2012-05-01T00:00:00", "values": [5.5947317202885944, 1730.8984375, 1719.81640625, 1972.6015625, 99.42517185211182, 53717, 56000, "2025-03-22T02:39:25.859478"]}
{"uuid": "90f526bf10", "date": "2012-05-08T00:00:00", "values": ["This event should not be running, Hiv_DecisionToContinueTreatment is for those already on tx"]}
{"uuid": "90f526bf10", "date": "2012-05-22T00:00:00", "values": ["This event should not be running, Hiv_DecisionToContinueTreatment is for those already on tx"]}
{"uuid": "d5de3a8063", "date": "2012-06-01T00:00:00", "values": [5.254818105697632, 1755.73046875, 1744.4375, 1997.09765625, 99.44387912750244, 53863, 56000, "2025-03-22T02:44:41.148566"]}
{"uuid": "90f526bf10", "date": "2012-06-08T00:00:00", "values": ["This event should not be running, Hiv_DecisionToContinueTreatment is for those already on tx"]}
{"uuid": "90f526bf10", "date": "2012-06-21T00:00:00", "values": ["This event should not be running, Hiv_DecisionToContinueTreatment is for those already on tx"]}
{"uuid": "90f526bf10", "date": "2012-06-24T00:00:00", "values": ["This event should not be running, Hiv_DecisionToContinueTreatment is for those already on tx"]}
{"uuid": "d5de3a8063", "date": "2012-07-01T00:00:00", "values": [5.517195999622345, 1756.1484375, 1744.890625, 1997.6171875, 99.46167087554932, 54009, 56000, "2025-03-22T02:50:12.180326"]}
{"uuid": "63d828121b", "date": "2012-07-10T00:00:00", "values": ["rt disability < 0 in rti_alter_daly_post_treatment"]}
{"uuid": "90f526bf10", "date": "2012-07-20T00:00:00", "values": ["This event should not be running, Hiv_DecisionToContinueTreatment is for those already on tx"]}
{"uuid": "d5de3a8063", "date": "2012-08-01T00:00:00", "values": [5.395880198478698, 1766.1875, 1754.94140625, 2007.66796875, 99.48004245758057, 54162, 56000, "2025-03-22T02:55:35.933137"]}
{"uuid": "90f526bf10", "date": "2012-08-13T00:00:00", "values": ["This event should not be running, Hiv_DecisionToContinueTreatment is for those already on tx"]}
{"uuid": "90f526bf10", "date": "2012-08-16T00:00:00", "values": ["This event should not be running, Hiv_DecisionToContinueTreatment is for those already on tx"]}
{"uuid": "dc8474b6b3", "date": "2012-08-30T00:00:00", "values": ["Increased capacity of population dataframe to 57000"]}
{"uuid": "d5de3a8063", "date": "2012-09-01T00:00:00", "values": [5.260644801457723, 1857.50390625, 1846.27734375, 2100.671875, 101.18033695220947, 54303, 57000, "2025-03-22T03:00:51.571830"]}
{"uuid": "1e86f25803", "date": "2012-09-17T00:00:00", "values": ["Tb_Test_Screening actual_footprint requires differentofficers than expected_footprint."]}
{"uuid": "90f526bf10", "date": "2012-09-26T00:00:00", "values": ["This event should not be running, Hiv_DecisionToContinueTreatment is for those already on tx"]}
{"uuid": "d5de3a8063", "date": "2012-10-01T00:00:00", "values": [5.657106343905131, 1870.83203125, 1859.5703125, 2113.1640625, 101.19699954986572, 54435, 57000, "2025-03-22T03:06:30.998208"]}
{"uuid": "d5de3a8063", "date": "2012-11-01T00:00:00", "values": [5.48104563554128, 1841.3125, 1830.0234375, 2083.6171875, 101.2165002822876, 54601, 57000, "2025-03-22T03:11:59.860945"]}
{"uuid": "63d828121b", "date": "2012-11-10T00:00:00", "values": ["rt disability < 0 in rti_alter_daly_post_treatment"]}
{"uuid": "1e86f25803", "date": "2012-11-28T00:00:00", "values": ["Tb_Test_Screening actual_footprint requires differentofficers than expected_footprint."]}
{"uuid": "90f526bf10", "date": "2012-11-29T00:00:00", "values": ["This event should not be running, Hiv_DecisionToContinueTreatment is for those already on tx"]}
{"uuid": "d5de3a8063", "date": "2012-12-01T00:00:00", "values": [5.251762970288595, 1869.421875, 1858.13671875, 2111.16796875, 101.23474979400635, 54765, 57000, "2025-03-22T03:17:14.966723"]}
{"uuid": "d5de3a8063", "date": "2013-01-01T00:00:00", "values": [5.9906936963399255, 1874.3984375, 1863.10546875, 2115.6171875, 101.25382328033447, 54910, 57000, "2025-03-22T03:23:14.408344"]}
{"uuid": "63d828121b", "date": "2013-01-10T00:00:00", "values": ["rt disability < 0 in rti_alter_daly_post_treatment"]}
{"uuid": "90f526bf10", "date": "2013-01-17T00:00:00", "values": ["This event should not be running, Hiv_DecisionToContinueTreatment is for those already on tx"]}
{"uuid": "dc8474b6b3", "date": "2013-01-31T00:00:00", "values": ["Increased capacity of population dataframe to 58000"]}
{"uuid": "d5de3a8063", "date": "2013-02-01T00:00:00", "values": [5.499102671941121, 1891.66015625, 1880.50390625, 2133.328125, 102.95604038238525, 55071, 58000, "2025-03-22T03:28:44.354505"]}
{"uuid": "1e86f25803", "date": "2013-02-08T00:00:00", "values": ["Tb_Test_Screening actual_footprint requires differentofficers than expected_footprint."]}
{"uuid": "63d828121b", "date": "2013-02-09T00:00:00", "values": ["rt disability < 0 in rti_alter_daly_post_treatment"]}
{"uuid": "63d828121b", "date": "2013-02-09T00:00:00", "values": ["rt disability < 0 in rti_alter_daly_post_treatment"]}
{"uuid": "d5de3a8063", "date": "2013-03-01T00:00:00", "values": [5.401406379540761, 1920.10546875, 1908.87109375, 2162.359375, 102.9741678237915, 55221, 58000, "2025-03-22T03:34:08.438889"]}
{"uuid": "90f526bf10", "date": "2013-03-23T00:00:00", "values": ["This event should not be running, Hiv_DecisionToContinueTreatment is for those already on tx"]}
{"uuid": "d5de3a8063", "date": "2013-04-01T00:00:00", "values": [6.029644815127055, 1916.87109375, 1905.578125, 2159.6640625, 102.99522495269775, 55402, 58000, "2025-03-22T03:40:10.217576"]}
{"uuid": "d5de3a8063", "date": "2013-05-01T00:00:00", "values": [5.296407787005107, 1948.08203125, 1936.95703125, 2191.46875, 103.01393222808838, 55564, 58000, "2025-03-22T03:45:28.002044"]}
{"uuid": "d5de3a8063", "date": "2013-06-01T00:00:00", "values": [5.662388801574707, 1958.9609375, 1947.890625, 2202.51953125, 103.03352451324463, 55720, 58000, "2025-03-22T03:51:07.745372"]}
{"uuid": "dc8474b6b3", "date": "2013-06-26T00:00:00", "values": ["Increased capacity of population dataframe to 59000"]}
{"uuid": "90f526bf10", "date": "2013-06-30T00:00:00", "values": ["This event should not be running, Hiv_DecisionToContinueTreatment is for those already on tx"]}
{"uuid": "90f526bf10", "date": "2013-06-30T00:00:00", "values": ["This event should not be running, Hiv_DecisionToContinueTreatment is for those already on tx"]}
{"uuid": "d5de3a8063", "date": "2013-07-01T00:00:00", "values": [5.455965852737426, 1969.125, 1957.85546875, 2210.2265625, 104.73403263092041, 55866, 59000, "2025-03-22T03:56:35.103323"]}
{"uuid": "63d828121b", "date": "2013-07-10T00:00:00", "values": ["rt disability < 0 in rti_alter_daly_post_treatment"]}
{"uuid": "90f526bf10", "date": "2013-07-17T00:00:00", "values": ["This event should not be running, Hiv_DecisionToContinueTreatment is for those already on tx"]}
{"uuid": "d5de3a8063", "date": "2013-08-01T00:00:00", "values": [5.470637035369873, 1968.85546875, 1957.578125, 2210.71875, 104.75154972076416, 56010, 59000, "2025-03-22T04:02:03.341546"]}
{"uuid": "90f526bf10", "date": "2013-08-02T00:00:00", "values": ["This event should not be running, Hiv_DecisionToContinueTreatment is for those already on tx"]}
{"uuid": "63d828121b", "date": "2013-08-10T00:00:00", "values": ["rt disability < 0 in rti_alter_daly_post_treatment"]}
{"uuid": "d5de3a8063", "date": "2013-09-01T00:00:00", "values": [5.843068965276083, 2001.28515625, 1990.09375, 2243.71484375, 104.77114200592041, 56166, 59000, "2025-03-22T04:07:53.925683"]}
{"uuid": "63d828121b", "date": "2013-09-09T00:00:00", "values": ["rt disability < 0 in rti_alter_daly_post_treatment"]}
{"uuid": "90f526bf10", "date": "2013-09-11T00:00:00", "values": ["This event should not be running, Hiv_DecisionToContinueTreatment is for those already on tx"]}
{"uuid": "d5de3a8063", "date": "2013-10-01T00:00:00", "values": [5.605509336789449, 2017.2578125, 2005.96484375, 2259.76171875, 104.78881168365479, 56303, 59000, "2025-03-22T04:13:30.256244"]}
{"uuid": "63d828121b", "date": "2013-10-10T00:00:00", "values": ["rt disability < 0 in rti_alter_daly_post_treatment"]}
{"uuid": "1e86f25803", "date": "2013-10-13T00:00:00", "values": ["Tb_Test_Screening actual_footprint requires differentofficers than expected_footprint."]}
{"uuid": "d5de3a8063", "date": "2013-11-01T00:00:00", "values": [5.591406798362732, 2049.74609375, 2038.65625, 2291.91015625, 104.80742740631104, 56470, 59000, "2025-03-22T04:19:05.740651"]}
{"uuid": "63d828121b", "date": "2013-11-10T00:00:00", "values": ["rt disability < 0 in rti_alter_daly_post_treatment"]}
{"uuid": "dc8474b6b3", "date": "2013-11-30T00:00:00", "values": ["Increased capacity of population dataframe to 60000"]}
{"uuid": "d5de3a8063", "date": "2013-12-01T00:00:00", "values": [5.197484628359477, 2122.1015625, 2111.05859375, 2364.85546875, 106.50830173492432, 56616, 60000, "2025-03-22T04:24:17.589730"]}
{"uuid": "d5de3a8063", "date": "2014-01-01T00:00:00", "values": [6.012700740496317, 2112.37109375, 2101.265625, 2356.01171875, 106.52572727203369, 56758, 60000, "2025-03-22T04:30:18.351774"]}
{"uuid": "90f526bf10", "date": "2014-01-28T00:00:00", "values": ["This event should not be running, Hiv_DecisionToContinueTreatment is for those already on tx"]}
{"uuid": "d5de3a8063", "date": "2014-02-01T00:00:00", "values": [5.304433079560598, 2108.34765625, 2097.0625, 2349.82421875, 106.54153537750244, 56881, 60000, "2025-03-22T04:35:36.617761"]}
{"uuid": "d5de3a8063", "date": "2014-03-01T00:00:00", "values": [5.386066869894663, 2125.60546875, 2114.3125, 2366.82421875, 106.55929660797119, 57017, 60000, "2025-03-22T04:40:59.781771"]}
{"uuid": "d5de3a8063", "date": "2014-04-01T00:00:00", "values": [5.924622281392415, 2141.44921875, 2130.15625, 2383.82421875, 106.57907199859619, 57176, 60000, "2025-03-22T04:46:55.259107"]}
{"uuid": "63d828121b", "date": "2014-04-12T00:00:00", "values": ["rt disability < 0 in rti_alter_daly_post_treatment"]}
{"uuid": "90f526bf10", "date": "2014-04-24T00:00:00", "values": ["This event should not be running, Hiv_DecisionToContinueTreatment is for those already on tx"]}
{"uuid": "d5de3a8063", "date": "2014-05-01T00:00:00", "values": [5.553458988666534, 2155.1484375, 2143.859375, 2396.82421875, 106.59677219390869, 57316, 60000, "2025-03-22T04:52:28.466650"]}
{"uuid": "dc8474b6b3", "date": "2014-05-06T00:00:00", "values": ["Increased capacity of population dataframe to 61000"]}
{"uuid": "d5de3a8063", "date": "2014-06-01T00:00:00", "values": [6.079512206713359, 2256.4375, 2245.33984375, 2499.71875, 108.29895877838135, 57462, 61000, "2025-03-22T04:58:33.237380"]}
{"uuid": "63d828121b", "date": "2014-06-10T00:00:00", "values": ["rt disability < 0 in rti_alter_daly_post_treatment"]}
{"uuid": "d5de3a8063", "date": "2014-07-01T00:00:00", "values": [5.746637058258057, 2273.59765625, 2262.4375, 2516.71875, 108.31531620025635, 57595, 61000, "2025-03-22T05:04:18.035602"]}
{"uuid": "90f526bf10", "date": "2014-07-10T00:00:00", "values": ["This event should not be running, Hiv_DecisionToContinueTreatment is for those already on tx"]}
{"uuid": "90f526bf10", "date": "2014-07-17T00:00:00", "values": ["This event should not be running, Hiv_DecisionToContinueTreatment is for those already on tx"]}
{"uuid": "90f526bf10", "date": "2014-07-21T00:00:00", "values": ["This event should not be running, Hiv_DecisionToContinueTreatment is for those already on tx"]}
{"uuid": "d5de3a8063", "date": "2014-08-01T00:00:00", "values": [5.676293432712555, 2284.6328125, 2273.48828125, 2528.8984375, 108.3336877822876, 57742, 61000, "2025-03-22T05:09:58.613208"]}
{"uuid": "90f526bf10", "date": "2014-08-02T00:00:00", "values": ["This event should not be running, Hiv_DecisionToContinueTreatment is for those already on tx"]}
{"uuid": "90f526bf10", "date": "2014-08-05T00:00:00", "values": ["This event should not be running, Hiv_DecisionToContinueTreatment is for those already on tx"]}
{"uuid": "90f526bf10", "date": "2014-08-21T00:00:00", "values": ["This event should not be running, Hiv_DecisionToContinueTreatment is for those already on tx"]}
{"uuid": "d5de3a8063", "date": "2014-09-01T00:00:00", "values": [5.895549559593201, 2283.3203125, 2272.23828125, 2525.44140625, 108.3521203994751, 57886, 61000, "2025-03-22T05:15:52.346184"]}
{"uuid": "1e86f25803", "date": "2014-09-24T00:00:00", "values": ["Tb_Test_Screening actual_footprint requires differentofficers than expected_footprint."]}
{"uuid": "d5de3a8063", "date": "2014-10-01T00:00:00", "values": [5.706538283824921, 2281.7109375, 2270.421875, 2522.890625, 108.3690881729126, 58032, 61000, "2025-03-22T05:21:34.738479"]}
{"uuid": "dc8474b6b3", "date": "2014-10-14T00:00:00", "values": ["Increased capacity of population dataframe to 62000"]}
{"uuid": "d5de3a8063", "date": "2014-11-01T00:00:00", "values": [6.116591513156891, 2339.23828125, 2327.9453125, 2581.890625, 110.07106113433838, 58194, 62000, "2025-03-22T05:27:41.733971"]}
{"uuid": "90f526bf10", "date": "2014-11-19T00:00:00", "values": ["This event should not be running, Hiv_DecisionToContinueTreatment is for those already on tx"]}
{"uuid": "d5de3a8063", "date": "2014-12-01T00:00:00", "values": [5.555124890804291, 2357.71484375, 2346.5234375, 2600.59375, 110.09080600738525, 58365, 62000, "2025-03-22T05:33:15.041463"]}
{"uuid": "b07716682c", "date": "2015-01-01T00:00:00", "values": ["simulate() 18865.039049863815 s"]}
