{"uuid": "b07716682c", "type": "header", "module": "tlo.simulation", "key": "info", "level": "INFO", "columns": {"message": "str"}, "description": null}
{"uuid": "b07716682c", "date": "2010-01-01T00:00:00", "values": ["Log output: profiling_results/2024/11/09/0023/scale_run_profiling__2024-11-09T002334.log"]}
{"uuid": "b07716682c", "date": "2010-01-01T00:00:00", "values": ["Simulation RNG user entropy = 0"]}
{"uuid": "b07716682c", "date": "2010-01-01T00:00:00", "values": ["Demography RNG auto (entropy, spawn key) = (0, 0)"]}
{"uuid": "b07716682c", "date": "2010-01-01T00:00:00", "values": ["Lifestyle RNG auto (entropy, spawn key) = (0, 1)"]}
{"uuid": "b07716682c", "date": "2010-01-01T00:00:00", "values": ["HealthBurden RNG auto (entropy, spawn key) = (0, 2)"]}
{"uuid": "b07716682c", "date": "2010-01-01T00:00:00", "values": ["HealthSystem RNG auto (entropy, spawn key) = (0, 3)"]}
{"uuid": "b07716682c", "date": "2010-01-01T00:00:00", "values": ["SymptomManager RNG auto (entropy, spawn key) = (0, 4)"]}
{"uuid": "b07716682c", "date": "2010-01-01T00:00:00", "values": ["HealthSeekingBehaviour RNG auto (entropy, spawn key) = (0, 5)"]}
{"uuid": "b07716682c", "date": "2010-01-01T00:00:00", "values": ["Epi RNG auto (entropy, spawn key) = (0, 6)"]}
{"uuid": "b07716682c", "date": "2010-01-01T00:00:00", "values": ["Contraception RNG auto (entropy, spawn key) = (0, 7)"]}
{"uuid": "b07716682c", "date": "2010-01-01T00:00:00", "values": ["Hiv RNG auto (entropy, spawn key) = (0, 8)"]}
{"uuid": "b07716682c", "date": "2010-01-01T00:00:00", "values": ["CardioMetabolicDisorders RNG auto (entropy, spawn key) = (0, 9)"]}
{"uuid": "b07716682c", "date": "2010-01-01T00:00:00", "values": ["Malaria RNG auto (entropy, spawn key) = (0, 10)"]}
{"uuid": "b07716682c", "date": "2010-01-01T00:00:00", "values": ["PregnancySupervisor RNG auto (entropy, spawn key) = (0, 11)"]}
{"uuid": "b07716682c", "date": "2010-01-01T00:00:00", "values": ["CareOfWomenDuringPregnancy RNG auto (entropy, spawn key) = (0, 12)"]}
{"uuid": "b07716682c", "date": "2010-01-01T00:00:00", "values": ["NewbornOutcomes RNG auto (entropy, spawn key) = (0, 13)"]}
{"uuid": "b07716682c", "date": "2010-01-01T00:00:00", "values": ["Wasting RNG auto (entropy, spawn key) = (0, 14)"]}
{"uuid": "b07716682c", "date": "2010-01-01T00:00:00", "values": ["Diarrhoea RNG auto (entropy, spawn key) = (0, 15)"]}
{"uuid": "b07716682c", "date": "2010-01-01T00:00:00", "values": ["Stunting RNG auto (entropy, spawn key) = (0, 16)"]}
{"uuid": "b07716682c", "date": "2010-01-01T00:00:00", "values": ["Labour RNG auto (entropy, spawn key) = (0, 17)"]}
{"uuid": "b07716682c", "date": "2010-01-01T00:00:00", "values": ["PostnatalSupervisor RNG auto (entropy, spawn key) = (0, 18)"]}
{"uuid": "b07716682c", "date": "2010-01-01T00:00:00", "values": ["Alri RNG auto (entropy, spawn key) = (0, 19)"]}
{"uuid": "b07716682c", "date": "2010-01-01T00:00:00", "values": ["Measles RNG auto (entropy, spawn key) = (0, 20)"]}
{"uuid": "b07716682c", "date": "2010-01-01T00:00:00", "values": ["Schisto RNG auto (entropy, spawn key) = (0, 21)"]}
{"uuid": "b07716682c", "date": "2010-01-01T00:00:00", "values": ["Tb RNG auto (entropy, spawn key) = (0, 22)"]}
{"uuid": "b07716682c", "date": "2010-01-01T00:00:00", "values": ["BladderCancer RNG auto (entropy, spawn key) = (0, 23)"]}
{"uuid": "b07716682c", "date": "2010-01-01T00:00:00", "values": ["BreastCancer RNG auto (entropy, spawn key) = (0, 24)"]}
{"uuid": "b07716682c", "date": "2010-01-01T00:00:00", "values": ["OesophagealCancer RNG auto (entropy, spawn key) = (0, 25)"]}
{"uuid": "b07716682c", "date": "2010-01-01T00:00:00", "values": ["OtherAdultCancer RNG auto (entropy, spawn key) = (0, 26)"]}
{"uuid": "b07716682c", "date": "2010-01-01T00:00:00", "values": ["ProstateCancer RNG auto (entropy, spawn key) = (0, 27)"]}
{"uuid": "b07716682c", "date": "2010-01-01T00:00:00", "values": ["RTI RNG auto (entropy, spawn key) = (0, 28)"]}
{"uuid": "b07716682c", "date": "2010-01-01T00:00:00", "values": ["Copd RNG auto (entropy, spawn key) = (0, 29)"]}
{"uuid": "b07716682c", "date": "2010-01-01T00:00:00", "values": ["Depression RNG auto (entropy, spawn key) = (0, 30)"]}
{"uuid": "b07716682c", "date": "2010-01-01T00:00:00", "values": ["Epilepsy RNG auto (entropy, spawn key) = (0, 31)"]}
{"uuid": "dc8474b6b3", "type": "header", "module": "tlo.population", "key": "info", "level": "INFO", "columns": {"message": "str"}, "description": null}
{"uuid": "dc8474b6b3", "date": "2010-01-01T00:00:00", "values": ["Dataframe capacity append size: 1000"]}
{"uuid": "b07716682c", "date": "2010-01-01T00:00:00", "values": ["make_initial_population() 28.333306789398193 s"]}
{"uuid": "e9a19fe1f9", "type": "header", "module": "tlo.methods.demography", "key": "scaling_factor", "level": "WARNING", "columns": {"scaling_factor": "float"}, "description": "The data-to-model scaling factor (based on the initial population size, used to multiply-up results so that they correspond to the real population size."}
{"uuid": "e9a19fe1f9", "date": "2010-01-01T00:00:00", "values": [290.79218000000003]}
{"uuid": "072090a41b", "type": "header", "module": "tlo.methods.population", "key": "scaling_factor", "level": "WARNING", "columns": {"scaling_factor": "float"}, "description": "The data-to-model scaling factor (based on the initial population size, used to multiply-up results so that they correspond to the real population size."}
{"uuid": "072090a41b", "date": "2010-01-01T00:00:00", "values": [290.79218000000003]}
{"uuid": "d5de3a8063", "type": "header", "module": "tlo.profiling", "key": "stats", "level": "INFO", "columns": {"duration_minutes": "float", "memory_rss_MiB": "float", "memory_uss_MiB": "float", "memory_vms_MiB": "float", "pop_df_mem_MiB": "float", "pop_df_number_alive": "int", "pop_df_rows": "int", "time": "str"}, "description": null}
{"uuid": "d5de3a8063", "date": "2010-01-01T00:00:00", "values": [0.11297738154729207, 630.4765625, 619.69140625, 876.32421875, 88.8384256362915, 50000, 50000, "2024-11-09T00:24:16.546695"]}
{"uuid": "dc8474b6b3", "date": "2010-01-01T00:00:00", "values": ["Increased capacity of population dataframe to 51000"]}
{"uuid": "d5de3a8063", "date": "2010-02-01T00:00:00", "values": [5.039873417218526, 748.36328125, 737.3125, 995.0078125, 90.53917789459229, 50122, 51000, "2024-11-09T00:29:18.939093"]}
{"uuid": "d5de3a8063", "date": "2010-03-01T00:00:00", "values": [5.563640348116556, 866.87109375, 855.8203125, 1116.25390625, 90.55117130279541, 50196, 51000, "2024-11-09T00:34:52.757514"]}
{"uuid": "d5de3a8063", "date": "2010-04-01T00:00:00", "values": [7.45556237300237, 1033.765625, 1022.75, 1279.29296875, 90.56572818756104, 50283, 51000, "2024-11-09T00:42:20.091256"]}
{"uuid": "d5de3a8063", "date": "2010-05-01T00:00:00", "values": [6.577721643447876, 1207.7265625, 1196.67578125, 1455.66015625, 90.58010196685791, 50372, 51000, "2024-11-09T00:48:54.754556"]}
{"uuid": "d5de3a8063", "date": "2010-06-01T00:00:00", "values": [5.86294238169988, 1377.6484375, 1366.625, 1627.92578125, 90.59731388092041, 50510, 51000, "2024-11-09T00:54:46.531099"]}
{"uuid": "90f526bf10", "type": "header", "module": "tlo.methods.hiv", "key": "message", "level": "WARNING", "columns": {"message": "str"}, "description": null}
{"uuid": "90f526bf10", "date": "2010-06-06T00:00:00", "values": ["This event should not be running, Hiv_DecisionToContinueTreatment is for those already on tx"]}
{"uuid": "90f526bf10", "date": "2010-06-07T00:00:00", "values": ["This event should not be running, Hiv_DecisionToContinueTreatment is for those already on tx"]}
{"uuid": "1e86f25803", "type": "header", "module": "tlo.methods.healthsystem", "key": "message", "level": "WARNING", "columns": {"message": "str"}, "description": null}
{"uuid": "1e86f25803", "date": "2010-06-12T00:00:00", "values": ["Tb_Test_FollowUp actual_footprint requires differentofficers than expected_footprint."]}
{"uuid": "d5de3a8063", "date": "2010-07-01T00:00:00", "values": [6.444684247175853, 1547.5703125, 1536.69140625, 1794.76953125, 90.60979557037354, 50592, 51000, "2024-11-09T01:01:13.212153"]}
{"uuid": "dc8474b6b3", "date": "2010-07-09T00:00:00", "values": ["Increased capacity of population dataframe to 52000"]}
{"uuid": "90f526bf10", "date": "2010-07-27T00:00:00", "values": ["This event should not be running, Hiv_DecisionToContinueTreatment is for those already on tx"]}
{"uuid": "d5de3a8063", "date": "2010-08-01T00:00:00", "values": [6.353263326485952, 1629.78125, 1618.82421875, 1876.7265625, 92.31213474273682, 50749, 52000, "2024-11-09T01:07:34.407952"]}
{"uuid": "d5de3a8063", "date": "2010-09-01T00:00:00", "values": [6.582606065273285, 1613.80859375, 1602.74609375, 1860.5078125, 92.32846164703369, 50873, 52000, "2024-11-09T01:14:09.364316"]}
{"uuid": "90f526bf10", "date": "2010-09-11T00:00:00", "values": ["This event should not be running, Hiv_DecisionToContinueTreatment is for those already on tx"]}
{"uuid": "1e86f25803", "date": "2010-09-12T00:00:00", "values": ["Tb_Test_FollowUp actual_footprint requires differentofficers than expected_footprint."]}
{"uuid": "d5de3a8063", "date": "2010-10-01T00:00:00", "values": [7.562693119049072, 1648.65625, 1637.703125, 1893.33203125, 92.35662937164307, 51106, 52000, "2024-11-09T01:21:43.125903"]}
{"uuid": "d5de3a8063", "date": "2010-11-01T00:00:00", "values": [7.58651252190272, 1633.97265625, 1622.9140625, 1877.04296875, 92.37390232086182, 51241, 52000, "2024-11-09T01:29:18.316656"]}
{"uuid": "63d828121b", "type": "header", "module": "tlo.methods.rti", "key": "warning", "level": "WARNING", "columns": {"message": "str"}, "description": null}
{"uuid": "63d828121b", "date": "2010-11-10T00:00:00", "values": ["rt disability < 0 in rti_alter_daly_post_treatment"]}
{"uuid": "d5de3a8063", "date": "2010-12-01T00:00:00", "values": [6.607450819015503, 1634.796875, 1623.78515625, 1877.9140625, 92.39013767242432, 51375, 52000, "2024-11-09T01:35:54.763704"]}
{"uuid": "dc8474b6b3", "date": "2010-12-01T00:00:00", "values": ["Increased capacity of population dataframe to 53000"]}
{"uuid": "d5de3a8063", "date": "2011-01-01T00:00:00", "values": [8.28349454800288, 1617.08984375, 1606.08984375, 1861.30859375, 94.09265995025635, 51534, 53000, "2024-11-09T01:44:11.773376"]}
{"uuid": "d5de3a8063", "date": "2011-02-01T00:00:00", "values": [7.597534267107646, 1601.3046875, 1590.2421875, 1844.8984375, 94.11048221588135, 51670, 53000, "2024-11-09T01:51:47.625433"]}
{"uuid": "d5de3a8063", "date": "2011-03-01T00:00:00", "values": [8.004218216737112, 1603.515625, 1592.453125, 1846.171875, 94.1290979385376, 51793, 53000, "2024-11-09T01:59:47.878526"]}
{"uuid": "90f526bf10", "date": "2011-04-01T00:00:00", "values": ["This event should not be running, Hiv_DecisionToContinueTreatment is for those already on tx"]}
{"uuid": "d5de3a8063", "date": "2011-04-01T00:00:00", "values": [8.866068394978841, 1635.79296875, 1624.9296875, 1878.7734375, 94.14493656158447, 51853, 53000, "2024-11-09T02:08:39.842629"]}
{"uuid": "63d828121b", "date": "2011-04-12T00:00:00", "values": ["rt disability < 0 in rti_alter_daly_post_treatment"]}
{"uuid": "63d828121b", "date": "2011-04-19T00:00:00", "values": ["rt disability < 0 in rti_alter_daly_post_treatment"]}
{"uuid": "d5de3a8063", "date": "2011-05-01T00:00:00", "values": [7.893898971875509, 1702.69140625, 1691.6328125, 1946.0234375, 94.16166019439697, 51962, 53000, "2024-11-09T02:16:33.476568"]}
{"uuid": "dc8474b6b3", "date": "2011-05-12T00:00:00", "values": ["Increased capacity of population dataframe to 54000"]}
{"uuid": "d5de3a8063", "date": "2011-06-01T00:00:00", "values": [7.7121760447820025, 1856.04296875, 1844.99609375, 2100.125, 95.86189365386963, 52076, 54000, "2024-11-09T02:24:16.207131"]}
{"uuid": "90f526bf10", "date": "2011-06-13T00:00:00", "values": ["This event should not be running, Hiv_DecisionToContinueTreatment is for those already on tx"]}
{"uuid": "90f526bf10", "date": "2011-06-23T00:00:00", "values": ["This event should not be running, Hiv_DecisionToContinueTreatment is for those already on tx"]}
{"uuid": "d5de3a8063", "date": "2011-07-01T00:00:00", "values": [7.911814510822296, 1857.46875, 1846.53515625, 2101.6640625, 95.881272315979, 52232, 54000, "2024-11-09T02:32:10.916002"]}
{"uuid": "90f526bf10", "date": "2011-07-11T00:00:00", "values": ["This event should not be running, Hiv_DecisionToContinueTreatment is for those already on tx"]}
{"uuid": "90f526bf10", "date": "2011-07-12T00:00:00", "values": ["This event should not be running, Hiv_DecisionToContinueTreatment is for those already on tx"]}
{"uuid": "90f526bf10", "date": "2011-07-27T00:00:00", "values": ["This event should not be running, Hiv_DecisionToContinueTreatment is for those already on tx"]}
{"uuid": "90f526bf10", "date": "2011-07-29T00:00:00", "values": ["This event should not be running, Hiv_DecisionToContinueTreatment is for those already on tx"]}
{"uuid": "d5de3a8063", "date": "2011-08-01T00:00:00", "values": [7.486255741119384, 1842.765625, 1831.703125, 2086.70703125, 95.8989725112915, 52382, 54000, "2024-11-09T02:39:40.091346"]}
{"uuid": "90f526bf10", "date": "2011-08-04T00:00:00", "values": ["This event should not be running, Hiv_DecisionToContinueTreatment is for those already on tx"]}
{"uuid": "d5de3a8063", "date": "2011-09-01T00:00:00", "values": [7.1857223550478615, 1869.0546875, 1858.13671875, 2112.65234375, 95.91291904449463, 52486, 54000, "2024-11-09T02:46:51.234689"]}
{"uuid": "90f526bf10", "date": "2011-09-05T00:00:00", "values": ["This event should not be running, Hiv_DecisionToContinueTreatment is for those already on tx"]}
{"uuid": "d5de3a8063", "date": "2011-10-01T00:00:00", "values": [7.517207793394724, 1894.265625, 1883.390625, 2137.48046875, 95.92878818511963, 52614, 54000, "2024-11-09T02:54:22.267154"]}
{"uuid": "dc8474b6b3", "date": "2011-10-29T00:00:00", "values": ["Increased capacity of population dataframe to 55000"]}
{"uuid": "d5de3a8063", "date": "2011-11-01T00:00:00", "values": [7.118438637256622, 1937.4375, 1926.375, 2181.4140625, 97.62798404693604, 52738, 55000, "2024-11-09T03:01:29.373473"]}
{"uuid": "d5de3a8063", "date": "2011-12-01T00:00:00", "values": [6.821015683809916, 1914.75390625, 1903.7109375, 2158.859375, 97.64522647857666, 52890, 55000, "2024-11-09T03:08:18.634414"]}
{"uuid": "d5de3a8063", "date": "2012-01-01T00:00:00", "values": [7.720758140087128, 1916.6796875, 1905.67578125, 2160.1484375, 97.66109561920166, 53022, 55000, "2024-11-09T03:16:01.879903"]}
{"uuid": "d5de3a8063", "date": "2012-02-01T00:00:00", "values": [7.6979435642560325, 1934.9609375, 1924.08203125, 2177.4921875, 97.68050479888916, 53198, 55000, "2024-11-09T03:23:43.756516"]}
{"uuid": "d5de3a8063", "date": "2012-03-01T00:00:00", "values": [7.425375930468241, 1937.03125, 1925.96875, 2179.80859375, 97.69558048248291, 53297, 55000, "2024-11-09T03:31:09.279075"]}
{"uuid": "d5de3a8063", "date": "2012-04-01T00:00:00", "values": [9.002805904547374, 1978.0546875, 1967.1328125, 2222.015625, 97.71404361724854, 53441, 55000, "2024-11-09T03:40:09.447426"]}
{"uuid": "90f526bf10", "date": "2012-04-02T00:00:00", "values": ["This event should not be running, Hiv_DecisionToContinueTreatment is for those already on tx"]}
{"uuid": "90f526bf10", "date": "2012-04-11T00:00:00", "values": ["This event should not be running, Hiv_DecisionToContinueTreatment is for those already on tx"]}
{"uuid": "dc8474b6b3", "date": "2012-04-11T00:00:00", "values": ["Increased capacity of population dataframe to 56000"]}
{"uuid": "63d828121b", "date": "2012-04-11T00:00:00", "values": ["rt disability < 0 in rti_alter_daly_post_treatment"]}
{"uuid": "90f526bf10", "date": "2012-04-30T00:00:00", "values": ["This event should not be running, Hiv_DecisionToContinueTreatment is for those already on tx"]}
{"uuid": "d5de3a8063", "date": "2012-05-01T00:00:00", "values": [7.984469417730967, 2091.80078125, 2080.984375, 2336.52734375, 99.41592502593994, 53601, 56000, "2024-11-09T03:48:08.515591"]}
{"uuid": "90f526bf10", "date": "2012-05-02T00:00:00", "values": ["This event should not be running, Hiv_DecisionToContinueTreatment is for those already on tx"]}
{"uuid": "90f526bf10", "date": "2012-05-28T00:00:00", "values": ["This event should not be running, Hiv_DecisionToContinueTreatment is for those already on tx"]}
{"uuid": "d5de3a8063", "date": "2012-06-01T00:00:00", "values": [7.448728680610657, 2109.3046875, 2098.26953125, 2351.66796875, 99.43249607086182, 53731, 56000, "2024-11-09T03:55:35.439312"]}
{"uuid": "90f526bf10", "date": "2012-06-10T00:00:00", "values": ["This event should not be running, Hiv_DecisionToContinueTreatment is for those already on tx"]}
{"uuid": "90f526bf10", "date": "2012-06-26T00:00:00", "values": ["This event should not be running, Hiv_DecisionToContinueTreatment is for those already on tx"]}
{"uuid": "d5de3a8063", "date": "2012-07-01T00:00:00", "values": [8.124508206049601, 2133.4375, 2122.453125, 2376.8203125, 99.45086765289307, 53888, 56000, "2024-11-09T04:03:42.909804"]}
{"uuid": "90f526bf10", "date": "2012-07-08T00:00:00", "values": ["This event should not be running, Hiv_DecisionToContinueTreatment is for those already on tx"]}
{"uuid": "90f526bf10", "date": "2012-07-26T00:00:00", "values": ["This event should not be running, Hiv_DecisionToContinueTreatment is for those already on tx"]}
{"uuid": "d5de3a8063", "date": "2012-08-01T00:00:00", "values": [7.32529923915863, 2132.0078125, 2120.9609375, 2374.65625, 99.46493625640869, 54008, 56000, "2024-11-09T04:11:02.427759"]}
{"uuid": "63d828121b", "date": "2012-08-08T00:00:00", "values": ["rt disability < 0 in rti_alter_daly_post_treatment"]}
{"uuid": "90f526bf10", "date": "2012-08-10T00:00:00", "values": ["This event should not be running, Hiv_DecisionToContinueTreatment is for those already on tx"]}
{"uuid": "90f526bf10", "date": "2012-08-10T00:00:00", "values": ["This event should not be running, Hiv_DecisionToContinueTreatment is for those already on tx"]}
{"uuid": "1e86f25803", "date": "2012-08-13T00:00:00", "values": ["Tb_Test_FollowUp actual_footprint requires differentofficers than expected_footprint."]}
{"uuid": "90f526bf10", "date": "2012-08-16T00:00:00", "values": ["This event should not be running, Hiv_DecisionToContinueTreatment is for those already on tx"]}
{"uuid": "90f526bf10", "date": "2012-08-21T00:00:00", "values": ["This event should not be running, Hiv_DecisionToContinueTreatment is for those already on tx"]}
{"uuid": "d5de3a8063", "date": "2012-09-01T00:00:00", "values": [7.94880938132604, 2147.3515625, 2136.5, 2391.30078125, 99.48086643218994, 54136, 56000, "2024-11-09T04:18:59.356321"]}
{"uuid": "90f526bf10", "date": "2012-09-05T00:00:00", "values": ["This event should not be running, Hiv_DecisionToContinueTreatment is for those already on tx"]}
{"uuid": "1e86f25803", "date": "2012-09-09T00:00:00", "values": ["Tb_Test_FollowUp actual_footprint requires differentofficers than expected_footprint."]}
{"uuid": "dc8474b6b3", "date": "2012-09-25T00:00:00", "values": ["Increased capacity of population dataframe to 57000"]}
{"uuid": "d5de3a8063", "date": "2012-10-01T00:00:00", "values": [8.443198466300965, 2210.7578125, 2199.7421875, 2454.47265625, 101.18131351470947, 54288, 57000, "2024-11-09T04:27:25.948230"]}
{"uuid": "1e86f25803", "date": "2012-10-13T00:00:00", "values": ["Tb_Test_FollowUp actual_footprint requires differentofficers than expected_footprint."]}
{"uuid": "d5de3a8063", "date": "2012-11-01T00:00:00", "values": [7.455933856964111, 2247.21484375, 2236.2734375, 2490.234375, 101.1989221572876, 54431, 57000, "2024-11-09T04:34:53.304263"]}
{"uuid": "1e86f25803", "date": "2012-11-15T00:00:00", "values": ["Tb_Test_FollowUp actual_footprint requires differentofficers than expected_footprint."]}
{"uuid": "1e86f25803", "date": "2012-11-27T00:00:00", "values": ["Tb_Test_FollowUp actual_footprint requires differentofficers than expected_footprint."]}
{"uuid": "d5de3a8063", "date": "2012-12-01T00:00:00", "values": [7.0733208100001015, 2259.56640625, 2248.609375, 2502.43359375, 101.21628665924072, 54585, 57000, "2024-11-09T04:41:57.703510"]}
{"uuid": "d5de3a8063", "date": "2013-01-01T00:00:00", "values": [8.096252155303954, 2235.5625, 2224.5, 2479.0078125, 101.23368167877197, 54717, 57000, "2024-11-09T04:50:03.478639"]}
{"uuid": "90f526bf10", "date": "2013-01-08T00:00:00", "values": ["This event should not be running, Hiv_DecisionToContinueTreatment is for those already on tx"]}
{"uuid": "d5de3a8063", "date": "2013-02-01T00:00:00", "values": [8.10282078186671, 2308.11328125, 2297.23828125, 2551.85546875, 101.25406742095947, 54900, 57000, "2024-11-09T04:58:09.647887"]}
{"uuid": "dc8474b6b3", "date": "2013-02-26T00:00:00", "values": ["Increased capacity of population dataframe to 58000"]}
{"uuid": "d5de3a8063", "date": "2013-03-01T00:00:00", "values": [8.154341105620066, 2315.73828125, 2304.6875, 2558.08203125, 102.956467628479, 55063, 58000, "2024-11-09T05:06:18.908351"]}
{"uuid": "d5de3a8063", "date": "2013-04-01T00:00:00", "values": [9.249547946453095, 2334.08984375, 2323.08203125, 2577.16796875, 102.974289894104, 55196, 58000, "2024-11-09T05:15:33.881230"]}
{"uuid": "d5de3a8063", "date": "2013-05-01T00:00:00", "values": [7.896343735853831, 2353.41015625, 2342.4453125, 2596.24609375, 102.99067783355713, 55323, 58000, "2024-11-09T05:23:27.661854"]}
{"uuid": "90f526bf10", "date": "2013-05-09T00:00:00", "values": ["This event should not be running, Hiv_DecisionToContinueTreatment is for those already on tx"]}
{"uuid": "63d828121b", "date": "2013-05-10T00:00:00", "values": ["rt disability < 0 in rti_alter_daly_post_treatment"]}
{"uuid": "90f526bf10", "date": "2013-05-18T00:00:00", "values": ["This event should not be running, Hiv_DecisionToContinueTreatment is for those already on tx"]}
{"uuid": "d5de3a8063", "date": "2013-06-01T00:00:00", "values": [8.343765489260356, 2354.515625, 2343.4765625, 2598.046875, 103.010666847229, 55479, 58000, "2024-11-09T05:31:48.287783"]}
{"uuid": "90f526bf10", "date": "2013-06-23T00:00:00", "values": ["This event should not be running, Hiv_DecisionToContinueTreatment is for those already on tx"]}
{"uuid": "d5de3a8063", "date": "2013-07-01T00:00:00", "values": [8.520223112901052, 2433.17578125, 2422.35546875, 2677.5234375, 103.02766513824463, 55628, 58000, "2024-11-09T05:40:19.501174"]}
{"uuid": "90f526bf10", "date": "2013-07-11T00:00:00", "values": ["This event should not be running, Hiv_DecisionToContinueTreatment is for those already on tx"]}
{"uuid": "1e86f25803", "date": "2013-07-19T00:00:00", "values": ["Tb_Test_Screening actual_footprint requires differentofficers than expected_footprint."]}
{"uuid": "d5de3a8063", "date": "2013-08-01T00:00:00", "values": [8.039792720476786, 2443.234375, 2432.41015625, 2685.71875, 103.04393100738525, 55766, 58000, "2024-11-09T05:48:21.888733"]}
{"uuid": "dc8474b6b3", "date": "2013-08-05T00:00:00", "values": ["Increased capacity of population dataframe to 59000"]}
{"uuid": "90f526bf10", "date": "2013-08-15T00:00:00", "values": ["This event should not be running, Hiv_DecisionToContinueTreatment is for those already on tx"]}
{"uuid": "d5de3a8063", "date": "2013-09-01T00:00:00", "values": [8.574081365267435, 2448.62890625, 2437.58984375, 2691.9609375, 104.74428653717041, 55911, 59000, "2024-11-09T05:56:56.333615"]}
{"uuid": "90f526bf10", "date": "2013-09-30T00:00:00", "values": ["This event should not be running, Hiv_DecisionToContinueTreatment is for those already on tx"]}
{"uuid": "d5de3a8063", "date": "2013-10-01T00:00:00", "values": [8.433605627218883, 2455.05859375, 2443.99609375, 2698.046875, 104.76046085357666, 56045, 59000, "2024-11-09T06:05:22.349952"]}
{"uuid": "d5de3a8063", "date": "2013-11-01T00:00:00", "values": [7.605540462334951, 2490.83203125, 2479.77734375, 2735.0546875, 104.77858829498291, 56196, 59000, "2024-11-09T06:12:58.682380"]}
{"uuid": "d5de3a8063", "date": "2013-12-01T00:00:00", "values": [7.4711897611618046, 2507.88671875, 2496.83984375, 2752.10546875, 104.79702091217041, 56356, 59000, "2024-11-09T06:20:26.953765"]}
{"uuid": "d5de3a8063", "date": "2014-01-01T00:00:00", "values": [8.46093586285909, 2531.65625, 2520.59375, 2774.0234375, 104.81536197662354, 56511, 59000, "2024-11-09T06:28:54.609917"]}
{"uuid": "dc8474b6b3", "date": "2014-01-15T00:00:00", "values": ["Increased capacity of population dataframe to 60000"]}
{"uuid": "d5de3a8063", "date": "2014-02-01T00:00:00", "values": [9.081717415650685, 2594.3203125, 2583.26953125, 2837.4140625, 106.51641941070557, 56654, 60000, "2024-11-09T06:37:59.512965"]}
{"uuid": "63d828121b", "date": "2014-02-09T00:00:00", "values": ["rt disability < 0 in rti_alter_daly_post_treatment"]}
{"uuid": "d5de3a8063", "date": "2014-03-01T00:00:00", "values": [8.324383548895518, 2619.96484375, 2608.94921875, 2863.50390625, 106.53527927398682, 56793, 60000, "2024-11-09T06:46:18.975976"]}
{"uuid": "90f526bf10", "date": "2014-03-31T00:00:00", "values": ["This event should not be running, Hiv_DecisionToContinueTreatment is for those already on tx"]}
{"uuid": "d5de3a8063", "date": "2014-04-01T00:00:00", "values": [9.729960171381633, 2626.75390625, 2615.69140625, 2871.3515625, 106.55310153961182, 56933, 60000, "2024-11-09T06:56:02.773586"]}
{"uuid": "90f526bf10", "date": "2014-04-23T00:00:00", "values": ["This event should not be running, Hiv_DecisionToContinueTreatment is for those already on tx"]}
{"uuid": "d5de3a8063", "date": "2014-05-01T00:00:00", "values": [8.698175354798634, 2686.6484375, 2675.72265625, 2928.9609375, 106.56991672515869, 57062, 60000, "2024-11-09T07:04:44.664109"]}
{"uuid": "d5de3a8063", "date": "2014-06-01T00:00:00", "values": [8.27314711411794, 2699.0234375, 2688.1484375, 2942.6953125, 106.58963108062744, 57226, 60000, "2024-11-09T07:13:01.052934"]}
{"uuid": "90f526bf10", "date": "2014-06-08T00:00:00", "values": ["This event should not be running, Hiv_DecisionToContinueTreatment is for those already on tx"]}
{"uuid": "dc8474b6b3", "date": "2014-06-16T00:00:00", "values": ["Increased capacity of population dataframe to 61000"]}
{"uuid": "d5de3a8063", "date": "2014-07-01T00:00:00", "values": [8.829517567157746, 2724.37890625, 2713.51171875, 2967.34375, 108.29209232330322, 57392, 61000, "2024-11-09T07:21:50.823990"]}
{"uuid": "90f526bf10", "date": "2014-07-15T00:00:00", "values": ["This event should not be running, Hiv_DecisionToContinueTreatment is for those already on tx"]}
{"uuid": "d5de3a8063", "date": "2014-08-01T00:00:00", "values": [8.267766058444977, 2749.41015625, 2738.40625, 2993.46875, 108.30973148345947, 57534, 61000, "2024-11-09T07:30:06.889951"]}
{"uuid": "90f526bf10", "date": "2014-08-04T00:00:00", "values": ["This event should not be running, Hiv_DecisionToContinueTreatment is for those already on tx"]}
{"uuid": "90f526bf10", "date": "2014-08-09T00:00:00", "values": ["This event should not be running, Hiv_DecisionToContinueTreatment is for those already on tx"]}
{"uuid": "d5de3a8063", "date": "2014-09-01T00:00:00", "values": [8.760325570901236, 2749.6640625, 2738.6171875, 2993.13671875, 108.3281946182251, 57679, 61000, "2024-11-09T07:38:52.509485"]}
{"uuid": "90f526bf10", "date": "2014-09-24T00:00:00", "values": ["This event should not be running, Hiv_DecisionToContinueTreatment is for those already on tx"]}
{"uuid": "90f526bf10", "date": "2014-09-24T00:00:00", "values": ["This event should not be running, Hiv_DecisionToContinueTreatment is for those already on tx"]}
{"uuid": "d5de3a8063", "date": "2014-10-01T00:00:00", "values": [8.620507045586903, 2773.98046875, 2763.00390625, 3017.21484375, 108.3444299697876, 57801, 61000, "2024-11-09T07:47:29.739908"]}
{"uuid": "63d828121b", "date": "2014-10-10T00:00:00", "values": ["rt disability < 0 in rti_alter_daly_post_treatment"]}
{"uuid": "d5de3a8063", "date": "2014-11-01T00:00:00", "values": [8.610564279556275, 2759.05859375, 2747.99609375, 3002.171875, 108.36377811431885, 57957, 61000, "2024-11-09T07:56:06.373765"]}
{"uuid": "dc8474b6b3", "date": "2014-11-20T00:00:00", "values": ["Increased capacity of population dataframe to 62000"]}
{"uuid": "90f526bf10", "date": "2014-11-28T00:00:00", "values": ["This event should not be running, Hiv_DecisionToContinueTreatment is for those already on tx"]}
{"uuid": "d5de3a8063", "date": "2014-12-01T00:00:00", "values": [7.880629026889801, 2856.4921875, 2845.63671875, 3100.14453125, 110.06392002105713, 58099, 62000, "2024-11-09T08:03:59.211506"]}
{"uuid": "b07716682c", "date": "2015-01-01T00:00:00", "values": ["simulate() 28081.897522687912 s"]}
